#
# There is insufficient memory for the Java Runtime Environment to continue.
# Native memory allocation (malloc) failed to allocate 32744 bytes. Error detail: Chunk::new
# Possible reasons:
#   The system is out of physical RAM or swap space
#   This process is running with CompressedOops enabled, and the Java Heap may be blocking the growth of the native heap
# Possible solutions:
#   Reduce memory load on the system
#   Increase physical memory or swap space
#   Check if swap backing store is full
#   Decrease Java heap size (-Xmx/-Xms)
#   Decrease number of Java threads
#   Decrease Java thread stack sizes (-Xss)
#   Set larger code cache with -XX:ReservedCodeCacheSize=
#   JVM is running with Unscaled Compressed Oops mode in which the Java heap is
#     placed in the first 4GB address space. The Java Heap base address is the
#     maximum limit for the native heap growth. Please use -XX:HeapBaseMinAddress
#     to set the Java Heap base and to place the Java Heap above 4GB virtual address.
# This output file may be truncated or incomplete.
#
#  Out of Memory Error (arena.cpp:168), pid=28332, tid=28076
#
# JRE version: OpenJDK Runtime Environment Temurin-21.0.12.1+1 (21.0.12.1+1) (build 21.0.12.1+1-LTS)
# Java VM: OpenJDK 64-Bit Server VM Temurin-21.0.12.1+1 (21.0.12.1+1-LTS, mixed mode, sharing, tiered, compressed oops, compressed class ptrs, g1 gc, windows-amd64)
# No core dump will be written. Minidumps are not enabled by default on client versions of Windows
#

---------------  S U M M A R Y ------------

Command Line: --add-opens=java.base/java.lang=ALL-UNNAMED --add-opens=java.base/java.lang.invoke=ALL-UNNAMED --add-opens=java.base/java.util=ALL-UNNAMED --add-opens=java.prefs/java.util.prefs=ALL-UNNAMED --add-exports=jdk.compiler/com.sun.tools.javac.api=ALL-UNNAMED --add-exports=jdk.compiler/com.sun.tools.javac.util=ALL-UNNAMED --add-opens=java.base/java.util=ALL-UNNAMED --add-opens=java.prefs/java.util.prefs=ALL-UNNAMED --add-opens=java.base/java.nio.charset=ALL-UNNAMED --add-opens=java.base/java.net=ALL-UNNAMED --add-opens=java.base/java.util.concurrent=ALL-UNNAMED --add-opens=java.base/java.util.concurrent.atomic=ALL-UNNAMED --add-opens=java.xml/javax.xml.namespace=ALL-UNNAMED --add-opens=java.base/java.time=ALL-UNNAMED -XX:MaxMetaspaceSize=384m -XX:+HeapDumpOnOutOfMemoryError -Xms256m -Xmx512m -Dfile.encoding=UTF-8 -Duser.country=KR -Duser.language=ko -Duser.variant -javaagent:C:\Users\san\.gradle\wrapper\dists\gradle-9.2.1-bin\2t0n5ozlw9xmuyvbp7dnzaxug\gradle-9.2.1\lib\agents\gradle-instrumentation-agent-9.2.1.jar org.gradle.launcher.daemon.bootstrap.GradleDaemon 9.2.1

Host: 12th Gen Intel(R) Core(TM) i3-1215U, 8 cores, 7G,  Windows 11 , 64 bit Build 26100 (10.0.26100.9444)
Time: Fri Sep 18 16:10:35 2026 elapsed time: 210.251142 seconds (0d 0h 3m 30s)

---------------  T H R E A D  ---------------

Current thread (0x000001e9d774d470):  JavaThread "C2 CompilerThread0" daemon [_thread_in_native, id=28076, stack(0x000000aaa7500000,0x000000aaa7600000) (1024K)]


Current CompileTask:
C2:210251 4213       4       jdk.internal.loader.URLClassPath::getResource (74 bytes)

Stack: [0x000000aaa7500000,0x000000aaa7600000]
Native frames: (J=compiled Java code, j=interpreted, Vv=VM code, C=native code)
V  [jvm.dll+0x6d83e9]
V  [jvm.dll+0x8b5736]
V  [jvm.dll+0x8b7cee]
V  [jvm.dll+0x8b83d3]
V  [jvm.dll+0x284596]
V  [jvm.dll+0xc685d]
V  [jvm.dll+0xc6da1]
V  [jvm.dll+0x703dc3]
V  [jvm.dll+0x1e421a]
V  [jvm.dll+0x24c853]
V  [jvm.dll+0x24bce0]
V  [jvm.dll+0x1cb4ae]
V  [jvm.dll+0x25baad]
V  [jvm.dll+0x25a03a]
V  [jvm.dll+0x3f8aae]
V  [jvm.dll+0x8600cd]
V  [jvm.dll+0x6d6c1d]
C  [ucrtbase.dll+0x2cd30]
C  [KERNEL32.DLL+0x2cd87]
C  [ntdll.dll+0xacaec]


---------------  P R O C E S S  ---------------

Threads class SMR info:
_java_thread_list=0x000001e9f3887120, length=35, elements={
0x000001e9bf3f4b80, 0x000001e9d77409d0, 0x000001e9d7741630, 0x000001e9d77482b0,
0x000001e9d774b220, 0x000001e9d774bc80, 0x000001e9d774c6e0, 0x000001e9d774d470,
0x000001e9d7841ee0, 0x000001e9d7a73df0, 0x000001e9d79b3b40, 0x000001e9d7b0e470,
0x000001e9f1817770, 0x000001e9d79ebc90, 0x000001e9d78297b0, 0x000001e9f1aca2a0,
0x000001e9d7a24120, 0x000001e9f1dbb870, 0x000001e9f1cebc00, 0x000001e9f1ced640,
0x000001e9f1cec920, 0x000001e9f1cee360, 0x000001e9f1cecfb0, 0x000001e9f1cec290,
0x000001e9f1ceaee0, 0x000001e9f317f5c0, 0x000001e9f317ef30, 0x000001e9f317ce60,
0x000001e9f317c7d0, 0x000001e9f317db80, 0x000001e9f3180970, 0x000001e9f317d4f0,
0x000001e9f3181000, 0x000001e9f317fc50, 0x000001e9f31802e0
}

Java Threads: ( => current thread )
  0x000001e9bf3f4b80 JavaThread "main"                              [_thread_blocked, id=22068, stack(0x000000aaa6700000,0x000000aaa6800000) (1024K)]
  0x000001e9d77409d0 JavaThread "Reference Handler"          daemon [_thread_blocked, id=20368, stack(0x000000aaa6f00000,0x000000aaa7000000) (1024K)]
  0x000001e9d7741630 JavaThread "Finalizer"                  daemon [_thread_blocked, id=30728, stack(0x000000aaa7000000,0x000000aaa7100000) (1024K)]
  0x000001e9d77482b0 JavaThread "Signal Dispatcher"          daemon [_thread_blocked, id=28420, stack(0x000000aaa7100000,0x000000aaa7200000) (1024K)]
  0x000001e9d774b220 JavaThread "Attach Listener"            daemon [_thread_blocked, id=28832, stack(0x000000aaa7200000,0x000000aaa7300000) (1024K)]
  0x000001e9d774bc80 JavaThread "Service Thread"             daemon [_thread_in_vm, id=2392, stack(0x000000aaa7300000,0x000000aaa7400000) (1024K)]
  0x000001e9d774c6e0 JavaThread "Monitor Deflation Thread"   daemon [_thread_blocked, id=31676, stack(0x000000aaa7400000,0x000000aaa7500000) (1024K)]
=>0x000001e9d774d470 JavaThread "C2 CompilerThread0"         daemon [_thread_in_native, id=28076, stack(0x000000aaa7500000,0x000000aaa7600000) (1024K)]
  0x000001e9d7841ee0 JavaThread "C1 CompilerThread0"         daemon [_thread_blocked, id=24136, stack(0x000000aaa7600000,0x000000aaa7700000) (1024K)]
  0x000001e9d7a73df0 JavaThread "Common-Cleaner"             daemon [_thread_blocked, id=29524, stack(0x000000aaa7700000,0x000000aaa7800000) (1024K)]
  0x000001e9d79b3b40 JavaThread "Notification Thread"        daemon [_thread_blocked, id=25812, stack(0x000000aaa7800000,0x000000aaa7900000) (1024K)]
  0x000001e9d7b0e470 JavaThread "Daemon health stats"               [_thread_blocked, id=24428, stack(0x000000aaa7e00000,0x000000aaa7f00000) (1024K)]
  0x000001e9f1817770 JavaThread "Incoming local TCP Connector on port 61576"        [_thread_in_native, id=28156, stack(0x000000aaa7f00000,0x000000aaa8000000) (1024K)]
  0x000001e9d79ebc90 JavaThread "Daemon periodic checks"            [_thread_blocked, id=25972, stack(0x000000aaa8000000,0x000000aaa8100000) (1024K)]
  0x000001e9d78297b0 JavaThread "Daemon"                            [_thread_blocked, id=29472, stack(0x000000aaa8100000,0x000000aaa8200000) (1024K)]
  0x000001e9f1aca2a0 JavaThread "Handler for socket connection from /127.0.0.1:61576 to /127.0.0.1:49743"        [_thread_in_native, id=21492, stack(0x000000aaa8200000,0x000000aaa8300000) (1024K)]
  0x000001e9d7a24120 JavaThread "Cancel handler"                    [_thread_blocked, id=30904, stack(0x000000aaa8300000,0x000000aaa8400000) (1024K)]
  0x000001e9f1dbb870 JavaThread "Daemon worker"                     [_thread_in_Java, id=27272, stack(0x000000aaa8400000,0x000000aaa8500000) (1024K)]
  0x000001e9f1cebc00 JavaThread "Asynchronous log dispatcher for DefaultDaemonConnection: socket connection from /127.0.0.1:61576 to /127.0.0.1:49743"        [_thread_blocked, id=1788, stack(0x000000aaa8500000,0x000000aaa8600000) (1024K)]
  0x000001e9f1ced640 JavaThread "Stdin handler"                     [_thread_blocked, id=29824, stack(0x000000aaa8600000,0x000000aaa8700000) (1024K)]
  0x000001e9f1cec920 JavaThread "Daemon client event forwarder"        [_thread_blocked, id=29868, stack(0x000000aaa8700000,0x000000aaa8800000) (1024K)]
  0x000001e9f1cee360 JavaThread "Cache worker for journal cache (C:\Users\san\.gradle\caches\journal-1)"        [_thread_blocked, id=29372, stack(0x000000aaa8800000,0x000000aaa8900000) (1024K)]
  0x000001e9f1cecfb0 JavaThread "File lock request listener"        [_thread_in_native, id=23864, stack(0x000000aaa8900000,0x000000aaa8a00000) (1024K)]
  0x000001e9f1cec290 JavaThread "File lock release action executor"        [_thread_blocked, id=28508, stack(0x000000aaa8a00000,0x000000aaa8b00000) (1024K)]
  0x000001e9f1ceaee0 JavaThread "Cache worker for file hash cache (C:\Users\san\.gradle\caches\9.2.1\fileHashes)"        [_thread_blocked, id=19940, stack(0x000000aaa8b00000,0x000000aaa8c00000) (1024K)]
  0x000001e9f317f5c0 JavaThread "Cache worker for file hash cache (C:\programmers\bep4-1-mission\.gradle\9.2.1\fileHashes)"        [_thread_blocked, id=23764, stack(0x000000aaa8f00000,0x000000aaa9000000) (1024K)]
  0x000001e9f317ef30 JavaThread "Cache worker for Build Output Cleanup Cache (C:\programmers\bep4-1-mission\.gradle\buildOutputCleanup)"        [_thread_blocked, id=32576, stack(0x000000aaa9000000,0x000000aaa9100000) (1024K)]
  0x000001e9f317ce60 JavaThread "File watcher server"        daemon [_thread_in_native, id=14172, stack(0x000000aaa9100000,0x000000aaa9200000) (1024K)]
  0x000001e9f317c7d0 JavaThread "File watcher consumer"      daemon [_thread_blocked, id=33416, stack(0x000000aaa9200000,0x000000aaa9300000) (1024K)]
  0x000001e9f317db80 JavaThread "Cache worker for checksums cache (C:\programmers\bep4-1-mission\.gradle\9.2.1\checksums)"        [_thread_blocked, id=32844, stack(0x000000aaa9300000,0x000000aaa9400000) (1024K)]
  0x000001e9f3180970 JavaThread "Cache worker for file content cache (C:\Users\san\.gradle\caches\9.2.1\fileContent)"        [_thread_blocked, id=31528, stack(0x000000aaa9400000,0x000000aaa9500000) (1024K)]
  0x000001e9f317d4f0 JavaThread "Cache worker for cache directory md-supplier (C:\Users\san\.gradle\caches\9.2.1\md-supplier)"        [_thread_blocked, id=33204, stack(0x000000aaa9500000,0x000000aaa9600000) (1024K)]
  0x000001e9f3181000 JavaThread "Cache worker for cache directory md-rule (C:\Users\san\.gradle\caches\9.2.1\md-rule)"        [_thread_blocked, id=27276, stack(0x000000aaa9600000,0x000000aaa9700000) (1024K)]
  0x000001e9f317fc50 JavaThread "jar transforms"                    [_thread_blocked, id=30788, stack(0x000000aaa9700000,0x000000aaa9800000) (1024K)]
  0x000001e9f31802e0 JavaThread "jar transforms Thread 2"           [_thread_blocked, id=31544, stack(0x000000aaa9800000,0x000000aaa9900000) (1024K)]
Total: 35

Other Threads:
  0x000001e9d7728530 VMThread "VM Thread"                           [id=27968, stack(0x000000aaa6e00000,0x000000aaa6f00000) (1024K)]
  0x000001e9d78009d0 WatcherThread "VM Periodic Task Thread"        [id=10224, stack(0x000000aaa6d00000,0x000000aaa6e00000) (1024K)]
  0x000001e9c15cf120 WorkerThread "GC Thread#0"                     [id=2844, stack(0x000000aaa6800000,0x000000aaa6900000) (1024K)]
  0x000001e9d7b6a670 WorkerThread "GC Thread#1"                     [id=28020, stack(0x000000aaa7900000,0x000000aaa7a00000) (1024K)]
  0x000001e9d7b6aa20 WorkerThread "GC Thread#2"                     [id=12008, stack(0x000000aaa7a00000,0x000000aaa7b00000) (1024K)]
  0x000001e9d7b6add0 WorkerThread "GC Thread#3"                     [id=33756, stack(0x000000aaa7b00000,0x000000aaa7c00000) (1024K)]
  0x000001e9d7b6b180 WorkerThread "GC Thread#4"                     [id=33672, stack(0x000000aaa7c00000,0x000000aaa7d00000) (1024K)]
  0x000001e9d7ad9ff0 WorkerThread "GC Thread#5"                     [id=5268, stack(0x000000aaa7d00000,0x000000aaa7e00000) (1024K)]
  0x000001e9f3fa6590 WorkerThread "GC Thread#6"                     [id=27728, stack(0x000000aaa8c00000,0x000000aaa8d00000) (1024K)]
  0x000001e9f3fa70a0 WorkerThread "GC Thread#7"                     [id=31844, stack(0x000000aaa8d00000,0x000000aaa8e00000) (1024K)]
  0x000001e9c15d4020 ConcurrentGCThread "G1 Main Marker"            [id=22920, stack(0x000000aaa6900000,0x000000aaa6a00000) (1024K)]
  0x000001e9c15d4a40 WorkerThread "G1 Conc#0"                       [id=26832, stack(0x000000aaa6a00000,0x000000aaa6b00000) (1024K)]
  0x000001e9f3fa7bb0 WorkerThread "G1 Conc#1"                       [id=27812, stack(0x000000aaa8e00000,0x000000aaa8f00000) (1024K)]
  0x000001e9d7668ec0 ConcurrentGCThread "G1 Refine#0"               [id=30376, stack(0x000000aaa6b00000,0x000000aaa6c00000) (1024K)]
  0x000001e9d766a700 ConcurrentGCThread "G1 Service"                [id=27736, stack(0x000000aaa6c00000,0x000000aaa6d00000) (1024K)]
Total: 15

Threads with active compile tasks:
C2 CompilerThread0  210375 4213       4       jdk.internal.loader.URLClassPath::getResource (74 bytes)
Total: 1

VM state: not at safepoint (normal execution)

VM Mutex/Monitor currently owned by a thread: None

Heap address: 0x00000000e0000000, size: 512 MB, Compressed Oops mode: 32-bit

CDS archive(s) mapped at: [0x000001e9d8000000-0x000001e9d8ba0000-0x000001e9d8ba0000), size 12189696, SharedBaseAddress: 0x000001e9d8000000, ArchiveRelocationMode: 1.
Compressed class space mapped at: 0x000001e9d9000000-0x000001e9ed000000, reserved size: 335544320
Narrow klass base: 0x000001e9d8000000, Narrow klass shift: 0, Narrow klass range: 0x100000000

GC Precious Log:
 CardTable entry size: 512
 Card Set container configuration: InlinePtr #cards 5 size 8 Array Of Cards #cards 12 size 40 Howl #buckets 4 coarsen threshold 1843 Howl Bitmap #cards 512 size 80 coarsen threshold 460 Card regions per heap region 1 cards per card region 2048
 CPUs: 8 total, 8 available
 Memory: 7916M
 Large Page Support: Disabled
 NUMA Support: Disabled
 Compressed Oops: Enabled (32-bit)
 Heap Region Size: 1M
 Heap Min Capacity: 256M
 Heap Initial Capacity: 256M
 Heap Max Capacity: 512M
 Pre-touch: Disabled
 Parallel Workers: 8
 Concurrent Workers: 2
 Concurrent Refinement Workers: 8
 Periodic GC: Disabled

Heap:
 garbage-first heap   total 262144K, used 30033K [0x00000000e0000000, 0x0000000100000000)
  region size 1024K, 7 young (7168K), 6 survivors (6144K)
 Metaspace       used 33222K, committed 34496K, reserved 393216K
  class space    used 4930K, committed 5568K, reserved 327680K

Heap Regions: E=young(eden), S=young(survivor), O=old, HS=humongous(starts), HC=humongous(continues), CS=collection set, F=free, TAMS=top-at-mark-start, PB=parsable bottom
|   0|0x00000000e0000000, 0x00000000e0100000, 0x00000000e0100000|100%|HS|  |TAMS 0x00000000e0000000| PB 0x00000000e0000000| Complete 
|   1|0x00000000e0100000, 0x00000000e0200000, 0x00000000e0200000|100%|HC|  |TAMS 0x00000000e0100000| PB 0x00000000e0100000| Complete 
|   2|0x00000000e0200000, 0x00000000e0300000, 0x00000000e0300000|100%|HC|  |TAMS 0x00000000e0200000| PB 0x00000000e0200000| Complete 
|   3|0x00000000e0300000, 0x00000000e0400000, 0x00000000e0400000|100%|HC|  |TAMS 0x00000000e0300000| PB 0x00000000e0300000| Complete 
|   4|0x00000000e0400000, 0x00000000e0500000, 0x00000000e0500000|100%| O|  |TAMS 0x00000000e0400000| PB 0x00000000e0400000| Untracked 
|   5|0x00000000e0500000, 0x00000000e0600000, 0x00000000e0600000|100%| O|  |TAMS 0x00000000e0500000| PB 0x00000000e0500000| Untracked 
|   6|0x00000000e0600000, 0x00000000e0700000, 0x00000000e0700000|100%| O|  |TAMS 0x00000000e0600000| PB 0x00000000e0600000| Untracked 
|   7|0x00000000e0700000, 0x00000000e0800000, 0x00000000e0800000|100%|HS|  |TAMS 0x00000000e0700000| PB 0x00000000e0700000| Complete 
|   8|0x00000000e0800000, 0x00000000e0900000, 0x00000000e0900000|100%| O|  |TAMS 0x00000000e0800000| PB 0x00000000e0800000| Untracked 
|   9|0x00000000e0900000, 0x00000000e0a00000, 0x00000000e0a00000|100%| O|  |TAMS 0x00000000e0900000| PB 0x00000000e0900000| Untracked 
|  10|0x00000000e0a00000, 0x00000000e0b00000, 0x00000000e0b00000|100%| O|  |TAMS 0x00000000e0a00000| PB 0x00000000e0a00000| Untracked 
|  11|0x00000000e0b00000, 0x00000000e0c00000, 0x00000000e0c00000|100%| O|  |TAMS 0x00000000e0b00000| PB 0x00000000e0b00000| Untracked 
|  12|0x00000000e0c00000, 0x00000000e0d00000, 0x00000000e0d00000|100%| O|  |TAMS 0x00000000e0c00000| PB 0x00000000e0c00000| Untracked 
|  13|0x00000000e0d00000, 0x00000000e0e00000, 0x00000000e0e00000|100%| O|  |TAMS 0x00000000e0d00000| PB 0x00000000e0d00000| Untracked 
|  14|0x00000000e0e00000, 0x00000000e0f00000, 0x00000000e0f00000|100%| O|  |TAMS 0x00000000e0e00000| PB 0x00000000e0e00000| Untracked 
|  15|0x00000000e0f00000, 0x00000000e1000000, 0x00000000e1000000|100%| O|  |TAMS 0x00000000e0f00000| PB 0x00000000e0f00000| Untracked 
|  16|0x00000000e1000000, 0x00000000e1100000, 0x00000000e1100000|100%| O|  |TAMS 0x00000000e1000000| PB 0x00000000e1000000| Untracked 
|  17|0x00000000e1100000, 0x00000000e1200000, 0x00000000e1200000|100%| O|  |TAMS 0x00000000e1100000| PB 0x00000000e1100000| Untracked 
|  18|0x00000000e1200000, 0x00000000e1300000, 0x00000000e1300000|100%| O|  |TAMS 0x00000000e1200000| PB 0x00000000e1200000| Untracked 
|  19|0x00000000e1300000, 0x00000000e1400000, 0x00000000e1400000|100%| O|  |TAMS 0x00000000e1300000| PB 0x00000000e1300000| Untracked 
|  20|0x00000000e1400000, 0x00000000e1500000, 0x00000000e1500000|100%| O|  |TAMS 0x00000000e1400000| PB 0x00000000e1400000| Untracked 
|  21|0x00000000e1500000, 0x00000000e1600000, 0x00000000e1600000|100%| O|  |TAMS 0x00000000e1500000| PB 0x00000000e1500000| Untracked 
|  22|0x00000000e1600000, 0x00000000e1700000, 0x00000000e1700000|100%| O|  |TAMS 0x00000000e1600000| PB 0x00000000e1600000| Untracked 
|  23|0x00000000e1700000, 0x00000000e1775ec8, 0x00000000e1800000| 46%| O|  |TAMS 0x00000000e1700000| PB 0x00000000e1700000| Untracked 
|  24|0x00000000e1800000, 0x00000000e1800000, 0x00000000e1900000|  0%| F|  |TAMS 0x00000000e1800000| PB 0x00000000e1800000| Untracked 
|  25|0x00000000e1900000, 0x00000000e1900000, 0x00000000e1a00000|  0%| F|  |TAMS 0x00000000e1900000| PB 0x00000000e1900000| Untracked 
|  26|0x00000000e1a00000, 0x00000000e1a00000, 0x00000000e1b00000|  0%| F|  |TAMS 0x00000000e1a00000| PB 0x00000000e1a00000| Untracked 
|  27|0x00000000e1b00000, 0x00000000e1b00000, 0x00000000e1c00000|  0%| F|  |TAMS 0x00000000e1b00000| PB 0x00000000e1b00000| Untracked 
|  28|0x00000000e1c00000, 0x00000000e1c00000, 0x00000000e1d00000|  0%| F|  |TAMS 0x00000000e1c00000| PB 0x00000000e1c00000| Untracked 
|  29|0x00000000e1d00000, 0x00000000e1d00000, 0x00000000e1e00000|  0%| F|  |TAMS 0x00000000e1d00000| PB 0x00000000e1d00000| Untracked 
|  30|0x00000000e1e00000, 0x00000000e1e00000, 0x00000000e1f00000|  0%| F|  |TAMS 0x00000000e1e00000| PB 0x00000000e1e00000| Untracked 
|  31|0x00000000e1f00000, 0x00000000e1f00000, 0x00000000e2000000|  0%| F|  |TAMS 0x00000000e1f00000| PB 0x00000000e1f00000| Untracked 
|  32|0x00000000e2000000, 0x00000000e2000000, 0x00000000e2100000|  0%| F|  |TAMS 0x00000000e2000000| PB 0x00000000e2000000| Untracked 
|  33|0x00000000e2100000, 0x00000000e2100000, 0x00000000e2200000|  0%| F|  |TAMS 0x00000000e2100000| PB 0x00000000e2100000| Untracked 
|  34|0x00000000e2200000, 0x00000000e2200000, 0x00000000e2300000|  0%| F|  |TAMS 0x00000000e2200000| PB 0x00000000e2200000| Untracked 
|  35|0x00000000e2300000, 0x00000000e2300000, 0x00000000e2400000|  0%| F|  |TAMS 0x00000000e2300000| PB 0x00000000e2300000| Untracked 
|  36|0x00000000e2400000, 0x00000000e2400000, 0x00000000e2500000|  0%| F|  |TAMS 0x00000000e2400000| PB 0x00000000e2400000| Untracked 
|  37|0x00000000e2500000, 0x00000000e2500000, 0x00000000e2600000|  0%| F|  |TAMS 0x00000000e2500000| PB 0x00000000e2500000| Untracked 
|  38|0x00000000e2600000, 0x00000000e2600000, 0x00000000e2700000|  0%| F|  |TAMS 0x00000000e2600000| PB 0x00000000e2600000| Untracked 
|  39|0x00000000e2700000, 0x00000000e2700000, 0x00000000e2800000|  0%| F|  |TAMS 0x00000000e2700000| PB 0x00000000e2700000| Untracked 
|  40|0x00000000e2800000, 0x00000000e2800000, 0x00000000e2900000|  0%| F|  |TAMS 0x00000000e2800000| PB 0x00000000e2800000| Untracked 
|  41|0x00000000e2900000, 0x00000000e2900000, 0x00000000e2a00000|  0%| F|  |TAMS 0x00000000e2900000| PB 0x00000000e2900000| Untracked 
|  42|0x00000000e2a00000, 0x00000000e2a00000, 0x00000000e2b00000|  0%| F|  |TAMS 0x00000000e2a00000| PB 0x00000000e2a00000| Untracked 
|  43|0x00000000e2b00000, 0x00000000e2b00000, 0x00000000e2c00000|  0%| F|  |TAMS 0x00000000e2b00000| PB 0x00000000e2b00000| Untracked 
|  44|0x00000000e2c00000, 0x00000000e2c00000, 0x00000000e2d00000|  0%| F|  |TAMS 0x00000000e2c00000| PB 0x00000000e2c00000| Untracked 
|  45|0x00000000e2d00000, 0x00000000e2d00000, 0x00000000e2e00000|  0%| F|  |TAMS 0x00000000e2d00000| PB 0x00000000e2d00000| Untracked 
|  46|0x00000000e2e00000, 0x00000000e2e00000, 0x00000000e2f00000|  0%| F|  |TAMS 0x00000000e2e00000| PB 0x00000000e2e00000| Untracked 
|  47|0x00000000e2f00000, 0x00000000e2f00000, 0x00000000e3000000|  0%| F|  |TAMS 0x00000000e2f00000| PB 0x00000000e2f00000| Untracked 
|  48|0x00000000e3000000, 0x00000000e3000000, 0x00000000e3100000|  0%| F|  |TAMS 0x00000000e3000000| PB 0x00000000e3000000| Untracked 
|  49|0x00000000e3100000, 0x00000000e3100000, 0x00000000e3200000|  0%| F|  |TAMS 0x00000000e3100000| PB 0x00000000e3100000| Untracked 
|  50|0x00000000e3200000, 0x00000000e3200000, 0x00000000e3300000|  0%| F|  |TAMS 0x00000000e3200000| PB 0x00000000e3200000| Untracked 
|  51|0x00000000e3300000, 0x00000000e3300000, 0x00000000e3400000|  0%| F|  |TAMS 0x00000000e3300000| PB 0x00000000e3300000| Untracked 
|  52|0x00000000e3400000, 0x00000000e3400000, 0x00000000e3500000|  0%| F|  |TAMS 0x00000000e3400000| PB 0x00000000e3400000| Untracked 
|  53|0x00000000e3500000, 0x00000000e3500000, 0x00000000e3600000|  0%| F|  |TAMS 0x00000000e3500000| PB 0x00000000e3500000| Untracked 
|  54|0x00000000e3600000, 0x00000000e3600000, 0x00000000e3700000|  0%| F|  |TAMS 0x00000000e3600000| PB 0x00000000e3600000| Untracked 
|  55|0x00000000e3700000, 0x00000000e3700000, 0x00000000e3800000|  0%| F|  |TAMS 0x00000000e3700000| PB 0x00000000e3700000| Untracked 
|  56|0x00000000e3800000, 0x00000000e3800000, 0x00000000e3900000|  0%| F|  |TAMS 0x00000000e3800000| PB 0x00000000e3800000| Untracked 
|  57|0x00000000e3900000, 0x00000000e3900000, 0x00000000e3a00000|  0%| F|  |TAMS 0x00000000e3900000| PB 0x00000000e3900000| Untracked 
|  58|0x00000000e3a00000, 0x00000000e3a00000, 0x00000000e3b00000|  0%| F|  |TAMS 0x00000000e3a00000| PB 0x00000000e3a00000| Untracked 
|  59|0x00000000e3b00000, 0x00000000e3b00000, 0x00000000e3c00000|  0%| F|  |TAMS 0x00000000e3b00000| PB 0x00000000e3b00000| Untracked 
|  60|0x00000000e3c00000, 0x00000000e3c00000, 0x00000000e3d00000|  0%| F|  |TAMS 0x00000000e3c00000| PB 0x00000000e3c00000| Untracked 
|  61|0x00000000e3d00000, 0x00000000e3d00000, 0x00000000e3e00000|  0%| F|  |TAMS 0x00000000e3d00000| PB 0x00000000e3d00000| Untracked 
|  62|0x00000000e3e00000, 0x00000000e3e00000, 0x00000000e3f00000|  0%| F|  |TAMS 0x00000000e3e00000| PB 0x00000000e3e00000| Untracked 
|  63|0x00000000e3f00000, 0x00000000e3f00000, 0x00000000e4000000|  0%| F|  |TAMS 0x00000000e3f00000| PB 0x00000000e3f00000| Untracked 
|  64|0x00000000e4000000, 0x00000000e4000000, 0x00000000e4100000|  0%| F|  |TAMS 0x00000000e4000000| PB 0x00000000e4000000| Untracked 
|  65|0x00000000e4100000, 0x00000000e4100000, 0x00000000e4200000|  0%| F|  |TAMS 0x00000000e4100000| PB 0x00000000e4100000| Untracked 
|  66|0x00000000e4200000, 0x00000000e4200000, 0x00000000e4300000|  0%| F|  |TAMS 0x00000000e4200000| PB 0x00000000e4200000| Untracked 
|  67|0x00000000e4300000, 0x00000000e4300000, 0x00000000e4400000|  0%| F|  |TAMS 0x00000000e4300000| PB 0x00000000e4300000| Untracked 
|  68|0x00000000e4400000, 0x00000000e4400000, 0x00000000e4500000|  0%| F|  |TAMS 0x00000000e4400000| PB 0x00000000e4400000| Untracked 
|  69|0x00000000e4500000, 0x00000000e4500000, 0x00000000e4600000|  0%| F|  |TAMS 0x00000000e4500000| PB 0x00000000e4500000| Untracked 
|  70|0x00000000e4600000, 0x00000000e4600000, 0x00000000e4700000|  0%| F|  |TAMS 0x00000000e4600000| PB 0x00000000e4600000| Untracked 
|  71|0x00000000e4700000, 0x00000000e4700000, 0x00000000e4800000|  0%| F|  |TAMS 0x00000000e4700000| PB 0x00000000e4700000| Untracked 
|  72|0x00000000e4800000, 0x00000000e4800000, 0x00000000e4900000|  0%| F|  |TAMS 0x00000000e4800000| PB 0x00000000e4800000| Untracked 
|  73|0x00000000e4900000, 0x00000000e4900000, 0x00000000e4a00000|  0%| F|  |TAMS 0x00000000e4900000| PB 0x00000000e4900000| Untracked 
|  74|0x00000000e4a00000, 0x00000000e4a00000, 0x00000000e4b00000|  0%| F|  |TAMS 0x00000000e4a00000| PB 0x00000000e4a00000| Untracked 
|  75|0x00000000e4b00000, 0x00000000e4b00000, 0x00000000e4c00000|  0%| F|  |TAMS 0x00000000e4b00000| PB 0x00000000e4b00000| Untracked 
|  76|0x00000000e4c00000, 0x00000000e4c00000, 0x00000000e4d00000|  0%| F|  |TAMS 0x00000000e4c00000| PB 0x00000000e4c00000| Untracked 
|  77|0x00000000e4d00000, 0x00000000e4d00000, 0x00000000e4e00000|  0%| F|  |TAMS 0x00000000e4d00000| PB 0x00000000e4d00000| Untracked 
|  78|0x00000000e4e00000, 0x00000000e4e00000, 0x00000000e4f00000|  0%| F|  |TAMS 0x00000000e4e00000| PB 0x00000000e4e00000| Untracked 
|  79|0x00000000e4f00000, 0x00000000e4f00000, 0x00000000e5000000|  0%| F|  |TAMS 0x00000000e4f00000| PB 0x00000000e4f00000| Untracked 
|  80|0x00000000e5000000, 0x00000000e5000000, 0x00000000e5100000|  0%| F|  |TAMS 0x00000000e5000000| PB 0x00000000e5000000| Untracked 
|  81|0x00000000e5100000, 0x00000000e5100000, 0x00000000e5200000|  0%| F|  |TAMS 0x00000000e5100000| PB 0x00000000e5100000| Untracked 
|  82|0x00000000e5200000, 0x00000000e5200000, 0x00000000e5300000|  0%| F|  |TAMS 0x00000000e5200000| PB 0x00000000e5200000| Untracked 
|  83|0x00000000e5300000, 0x00000000e5300000, 0x00000000e5400000|  0%| F|  |TAMS 0x00000000e5300000| PB 0x00000000e5300000| Untracked 
|  84|0x00000000e5400000, 0x00000000e5400000, 0x00000000e5500000|  0%| F|  |TAMS 0x00000000e5400000| PB 0x00000000e5400000| Untracked 
|  85|0x00000000e5500000, 0x00000000e5500000, 0x00000000e5600000|  0%| F|  |TAMS 0x00000000e5500000| PB 0x00000000e5500000| Untracked 
|  86|0x00000000e5600000, 0x00000000e5600000, 0x00000000e5700000|  0%| F|  |TAMS 0x00000000e5600000| PB 0x00000000e5600000| Untracked 
|  87|0x00000000e5700000, 0x00000000e5700000, 0x00000000e5800000|  0%| F|  |TAMS 0x00000000e5700000| PB 0x00000000e5700000| Untracked 
|  88|0x00000000e5800000, 0x00000000e5800000, 0x00000000e5900000|  0%| F|  |TAMS 0x00000000e5800000| PB 0x00000000e5800000| Untracked 
|  89|0x00000000e5900000, 0x00000000e5900000, 0x00000000e5a00000|  0%| F|  |TAMS 0x00000000e5900000| PB 0x00000000e5900000| Untracked 
|  90|0x00000000e5a00000, 0x00000000e5a00000, 0x00000000e5b00000|  0%| F|  |TAMS 0x00000000e5a00000| PB 0x00000000e5a00000| Untracked 
|  91|0x00000000e5b00000, 0x00000000e5b00000, 0x00000000e5c00000|  0%| F|  |TAMS 0x00000000e5b00000| PB 0x00000000e5b00000| Untracked 
|  92|0x00000000e5c00000, 0x00000000e5c00000, 0x00000000e5d00000|  0%| F|  |TAMS 0x00000000e5c00000| PB 0x00000000e5c00000| Untracked 
|  93|0x00000000e5d00000, 0x00000000e5d00000, 0x00000000e5e00000|  0%| F|  |TAMS 0x00000000e5d00000| PB 0x00000000e5d00000| Untracked 
|  94|0x00000000e5e00000, 0x00000000e5e00000, 0x00000000e5f00000|  0%| F|  |TAMS 0x00000000e5e00000| PB 0x00000000e5e00000| Untracked 
|  95|0x00000000e5f00000, 0x00000000e5f00000, 0x00000000e6000000|  0%| F|  |TAMS 0x00000000e5f00000| PB 0x00000000e5f00000| Untracked 
|  96|0x00000000e6000000, 0x00000000e6000000, 0x00000000e6100000|  0%| F|  |TAMS 0x00000000e6000000| PB 0x00000000e6000000| Untracked 
|  97|0x00000000e6100000, 0x00000000e6100000, 0x00000000e6200000|  0%| F|  |TAMS 0x00000000e6100000| PB 0x00000000e6100000| Untracked 
|  98|0x00000000e6200000, 0x00000000e6200000, 0x00000000e6300000|  0%| F|  |TAMS 0x00000000e6200000| PB 0x00000000e6200000| Untracked 
|  99|0x00000000e6300000, 0x00000000e6300000, 0x00000000e6400000|  0%| F|  |TAMS 0x00000000e6300000| PB 0x00000000e6300000| Untracked 
| 100|0x00000000e6400000, 0x00000000e6400000, 0x00000000e6500000|  0%| F|  |TAMS 0x00000000e6400000| PB 0x00000000e6400000| Untracked 
| 101|0x00000000e6500000, 0x00000000e6500000, 0x00000000e6600000|  0%| F|  |TAMS 0x00000000e6500000| PB 0x00000000e6500000| Untracked 
| 102|0x00000000e6600000, 0x00000000e6600000, 0x00000000e6700000|  0%| F|  |TAMS 0x00000000e6600000| PB 0x00000000e6600000| Untracked 
| 103|0x00000000e6700000, 0x00000000e6700000, 0x00000000e6800000|  0%| F|  |TAMS 0x00000000e6700000| PB 0x00000000e6700000| Untracked 
| 104|0x00000000e6800000, 0x00000000e6800000, 0x00000000e6900000|  0%| F|  |TAMS 0x00000000e6800000| PB 0x00000000e6800000| Untracked 
| 105|0x00000000e6900000, 0x00000000e6900000, 0x00000000e6a00000|  0%| F|  |TAMS 0x00000000e6900000| PB 0x00000000e6900000| Untracked 
| 106|0x00000000e6a00000, 0x00000000e6a00000, 0x00000000e6b00000|  0%| F|  |TAMS 0x00000000e6a00000| PB 0x00000000e6a00000| Untracked 
| 107|0x00000000e6b00000, 0x00000000e6b00000, 0x00000000e6c00000|  0%| F|  |TAMS 0x00000000e6b00000| PB 0x00000000e6b00000| Untracked 
| 108|0x00000000e6c00000, 0x00000000e6c00000, 0x00000000e6d00000|  0%| F|  |TAMS 0x00000000e6c00000| PB 0x00000000e6c00000| Untracked 
| 109|0x00000000e6d00000, 0x00000000e6d00000, 0x00000000e6e00000|  0%| F|  |TAMS 0x00000000e6d00000| PB 0x00000000e6d00000| Untracked 
| 110|0x00000000e6e00000, 0x00000000e6e00000, 0x00000000e6f00000|  0%| F|  |TAMS 0x00000000e6e00000| PB 0x00000000e6e00000| Untracked 
| 111|0x00000000e6f00000, 0x00000000e6f00000, 0x00000000e7000000|  0%| F|  |TAMS 0x00000000e6f00000| PB 0x00000000e6f00000| Untracked 
| 112|0x00000000e7000000, 0x00000000e7000000, 0x00000000e7100000|  0%| F|  |TAMS 0x00000000e7000000| PB 0x00000000e7000000| Untracked 
| 113|0x00000000e7100000, 0x00000000e7100000, 0x00000000e7200000|  0%| F|  |TAMS 0x00000000e7100000| PB 0x00000000e7100000| Untracked 
| 114|0x00000000e7200000, 0x00000000e7200000, 0x00000000e7300000|  0%| F|  |TAMS 0x00000000e7200000| PB 0x00000000e7200000| Untracked 
| 115|0x00000000e7300000, 0x00000000e7300000, 0x00000000e7400000|  0%| F|  |TAMS 0x00000000e7300000| PB 0x00000000e7300000| Untracked 
| 116|0x00000000e7400000, 0x00000000e7400000, 0x00000000e7500000|  0%| F|  |TAMS 0x00000000e7400000| PB 0x00000000e7400000| Untracked 
| 117|0x00000000e7500000, 0x00000000e7500000, 0x00000000e7600000|  0%| F|  |TAMS 0x00000000e7500000| PB 0x00000000e7500000| Untracked 
| 118|0x00000000e7600000, 0x00000000e7600000, 0x00000000e7700000|  0%| F|  |TAMS 0x00000000e7600000| PB 0x00000000e7600000| Untracked 
| 119|0x00000000e7700000, 0x00000000e7700000, 0x00000000e7800000|  0%| F|  |TAMS 0x00000000e7700000| PB 0x00000000e7700000| Untracked 
| 120|0x00000000e7800000, 0x00000000e7800000, 0x00000000e7900000|  0%| F|  |TAMS 0x00000000e7800000| PB 0x00000000e7800000| Untracked 
| 121|0x00000000e7900000, 0x00000000e7900000, 0x00000000e7a00000|  0%| F|  |TAMS 0x00000000e7900000| PB 0x00000000e7900000| Untracked 
| 122|0x00000000e7a00000, 0x00000000e7a00000, 0x00000000e7b00000|  0%| F|  |TAMS 0x00000000e7a00000| PB 0x00000000e7a00000| Untracked 
| 123|0x00000000e7b00000, 0x00000000e7b00000, 0x00000000e7c00000|  0%| F|  |TAMS 0x00000000e7b00000| PB 0x00000000e7b00000| Untracked 
| 124|0x00000000e7c00000, 0x00000000e7c00000, 0x00000000e7d00000|  0%| F|  |TAMS 0x00000000e7c00000| PB 0x00000000e7c00000| Untracked 
| 125|0x00000000e7d00000, 0x00000000e7d00000, 0x00000000e7e00000|  0%| F|  |TAMS 0x00000000e7d00000| PB 0x00000000e7d00000| Untracked 
| 126|0x00000000e7e00000, 0x00000000e7e00000, 0x00000000e7f00000|  0%| F|  |TAMS 0x00000000e7e00000| PB 0x00000000e7e00000| Untracked 
| 127|0x00000000e7f00000, 0x00000000e7f00000, 0x00000000e8000000|  0%| F|  |TAMS 0x00000000e7f00000| PB 0x00000000e7f00000| Untracked 
| 128|0x00000000e8000000, 0x00000000e8000000, 0x00000000e8100000|  0%| F|  |TAMS 0x00000000e8000000| PB 0x00000000e8000000| Untracked 
| 129|0x00000000e8100000, 0x00000000e8100000, 0x00000000e8200000|  0%| F|  |TAMS 0x00000000e8100000| PB 0x00000000e8100000| Untracked 
| 130|0x00000000e8200000, 0x00000000e8200000, 0x00000000e8300000|  0%| F|  |TAMS 0x00000000e8200000| PB 0x00000000e8200000| Untracked 
| 131|0x00000000e8300000, 0x00000000e8300000, 0x00000000e8400000|  0%| F|  |TAMS 0x00000000e8300000| PB 0x00000000e8300000| Untracked 
| 132|0x00000000e8400000, 0x00000000e8400000, 0x00000000e8500000|  0%| F|  |TAMS 0x00000000e8400000| PB 0x00000000e8400000| Untracked 
| 133|0x00000000e8500000, 0x00000000e8500000, 0x00000000e8600000|  0%| F|  |TAMS 0x00000000e8500000| PB 0x00000000e8500000| Untracked 
| 134|0x00000000e8600000, 0x00000000e8600000, 0x00000000e8700000|  0%| F|  |TAMS 0x00000000e8600000| PB 0x00000000e8600000| Untracked 
| 135|0x00000000e8700000, 0x00000000e8700000, 0x00000000e8800000|  0%| F|  |TAMS 0x00000000e8700000| PB 0x00000000e8700000| Untracked 
| 136|0x00000000e8800000, 0x00000000e8800000, 0x00000000e8900000|  0%| F|  |TAMS 0x00000000e8800000| PB 0x00000000e8800000| Untracked 
| 137|0x00000000e8900000, 0x00000000e8900000, 0x00000000e8a00000|  0%| F|  |TAMS 0x00000000e8900000| PB 0x00000000e8900000| Untracked 
| 138|0x00000000e8a00000, 0x00000000e8a00000, 0x00000000e8b00000|  0%| F|  |TAMS 0x00000000e8a00000| PB 0x00000000e8a00000| Untracked 
| 139|0x00000000e8b00000, 0x00000000e8b00000, 0x00000000e8c00000|  0%| F|  |TAMS 0x00000000e8b00000| PB 0x00000000e8b00000| Untracked 
| 140|0x00000000e8c00000, 0x00000000e8c00000, 0x00000000e8d00000|  0%| F|  |TAMS 0x00000000e8c00000| PB 0x00000000e8c00000| Untracked 
| 141|0x00000000e8d00000, 0x00000000e8d00000, 0x00000000e8e00000|  0%| F|  |TAMS 0x00000000e8d00000| PB 0x00000000e8d00000| Untracked 
| 142|0x00000000e8e00000, 0x00000000e8e00000, 0x00000000e8f00000|  0%| F|  |TAMS 0x00000000e8e00000| PB 0x00000000e8e00000| Untracked 
| 143|0x00000000e8f00000, 0x00000000e8f00000, 0x00000000e9000000|  0%| F|  |TAMS 0x00000000e8f00000| PB 0x00000000e8f00000| Untracked 
| 144|0x00000000e9000000, 0x00000000e9000000, 0x00000000e9100000|  0%| F|  |TAMS 0x00000000e9000000| PB 0x00000000e9000000| Untracked 
| 145|0x00000000e9100000, 0x00000000e9100000, 0x00000000e9200000|  0%| F|  |TAMS 0x00000000e9100000| PB 0x00000000e9100000| Untracked 
| 146|0x00000000e9200000, 0x00000000e9200000, 0x00000000e9300000|  0%| F|  |TAMS 0x00000000e9200000| PB 0x00000000e9200000| Untracked 
| 147|0x00000000e9300000, 0x00000000e9300000, 0x00000000e9400000|  0%| F|  |TAMS 0x00000000e9300000| PB 0x00000000e9300000| Untracked 
| 148|0x00000000e9400000, 0x00000000e9400000, 0x00000000e9500000|  0%| F|  |TAMS 0x00000000e9400000| PB 0x00000000e9400000| Untracked 
| 149|0x00000000e9500000, 0x00000000e9500000, 0x00000000e9600000|  0%| F|  |TAMS 0x00000000e9500000| PB 0x00000000e9500000| Untracked 
| 150|0x00000000e9600000, 0x00000000e96de560, 0x00000000e9700000| 86%| S|CS|TAMS 0x00000000e9600000| PB 0x00000000e9600000| Complete 
| 151|0x00000000e9700000, 0x00000000e9800000, 0x00000000e9800000|100%| S|CS|TAMS 0x00000000e9700000| PB 0x00000000e9700000| Complete 
| 152|0x00000000e9800000, 0x00000000e9900000, 0x00000000e9900000|100%| S|CS|TAMS 0x00000000e9800000| PB 0x00000000e9800000| Complete 
| 153|0x00000000e9900000, 0x00000000e9a00000, 0x00000000e9a00000|100%| S|CS|TAMS 0x00000000e9900000| PB 0x00000000e9900000| Complete 
| 154|0x00000000e9a00000, 0x00000000e9b00000, 0x00000000e9b00000|100%| S|CS|TAMS 0x00000000e9a00000| PB 0x00000000e9a00000| Complete 
| 155|0x00000000e9b00000, 0x00000000e9c00000, 0x00000000e9c00000|100%| S|CS|TAMS 0x00000000e9b00000| PB 0x00000000e9b00000| Complete 
| 156|0x00000000e9c00000, 0x00000000e9c00000, 0x00000000e9d00000|  0%| F|  |TAMS 0x00000000e9c00000| PB 0x00000000e9c00000| Untracked 
| 157|0x00000000e9d00000, 0x00000000e9d00000, 0x00000000e9e00000|  0%| F|  |TAMS 0x00000000e9d00000| PB 0x00000000e9d00000| Untracked 
| 158|0x00000000e9e00000, 0x00000000e9e00000, 0x00000000e9f00000|  0%| F|  |TAMS 0x00000000e9e00000| PB 0x00000000e9e00000| Untracked 
| 159|0x00000000e9f00000, 0x00000000e9f00000, 0x00000000ea000000|  0%| F|  |TAMS 0x00000000e9f00000| PB 0x00000000e9f00000| Untracked 
| 160|0x00000000ea000000, 0x00000000ea000000, 0x00000000ea100000|  0%| F|  |TAMS 0x00000000ea000000| PB 0x00000000ea000000| Untracked 
| 161|0x00000000ea100000, 0x00000000ea100000, 0x00000000ea200000|  0%| F|  |TAMS 0x00000000ea100000| PB 0x00000000ea100000| Untracked 
| 162|0x00000000ea200000, 0x00000000ea200000, 0x00000000ea300000|  0%| F|  |TAMS 0x00000000ea200000| PB 0x00000000ea200000| Untracked 
| 163|0x00000000ea300000, 0x00000000ea300000, 0x00000000ea400000|  0%| F|  |TAMS 0x00000000ea300000| PB 0x00000000ea300000| Untracked 
| 164|0x00000000ea400000, 0x00000000ea400000, 0x00000000ea500000|  0%| F|  |TAMS 0x00000000ea400000| PB 0x00000000ea400000| Untracked 
| 165|0x00000000ea500000, 0x00000000ea500000, 0x00000000ea600000|  0%| F|  |TAMS 0x00000000ea500000| PB 0x00000000ea500000| Untracked 
| 166|0x00000000ea600000, 0x00000000ea600000, 0x00000000ea700000|  0%| F|  |TAMS 0x00000000ea600000| PB 0x00000000ea600000| Untracked 
| 167|0x00000000ea700000, 0x00000000ea700000, 0x00000000ea800000|  0%| F|  |TAMS 0x00000000ea700000| PB 0x00000000ea700000| Untracked 
| 168|0x00000000ea800000, 0x00000000ea800000, 0x00000000ea900000|  0%| F|  |TAMS 0x00000000ea800000| PB 0x00000000ea800000| Untracked 
| 169|0x00000000ea900000, 0x00000000ea900000, 0x00000000eaa00000|  0%| F|  |TAMS 0x00000000ea900000| PB 0x00000000ea900000| Untracked 
| 170|0x00000000eaa00000, 0x00000000eaa00000, 0x00000000eab00000|  0%| F|  |TAMS 0x00000000eaa00000| PB 0x00000000eaa00000| Untracked 
| 171|0x00000000eab00000, 0x00000000eab00000, 0x00000000eac00000|  0%| F|  |TAMS 0x00000000eab00000| PB 0x00000000eab00000| Untracked 
| 172|0x00000000eac00000, 0x00000000eac00000, 0x00000000ead00000|  0%| F|  |TAMS 0x00000000eac00000| PB 0x00000000eac00000| Untracked 
| 173|0x00000000ead00000, 0x00000000ead00000, 0x00000000eae00000|  0%| F|  |TAMS 0x00000000ead00000| PB 0x00000000ead00000| Untracked 
| 174|0x00000000eae00000, 0x00000000eae00000, 0x00000000eaf00000|  0%| F|  |TAMS 0x00000000eae00000| PB 0x00000000eae00000| Untracked 
| 175|0x00000000eaf00000, 0x00000000eaf00000, 0x00000000eb000000|  0%| F|  |TAMS 0x00000000eaf00000| PB 0x00000000eaf00000| Untracked 
| 176|0x00000000eb000000, 0x00000000eb000000, 0x00000000eb100000|  0%| F|  |TAMS 0x00000000eb000000| PB 0x00000000eb000000| Untracked 
| 177|0x00000000eb100000, 0x00000000eb100000, 0x00000000eb200000|  0%| F|  |TAMS 0x00000000eb100000| PB 0x00000000eb100000| Untracked 
| 178|0x00000000eb200000, 0x00000000eb200000, 0x00000000eb300000|  0%| F|  |TAMS 0x00000000eb200000| PB 0x00000000eb200000| Untracked 
| 179|0x00000000eb300000, 0x00000000eb300000, 0x00000000eb400000|  0%| F|  |TAMS 0x00000000eb300000| PB 0x00000000eb300000| Untracked 
| 180|0x00000000eb400000, 0x00000000eb400000, 0x00000000eb500000|  0%| F|  |TAMS 0x00000000eb400000| PB 0x00000000eb400000| Untracked 
| 181|0x00000000eb500000, 0x00000000eb500000, 0x00000000eb600000|  0%| F|  |TAMS 0x00000000eb500000| PB 0x00000000eb500000| Untracked 
| 182|0x00000000eb600000, 0x00000000eb600000, 0x00000000eb700000|  0%| F|  |TAMS 0x00000000eb600000| PB 0x00000000eb600000| Untracked 
| 183|0x00000000eb700000, 0x00000000eb700000, 0x00000000eb800000|  0%| F|  |TAMS 0x00000000eb700000| PB 0x00000000eb700000| Untracked 
| 184|0x00000000eb800000, 0x00000000eb800000, 0x00000000eb900000|  0%| F|  |TAMS 0x00000000eb800000| PB 0x00000000eb800000| Untracked 
| 185|0x00000000eb900000, 0x00000000eb900000, 0x00000000eba00000|  0%| F|  |TAMS 0x00000000eb900000| PB 0x00000000eb900000| Untracked 
| 186|0x00000000eba00000, 0x00000000eba00000, 0x00000000ebb00000|  0%| F|  |TAMS 0x00000000eba00000| PB 0x00000000eba00000| Untracked 
| 187|0x00000000ebb00000, 0x00000000ebb00000, 0x00000000ebc00000|  0%| F|  |TAMS 0x00000000ebb00000| PB 0x00000000ebb00000| Untracked 
| 188|0x00000000ebc00000, 0x00000000ebc00000, 0x00000000ebd00000|  0%| F|  |TAMS 0x00000000ebc00000| PB 0x00000000ebc00000| Untracked 
| 189|0x00000000ebd00000, 0x00000000ebd00000, 0x00000000ebe00000|  0%| F|  |TAMS 0x00000000ebd00000| PB 0x00000000ebd00000| Untracked 
| 190|0x00000000ebe00000, 0x00000000ebe00000, 0x00000000ebf00000|  0%| F|  |TAMS 0x00000000ebe00000| PB 0x00000000ebe00000| Untracked 
| 191|0x00000000ebf00000, 0x00000000ebf00000, 0x00000000ec000000|  0%| F|  |TAMS 0x00000000ebf00000| PB 0x00000000ebf00000| Untracked 
| 192|0x00000000ec000000, 0x00000000ec000000, 0x00000000ec100000|  0%| F|  |TAMS 0x00000000ec000000| PB 0x00000000ec000000| Untracked 
| 193|0x00000000ec100000, 0x00000000ec100000, 0x00000000ec200000|  0%| F|  |TAMS 0x00000000ec100000| PB 0x00000000ec100000| Untracked 
| 194|0x00000000ec200000, 0x00000000ec200000, 0x00000000ec300000|  0%| F|  |TAMS 0x00000000ec200000| PB 0x00000000ec200000| Untracked 
| 195|0x00000000ec300000, 0x00000000ec300000, 0x00000000ec400000|  0%| F|  |TAMS 0x00000000ec300000| PB 0x00000000ec300000| Untracked 
| 196|0x00000000ec400000, 0x00000000ec400000, 0x00000000ec500000|  0%| F|  |TAMS 0x00000000ec400000| PB 0x00000000ec400000| Untracked 
| 197|0x00000000ec500000, 0x00000000ec500000, 0x00000000ec600000|  0%| F|  |TAMS 0x00000000ec500000| PB 0x00000000ec500000| Untracked 
| 198|0x00000000ec600000, 0x00000000ec600000, 0x00000000ec700000|  0%| F|  |TAMS 0x00000000ec600000| PB 0x00000000ec600000| Untracked 
| 199|0x00000000ec700000, 0x00000000ec700000, 0x00000000ec800000|  0%| F|  |TAMS 0x00000000ec700000| PB 0x00000000ec700000| Untracked 
| 200|0x00000000ec800000, 0x00000000ec800000, 0x00000000ec900000|  0%| F|  |TAMS 0x00000000ec800000| PB 0x00000000ec800000| Untracked 
| 201|0x00000000ec900000, 0x00000000ec900000, 0x00000000eca00000|  0%| F|  |TAMS 0x00000000ec900000| PB 0x00000000ec900000| Untracked 
| 202|0x00000000eca00000, 0x00000000eca00000, 0x00000000ecb00000|  0%| F|  |TAMS 0x00000000eca00000| PB 0x00000000eca00000| Untracked 
| 203|0x00000000ecb00000, 0x00000000ecb00000, 0x00000000ecc00000|  0%| F|  |TAMS 0x00000000ecb00000| PB 0x00000000ecb00000| Untracked 
| 204|0x00000000ecc00000, 0x00000000ecc00000, 0x00000000ecd00000|  0%| F|  |TAMS 0x00000000ecc00000| PB 0x00000000ecc00000| Untracked 
| 205|0x00000000ecd00000, 0x00000000ecd00000, 0x00000000ece00000|  0%| F|  |TAMS 0x00000000ecd00000| PB 0x00000000ecd00000| Untracked 
| 206|0x00000000ece00000, 0x00000000ece00000, 0x00000000ecf00000|  0%| F|  |TAMS 0x00000000ece00000| PB 0x00000000ece00000| Untracked 
| 207|0x00000000ecf00000, 0x00000000ecf00000, 0x00000000ed000000|  0%| F|  |TAMS 0x00000000ecf00000| PB 0x00000000ecf00000| Untracked 
| 208|0x00000000ed000000, 0x00000000ed000000, 0x00000000ed100000|  0%| F|  |TAMS 0x00000000ed000000| PB 0x00000000ed000000| Untracked 
| 209|0x00000000ed100000, 0x00000000ed100000, 0x00000000ed200000|  0%| F|  |TAMS 0x00000000ed100000| PB 0x00000000ed100000| Untracked 
| 210|0x00000000ed200000, 0x00000000ed200000, 0x00000000ed300000|  0%| F|  |TAMS 0x00000000ed200000| PB 0x00000000ed200000| Untracked 
| 211|0x00000000ed300000, 0x00000000ed300000, 0x00000000ed400000|  0%| F|  |TAMS 0x00000000ed300000| PB 0x00000000ed300000| Untracked 
| 212|0x00000000ed400000, 0x00000000ed400000, 0x00000000ed500000|  0%| F|  |TAMS 0x00000000ed400000| PB 0x00000000ed400000| Untracked 
| 213|0x00000000ed500000, 0x00000000ed500000, 0x00000000ed600000|  0%| F|  |TAMS 0x00000000ed500000| PB 0x00000000ed500000| Untracked 
| 214|0x00000000ed600000, 0x00000000ed600000, 0x00000000ed700000|  0%| F|  |TAMS 0x00000000ed600000| PB 0x00000000ed600000| Untracked 
| 215|0x00000000ed700000, 0x00000000ed700000, 0x00000000ed800000|  0%| F|  |TAMS 0x00000000ed700000| PB 0x00000000ed700000| Untracked 
| 216|0x00000000ed800000, 0x00000000ed800000, 0x00000000ed900000|  0%| F|  |TAMS 0x00000000ed800000| PB 0x00000000ed800000| Untracked 
| 217|0x00000000ed900000, 0x00000000ed900000, 0x00000000eda00000|  0%| F|  |TAMS 0x00000000ed900000| PB 0x00000000ed900000| Untracked 
| 218|0x00000000eda00000, 0x00000000eda00000, 0x00000000edb00000|  0%| F|  |TAMS 0x00000000eda00000| PB 0x00000000eda00000| Untracked 
| 219|0x00000000edb00000, 0x00000000edb00000, 0x00000000edc00000|  0%| F|  |TAMS 0x00000000edb00000| PB 0x00000000edb00000| Untracked 
| 220|0x00000000edc00000, 0x00000000edc00000, 0x00000000edd00000|  0%| F|  |TAMS 0x00000000edc00000| PB 0x00000000edc00000| Untracked 
| 221|0x00000000edd00000, 0x00000000edd00000, 0x00000000ede00000|  0%| F|  |TAMS 0x00000000edd00000| PB 0x00000000edd00000| Untracked 
| 222|0x00000000ede00000, 0x00000000ede00000, 0x00000000edf00000|  0%| F|  |TAMS 0x00000000ede00000| PB 0x00000000ede00000| Untracked 
| 223|0x00000000edf00000, 0x00000000edf00000, 0x00000000ee000000|  0%| F|  |TAMS 0x00000000edf00000| PB 0x00000000edf00000| Untracked 
| 224|0x00000000ee000000, 0x00000000ee000000, 0x00000000ee100000|  0%| F|  |TAMS 0x00000000ee000000| PB 0x00000000ee000000| Untracked 
| 225|0x00000000ee100000, 0x00000000ee100000, 0x00000000ee200000|  0%| F|  |TAMS 0x00000000ee100000| PB 0x00000000ee100000| Untracked 
| 226|0x00000000ee200000, 0x00000000ee200000, 0x00000000ee300000|  0%| F|  |TAMS 0x00000000ee200000| PB 0x00000000ee200000| Untracked 
| 227|0x00000000ee300000, 0x00000000ee300000, 0x00000000ee400000|  0%| F|  |TAMS 0x00000000ee300000| PB 0x00000000ee300000| Untracked 
| 228|0x00000000ee400000, 0x00000000ee400000, 0x00000000ee500000|  0%| F|  |TAMS 0x00000000ee400000| PB 0x00000000ee400000| Untracked 
| 229|0x00000000ee500000, 0x00000000ee500000, 0x00000000ee600000|  0%| F|  |TAMS 0x00000000ee500000| PB 0x00000000ee500000| Untracked 
| 230|0x00000000ee600000, 0x00000000ee600000, 0x00000000ee700000|  0%| F|  |TAMS 0x00000000ee600000| PB 0x00000000ee600000| Untracked 
| 231|0x00000000ee700000, 0x00000000ee700000, 0x00000000ee800000|  0%| F|  |TAMS 0x00000000ee700000| PB 0x00000000ee700000| Untracked 
| 232|0x00000000ee800000, 0x00000000ee800000, 0x00000000ee900000|  0%| F|  |TAMS 0x00000000ee800000| PB 0x00000000ee800000| Untracked 
| 233|0x00000000ee900000, 0x00000000ee900000, 0x00000000eea00000|  0%| F|  |TAMS 0x00000000ee900000| PB 0x00000000ee900000| Untracked 
| 234|0x00000000eea00000, 0x00000000eea00000, 0x00000000eeb00000|  0%| F|  |TAMS 0x00000000eea00000| PB 0x00000000eea00000| Untracked 
| 235|0x00000000eeb00000, 0x00000000eeb00000, 0x00000000eec00000|  0%| F|  |TAMS 0x00000000eeb00000| PB 0x00000000eeb00000| Untracked 
| 236|0x00000000eec00000, 0x00000000eec00000, 0x00000000eed00000|  0%| F|  |TAMS 0x00000000eec00000| PB 0x00000000eec00000| Untracked 
| 237|0x00000000eed00000, 0x00000000eed00000, 0x00000000eee00000|  0%| F|  |TAMS 0x00000000eed00000| PB 0x00000000eed00000| Untracked 
| 238|0x00000000eee00000, 0x00000000eee00000, 0x00000000eef00000|  0%| F|  |TAMS 0x00000000eee00000| PB 0x00000000eee00000| Untracked 
| 239|0x00000000eef00000, 0x00000000eef00000, 0x00000000ef000000|  0%| F|  |TAMS 0x00000000eef00000| PB 0x00000000eef00000| Untracked 
| 240|0x00000000ef000000, 0x00000000ef000000, 0x00000000ef100000|  0%| F|  |TAMS 0x00000000ef000000| PB 0x00000000ef000000| Untracked 
| 241|0x00000000ef100000, 0x00000000ef100000, 0x00000000ef200000|  0%| F|  |TAMS 0x00000000ef100000| PB 0x00000000ef100000| Untracked 
| 242|0x00000000ef200000, 0x00000000ef200000, 0x00000000ef300000|  0%| F|  |TAMS 0x00000000ef200000| PB 0x00000000ef200000| Untracked 
| 243|0x00000000ef300000, 0x00000000ef300000, 0x00000000ef400000|  0%| F|  |TAMS 0x00000000ef300000| PB 0x00000000ef300000| Untracked 
| 244|0x00000000ef400000, 0x00000000ef400000, 0x00000000ef500000|  0%| F|  |TAMS 0x00000000ef400000| PB 0x00000000ef400000| Untracked 
| 245|0x00000000ef500000, 0x00000000ef500000, 0x00000000ef600000|  0%| F|  |TAMS 0x00000000ef500000| PB 0x00000000ef500000| Untracked 
| 246|0x00000000ef600000, 0x00000000ef600000, 0x00000000ef700000|  0%| F|  |TAMS 0x00000000ef600000| PB 0x00000000ef600000| Untracked 
| 247|0x00000000ef700000, 0x00000000ef700000, 0x00000000ef800000|  0%| F|  |TAMS 0x00000000ef700000| PB 0x00000000ef700000| Untracked 
| 248|0x00000000ef800000, 0x00000000ef800000, 0x00000000ef900000|  0%| F|  |TAMS 0x00000000ef800000| PB 0x00000000ef800000| Untracked 
| 249|0x00000000ef900000, 0x00000000ef900000, 0x00000000efa00000|  0%| F|  |TAMS 0x00000000ef900000| PB 0x00000000ef900000| Untracked 
| 250|0x00000000efa00000, 0x00000000efa00000, 0x00000000efb00000|  0%| F|  |TAMS 0x00000000efa00000| PB 0x00000000efa00000| Untracked 
| 251|0x00000000efb00000, 0x00000000efb00000, 0x00000000efc00000|  0%| F|  |TAMS 0x00000000efb00000| PB 0x00000000efb00000| Untracked 
| 252|0x00000000efc00000, 0x00000000efc00000, 0x00000000efd00000|  0%| F|  |TAMS 0x00000000efc00000| PB 0x00000000efc00000| Untracked 
| 253|0x00000000efd00000, 0x00000000efd00000, 0x00000000efe00000|  0%| F|  |TAMS 0x00000000efd00000| PB 0x00000000efd00000| Untracked 
| 254|0x00000000efe00000, 0x00000000efe00000, 0x00000000eff00000|  0%| F|  |TAMS 0x00000000efe00000| PB 0x00000000efe00000| Untracked 
| 255|0x00000000eff00000, 0x00000000effa0448, 0x00000000f0000000| 62%| E|  |TAMS 0x00000000eff00000| PB 0x00000000eff00000| Complete 

Card table byte_map: [0x000001e9d43f0000,0x000001e9d44f0000] _byte_map_base: 0x000001e9d3cf0000

Marking Bits: (CMBitMap*) 0x000001e9c15cf740
 Bits: [0x000001e9d44f0000, 0x000001e9d4cf0000)

Polling page: 0x000001e9bf610000

Metaspace:

Usage:
  Non-class:     27.63 MB used.
      Class:      4.82 MB used.
       Both:     32.45 MB used.

Virtual space:
  Non-class space:       64.00 MB reserved,      28.25 MB ( 44%) committed,  1 nodes.
      Class space:      320.00 MB reserved,       5.44 MB (  2%) committed,  1 nodes.
             Both:      384.00 MB reserved,      33.69 MB (  9%) committed. 

Chunk freelists:
   Non-Class:  3.13 MB
       Class:  10.38 MB
        Both:  13.51 MB

MaxMetaspaceSize: 384.00 MB
CompressedClassSpaceSize: 320.00 MB
Initial GC threshold: 21.00 MB
Current GC threshold: 35.25 MB
CDS: on
 - commit_granule_bytes: 65536.
 - commit_granule_words: 8192.
 - virtual_space_node_default_size: 8388608.
 - enlarge_chunks_in_place: 1.
 - use_allocation_guard: 0.


Internal statistics:

num_allocs_failed_limit: 3.
num_arena_births: 2310.
num_arena_deaths: 0.
num_vsnodes_births: 2.
num_vsnodes_deaths: 0.
num_space_committed: 539.
num_space_uncommitted: 0.
num_chunks_returned_to_freelist: 3.
num_chunks_taken_from_freelist: 3888.
num_chunk_merges: 3.
num_chunk_splits: 2540.
num_chunks_enlarged: 1566.
num_inconsistent_stats: 0.

CodeHeap 'non-profiled nmethods': size=120000Kb used=2332Kb max_used=2332Kb free=117667Kb
 bounds [0x000001e9cc350000, 0x000001e9cc5c0000, 0x000001e9d3880000]
CodeHeap 'profiled nmethods': size=120000Kb used=8459Kb max_used=8459Kb free=111540Kb
 bounds [0x000001e9c4880000, 0x000001e9c50d0000, 0x000001e9cbdb0000]
CodeHeap 'non-nmethods': size=5760Kb used=1454Kb max_used=1478Kb free=4305Kb
 bounds [0x000001e9cbdb0000, 0x000001e9cc020000, 0x000001e9cc350000]
CodeCache: size=245760Kb, used=12245Kb, max_used=12269Kb, free=233512Kb
 total_blobs=4816, nmethods=4212, adapters=508, full_count=0
Compilation: enabled, stopped_count=0, restarted_count=0

Compilation events (20 events):
Event: 207.555 Thread 0x000001e9d774d470 nmethod 4200 0x000001e9cc594190 code [0x000001e9cc594320, 0x000001e9cc5943c8]
Event: 209.120 Thread 0x000001e9d774d470 4203  s    4       jdk.internal.loader.Resource::cachedInputStream (20 bytes)
Event: 209.143 Thread 0x000001e9d774d470 nmethod 4203 0x000001e9cc594a90 code [0x000001e9cc594d20, 0x000001e9cc595af0]
Event: 209.155 Thread 0x000001e9d7841ee0 4204       3       jdk.internal.ref.PhantomCleanable::clear (12 bytes)
Event: 209.156 Thread 0x000001e9d7841ee0 nmethod 4204 0x000001e9c50be090 code [0x000001e9c50be260, 0x000001e9c50be470]
Event: 209.301 Thread 0x000001e9d7841ee0 4205       3       java.util.concurrent.atomic.AtomicInteger::incrementAndGet (14 bytes)
Event: 209.301 Thread 0x000001e9d7841ee0 nmethod 4205 0x000001e9c50be590 code [0x000001e9c50be720, 0x000001e9c50be840]
Event: 209.346 Thread 0x000001e9d7841ee0 4206       3       org.gradle.internal.instantiation.generator.AbstractClassGenerator$ClassGenerationHandler::<init> (5 bytes)
Event: 209.347 Thread 0x000001e9d7841ee0 nmethod 4206 0x000001e9c50be910 code [0x000001e9c50beac0, 0x000001e9c50bec88]
Event: 209.347 Thread 0x000001e9d7841ee0 4207       3       org.gradle.internal.instantiation.generator.AbstractClassGenerator$ClassGenerationHandler::<init> (5 bytes)
Event: 209.348 Thread 0x000001e9d7841ee0 nmethod 4207 0x000001e9c50bed90 code [0x000001e9c50bef40, 0x000001e9c50bf0a8]
Event: 209.420 Thread 0x000001e9d774d470 4208   !   4       jdk.internal.loader.URLClassPath$JarLoader::getResource (40 bytes)
Event: 209.429 Thread 0x000001e9d774d470 nmethod 4208 0x000001e9cc596190 code [0x000001e9cc5963c0, 0x000001e9cc5968c0]
Event: 209.512 Thread 0x000001e9d7841ee0 4209       3       com.google.common.base.Equivalence$Equals::doHash (5 bytes)
Event: 209.512 Thread 0x000001e9d7841ee0 nmethod 4209 0x000001e9c50bf190 code [0x000001e9c50bf340, 0x000001e9c50bf518]
Event: 209.790 Thread 0x000001e9d7841ee0 4210       3       jdk.internal.perf.PerfCounter::increment (6 bytes)
Event: 209.790 Thread 0x000001e9d7841ee0 nmethod 4210 0x000001e9c50bf610 code [0x000001e9c50bf7c0, 0x000001e9c50bf910]
Event: 209.938 Thread 0x000001e9d7841ee0 4212       3       java.util.TreeMap::fixAfterInsertion (267 bytes)
Event: 209.940 Thread 0x000001e9d7841ee0 nmethod 4212 0x000001e9c50bf990 code [0x000001e9c50bfe40, 0x000001e9c50c2270]
Event: 210.165 Thread 0x000001e9d774d470 4213       4       jdk.internal.loader.URLClassPath::getResource (74 bytes)

GC Heap History (8 events):
Event: 1.548 GC heap before
{Heap before GC invocations=0 (full 0):
 garbage-first heap   total 262144K, used 23552K [0x00000000e0000000, 0x0000000100000000)
  region size 1024K, 23 young (23552K), 0 survivors (0K)
 Metaspace       used 922K, committed 1088K, reserved 393216K
  class space    used 76K, committed 128K, reserved 327680K
}
Event: 1.562 GC heap after
{Heap after GC invocations=1 (full 0):
 garbage-first heap   total 262144K, used 1621K [0x00000000e0000000, 0x0000000100000000)
  region size 1024K, 2 young (2048K), 2 survivors (2048K)
 Metaspace       used 922K, committed 1088K, reserved 393216K
  class space    used 76K, committed 128K, reserved 327680K
}
Event: 30.155 GC heap before
{Heap before GC invocations=1 (full 0):
 garbage-first heap   total 262144K, used 42581K [0x00000000e0000000, 0x0000000100000000)
  region size 1024K, 39 young (39936K), 2 survivors (2048K)
 Metaspace       used 4637K, committed 4864K, reserved 393216K
  class space    used 587K, committed 704K, reserved 327680K
}
Event: 30.166 GC heap after
{Heap after GC invocations=2 (full 0):
 garbage-first heap   total 262144K, used 11755K [0x00000000e0000000, 0x0000000100000000)
  region size 1024K, 5 young (5120K), 5 survivors (5120K)
 Metaspace       used 4637K, committed 4864K, reserved 393216K
  class space    used 587K, committed 704K, reserved 327680K
}
Event: 98.688 GC heap before
{Heap before GC invocations=2 (full 0):
 garbage-first heap   total 262144K, used 151019K [0x00000000e0000000, 0x0000000100000000)
  region size 1024K, 139 young (142336K), 5 survivors (5120K)
 Metaspace       used 20953K, committed 21504K, reserved 393216K
  class space    used 2888K, committed 3136K, reserved 327680K
}
Event: 98.819 GC heap after
{Heap after GC invocations=3 (full 0):
 garbage-first heap   total 262144K, used 24232K [0x00000000e0000000, 0x0000000100000000)
  region size 1024K, 17 young (17408K), 17 survivors (17408K)
 Metaspace       used 20953K, committed 21504K, reserved 393216K
  class space    used 2888K, committed 3136K, reserved 327680K
}
Event: 209.972 GC heap before
{Heap before GC invocations=4 (full 0):
 garbage-first heap   total 262144K, used 126632K [0x00000000e0000000, 0x0000000100000000)
  region size 1024K, 117 young (119808K), 17 survivors (17408K)
 Metaspace       used 33214K, committed 34496K, reserved 393216K
  class space    used 4928K, committed 5568K, reserved 327680K
}
Event: 210.154 GC heap after
{Heap after GC invocations=5 (full 0):
 garbage-first heap   total 262144K, used 30033K [0x00000000e0000000, 0x0000000100000000)
  region size 1024K, 6 young (6144K), 6 survivors (6144K)
 Metaspace       used 33214K, committed 34496K, reserved 393216K
  class space    used 4928K, committed 5568K, reserved 327680K
}

Dll operation events (20 events):
Event: 0.335 Attempting to load shared library C:\Users\san\.cursor\extensions\redhat.java-1.56.0-win32-x64\jre\21.0.12.1-win32-x86_64\bin\nio.dll
Event: 0.337 Loaded shared library C:\Users\san\.cursor\extensions\redhat.java-1.56.0-win32-x64\jre\21.0.12.1-win32-x86_64\bin\nio.dll
Event: 0.359 Attempting to load shared library C:\Users\san\.cursor\extensions\redhat.java-1.56.0-win32-x64\jre\21.0.12.1-win32-x86_64\bin\zip.dll
Event: 0.359 Loaded shared library C:\Users\san\.cursor\extensions\redhat.java-1.56.0-win32-x64\jre\21.0.12.1-win32-x86_64\bin\zip.dll
Event: 1.567 Attempting to load shared library C:\Users\san\.cursor\extensions\redhat.java-1.56.0-win32-x64\jre\21.0.12.1-win32-x86_64\bin\jimage.dll
Event: 1.567 Loaded shared library C:\Users\san\.cursor\extensions\redhat.java-1.56.0-win32-x64\jre\21.0.12.1-win32-x86_64\bin\jimage.dll
Event: 2.213 Attempting to load shared library C:\Users\san\.cursor\extensions\redhat.java-1.56.0-win32-x64\jre\21.0.12.1-win32-x86_64\bin\verify.dll
Event: 2.215 Loaded shared library C:\Users\san\.cursor\extensions\redhat.java-1.56.0-win32-x64\jre\21.0.12.1-win32-x86_64\bin\verify.dll
Event: 4.571 Attempting to load shared library C:\Users\san\.gradle\native\660c5614fbf4a5f2a75b1949f50a0caf5cd603558e7d8a26e50b933a0cfb79d1\windows-amd64\native-platform.dll
Event: 4.616 Loaded shared library C:\Users\san\.gradle\native\660c5614fbf4a5f2a75b1949f50a0caf5cd603558e7d8a26e50b933a0cfb79d1\windows-amd64\native-platform.dll
Event: 4.838 Attempting to load shared library C:\Users\san\.gradle\native\0.2.8\x86_64-windows-gnu\gradle-fileevents.dll
Event: 4.879 Loaded shared library C:\Users\san\.gradle\native\0.2.8\x86_64-windows-gnu\gradle-fileevents.dll
Event: 49.826 Attempting to load shared library C:\Users\san\.cursor\extensions\redhat.java-1.56.0-win32-x64\jre\21.0.12.1-win32-x86_64\bin\management.dll
Event: 49.839 Loaded shared library C:\Users\san\.cursor\extensions\redhat.java-1.56.0-win32-x64\jre\21.0.12.1-win32-x86_64\bin\management.dll
Event: 49.879 Attempting to load shared library C:\Users\san\.cursor\extensions\redhat.java-1.56.0-win32-x64\jre\21.0.12.1-win32-x86_64\bin\management_ext.dll
Event: 49.880 Loaded shared library C:\Users\san\.cursor\extensions\redhat.java-1.56.0-win32-x64\jre\21.0.12.1-win32-x86_64\bin\management_ext.dll
Event: 53.531 Attempting to load shared library C:\Users\san\.cursor\extensions\redhat.java-1.56.0-win32-x64\jre\21.0.12.1-win32-x86_64\bin\extnet.dll
Event: 53.557 Loaded shared library C:\Users\san\.cursor\extensions\redhat.java-1.56.0-win32-x64\jre\21.0.12.1-win32-x86_64\bin\extnet.dll
Event: 63.110 Attempting to load shared library C:\Users\san\.cursor\extensions\redhat.java-1.56.0-win32-x64\jre\21.0.12.1-win32-x86_64\bin\sunmscapi.dll
Event: 63.182 Loaded shared library C:\Users\san\.cursor\extensions\redhat.java-1.56.0-win32-x64\jre\21.0.12.1-win32-x86_64\bin\sunmscapi.dll

Deoptimization events (20 events):
Event: 208.659 Thread 0x000001e9f1dbb870 Uncommon trap: trap_request=0xffffffde fr.pc=0x000001e9cc3b8740 relative=0x0000000000001060
Event: 208.659 Thread 0x000001e9f1dbb870 Uncommon trap: reason=class_check action=maybe_recompile pc=0x000001e9cc3b8740 method=jdk.internal.loader.URLClassPath.getLoader(I)Ljdk/internal/loader/URLClassPath$Loader; @ 88 c2
Event: 208.659 Thread 0x000001e9f1dbb870 DEOPT PACKING pc=0x000001e9cc3b8740 sp=0x000000aaa84fa5b0
Event: 208.659 Thread 0x000001e9f1dbb870 DEOPT UNPACKING pc=0x000001e9cbe04422 sp=0x000000aaa84fa5a0 mode 2
Event: 208.659 Thread 0x000001e9f1dbb870 Uncommon trap: trap_request=0xffffffde fr.pc=0x000001e9cc4d4c00 relative=0x0000000000003f60
Event: 208.660 Thread 0x000001e9f1dbb870 Uncommon trap: reason=class_check action=maybe_recompile pc=0x000001e9cc4d4c00 method=jdk.internal.loader.URLClassPath.getResource(Ljava/lang/String;Z)Ljdk/internal/loader/Resource; @ 53 c2
Event: 208.660 Thread 0x000001e9f1dbb870 DEOPT PACKING pc=0x000001e9cc4d4c00 sp=0x000000aaa84fa670
Event: 208.660 Thread 0x000001e9f1dbb870 DEOPT UNPACKING pc=0x000001e9cbe04422 sp=0x000000aaa84fa480 mode 2
Event: 209.190 Thread 0x000001e9f1dbb870 Uncommon trap: trap_request=0xffffff45 fr.pc=0x000001e9cc467118 relative=0x00000000000000f8
Event: 209.190 Thread 0x000001e9f1dbb870 Uncommon trap: reason=unstable_if action=reinterpret pc=0x000001e9cc467118 method=java.lang.ClassLoader.getClassLoadingLock(Ljava/lang/String;)Ljava/lang/Object; @ 6 c2
Event: 209.190 Thread 0x000001e9f1dbb870 DEOPT PACKING pc=0x000001e9cc467118 sp=0x000000aaa84f8bf0
Event: 209.190 Thread 0x000001e9f1dbb870 DEOPT UNPACKING pc=0x000001e9cbe04422 sp=0x000000aaa84f8b80 mode 2
Event: 209.322 Thread 0x000001e9f1dbb870 Uncommon trap: trap_request=0xffffff45 fr.pc=0x000001e9cc4e1b74 relative=0x00000000000008d4
Event: 209.322 Thread 0x000001e9f1dbb870 Uncommon trap: reason=unstable_if action=reinterpret pc=0x000001e9cc4e1b74 method=java.lang.Class.getPackageName()Ljava/lang/String; @ 55 c2
Event: 209.322 Thread 0x000001e9f1dbb870 DEOPT PACKING pc=0x000001e9cc4e1b74 sp=0x000000aaa84fa230
Event: 209.322 Thread 0x000001e9f1dbb870 DEOPT UNPACKING pc=0x000001e9cbe04422 sp=0x000000aaa84fa200 mode 2
Event: 209.365 Thread 0x000001e9f1dbb870 Uncommon trap: trap_request=0xffffffde fr.pc=0x000001e9cc3b8a10 relative=0x0000000000001330
Event: 209.365 Thread 0x000001e9f1dbb870 Uncommon trap: reason=class_check action=maybe_recompile pc=0x000001e9cc3b8a10 method=jdk.internal.loader.URLClassPath.getLoader(I)Ljdk/internal/loader/URLClassPath$Loader; @ 190 c2
Event: 209.365 Thread 0x000001e9f1dbb870 DEOPT PACKING pc=0x000001e9cc3b8a10 sp=0x000000aaa84f57e0
Event: 209.365 Thread 0x000001e9f1dbb870 DEOPT UNPACKING pc=0x000001e9cbe04422 sp=0x000000aaa84f57e0 mode 2

Classes loaded (20 events):
Event: 173.960 Loading class java/nio/file/FileTreeWalker$Event
Event: 173.960 Loading class java/nio/file/FileTreeWalker$Event done
Event: 173.960 Loading class java/nio/file/FileTreeWalker$EventType
Event: 173.961 Loading class java/nio/file/FileTreeWalker$EventType done
Event: 173.961 Loading class java/nio/file/Files$3
Event: 173.968 Loading class java/nio/file/Files$3 done
Event: 173.981 Loading class java/nio/file/FileVisitResult
Event: 173.981 Loading class java/nio/file/FileVisitResult done
Event: 174.677 Loading class java/util/stream/IntStream
Event: 174.682 Loading class java/util/stream/IntStream done
Event: 174.682 Loading class java/util/stream/Streams$RangeIntSpliterator
Event: 174.682 Loading class java/util/stream/Streams$RangeIntSpliterator done
Event: 174.689 Loading class java/util/stream/IntPipeline$Head
Event: 174.690 Loading class java/util/stream/IntPipeline
Event: 174.694 Loading class java/util/stream/IntPipeline done
Event: 174.694 Loading class java/util/stream/IntPipeline$Head done
Event: 208.455 Loading class jdk/internal/loader/URLClassPath$FileLoader
Event: 208.504 Loading class jdk/internal/loader/URLClassPath$FileLoader done
Event: 208.660 Loading class jdk/internal/loader/URLClassPath$FileLoader$1
Event: 208.660 Loading class jdk/internal/loader/URLClassPath$FileLoader$1 done

Classes unloaded (0 events):
No events

Classes redefined (0 events):
No events

Internal exceptions (20 events):
Event: 156.293 Thread 0x000001e9f1dbb870 Exception <a 'java/lang/NoSuchMethodError'{0x00000000eb5e5900}: 'java.lang.Object java.lang.invoke.DirectMethodHandle$Holder.invokeSpecial(java.lang.Object, java.lang.Object, java.lang.Object, java.lang.Object, java.lang.Object, java.lang.Object, java.lang.Object, java.lang.Object, java.lang.Object, java.lang.Object, java.lang.Object, java.lang.Object, java.lang.Object, java.lang.Object, java.lang.Object, java.lang.Object)'> (0x00000000eb5e5900) 
thrown [s\src\hotspot\share\interpreter\linkResolver.cpp, li
Event: 156.305 Thread 0x000001e9f1dbb870 Exception <a 'java/lang/NoSuchMethodError'{0x00000000eb5eab80}: 'java.lang.Object java.lang.invoke.DelegatingMethodHandle$Holder.reinvoke_L(java.lang.Object, java.lang.Object, java.lang.Object, java.lang.Object, java.lang.Object, java.lang.Object, java.lang.Object, java.lang.Object, java.lang.Object, java.lang.Object, java.lang.Object, java.lang.Object, java.lang.Object, java.lang.Object, java.lang.Object)'> (0x00000000eb5eab80) 
thrown [s\src\hotspot\share\interpreter\linkResolver.cpp, line 773]
Event: 158.987 Thread 0x000001e9f1dbb870 Exception <a 'java/lang/NoSuchMethodError'{0x00000000eae016d0}: 'java.lang.Object java.lang.invoke.DelegatingMethodHandle$Holder.reinvoke_L(java.lang.Object, java.lang.Object, java.lang.Object, java.lang.Object, java.lang.Object, java.lang.Object, java.lang.Object, java.lang.Object, java.lang.Object, java.lang.Object, java.lang.Object, java.lang.Object, java.lang.Object, java.lang.Object, java.lang.Object, java.lang.Object, java.lang.Object, java.lang.Object, java.lang.Object, java.lang.Object, java.lang.O
Event: 159.150 Thread 0x000001e9f1dbb870 Exception <a 'java/lang/NoSuchMethodError'{0x00000000eaee5bd0}: 'java.lang.Object java.lang.invoke.DirectMethodHandle$Holder.invokeStatic(java.lang.Object, java.lang.Object, java.lang.Object, java.lang.Object, java.lang.Object, java.lang.Object, java.lang.Object, java.lang.Object, java.lang.Object, java.lang.Object, java.lang.Object, java.lang.Object, java.lang.Object, java.lang.Object, java.lang.Object, java.lang.Object, java.lang.Object, java.lang.Object, java.lang.Object, java.lang.Object, java.lang.Obj
Event: 159.199 Thread 0x000001e9f1dbb870 Exception <a 'java/lang/NoSuchMethodError'{0x00000000ead1b950}: 'java.lang.Object java.lang.invoke.DirectMethodHandle$Holder.invokeStatic(java.lang.Object, java.lang.Object, java.lang.Object, java.lang.Object, java.lang.Object, java.lang.Object, java.lang.Object, java.lang.Object, java.lang.Object, java.lang.Object, java.lang.Object, java.lang.Object, java.lang.Object, java.lang.Object, java.lang.Object, java.lang.Object, java.lang.Object, java.lang.Object, java.lang.Object, java.lang.Object, java.lang.Obj
Event: 159.240 Thread 0x000001e9f1dbb870 Exception <a 'java/lang/NoSuchMethodError'{0x00000000ead52928}: 'java.lang.Object java.lang.invoke.DirectMethodHandle$Holder.invokeStatic(java.lang.Object, java.lang.Object, java.lang.Object, java.lang.Object, java.lang.Object, java.lang.Object, java.lang.Object, java.lang.Object, java.lang.Object, java.lang.Object, java.lang.Object, java.lang.Object, java.lang.Object, java.lang.Object, java.lang.Object, java.lang.Object, java.lang.Object, java.lang.Object, java.lang.Object, java.lang.Object, java.lang.Obj
Event: 159.274 Thread 0x000001e9f1dbb870 Exception <a 'java/lang/NoSuchMethodError'{0x00000000ead8c8d8}: 'java.lang.Object java.lang.invoke.DirectMethodHandle$Holder.invokeStatic(java.lang.Object, java.lang.Object, java.lang.Object, java.lang.Object, java.lang.Object, java.lang.Object, java.lang.Object, java.lang.Object, java.lang.Object, java.lang.Object, java.lang.Object, java.lang.Object, java.lang.Object, java.lang.Object, java.lang.Object, java.lang.Object, java.lang.Object, java.lang.Object, java.lang.Object, java.lang.Object, java.lang.Obj
Event: 159.331 Thread 0x000001e9f1dbb870 Exception <a 'java/lang/NoSuchMethodError'{0x00000000eadc8180}: 'java.lang.Object java.lang.invoke.DirectMethodHandle$Holder.invokeStatic(java.lang.Object, java.lang.Object, java.lang.Object, java.lang.Object, java.lang.Object, java.lang.Object, java.lang.Object, java.lang.Object, java.lang.Object, java.lang.Object, java.lang.Object, java.lang.Object, java.lang.Object, java.lang.Object, java.lang.Object, java.lang.Object, java.lang.Object, java.lang.Object, java.lang.Object, java.lang.Object, java.lang.Obj
Event: 159.348 Thread 0x000001e9f1dbb870 Exception <a 'java/lang/NoSuchMethodError'{0x00000000eac05a90}: 'java.lang.Object java.lang.invoke.DirectMethodHandle$Holder.invokeStatic(java.lang.Object, java.lang.Object, java.lang.Object, java.lang.Object, java.lang.Object, java.lang.Object, java.lang.Object, java.lang.Object, java.lang.Object, java.lang.Object, java.lang.Object, java.lang.Object, java.lang.Object, java.lang.Object, java.lang.Object, java.lang.Object, java.lang.Object, java.lang.Object, java.lang.Object, java.lang.Object, java.lang.Obj
Event: 160.337 Thread 0x000001e9f1dbb870 Exception <a 'java/lang/NoSuchMethodError'{0x00000000eaaa3e00}: 'java.lang.Object java.lang.invoke.DirectMethodHandle$Holder.newInvokeSpecial(java.lang.Object, java.lang.Object, java.lang.Object, java.lang.Object, java.lang.Object, java.lang.Object, java.lang.Object, java.lang.Object, java.lang.Object)'> (0x00000000eaaa3e00) 
thrown [s\src\hotspot\share\interpreter\linkResolver.cpp, line 773]
Event: 162.185 Thread 0x000001e9f1dbb870 Exception <a 'java/lang/IncompatibleClassChangeError'{0x00000000ea73ce98}: Found class java.lang.Object, but interface was expected> (0x00000000ea73ce98) 
thrown [s\src\hotspot\share\interpreter\linkResolver.cpp, line 840]
Event: 173.732 Thread 0x000001e9f1dbb870 Exception <a 'java/lang/NoSuchMethodError'{0x00000000ea49e7f0}: 'java.lang.Object java.lang.invoke.DirectMethodHandle$Holder.newInvokeSpecial(java.lang.Object, java.lang.Object, long)'> (0x00000000ea49e7f0) 
thrown [s\src\hotspot\share\interpreter\linkResolver.cpp, line 773]
Event: 173.733 Thread 0x000001e9f1dbb870 Exception <a 'java/lang/NoSuchMethodError'{0x00000000ea4a2dd8}: 'java.lang.Object java.lang.invoke.Invokers$Holder.linkToTargetMethod(java.lang.Object, long, java.lang.Object)'> (0x00000000ea4a2dd8) 
thrown [s\src\hotspot\share\interpreter\linkResolver.cpp, line 773]
Event: 174.424 Thread 0x000001e9f1dbb870 Exception <a 'java/lang/NoSuchMethodError'{0x00000000ea23b600}: 'int java.lang.invoke.DirectMethodHandle$Holder.invokeInterface(java.lang.Object, java.lang.Object)'> (0x00000000ea23b600) 
thrown [s\src\hotspot\share\interpreter\linkResolver.cpp, line 773]
Event: 174.650 Thread 0x000001e9f1dbb870 Exception <a 'java/lang/NoSuchMethodError'{0x00000000ea2bd880}: 'java.lang.Object java.lang.invoke.DirectMethodHandle$Holder.invokeVirtual(java.lang.Object, java.lang.Object, int)'> (0x00000000ea2bd880) 
thrown [s\src\hotspot\share\interpreter\linkResolver.cpp, line 773]
Event: 198.724 Thread 0x000001e9f1dbb870 Exception <a 'java/lang/NoSuchMethodError'{0x00000000e9f5a150}: 'java.lang.Object java.lang.invoke.DirectMethodHandle$Holder.invokeStatic(java.lang.Object, java.lang.Object, int, java.lang.Object)'> (0x00000000e9f5a150) 
thrown [s\src\hotspot\share\interpreter\linkResolver.cpp, line 773]
Event: 198.762 Thread 0x000001e9f1dbb870 Exception <a 'java/lang/NoSuchMethodError'{0x00000000e9f61538}: 'java.lang.Object java.lang.invoke.DirectMethodHandle$Holder.newInvokeSpecial(java.lang.Object, java.lang.Object, int, java.lang.Object)'> (0x00000000e9f61538) 
thrown [s\src\hotspot\share\interpreter\linkResolver.cpp, line 773]
Event: 198.781 Thread 0x000001e9f1dbb870 Exception <a 'java/lang/NoSuchMethodError'{0x00000000e9f65c60}: 'java.lang.Object java.lang.invoke.DirectMethodHandle$Holder.invokeSpecial(java.lang.Object, java.lang.Object, java.lang.Object, int, java.lang.Object)'> (0x00000000e9f65c60) 
thrown [s\src\hotspot\share\interpreter\linkResolver.cpp, line 773]
Event: 208.144 Thread 0x000001e9f1dbb870 Exception <a 'java/lang/NoSuchMethodError'{0x00000000e9c8e1e0}: 'void java.lang.invoke.DirectMethodHandle$Holder.invokeInterface(java.lang.Object, java.lang.Object, java.lang.Object, java.lang.Object, java.lang.Object, java.lang.Object, java.lang.Object)'> (0x00000000e9c8e1e0) 
thrown [s\src\hotspot\share\interpreter\linkResolver.cpp, line 773]
Event: 208.228 Thread 0x000001e9f1dbb870 Exception <a 'java/lang/NoSuchMethodError'{0x00000000e9c92af8}: 'void java.lang.invoke.DelegatingMethodHandle$Holder.reinvoke_L(java.lang.Object, java.lang.Object, java.lang.Object, java.lang.Object, java.lang.Object, java.lang.Object, java.lang.Object)'> (0x00000000e9c92af8) 
thrown [s\src\hotspot\share\interpreter\linkResolver.cpp, line 773]

ZGC Phase Switch (0 events):
No events

VM Operations (20 events):
Event: 202.766 Executing safepoint VM operation: Cleanup
Event: 202.812 Executing safepoint VM operation: Cleanup done
Event: 203.824 Executing safepoint VM operation: Cleanup
Event: 203.902 Executing safepoint VM operation: Cleanup done
Event: 204.904 Executing safepoint VM operation: Cleanup
Event: 204.904 Executing safepoint VM operation: Cleanup done
Event: 205.919 Executing safepoint VM operation: Cleanup
Event: 205.964 Executing safepoint VM operation: Cleanup done
Event: 206.966 Executing safepoint VM operation: Cleanup
Event: 206.997 Executing safepoint VM operation: Cleanup done
Event: 208.004 Executing safepoint VM operation: Cleanup
Event: 208.037 Executing safepoint VM operation: Cleanup done
Event: 209.051 Executing safepoint VM operation: Cleanup
Event: 209.082 Executing safepoint VM operation: Cleanup done
Event: 209.083 Executing non-safepoint VM operation: HandshakeAllThreads (Deoptimize)
Event: 209.084 Executing non-safepoint VM operation: HandshakeAllThreads (Deoptimize) done
Event: 209.119 Executing non-safepoint VM operation: HandshakeAllThreads (Deoptimize)
Event: 209.119 Executing non-safepoint VM operation: HandshakeAllThreads (Deoptimize) done
Event: 209.971 Executing safepoint VM operation: G1CollectForAllocation (G1 Evacuation Pause)
Event: 210.154 Executing safepoint VM operation: G1CollectForAllocation (G1 Evacuation Pause) done

Memory protections (0 events):
No events

Nmethod flushes (0 events):
No events

Events (20 events):
Event: 63.889 Thread 0x000001e9d78297b0 Thread added: 0x000001e9f1aca2a0
Event: 64.412 Thread 0x000001e9d78297b0 Thread added: 0x000001e9d7a24120
Event: 64.761 Thread 0x000001e9d78297b0 Thread added: 0x000001e9f1dbb870
Event: 64.894 Thread 0x000001e9f1dbb870 Thread added: 0x000001e9f1cebc00
Event: 64.914 Thread 0x000001e9f1dbb870 Thread added: 0x000001e9f1ced640
Event: 65.178 Thread 0x000001e9f1dbb870 Thread added: 0x000001e9f1cec920
Event: 73.648 Thread 0x000001e9f1dbb870 Thread added: 0x000001e9f1cee360
Event: 74.003 Thread 0x000001e9f1dbb870 Thread added: 0x000001e9f1cecfb0
Event: 74.194 Thread 0x000001e9f1cecfb0 Thread added: 0x000001e9f1cec290
Event: 77.029 Thread 0x000001e9f1dbb870 Thread added: 0x000001e9f1ceaee0
Event: 110.602 Thread 0x000001e9f1dbb870 Thread added: 0x000001e9f317f5c0
Event: 111.434 Thread 0x000001e9f1dbb870 Thread added: 0x000001e9f317ef30
Event: 118.477 Thread 0x000001e9f1dbb870 Thread added: 0x000001e9f317ce60
Event: 118.604 Thread 0x000001e9f1dbb870 Thread added: 0x000001e9f317c7d0
Event: 124.516 Thread 0x000001e9f1dbb870 Thread added: 0x000001e9f317db80
Event: 144.705 Thread 0x000001e9f1dbb870 Thread added: 0x000001e9f3180970
Event: 156.194 Thread 0x000001e9f1dbb870 Thread added: 0x000001e9f317d4f0
Event: 157.887 Thread 0x000001e9f1dbb870 Thread added: 0x000001e9f3181000
Event: 198.935 Thread 0x000001e9f1dbb870 Thread added: 0x000001e9f317fc50
Event: 206.903 Thread 0x000001e9f1dbb870 Thread added: 0x000001e9f31802e0


Dynamic libraries:
0x00007ff6f9b20000 - 0x00007ff6f9b2e000 	C:\Users\san\.cursor\extensions\redhat.java-1.56.0-win32-x64\jre\21.0.12.1-win32-x86_64\bin\java.exe
0x00007ff864540000 - 0x00007ff8647a7000 	C:\Windows\SYSTEM32\ntdll.dll
0x00007ff863000000 - 0x00007ff8630cb000 	C:\Windows\System32\KERNEL32.DLL
0x00007ff861bb0000 - 0x00007ff861fb2000 	C:\Windows\System32\KERNELBASE.dll
0x00007ff8617d0000 - 0x00007ff86191c000 	C:\Windows\System32\ucrtbase.dll
0x00007ff836900000 - 0x00007ff836918000 	C:\Users\san\.cursor\extensions\redhat.java-1.56.0-win32-x64\jre\21.0.12.1-win32-x86_64\bin\jli.dll
0x00007ff8631d0000 - 0x00007ff86339f000 	C:\Windows\System32\USER32.dll
0x00007ff861ac0000 - 0x00007ff861ae7000 	C:\Windows\System32\win32u.dll
0x00007ff8630e0000 - 0x00007ff86310b000 	C:\Windows\System32\GDI32.dll
0x00007ff862130000 - 0x00007ff862259000 	C:\Windows\System32\gdi32full.dll
0x00007ff861fc0000 - 0x00007ff862063000 	C:\Windows\System32\msvcp_win.dll
0x00007ff833070000 - 0x00007ff83308e000 	C:\Users\san\.cursor\extensions\redhat.java-1.56.0-win32-x64\jre\21.0.12.1-win32-x86_64\bin\VCRUNTIME140.dll
0x00007ff844240000 - 0x00007ff8444d0000 	C:\Windows\WinSxS\amd64_microsoft.windows.common-controls_6595b64144ccf1df_6.0.26100.9278_none_3e0d1ba8e3303201\COMCTL32.dll
0x00007ff8638d0000 - 0x00007ff863979000 	C:\Windows\System32\msvcrt.dll
0x00007ff8633b0000 - 0x00007ff8633e1000 	C:\Windows\System32\IMM32.DLL
0x00007ff836420000 - 0x00007ff836725000 	C:\Windows\pcdrm\NSCCOR0364.DLL
0x00007ff863a10000 - 0x00007ff863acc000 	C:\Windows\System32\ADVAPI32.dll
0x00007ff863bd0000 - 0x00007ff863c79000 	C:\Windows\System32\sechost.dll
0x00007ff862ee0000 - 0x00007ff862ff8000 	C:\Windows\System32\RPCRT4.dll
0x00007ff863730000 - 0x00007ff8638ca000 	C:\Windows\System32\ole32.dll
0x00007ff862590000 - 0x00007ff862915000 	C:\Windows\System32\combase.dll
0x00007ff861740000 - 0x00007ff8617c2000 	C:\Windows\System32\WINTRUST.dll
0x00007ff861930000 - 0x00007ff861aae000 	C:\Windows\System32\CRYPT32.dll
0x00007ff860d40000 - 0x00007ff860d53000 	C:\Windows\SYSTEM32\MSASN1.dll
0x00007ff863ae0000 - 0x00007ff863ae8000 	C:\Windows\System32\psapi.dll
0x00007ff860540000 - 0x00007ff860576000 	C:\Windows\SYSTEM32\ntmarta.dll
0x00007ff8363e0000 - 0x00007ff83641b000 	C:\Windows\pcdrm\NBID64.dll
0x00007ff8624b0000 - 0x00007ff862589000 	C:\Windows\System32\OLEAUT32.dll
0x00007ff8363a0000 - 0x00007ff8363df000 	C:\Windows\pcdrm\NFD0164.dll
0x00007ff8503d0000 - 0x00007ff8503db000 	C:\Windows\SYSTEM32\VERSION.dll
0x00007ff847110000 - 0x00007ff84711c000 	C:\Users\san\.cursor\extensions\redhat.java-1.56.0-win32-x64\jre\21.0.12.1-win32-x86_64\bin\vcruntime140_1.dll
0x00007fffc05c0000 - 0x00007fffc064d000 	C:\Users\san\.cursor\extensions\redhat.java-1.56.0-win32-x64\jre\21.0.12.1-win32-x86_64\bin\msvcp140.dll
0x00007fff93e80000 - 0x00007fff94c22000 	C:\Users\san\.cursor\extensions\redhat.java-1.56.0-win32-x64\jre\21.0.12.1-win32-x86_64\bin\server\jvm.dll
0x000001e9c12c0000 - 0x000001e9c1340000 	C:\Windows\System32\WS2_32.dll
0x00007ff8615a0000 - 0x00007ff8615fe000 	C:\Windows\SYSTEM32\POWRPROF.dll
0x00007ff855a30000 - 0x00007ff855a66000 	C:\Windows\SYSTEM32\WINMM.dll
0x00007ff861580000 - 0x00007ff861595000 	C:\Windows\SYSTEM32\UMPDC.dll
0x00007ff860410000 - 0x00007ff86042b000 	C:\Windows\SYSTEM32\kernel.appcore.dll
0x00007ff847050000 - 0x00007ff84705a000 	C:\Users\san\.cursor\extensions\redhat.java-1.56.0-win32-x64\jre\21.0.12.1-win32-x86_64\bin\jimage.dll
0x00007ff85ec90000 - 0x00007ff85eedc000 	C:\Windows\SYSTEM32\DBGHELP.DLL
0x00007ff83eaa0000 - 0x00007ff83eadb000 	C:\Windows\SYSTEM32\dbgcore.DLL
0x000001e9c1460000 - 0x000001e9c150c000 	C:\Windows\System32\bcryptPrimitives.dll
0x00007ff8456a0000 - 0x00007ff8456af000 	C:\Users\san\.cursor\extensions\redhat.java-1.56.0-win32-x64\jre\21.0.12.1-win32-x86_64\bin\instrument.dll
0x00007ff82edf0000 - 0x00007ff82ee10000 	C:\Users\san\.cursor\extensions\redhat.java-1.56.0-win32-x64\jre\21.0.12.1-win32-x86_64\bin\java.dll
0x00007ff863d60000 - 0x00007ff8644f8000 	C:\Windows\System32\SHELL32.dll
0x00007ff85f170000 - 0x00007ff85fa1e000 	C:\Windows\SYSTEM32\windows.storage.dll
0x00007ff862380000 - 0x00007ff86247b000 	C:\Windows\System32\SHCORE.dll
0x00007ff8629c0000 - 0x00007ff862a26000 	C:\Windows\System32\shlwapi.dll
0x00007ff861660000 - 0x00007ff861689000 	C:\Windows\SYSTEM32\profapi.dll
0x00007ff82d510000 - 0x00007ff82d528000 	C:\Users\san\.cursor\extensions\redhat.java-1.56.0-win32-x64\jre\21.0.12.1-win32-x86_64\bin\zip.dll
0x00007ff8458e0000 - 0x00007ff8458f0000 	C:\Users\san\.cursor\extensions\redhat.java-1.56.0-win32-x64\jre\21.0.12.1-win32-x86_64\bin\net.dll
0x00007ff84f3f0000 - 0x00007ff84f51a000 	C:\Windows\SYSTEM32\WINHTTP.dll
0x00007ff8609d0000 - 0x00007ff860a3c000 	C:\Windows\system32\mswsock.dll
0x00007ff82d330000 - 0x00007ff82d346000 	C:\Users\san\.cursor\extensions\redhat.java-1.56.0-win32-x64\jre\21.0.12.1-win32-x86_64\bin\nio.dll
0x00007ff8454f0000 - 0x00007ff845500000 	C:\Users\san\.cursor\extensions\redhat.java-1.56.0-win32-x64\jre\21.0.12.1-win32-x86_64\bin\verify.dll
0x00007ff82bfb0000 - 0x00007ff82bfd7000 	C:\Users\san\.gradle\native\660c5614fbf4a5f2a75b1949f50a0caf5cd603558e7d8a26e50b933a0cfb79d1\windows-amd64\native-platform.dll
0x00007ff847060000 - 0x00007ff8470d7000 	C:\Users\san\.gradle\native\0.2.8\x86_64-windows-gnu\gradle-fileevents.dll
0x00007ff845250000 - 0x00007ff84525a000 	C:\Users\san\.cursor\extensions\redhat.java-1.56.0-win32-x64\jre\21.0.12.1-win32-x86_64\bin\management.dll
0x00007ff83e990000 - 0x00007ff83e99c000 	C:\Users\san\.cursor\extensions\redhat.java-1.56.0-win32-x64\jre\21.0.12.1-win32-x86_64\bin\management_ext.dll
0x00007ff85fde0000 - 0x00007ff85fe13000 	C:\Windows\SYSTEM32\IPHLPAPI.DLL
0x00007ff8630d0000 - 0x00007ff8630da000 	C:\Windows\System32\NSI.dll
0x00007ff83bb30000 - 0x00007ff83bb39000 	C:\Users\san\.cursor\extensions\redhat.java-1.56.0-win32-x64\jre\21.0.12.1-win32-x86_64\bin\extnet.dll
0x00007ff860ce0000 - 0x00007ff860cfb000 	C:\Windows\SYSTEM32\CRYPTSP.dll
0x00007ff860370000 - 0x00007ff8603a9000 	C:\Windows\system32\rsaenh.dll
0x00007ff860a80000 - 0x00007ff860ab4000 	C:\Windows\SYSTEM32\USERENV.dll
0x00007ff861630000 - 0x00007ff86165a000 	C:\Windows\SYSTEM32\bcrypt.dll
0x00007ff860cc0000 - 0x00007ff860ccc000 	C:\Windows\SYSTEM32\CRYPTBASE.dll
0x00007ff837020000 - 0x00007ff83702e000 	C:\Users\san\.cursor\extensions\redhat.java-1.56.0-win32-x64\jre\21.0.12.1-win32-x86_64\bin\sunmscapi.dll
0x00007ff860f00000 - 0x00007ff860f30000 	C:\Windows\SYSTEM32\ncrypt.dll
0x00007ff860eb0000 - 0x00007ff860eef000 	C:\Windows\SYSTEM32\NTASN1.dll
0x00007ff82a8c0000 - 0x00007ff82a8c8000 	C:\Windows\system32\wshunix.dll

JVMTI agents:
C:\Users\san\.gradle\wrapper\dists\gradle-9.2.1-bin\2t0n5ozlw9xmuyvbp7dnzaxug\gradle-9.2.1\lib\agents\gradle-instrumentation-agent-9.2.1.jar path:C:\Users\san\.cursor\extensions\redhat.java-1.56.0-win32-x64\jre\21.0.12.1-win32-x86_64\bin\instrument.dll, loaded, initialized, instrumentlib options:none

dbghelp: loaded successfully - version: 4.0.5 - missing functions: none
symbol engine: initialized successfully - sym options: 0x614 - pdb path: .;C:\Users\san\.cursor\extensions\redhat.java-1.56.0-win32-x64\jre\21.0.12.1-win32-x86_64\bin;C:\Windows\SYSTEM32;C:\Windows\WinSxS\amd64_microsoft.windows.common-controls_6595b64144ccf1df_6.0.26100.9278_none_3e0d1ba8e3303201;C:\Windows\pcdrm;C:\Users\san\.cursor\extensions\redhat.java-1.56.0-win32-x64\jre\21.0.12.1-win32-x86_64\bin\server;C:\Users\san\.gradle\native\660c5614fbf4a5f2a75b1949f50a0caf5cd603558e7d8a26e50b933a0cfb79d1\windows-amd64;C:\Users\san\.gradle\native\0.2.8\x86_64-windows-gnu

VM Arguments:
jvm_args: --add-opens=java.base/java.lang=ALL-UNNAMED --add-opens=java.base/java.lang.invoke=ALL-UNNAMED --add-opens=java.base/java.util=ALL-UNNAMED --add-opens=java.prefs/java.util.prefs=ALL-UNNAMED --add-exports=jdk.compiler/com.sun.tools.javac.api=ALL-UNNAMED --add-exports=jdk.compiler/com.sun.tools.javac.util=ALL-UNNAMED --add-opens=java.base/java.util=ALL-UNNAMED --add-opens=java.prefs/java.util.prefs=ALL-UNNAMED --add-opens=java.base/java.nio.charset=ALL-UNNAMED --add-opens=java.base/java.net=ALL-UNNAMED --add-opens=java.base/java.util.concurrent=ALL-UNNAMED --add-opens=java.base/java.util.concurrent.atomic=ALL-UNNAMED --add-opens=java.xml/javax.xml.namespace=ALL-UNNAMED --add-opens=java.base/java.time=ALL-UNNAMED -XX:MaxMetaspaceSize=384m -XX:+HeapDumpOnOutOfMemoryError -Xms256m -Xmx512m -Dfile.encoding=UTF-8 -Duser.country=KR -Duser.language=ko -Duser.variant -javaagent:C:\Users\san\.gradle\wrapper\dists\gradle-9.2.1-bin\2t0n5ozlw9xmuyvbp7dnzaxug\gradle-9.2.1\lib\agents\gradle-instrumentation-agent-9.2.1.jar 
java_command: org.gradle.launcher.daemon.bootstrap.GradleDaemon 9.2.1
java_class_path (initial): C:\Users\san\.gradle\wrapper\dists\gradle-9.2.1-bin\2t0n5ozlw9xmuyvbp7dnzaxug\gradle-9.2.1\lib\gradle-daemon-main-9.2.1.jar
Launcher Type: SUN_STANDARD

[Global flags]
     intx CICompilerCount                          = 4                                         {product} {ergonomic}
   size_t CompressedClassSpaceSize                 = 335544320                                 {product} {ergonomic}
     uint ConcGCThreads                            = 2                                         {product} {ergonomic}
     uint G1ConcRefinementThreads                  = 8                                         {product} {ergonomic}
   size_t G1HeapRegionSize                         = 1048576                                   {product} {ergonomic}
    uintx GCDrainStackTargetSize                   = 64                                        {product} {ergonomic}
     bool HeapDumpOnOutOfMemoryError               = true                                   {manageable} {command line}
   size_t InitialHeapSize                          = 268435456                                 {product} {command line}
   size_t MarkStackSize                            = 4194304                                   {product} {ergonomic}
   size_t MaxHeapSize                              = 536870912                                 {product} {command line}
   size_t MaxMetaspaceSize                         = 402653184                                 {product} {command line}
   size_t MaxNewSize                               = 321912832                                 {product} {ergonomic}
   size_t MinHeapDeltaBytes                        = 1048576                                   {product} {ergonomic}
   size_t MinHeapSize                              = 268435456                                 {product} {command line}
    uintx NonNMethodCodeHeapSize                   = 5839372                                {pd product} {ergonomic}
    uintx NonProfiledCodeHeapSize                  = 122909434                              {pd product} {ergonomic}
    uintx ProfiledCodeHeapSize                     = 122909434                              {pd product} {ergonomic}
    uintx ReservedCodeCacheSize                    = 251658240                              {pd product} {ergonomic}
     bool SegmentedCodeCache                       = true                                      {product} {ergonomic}
   size_t SoftMaxHeapSize                          = 536870912                              {manageable} {ergonomic}
     bool UseCompressedOops                        = true                           {product lp64_product} {ergonomic}
     bool UseG1GC                                  = true                                      {product} {ergonomic}
     bool UseLargePagesIndividualAllocation        = false                                  {pd product} {ergonomic}

Logging:
Log output configuration:
 #0: stdout all=warning uptime,level,tags foldmultilines=false
 #1: stderr all=off uptime,level,tags foldmultilines=false

Release file:
JAVA_VERSION="21.0.12.1" 
MODULES="java.base java.compiler java.datatransfer java.xml java.prefs java.desktop java.instrument java.logging java.management java.security.sasl java.naming java.rmi java.management.rmi java.net.http java.scripting java.security.jgss java.transaction.xa java.sql java.sql.rowset java.xml.crypto java.se java.smartcardio jdk.accessibility jdk.internal.jvmstat jdk.attach jdk.charsets jdk.internal.opt jdk.zipfs jdk.compiler jdk.crypto.ec jdk.crypto.cryptoki jdk.crypto.mscapi jdk.dynalink jdk.internal.ed jdk.editpad jdk.hotspot.agent jdk.httpserver jdk.internal.le jdk.internal.vm.ci jdk.internal.vm.compiler jdk.internal.vm.compiler.management jdk.jartool jdk.javadoc jdk.jcmd jdk.management jdk.management.agent jdk.jconsole jdk.jdeps jdk.jdwp.agent jdk.jdi jdk.jfr jdk.jshell jdk.jsobject jdk.jstatd jdk.localedata jdk.management.jfr jdk.naming.dns jdk.naming.rmi jdk.net jdk.nio.mapmode jdk.random jdk.sctp jdk.security.auth jdk.security.jgss jdk.unsupported jdk.unsupported.desktop jdk.xml.dom" 

Environment Variables:
PATH=C:\Program Files\Common Files\Oracle\Java\javapath;C:\Windows\system32;C:\Windows;C:\Windows\System32\Wbem;C:\Windows\System32\WindowsPowerShell\v1.0\;C:\Windows\System32\OpenSSH\;C:\Program Files\Git\cmd;C:\Program Files\cursor\resources\app\bin;C:\Program Files\nodejs\;C:\Users\san\AppData\Local\Microsoft\WindowsApps;C:\Users\san\AppData\Roaming\npm;C:\Users\san\AppData\Local\Programs\cursor\resources\app\bin;C:\Program Files\JetBrains\IntelliJ IDEA 2026.1\bin
USERNAME=san
OS=Windows_NT
PROCESSOR_IDENTIFIER=Intel64 Family 6 Model 154 Stepping 4, GenuineIntel
TMP=C:\Users\san\AppData\Local\Temp
TEMP=C:\Users\san\AppData\Local\Temp




Periodic native trim disabled

---------------  S Y S T E M  ---------------

OS:
 Windows 11 , 64 bit Build 26100 (10.0.26100.9444)
OS uptime: 0 days 21:44 hours
Hyper-V role detected

CPU: total 8 (initial active 8) (4 cores per cpu, 2 threads per core) family 6 model 154 stepping 4 microcode 0x435, cx8, cmov, fxsr, ht, mmx, 3dnowpref, sse, sse2, sse3, ssse3, sse4.1, sse4.2, popcnt, lzcnt, tsc, tscinvbit, avx, avx2, aes, erms, clmul, bmi1, bmi2, adx, sha, fma, vzeroupper, clflush, clflushopt, clwb, hv, serialize, rdtscp, rdpid, fsrm, f16c, cet_ibt, cet_ss
Processor Information for processor 0
  Max Mhz: 1200, Current Mhz: 1200, Mhz Limit: 1200
Processor Information for processor 1
  Max Mhz: 1200, Current Mhz: 1200, Mhz Limit: 1200
Processor Information for processor 2
  Max Mhz: 1200, Current Mhz: 1200, Mhz Limit: 1200
Processor Information for processor 3
  Max Mhz: 1200, Current Mhz: 1200, Mhz Limit: 1200
Processor Information for processor 4
  Max Mhz: 900, Current Mhz: 900, Mhz Limit: 900
Processor Information for processor 5
  Max Mhz: 900, Current Mhz: 900, Mhz Limit: 900
Processor Information for processor 6
  Max Mhz: 900, Current Mhz: 900, Mhz Limit: 900
Processor Information for processor 7
  Max Mhz: 900, Current Mhz: 900, Mhz Limit: 900

Memory: 4k page, system-wide physical 7916M (96M free)
TotalPageFile size 32492M (AvailPageFile size 6M)
current process WorkingSet (physical memory assigned to process): 140M, peak: 203M
current process commit charge ("private bytes"): 430M, peak: 430M

vm_info: OpenJDK 64-Bit Server VM (21.0.12.1+1-LTS) for windows-amd64 JRE (21.0.12.1+1-LTS), built on 2026-08-18T00:00:00Z by "admin" with MS VC++ 17.12 (VS2022)

END.
