#
# There is insufficient memory for the Java Runtime Environment to continue.
# Native memory allocation (malloc) failed to allocate 682416 bytes. Error detail: Chunk::new
# Possible reasons:
#   The system is out of physical RAM or swap space
#   This process is running with CompressedOops enabled, and the Java Heap may be blocking the growth of the native heap
# Possible solutions:
#   Reduce memory load on the system
#   Increase physical memory or swap space
#   Check if swap backing store is full
#   Decrease Java heap size (-Xmx/-Xms)
#   Decrease number of Java threads
#   Decrease Java thread stack sizes (-Xss)
#   Set larger code cache with -XX:ReservedCodeCacheSize=
#   JVM is running with Unscaled Compressed Oops mode in which the Java heap is
#     placed in the first 4GB address space. The Java Heap base address is the
#     maximum limit for the native heap growth. Please use -XX:HeapBaseMinAddress
#     to set the Java Heap base and to place the Java Heap above 4GB virtual address.
# This output file may be truncated or incomplete.
#
#  Out of Memory Error (arena.cpp:168), pid=19340, tid=28624
#
# JRE version: OpenJDK Runtime Environment Temurin-21.0.12.1+1 (21.0.12.1+1) (build 21.0.12.1+1-LTS)
# Java VM: OpenJDK 64-Bit Server VM Temurin-21.0.12.1+1 (21.0.12.1+1-LTS, mixed mode, sharing, tiered, compressed oops, compressed class ptrs, g1 gc, windows-amd64)
# No core dump will be written. Minidumps are not enabled by default on client versions of Windows
#

---------------  S U M M A R Y ------------

Command Line: --add-opens=java.base/java.lang=ALL-UNNAMED --add-opens=java.base/java.lang.invoke=ALL-UNNAMED --add-opens=java.base/java.util=ALL-UNNAMED --add-opens=java.prefs/java.util.prefs=ALL-UNNAMED --add-exports=jdk.compiler/com.sun.tools.javac.api=ALL-UNNAMED --add-exports=jdk.compiler/com.sun.tools.javac.util=ALL-UNNAMED --add-opens=java.base/java.util=ALL-UNNAMED --add-opens=java.prefs/java.util.prefs=ALL-UNNAMED --add-opens=java.base/java.nio.charset=ALL-UNNAMED --add-opens=java.base/java.net=ALL-UNNAMED --add-opens=java.base/java.util.concurrent=ALL-UNNAMED --add-opens=java.base/java.util.concurrent.atomic=ALL-UNNAMED --add-opens=java.xml/javax.xml.namespace=ALL-UNNAMED --add-opens=java.base/java.time=ALL-UNNAMED -XX:MaxMetaspaceSize=384m -XX:+HeapDumpOnOutOfMemoryError -Xms256m -Xmx512m -Dfile.encoding=UTF-8 -Duser.country=KR -Duser.language=ko -Duser.variant -javaagent:C:\Users\san\.gradle\wrapper\dists\gradle-9.2.1-bin\2t0n5ozlw9xmuyvbp7dnzaxug\gradle-9.2.1\lib\agents\gradle-instrumentation-agent-9.2.1.jar org.gradle.launcher.daemon.bootstrap.GradleDaemon 9.2.1

Host: 12th Gen Intel(R) Core(TM) i3-1215U, 8 cores, 7G,  Windows 11 , 64 bit Build 26100 (10.0.26100.9444)
Time: Fri Sep 18 16:10:11 2026 elapsed time: 184.436761 seconds (0d 0h 3m 4s)

---------------  T H R E A D  ---------------

Current thread (0x000001e7520c3720):  JavaThread "C2 CompilerThread0" daemon [_thread_in_native, id=28624, stack(0x0000008850c00000,0x0000008850d00000) (1024K)]


Current CompileTask:
C2:184436 4199   !   4       java.net.URLClassLoader::findClass (47 bytes)

Stack: [0x0000008850c00000,0x0000008850d00000]
Native frames: (J=compiled Java code, j=interpreted, Vv=VM code, C=native code)
V  [jvm.dll+0x6d83e9]
V  [jvm.dll+0x8b5736]
V  [jvm.dll+0x8b7cee]
V  [jvm.dll+0x8b83d3]
V  [jvm.dll+0x284596]
V  [jvm.dll+0xc685d]
V  [jvm.dll+0xc6da1]
V  [jvm.dll+0x2fb5ae]
V  [jvm.dll+0x5fee94]
V  [jvm.dll+0x255d67]
V  [jvm.dll+0x24ddab]
V  [jvm.dll+0x24bbe6]
V  [jvm.dll+0x1cb4ae]
V  [jvm.dll+0x25baad]
V  [jvm.dll+0x25a03a]
V  [jvm.dll+0x3f8aae]
V  [jvm.dll+0x8600cd]
V  [jvm.dll+0x6d6c1d]
C  [ucrtbase.dll+0x2cd30]
C  [KERNEL32.DLL+0x2cd87]
C  [ntdll.dll+0xacaec]


---------------  P R O C E S S  ---------------

Threads class SMR info:
_java_thread_list=0x000001e76d4fdab0, length=35, elements={
0x000001e739cd4b40, 0x000001e7520b39a0, 0x000001e7520b5170, 0x000001e7520be960,
0x000001e7520c14d0, 0x000001e7520c1f30, 0x000001e7520c2990, 0x000001e7520c3720,
0x000001e7520d3740, 0x000001e752342e80, 0x000001e7523ecea0, 0x000001e7521a0f50,
0x000001e76cd73550, 0x000001e75260f780, 0x000001e7522b52f0, 0x000001e7524c2860,
0x000001e7522117d0, 0x000001e76c438ef0, 0x000001e76c30e230, 0x000001e76c30c7f0,
0x000001e76c30d510, 0x000001e76c30c160, 0x000001e76c30bad0, 0x000001e76c30adb0,
0x000001e76c30dba0, 0x000001e76e3ba1a0, 0x000001e76e3b9b10, 0x000001e76e3b80d0,
0x000001e76e3b9480, 0x000001e76e3ba830, 0x000001e76e3bbbe0, 0x000001e76e3b8760,
0x000001e76e3bc270, 0x000001e76e3baec0, 0x000001e76e3b8df0
}

Java Threads: ( => current thread )
  0x000001e739cd4b40 JavaThread "main"                              [_thread_blocked, id=15688, stack(0x000000884fe00000,0x000000884ff00000) (1024K)]
  0x000001e7520b39a0 JavaThread "Reference Handler"          daemon [_thread_blocked, id=31208, stack(0x0000008850600000,0x0000008850700000) (1024K)]
  0x000001e7520b5170 JavaThread "Finalizer"                  daemon [_thread_blocked, id=31788, stack(0x0000008850700000,0x0000008850800000) (1024K)]
  0x000001e7520be960 JavaThread "Signal Dispatcher"          daemon [_thread_blocked, id=31936, stack(0x0000008850800000,0x0000008850900000) (1024K)]
  0x000001e7520c14d0 JavaThread "Attach Listener"            daemon [_thread_blocked, id=33024, stack(0x0000008850900000,0x0000008850a00000) (1024K)]
  0x000001e7520c1f30 JavaThread "Service Thread"             daemon [_thread_in_vm, id=30560, stack(0x0000008850a00000,0x0000008850b00000) (1024K)]
  0x000001e7520c2990 JavaThread "Monitor Deflation Thread"   daemon [_thread_blocked, id=22192, stack(0x0000008850b00000,0x0000008850c00000) (1024K)]
=>0x000001e7520c3720 JavaThread "C2 CompilerThread0"         daemon [_thread_in_native, id=28624, stack(0x0000008850c00000,0x0000008850d00000) (1024K)]
  0x000001e7520d3740 JavaThread "C1 CompilerThread0"         daemon [_thread_blocked, id=31860, stack(0x0000008850d00000,0x0000008850e00000) (1024K)]
  0x000001e752342e80 JavaThread "Common-Cleaner"             daemon [_thread_blocked, id=31632, stack(0x0000008850e00000,0x0000008850f00000) (1024K)]
  0x000001e7523ecea0 JavaThread "Notification Thread"        daemon [_thread_blocked, id=30704, stack(0x0000008850f00000,0x0000008851000000) (1024K)]
  0x000001e7521a0f50 JavaThread "Daemon health stats"               [_thread_blocked, id=7608, stack(0x0000008851500000,0x0000008851600000) (1024K)]
  0x000001e76cd73550 JavaThread "Incoming local TCP Connector on port 61574"        [_thread_in_native, id=26004, stack(0x0000008851600000,0x0000008851700000) (1024K)]
  0x000001e75260f780 JavaThread "Daemon periodic checks"            [_thread_blocked, id=27556, stack(0x0000008851700000,0x0000008851800000) (1024K)]
  0x000001e7522b52f0 JavaThread "Daemon"                            [_thread_blocked, id=31040, stack(0x0000008851800000,0x0000008851900000) (1024K)]
  0x000001e7524c2860 JavaThread "Handler for socket connection from /127.0.0.1:61574 to /127.0.0.1:49744"        [_thread_in_native, id=33640, stack(0x0000008851900000,0x0000008851a00000) (1024K)]
  0x000001e7522117d0 JavaThread "Cancel handler"                    [_thread_blocked, id=28276, stack(0x0000008851a00000,0x0000008851b00000) (1024K)]
  0x000001e76c438ef0 JavaThread "Daemon worker"                     [_thread_in_vm, id=30216, stack(0x0000008851b00000,0x0000008851c00000) (1024K)]
  0x000001e76c30e230 JavaThread "Asynchronous log dispatcher for DefaultDaemonConnection: socket connection from /127.0.0.1:61574 to /127.0.0.1:49744"        [_thread_blocked, id=24368, stack(0x0000008851c00000,0x0000008851d00000) (1024K)]
  0x000001e76c30c7f0 JavaThread "Stdin handler"                     [_thread_blocked, id=30784, stack(0x0000008851d00000,0x0000008851e00000) (1024K)]
  0x000001e76c30d510 JavaThread "Daemon client event forwarder"        [_thread_blocked, id=24828, stack(0x0000008851e00000,0x0000008851f00000) (1024K)]
  0x000001e76c30c160 JavaThread "Cache worker for journal cache (C:\Users\san\.gradle\caches\journal-1)"        [_thread_blocked, id=24488, stack(0x0000008851f00000,0x0000008852000000) (1024K)]
  0x000001e76c30bad0 JavaThread "File lock request listener"        [_thread_in_native, id=20496, stack(0x0000008852000000,0x0000008852100000) (1024K)]
  0x000001e76c30adb0 JavaThread "File lock release action executor"        [_thread_blocked, id=28036, stack(0x0000008852100000,0x0000008852200000) (1024K)]
  0x000001e76c30dba0 JavaThread "Cache worker for file hash cache (C:\Users\san\.gradle\caches\9.2.1\fileHashes)"        [_thread_blocked, id=29884, stack(0x0000008852200000,0x0000008852300000) (1024K)]
  0x000001e76e3ba1a0 JavaThread "Cache worker for file hash cache (C:\programmers\bep4-1-mission\.gradle\9.2.1\fileHashes)"        [_thread_blocked, id=27448, stack(0x0000008852600000,0x0000008852700000) (1024K)]
  0x000001e76e3b9b10 JavaThread "Cache worker for Build Output Cleanup Cache (C:\programmers\bep4-1-mission\.gradle\buildOutputCleanup)"        [_thread_blocked, id=14540, stack(0x0000008852700000,0x0000008852800000) (1024K)]
  0x000001e76e3b80d0 JavaThread "File watcher server"        daemon [_thread_in_native, id=30556, stack(0x0000008852800000,0x0000008852900000) (1024K)]
  0x000001e76e3b9480 JavaThread "File watcher consumer"      daemon [_thread_blocked, id=32556, stack(0x0000008852900000,0x0000008852a00000) (1024K)]
  0x000001e76e3ba830 JavaThread "Cache worker for checksums cache (C:\programmers\bep4-1-mission\.gradle\9.2.1\checksums)"        [_thread_blocked, id=30716, stack(0x0000008852a00000,0x0000008852b00000) (1024K)]
  0x000001e76e3bbbe0 JavaThread "Cache worker for file content cache (C:\Users\san\.gradle\caches\9.2.1\fileContent)"        [_thread_blocked, id=32008, stack(0x0000008852b00000,0x0000008852c00000) (1024K)]
  0x000001e76e3b8760 JavaThread "Cache worker for cache directory md-supplier (C:\Users\san\.gradle\caches\9.2.1\md-supplier)"        [_thread_blocked, id=31268, stack(0x0000008852c00000,0x0000008852d00000) (1024K)]
  0x000001e76e3bc270 JavaThread "Cache worker for cache directory md-rule (C:\Users\san\.gradle\caches\9.2.1\md-rule)"        [_thread_blocked, id=32788, stack(0x0000008852d00000,0x0000008852e00000) (1024K)]
  0x000001e76e3baec0 JavaThread "jar transforms"                    [_thread_blocked, id=31324, stack(0x0000008852e00000,0x0000008852f00000) (1024K)]
  0x000001e76e3b8df0 JavaThread "jar transforms Thread 2"           [_thread_blocked, id=21896, stack(0x0000008852f00000,0x0000008853000000) (1024K)]
Total: 35

Other Threads:
  0x000001e7520967e0 VMThread "VM Thread"                           [id=28768, stack(0x0000008850500000,0x0000008850600000) (1024K)]
  0x000001e7521809d0 WatcherThread "VM Periodic Task Thread"        [id=30220, stack(0x0000008850400000,0x0000008850500000) (1024K)]
  0x000001e73c7bf190 WorkerThread "GC Thread#0"                     [id=29172, stack(0x000000884ff00000,0x0000008850000000) (1024K)]
  0x000001e7525b8ec0 WorkerThread "GC Thread#1"                     [id=20996, stack(0x0000008851000000,0x0000008851100000) (1024K)]
  0x000001e7525b9270 WorkerThread "GC Thread#2"                     [id=19232, stack(0x0000008851100000,0x0000008851200000) (1024K)]
  0x000001e7525b9620 WorkerThread "GC Thread#3"                     [id=33520, stack(0x0000008851200000,0x0000008851300000) (1024K)]
  0x000001e7525b99d0 WorkerThread "GC Thread#4"                     [id=29264, stack(0x0000008851300000,0x0000008851400000) (1024K)]
  0x000001e7525b9d80 WorkerThread "GC Thread#5"                     [id=29552, stack(0x0000008851400000,0x0000008851500000) (1024K)]
  0x000001e752187970 WorkerThread "GC Thread#6"                     [id=26320, stack(0x0000008852300000,0x0000008852400000) (1024K)]
  0x000001e752186ab0 WorkerThread "GC Thread#7"                     [id=23176, stack(0x0000008852400000,0x0000008852500000) (1024K)]
  0x000001e73c7c4090 ConcurrentGCThread "G1 Main Marker"            [id=27012, stack(0x0000008850000000,0x0000008850100000) (1024K)]
  0x000001e73c7c4ab0 WorkerThread "G1 Conc#0"                       [id=32912, stack(0x0000008850100000,0x0000008850200000) (1024K)]
  0x000001e752185fa0 WorkerThread "G1 Conc#1"                       [id=27576, stack(0x0000008852500000,0x0000008852600000) (1024K)]
  0x000001e73c80e7f0 ConcurrentGCThread "G1 Refine#0"               [id=24304, stack(0x0000008850200000,0x0000008850300000) (1024K)]
  0x000001e751fd8ac0 ConcurrentGCThread "G1 Service"                [id=31520, stack(0x0000008850300000,0x0000008850400000) (1024K)]
Total: 15

Threads with active compile tasks:
C2 CompilerThread0  184540 4199   !   4       java.net.URLClassLoader::findClass (47 bytes)
Total: 1

VM state: not at safepoint (normal execution)

VM Mutex/Monitor currently owned by a thread: None

Heap address: 0x00000000e0000000, size: 512 MB, Compressed Oops mode: 32-bit

CDS archive(s) mapped at: [0x000001e753000000-0x000001e753ba0000-0x000001e753ba0000), size 12189696, SharedBaseAddress: 0x000001e753000000, ArchiveRelocationMode: 1.
Compressed class space mapped at: 0x000001e754000000-0x000001e768000000, reserved size: 335544320
Narrow klass base: 0x000001e753000000, Narrow klass shift: 0, Narrow klass range: 0x100000000

GC Precious Log:
 CardTable entry size: 512
 Card Set container configuration: InlinePtr #cards 5 size 8 Array Of Cards #cards 12 size 40 Howl #buckets 4 coarsen threshold 1843 Howl Bitmap #cards 512 size 80 coarsen threshold 460 Card regions per heap region 1 cards per card region 2048
 CPUs: 8 total, 8 available
 Memory: 7916M
 Large Page Support: Disabled
 NUMA Support: Disabled
 Compressed Oops: Enabled (32-bit)
 Heap Region Size: 1M
 Heap Min Capacity: 256M
 Heap Initial Capacity: 256M
 Heap Max Capacity: 512M
 Pre-touch: Disabled
 Parallel Workers: 8
 Concurrent Workers: 2
 Concurrent Refinement Workers: 8
 Periodic GC: Disabled

Heap:
 garbage-first heap   total 262144K, used 29633K [0x00000000e0000000, 0x0000000100000000)
  region size 1024K, 7 young (7168K), 6 survivors (6144K)
 Metaspace       used 33533K, committed 34880K, reserved 393216K
  class space    used 4979K, committed 5632K, reserved 327680K

Heap Regions: E=young(eden), S=young(survivor), O=old, HS=humongous(starts), HC=humongous(continues), CS=collection set, F=free, TAMS=top-at-mark-start, PB=parsable bottom
|   0|0x00000000e0000000, 0x00000000e0100000, 0x00000000e0100000|100%|HS|  |TAMS 0x00000000e0000000| PB 0x00000000e0000000| Complete 
|   1|0x00000000e0100000, 0x00000000e0200000, 0x00000000e0200000|100%|HC|  |TAMS 0x00000000e0100000| PB 0x00000000e0100000| Complete 
|   2|0x00000000e0200000, 0x00000000e0300000, 0x00000000e0300000|100%|HC|  |TAMS 0x00000000e0200000| PB 0x00000000e0200000| Complete 
|   3|0x00000000e0300000, 0x00000000e0400000, 0x00000000e0400000|100%|HC|  |TAMS 0x00000000e0300000| PB 0x00000000e0300000| Complete 
|   4|0x00000000e0400000, 0x00000000e0500000, 0x00000000e0500000|100%| O|  |TAMS 0x00000000e0400000| PB 0x00000000e0400000| Untracked 
|   5|0x00000000e0500000, 0x00000000e0600000, 0x00000000e0600000|100%| O|  |TAMS 0x00000000e0500000| PB 0x00000000e0500000| Untracked 
|   6|0x00000000e0600000, 0x00000000e0700000, 0x00000000e0700000|100%| O|  |TAMS 0x00000000e0600000| PB 0x00000000e0600000| Untracked 
|   7|0x00000000e0700000, 0x00000000e0800000, 0x00000000e0800000|100%|HS|  |TAMS 0x00000000e0700000| PB 0x00000000e0700000| Complete 
|   8|0x00000000e0800000, 0x00000000e0900000, 0x00000000e0900000|100%| O|  |TAMS 0x00000000e0800000| PB 0x00000000e0800000| Untracked 
|   9|0x00000000e0900000, 0x00000000e0a00000, 0x00000000e0a00000|100%| O|  |TAMS 0x00000000e0900000| PB 0x00000000e0900000| Untracked 
|  10|0x00000000e0a00000, 0x00000000e0b00000, 0x00000000e0b00000|100%| O|  |TAMS 0x00000000e0a00000| PB 0x00000000e0a00000| Untracked 
|  11|0x00000000e0b00000, 0x00000000e0c00000, 0x00000000e0c00000|100%| O|  |TAMS 0x00000000e0b00000| PB 0x00000000e0b00000| Untracked 
|  12|0x00000000e0c00000, 0x00000000e0d00000, 0x00000000e0d00000|100%| O|  |TAMS 0x00000000e0c00000| PB 0x00000000e0c00000| Untracked 
|  13|0x00000000e0d00000, 0x00000000e0e00000, 0x00000000e0e00000|100%| O|  |TAMS 0x00000000e0d00000| PB 0x00000000e0d00000| Untracked 
|  14|0x00000000e0e00000, 0x00000000e0f00000, 0x00000000e0f00000|100%| O|  |TAMS 0x00000000e0e00000| PB 0x00000000e0e00000| Untracked 
|  15|0x00000000e0f00000, 0x00000000e1000000, 0x00000000e1000000|100%| O|  |TAMS 0x00000000e0f00000| PB 0x00000000e0f00000| Untracked 
|  16|0x00000000e1000000, 0x00000000e1100000, 0x00000000e1100000|100%| O|  |TAMS 0x00000000e1000000| PB 0x00000000e1000000| Untracked 
|  17|0x00000000e1100000, 0x00000000e1200000, 0x00000000e1200000|100%| O|  |TAMS 0x00000000e1100000| PB 0x00000000e1100000| Untracked 
|  18|0x00000000e1200000, 0x00000000e1300000, 0x00000000e1300000|100%| O|  |TAMS 0x00000000e1200000| PB 0x00000000e1200000| Untracked 
|  19|0x00000000e1300000, 0x00000000e1400000, 0x00000000e1400000|100%| O|  |TAMS 0x00000000e1300000| PB 0x00000000e1300000| Untracked 
|  20|0x00000000e1400000, 0x00000000e1500000, 0x00000000e1500000|100%| O|  |TAMS 0x00000000e1400000| PB 0x00000000e1400000| Untracked 
|  21|0x00000000e1500000, 0x00000000e1600000, 0x00000000e1600000|100%| O|  |TAMS 0x00000000e1500000| PB 0x00000000e1500000| Untracked 
|  22|0x00000000e1600000, 0x00000000e1700000, 0x00000000e1700000|100%| O|  |TAMS 0x00000000e1600000| PB 0x00000000e1600000| Untracked 
|  23|0x00000000e1700000, 0x00000000e1708240, 0x00000000e1800000|  3%| O|  |TAMS 0x00000000e1700000| PB 0x00000000e1700000| Untracked 
|  24|0x00000000e1800000, 0x00000000e1800000, 0x00000000e1900000|  0%| F|  |TAMS 0x00000000e1800000| PB 0x00000000e1800000| Untracked 
|  25|0x00000000e1900000, 0x00000000e1900000, 0x00000000e1a00000|  0%| F|  |TAMS 0x00000000e1900000| PB 0x00000000e1900000| Untracked 
|  26|0x00000000e1a00000, 0x00000000e1a00000, 0x00000000e1b00000|  0%| F|  |TAMS 0x00000000e1a00000| PB 0x00000000e1a00000| Untracked 
|  27|0x00000000e1b00000, 0x00000000e1b00000, 0x00000000e1c00000|  0%| F|  |TAMS 0x00000000e1b00000| PB 0x00000000e1b00000| Untracked 
|  28|0x00000000e1c00000, 0x00000000e1c00000, 0x00000000e1d00000|  0%| F|  |TAMS 0x00000000e1c00000| PB 0x00000000e1c00000| Untracked 
|  29|0x00000000e1d00000, 0x00000000e1d00000, 0x00000000e1e00000|  0%| F|  |TAMS 0x00000000e1d00000| PB 0x00000000e1d00000| Untracked 
|  30|0x00000000e1e00000, 0x00000000e1e00000, 0x00000000e1f00000|  0%| F|  |TAMS 0x00000000e1e00000| PB 0x00000000e1e00000| Untracked 
|  31|0x00000000e1f00000, 0x00000000e1f00000, 0x00000000e2000000|  0%| F|  |TAMS 0x00000000e1f00000| PB 0x00000000e1f00000| Untracked 
|  32|0x00000000e2000000, 0x00000000e2000000, 0x00000000e2100000|  0%| F|  |TAMS 0x00000000e2000000| PB 0x00000000e2000000| Untracked 
|  33|0x00000000e2100000, 0x00000000e2100000, 0x00000000e2200000|  0%| F|  |TAMS 0x00000000e2100000| PB 0x00000000e2100000| Untracked 
|  34|0x00000000e2200000, 0x00000000e2200000, 0x00000000e2300000|  0%| F|  |TAMS 0x00000000e2200000| PB 0x00000000e2200000| Untracked 
|  35|0x00000000e2300000, 0x00000000e2300000, 0x00000000e2400000|  0%| F|  |TAMS 0x00000000e2300000| PB 0x00000000e2300000| Untracked 
|  36|0x00000000e2400000, 0x00000000e2400000, 0x00000000e2500000|  0%| F|  |TAMS 0x00000000e2400000| PB 0x00000000e2400000| Untracked 
|  37|0x00000000e2500000, 0x00000000e2500000, 0x00000000e2600000|  0%| F|  |TAMS 0x00000000e2500000| PB 0x00000000e2500000| Untracked 
|  38|0x00000000e2600000, 0x00000000e2600000, 0x00000000e2700000|  0%| F|  |TAMS 0x00000000e2600000| PB 0x00000000e2600000| Untracked 
|  39|0x00000000e2700000, 0x00000000e2700000, 0x00000000e2800000|  0%| F|  |TAMS 0x00000000e2700000| PB 0x00000000e2700000| Untracked 
|  40|0x00000000e2800000, 0x00000000e2800000, 0x00000000e2900000|  0%| F|  |TAMS 0x00000000e2800000| PB 0x00000000e2800000| Untracked 
|  41|0x00000000e2900000, 0x00000000e2900000, 0x00000000e2a00000|  0%| F|  |TAMS 0x00000000e2900000| PB 0x00000000e2900000| Untracked 
|  42|0x00000000e2a00000, 0x00000000e2a00000, 0x00000000e2b00000|  0%| F|  |TAMS 0x00000000e2a00000| PB 0x00000000e2a00000| Untracked 
|  43|0x00000000e2b00000, 0x00000000e2b00000, 0x00000000e2c00000|  0%| F|  |TAMS 0x00000000e2b00000| PB 0x00000000e2b00000| Untracked 
|  44|0x00000000e2c00000, 0x00000000e2c00000, 0x00000000e2d00000|  0%| F|  |TAMS 0x00000000e2c00000| PB 0x00000000e2c00000| Untracked 
|  45|0x00000000e2d00000, 0x00000000e2d00000, 0x00000000e2e00000|  0%| F|  |TAMS 0x00000000e2d00000| PB 0x00000000e2d00000| Untracked 
|  46|0x00000000e2e00000, 0x00000000e2e00000, 0x00000000e2f00000|  0%| F|  |TAMS 0x00000000e2e00000| PB 0x00000000e2e00000| Untracked 
|  47|0x00000000e2f00000, 0x00000000e2f00000, 0x00000000e3000000|  0%| F|  |TAMS 0x00000000e2f00000| PB 0x00000000e2f00000| Untracked 
|  48|0x00000000e3000000, 0x00000000e3000000, 0x00000000e3100000|  0%| F|  |TAMS 0x00000000e3000000| PB 0x00000000e3000000| Untracked 
|  49|0x00000000e3100000, 0x00000000e3100000, 0x00000000e3200000|  0%| F|  |TAMS 0x00000000e3100000| PB 0x00000000e3100000| Untracked 
|  50|0x00000000e3200000, 0x00000000e3200000, 0x00000000e3300000|  0%| F|  |TAMS 0x00000000e3200000| PB 0x00000000e3200000| Untracked 
|  51|0x00000000e3300000, 0x00000000e3300000, 0x00000000e3400000|  0%| F|  |TAMS 0x00000000e3300000| PB 0x00000000e3300000| Untracked 
|  52|0x00000000e3400000, 0x00000000e3400000, 0x00000000e3500000|  0%| F|  |TAMS 0x00000000e3400000| PB 0x00000000e3400000| Untracked 
|  53|0x00000000e3500000, 0x00000000e3500000, 0x00000000e3600000|  0%| F|  |TAMS 0x00000000e3500000| PB 0x00000000e3500000| Untracked 
|  54|0x00000000e3600000, 0x00000000e3600000, 0x00000000e3700000|  0%| F|  |TAMS 0x00000000e3600000| PB 0x00000000e3600000| Untracked 
|  55|0x00000000e3700000, 0x00000000e3700000, 0x00000000e3800000|  0%| F|  |TAMS 0x00000000e3700000| PB 0x00000000e3700000| Untracked 
|  56|0x00000000e3800000, 0x00000000e3800000, 0x00000000e3900000|  0%| F|  |TAMS 0x00000000e3800000| PB 0x00000000e3800000| Untracked 
|  57|0x00000000e3900000, 0x00000000e3900000, 0x00000000e3a00000|  0%| F|  |TAMS 0x00000000e3900000| PB 0x00000000e3900000| Untracked 
|  58|0x00000000e3a00000, 0x00000000e3a00000, 0x00000000e3b00000|  0%| F|  |TAMS 0x00000000e3a00000| PB 0x00000000e3a00000| Untracked 
|  59|0x00000000e3b00000, 0x00000000e3b00000, 0x00000000e3c00000|  0%| F|  |TAMS 0x00000000e3b00000| PB 0x00000000e3b00000| Untracked 
|  60|0x00000000e3c00000, 0x00000000e3c00000, 0x00000000e3d00000|  0%| F|  |TAMS 0x00000000e3c00000| PB 0x00000000e3c00000| Untracked 
|  61|0x00000000e3d00000, 0x00000000e3d00000, 0x00000000e3e00000|  0%| F|  |TAMS 0x00000000e3d00000| PB 0x00000000e3d00000| Untracked 
|  62|0x00000000e3e00000, 0x00000000e3e00000, 0x00000000e3f00000|  0%| F|  |TAMS 0x00000000e3e00000| PB 0x00000000e3e00000| Untracked 
|  63|0x00000000e3f00000, 0x00000000e3f00000, 0x00000000e4000000|  0%| F|  |TAMS 0x00000000e3f00000| PB 0x00000000e3f00000| Untracked 
|  64|0x00000000e4000000, 0x00000000e4000000, 0x00000000e4100000|  0%| F|  |TAMS 0x00000000e4000000| PB 0x00000000e4000000| Untracked 
|  65|0x00000000e4100000, 0x00000000e4100000, 0x00000000e4200000|  0%| F|  |TAMS 0x00000000e4100000| PB 0x00000000e4100000| Untracked 
|  66|0x00000000e4200000, 0x00000000e4200000, 0x00000000e4300000|  0%| F|  |TAMS 0x00000000e4200000| PB 0x00000000e4200000| Untracked 
|  67|0x00000000e4300000, 0x00000000e4300000, 0x00000000e4400000|  0%| F|  |TAMS 0x00000000e4300000| PB 0x00000000e4300000| Untracked 
|  68|0x00000000e4400000, 0x00000000e4400000, 0x00000000e4500000|  0%| F|  |TAMS 0x00000000e4400000| PB 0x00000000e4400000| Untracked 
|  69|0x00000000e4500000, 0x00000000e4500000, 0x00000000e4600000|  0%| F|  |TAMS 0x00000000e4500000| PB 0x00000000e4500000| Untracked 
|  70|0x00000000e4600000, 0x00000000e4600000, 0x00000000e4700000|  0%| F|  |TAMS 0x00000000e4600000| PB 0x00000000e4600000| Untracked 
|  71|0x00000000e4700000, 0x00000000e4700000, 0x00000000e4800000|  0%| F|  |TAMS 0x00000000e4700000| PB 0x00000000e4700000| Untracked 
|  72|0x00000000e4800000, 0x00000000e4800000, 0x00000000e4900000|  0%| F|  |TAMS 0x00000000e4800000| PB 0x00000000e4800000| Untracked 
|  73|0x00000000e4900000, 0x00000000e4900000, 0x00000000e4a00000|  0%| F|  |TAMS 0x00000000e4900000| PB 0x00000000e4900000| Untracked 
|  74|0x00000000e4a00000, 0x00000000e4a00000, 0x00000000e4b00000|  0%| F|  |TAMS 0x00000000e4a00000| PB 0x00000000e4a00000| Untracked 
|  75|0x00000000e4b00000, 0x00000000e4b00000, 0x00000000e4c00000|  0%| F|  |TAMS 0x00000000e4b00000| PB 0x00000000e4b00000| Untracked 
|  76|0x00000000e4c00000, 0x00000000e4c00000, 0x00000000e4d00000|  0%| F|  |TAMS 0x00000000e4c00000| PB 0x00000000e4c00000| Untracked 
|  77|0x00000000e4d00000, 0x00000000e4d00000, 0x00000000e4e00000|  0%| F|  |TAMS 0x00000000e4d00000| PB 0x00000000e4d00000| Untracked 
|  78|0x00000000e4e00000, 0x00000000e4e00000, 0x00000000e4f00000|  0%| F|  |TAMS 0x00000000e4e00000| PB 0x00000000e4e00000| Untracked 
|  79|0x00000000e4f00000, 0x00000000e4f00000, 0x00000000e5000000|  0%| F|  |TAMS 0x00000000e4f00000| PB 0x00000000e4f00000| Untracked 
|  80|0x00000000e5000000, 0x00000000e5000000, 0x00000000e5100000|  0%| F|  |TAMS 0x00000000e5000000| PB 0x00000000e5000000| Untracked 
|  81|0x00000000e5100000, 0x00000000e5100000, 0x00000000e5200000|  0%| F|  |TAMS 0x00000000e5100000| PB 0x00000000e5100000| Untracked 
|  82|0x00000000e5200000, 0x00000000e5200000, 0x00000000e5300000|  0%| F|  |TAMS 0x00000000e5200000| PB 0x00000000e5200000| Untracked 
|  83|0x00000000e5300000, 0x00000000e5300000, 0x00000000e5400000|  0%| F|  |TAMS 0x00000000e5300000| PB 0x00000000e5300000| Untracked 
|  84|0x00000000e5400000, 0x00000000e5400000, 0x00000000e5500000|  0%| F|  |TAMS 0x00000000e5400000| PB 0x00000000e5400000| Untracked 
|  85|0x00000000e5500000, 0x00000000e5500000, 0x00000000e5600000|  0%| F|  |TAMS 0x00000000e5500000| PB 0x00000000e5500000| Untracked 
|  86|0x00000000e5600000, 0x00000000e5600000, 0x00000000e5700000|  0%| F|  |TAMS 0x00000000e5600000| PB 0x00000000e5600000| Untracked 
|  87|0x00000000e5700000, 0x00000000e5700000, 0x00000000e5800000|  0%| F|  |TAMS 0x00000000e5700000| PB 0x00000000e5700000| Untracked 
|  88|0x00000000e5800000, 0x00000000e5800000, 0x00000000e5900000|  0%| F|  |TAMS 0x00000000e5800000| PB 0x00000000e5800000| Untracked 
|  89|0x00000000e5900000, 0x00000000e5900000, 0x00000000e5a00000|  0%| F|  |TAMS 0x00000000e5900000| PB 0x00000000e5900000| Untracked 
|  90|0x00000000e5a00000, 0x00000000e5a00000, 0x00000000e5b00000|  0%| F|  |TAMS 0x00000000e5a00000| PB 0x00000000e5a00000| Untracked 
|  91|0x00000000e5b00000, 0x00000000e5b00000, 0x00000000e5c00000|  0%| F|  |TAMS 0x00000000e5b00000| PB 0x00000000e5b00000| Untracked 
|  92|0x00000000e5c00000, 0x00000000e5c00000, 0x00000000e5d00000|  0%| F|  |TAMS 0x00000000e5c00000| PB 0x00000000e5c00000| Untracked 
|  93|0x00000000e5d00000, 0x00000000e5d00000, 0x00000000e5e00000|  0%| F|  |TAMS 0x00000000e5d00000| PB 0x00000000e5d00000| Untracked 
|  94|0x00000000e5e00000, 0x00000000e5e00000, 0x00000000e5f00000|  0%| F|  |TAMS 0x00000000e5e00000| PB 0x00000000e5e00000| Untracked 
|  95|0x00000000e5f00000, 0x00000000e5f00000, 0x00000000e6000000|  0%| F|  |TAMS 0x00000000e5f00000| PB 0x00000000e5f00000| Untracked 
|  96|0x00000000e6000000, 0x00000000e6000000, 0x00000000e6100000|  0%| F|  |TAMS 0x00000000e6000000| PB 0x00000000e6000000| Untracked 
|  97|0x00000000e6100000, 0x00000000e6100000, 0x00000000e6200000|  0%| F|  |TAMS 0x00000000e6100000| PB 0x00000000e6100000| Untracked 
|  98|0x00000000e6200000, 0x00000000e6200000, 0x00000000e6300000|  0%| F|  |TAMS 0x00000000e6200000| PB 0x00000000e6200000| Untracked 
|  99|0x00000000e6300000, 0x00000000e6300000, 0x00000000e6400000|  0%| F|  |TAMS 0x00000000e6300000| PB 0x00000000e6300000| Untracked 
| 100|0x00000000e6400000, 0x00000000e6400000, 0x00000000e6500000|  0%| F|  |TAMS 0x00000000e6400000| PB 0x00000000e6400000| Untracked 
| 101|0x00000000e6500000, 0x00000000e6500000, 0x00000000e6600000|  0%| F|  |TAMS 0x00000000e6500000| PB 0x00000000e6500000| Untracked 
| 102|0x00000000e6600000, 0x00000000e6600000, 0x00000000e6700000|  0%| F|  |TAMS 0x00000000e6600000| PB 0x00000000e6600000| Untracked 
| 103|0x00000000e6700000, 0x00000000e6700000, 0x00000000e6800000|  0%| F|  |TAMS 0x00000000e6700000| PB 0x00000000e6700000| Untracked 
| 104|0x00000000e6800000, 0x00000000e6800000, 0x00000000e6900000|  0%| F|  |TAMS 0x00000000e6800000| PB 0x00000000e6800000| Untracked 
| 105|0x00000000e6900000, 0x00000000e6900000, 0x00000000e6a00000|  0%| F|  |TAMS 0x00000000e6900000| PB 0x00000000e6900000| Untracked 
| 106|0x00000000e6a00000, 0x00000000e6a00000, 0x00000000e6b00000|  0%| F|  |TAMS 0x00000000e6a00000| PB 0x00000000e6a00000| Untracked 
| 107|0x00000000e6b00000, 0x00000000e6b00000, 0x00000000e6c00000|  0%| F|  |TAMS 0x00000000e6b00000| PB 0x00000000e6b00000| Untracked 
| 108|0x00000000e6c00000, 0x00000000e6c00000, 0x00000000e6d00000|  0%| F|  |TAMS 0x00000000e6c00000| PB 0x00000000e6c00000| Untracked 
| 109|0x00000000e6d00000, 0x00000000e6d00000, 0x00000000e6e00000|  0%| F|  |TAMS 0x00000000e6d00000| PB 0x00000000e6d00000| Untracked 
| 110|0x00000000e6e00000, 0x00000000e6e00000, 0x00000000e6f00000|  0%| F|  |TAMS 0x00000000e6e00000| PB 0x00000000e6e00000| Untracked 
| 111|0x00000000e6f00000, 0x00000000e6f00000, 0x00000000e7000000|  0%| F|  |TAMS 0x00000000e6f00000| PB 0x00000000e6f00000| Untracked 
| 112|0x00000000e7000000, 0x00000000e7000000, 0x00000000e7100000|  0%| F|  |TAMS 0x00000000e7000000| PB 0x00000000e7000000| Untracked 
| 113|0x00000000e7100000, 0x00000000e7100000, 0x00000000e7200000|  0%| F|  |TAMS 0x00000000e7100000| PB 0x00000000e7100000| Untracked 
| 114|0x00000000e7200000, 0x00000000e7200000, 0x00000000e7300000|  0%| F|  |TAMS 0x00000000e7200000| PB 0x00000000e7200000| Untracked 
| 115|0x00000000e7300000, 0x00000000e7300000, 0x00000000e7400000|  0%| F|  |TAMS 0x00000000e7300000| PB 0x00000000e7300000| Untracked 
| 116|0x00000000e7400000, 0x00000000e7400000, 0x00000000e7500000|  0%| F|  |TAMS 0x00000000e7400000| PB 0x00000000e7400000| Untracked 
| 117|0x00000000e7500000, 0x00000000e7500000, 0x00000000e7600000|  0%| F|  |TAMS 0x00000000e7500000| PB 0x00000000e7500000| Untracked 
| 118|0x00000000e7600000, 0x00000000e7600000, 0x00000000e7700000|  0%| F|  |TAMS 0x00000000e7600000| PB 0x00000000e7600000| Untracked 
| 119|0x00000000e7700000, 0x00000000e7700000, 0x00000000e7800000|  0%| F|  |TAMS 0x00000000e7700000| PB 0x00000000e7700000| Untracked 
| 120|0x00000000e7800000, 0x00000000e7800000, 0x00000000e7900000|  0%| F|  |TAMS 0x00000000e7800000| PB 0x00000000e7800000| Untracked 
| 121|0x00000000e7900000, 0x00000000e7900000, 0x00000000e7a00000|  0%| F|  |TAMS 0x00000000e7900000| PB 0x00000000e7900000| Untracked 
| 122|0x00000000e7a00000, 0x00000000e7a00000, 0x00000000e7b00000|  0%| F|  |TAMS 0x00000000e7a00000| PB 0x00000000e7a00000| Untracked 
| 123|0x00000000e7b00000, 0x00000000e7b00000, 0x00000000e7c00000|  0%| F|  |TAMS 0x00000000e7b00000| PB 0x00000000e7b00000| Untracked 
| 124|0x00000000e7c00000, 0x00000000e7c00000, 0x00000000e7d00000|  0%| F|  |TAMS 0x00000000e7c00000| PB 0x00000000e7c00000| Untracked 
| 125|0x00000000e7d00000, 0x00000000e7d00000, 0x00000000e7e00000|  0%| F|  |TAMS 0x00000000e7d00000| PB 0x00000000e7d00000| Untracked 
| 126|0x00000000e7e00000, 0x00000000e7e00000, 0x00000000e7f00000|  0%| F|  |TAMS 0x00000000e7e00000| PB 0x00000000e7e00000| Untracked 
| 127|0x00000000e7f00000, 0x00000000e7f00000, 0x00000000e8000000|  0%| F|  |TAMS 0x00000000e7f00000| PB 0x00000000e7f00000| Untracked 
| 128|0x00000000e8000000, 0x00000000e8000000, 0x00000000e8100000|  0%| F|  |TAMS 0x00000000e8000000| PB 0x00000000e8000000| Untracked 
| 129|0x00000000e8100000, 0x00000000e8100000, 0x00000000e8200000|  0%| F|  |TAMS 0x00000000e8100000| PB 0x00000000e8100000| Untracked 
| 130|0x00000000e8200000, 0x00000000e8200000, 0x00000000e8300000|  0%| F|  |TAMS 0x00000000e8200000| PB 0x00000000e8200000| Untracked 
| 131|0x00000000e8300000, 0x00000000e8300000, 0x00000000e8400000|  0%| F|  |TAMS 0x00000000e8300000| PB 0x00000000e8300000| Untracked 
| 132|0x00000000e8400000, 0x00000000e8400000, 0x00000000e8500000|  0%| F|  |TAMS 0x00000000e8400000| PB 0x00000000e8400000| Untracked 
| 133|0x00000000e8500000, 0x00000000e8500000, 0x00000000e8600000|  0%| F|  |TAMS 0x00000000e8500000| PB 0x00000000e8500000| Untracked 
| 134|0x00000000e8600000, 0x00000000e8600000, 0x00000000e8700000|  0%| F|  |TAMS 0x00000000e8600000| PB 0x00000000e8600000| Untracked 
| 135|0x00000000e8700000, 0x00000000e8700000, 0x00000000e8800000|  0%| F|  |TAMS 0x00000000e8700000| PB 0x00000000e8700000| Untracked 
| 136|0x00000000e8800000, 0x00000000e8800000, 0x00000000e8900000|  0%| F|  |TAMS 0x00000000e8800000| PB 0x00000000e8800000| Untracked 
| 137|0x00000000e8900000, 0x00000000e8900000, 0x00000000e8a00000|  0%| F|  |TAMS 0x00000000e8900000| PB 0x00000000e8900000| Untracked 
| 138|0x00000000e8a00000, 0x00000000e8a00000, 0x00000000e8b00000|  0%| F|  |TAMS 0x00000000e8a00000| PB 0x00000000e8a00000| Untracked 
| 139|0x00000000e8b00000, 0x00000000e8b00000, 0x00000000e8c00000|  0%| F|  |TAMS 0x00000000e8b00000| PB 0x00000000e8b00000| Untracked 
| 140|0x00000000e8c00000, 0x00000000e8c00000, 0x00000000e8d00000|  0%| F|  |TAMS 0x00000000e8c00000| PB 0x00000000e8c00000| Untracked 
| 141|0x00000000e8d00000, 0x00000000e8d00000, 0x00000000e8e00000|  0%| F|  |TAMS 0x00000000e8d00000| PB 0x00000000e8d00000| Untracked 
| 142|0x00000000e8e00000, 0x00000000e8e00000, 0x00000000e8f00000|  0%| F|  |TAMS 0x00000000e8e00000| PB 0x00000000e8e00000| Untracked 
| 143|0x00000000e8f00000, 0x00000000e8f00000, 0x00000000e9000000|  0%| F|  |TAMS 0x00000000e8f00000| PB 0x00000000e8f00000| Untracked 
| 144|0x00000000e9000000, 0x00000000e9000000, 0x00000000e9100000|  0%| F|  |TAMS 0x00000000e9000000| PB 0x00000000e9000000| Untracked 
| 145|0x00000000e9100000, 0x00000000e9100000, 0x00000000e9200000|  0%| F|  |TAMS 0x00000000e9100000| PB 0x00000000e9100000| Untracked 
| 146|0x00000000e9200000, 0x00000000e9200000, 0x00000000e9300000|  0%| F|  |TAMS 0x00000000e9200000| PB 0x00000000e9200000| Untracked 
| 147|0x00000000e9300000, 0x00000000e9300000, 0x00000000e9400000|  0%| F|  |TAMS 0x00000000e9300000| PB 0x00000000e9300000| Untracked 
| 148|0x00000000e9400000, 0x00000000e9400000, 0x00000000e9500000|  0%| F|  |TAMS 0x00000000e9400000| PB 0x00000000e9400000| Untracked 
| 149|0x00000000e9500000, 0x00000000e9500000, 0x00000000e9600000|  0%| F|  |TAMS 0x00000000e9500000| PB 0x00000000e9500000| Untracked 
| 150|0x00000000e9600000, 0x00000000e96e8340, 0x00000000e9700000| 90%| S|CS|TAMS 0x00000000e9600000| PB 0x00000000e9600000| Complete 
| 151|0x00000000e9700000, 0x00000000e9800000, 0x00000000e9800000|100%| S|CS|TAMS 0x00000000e9700000| PB 0x00000000e9700000| Complete 
| 152|0x00000000e9800000, 0x00000000e9900000, 0x00000000e9900000|100%| S|CS|TAMS 0x00000000e9800000| PB 0x00000000e9800000| Complete 
| 153|0x00000000e9900000, 0x00000000e9a00000, 0x00000000e9a00000|100%| S|CS|TAMS 0x00000000e9900000| PB 0x00000000e9900000| Complete 
| 154|0x00000000e9a00000, 0x00000000e9b00000, 0x00000000e9b00000|100%| S|CS|TAMS 0x00000000e9a00000| PB 0x00000000e9a00000| Complete 
| 155|0x00000000e9b00000, 0x00000000e9c00000, 0x00000000e9c00000|100%| S|CS|TAMS 0x00000000e9b00000| PB 0x00000000e9b00000| Complete 
| 156|0x00000000e9c00000, 0x00000000e9c00000, 0x00000000e9d00000|  0%| F|  |TAMS 0x00000000e9c00000| PB 0x00000000e9c00000| Untracked 
| 157|0x00000000e9d00000, 0x00000000e9d00000, 0x00000000e9e00000|  0%| F|  |TAMS 0x00000000e9d00000| PB 0x00000000e9d00000| Untracked 
| 158|0x00000000e9e00000, 0x00000000e9e00000, 0x00000000e9f00000|  0%| F|  |TAMS 0x00000000e9e00000| PB 0x00000000e9e00000| Untracked 
| 159|0x00000000e9f00000, 0x00000000e9f00000, 0x00000000ea000000|  0%| F|  |TAMS 0x00000000e9f00000| PB 0x00000000e9f00000| Untracked 
| 160|0x00000000ea000000, 0x00000000ea000000, 0x00000000ea100000|  0%| F|  |TAMS 0x00000000ea000000| PB 0x00000000ea000000| Untracked 
| 161|0x00000000ea100000, 0x00000000ea100000, 0x00000000ea200000|  0%| F|  |TAMS 0x00000000ea100000| PB 0x00000000ea100000| Untracked 
| 162|0x00000000ea200000, 0x00000000ea200000, 0x00000000ea300000|  0%| F|  |TAMS 0x00000000ea200000| PB 0x00000000ea200000| Untracked 
| 163|0x00000000ea300000, 0x00000000ea300000, 0x00000000ea400000|  0%| F|  |TAMS 0x00000000ea300000| PB 0x00000000ea300000| Untracked 
| 164|0x00000000ea400000, 0x00000000ea400000, 0x00000000ea500000|  0%| F|  |TAMS 0x00000000ea400000| PB 0x00000000ea400000| Untracked 
| 165|0x00000000ea500000, 0x00000000ea500000, 0x00000000ea600000|  0%| F|  |TAMS 0x00000000ea500000| PB 0x00000000ea500000| Untracked 
| 166|0x00000000ea600000, 0x00000000ea600000, 0x00000000ea700000|  0%| F|  |TAMS 0x00000000ea600000| PB 0x00000000ea600000| Untracked 
| 167|0x00000000ea700000, 0x00000000ea700000, 0x00000000ea800000|  0%| F|  |TAMS 0x00000000ea700000| PB 0x00000000ea700000| Untracked 
| 168|0x00000000ea800000, 0x00000000ea800000, 0x00000000ea900000|  0%| F|  |TAMS 0x00000000ea800000| PB 0x00000000ea800000| Untracked 
| 169|0x00000000ea900000, 0x00000000ea900000, 0x00000000eaa00000|  0%| F|  |TAMS 0x00000000ea900000| PB 0x00000000ea900000| Untracked 
| 170|0x00000000eaa00000, 0x00000000eaa00000, 0x00000000eab00000|  0%| F|  |TAMS 0x00000000eaa00000| PB 0x00000000eaa00000| Untracked 
| 171|0x00000000eab00000, 0x00000000eab00000, 0x00000000eac00000|  0%| F|  |TAMS 0x00000000eab00000| PB 0x00000000eab00000| Untracked 
| 172|0x00000000eac00000, 0x00000000eac00000, 0x00000000ead00000|  0%| F|  |TAMS 0x00000000eac00000| PB 0x00000000eac00000| Untracked 
| 173|0x00000000ead00000, 0x00000000ead00000, 0x00000000eae00000|  0%| F|  |TAMS 0x00000000ead00000| PB 0x00000000ead00000| Untracked 
| 174|0x00000000eae00000, 0x00000000eae00000, 0x00000000eaf00000|  0%| F|  |TAMS 0x00000000eae00000| PB 0x00000000eae00000| Untracked 
| 175|0x00000000eaf00000, 0x00000000eaf00000, 0x00000000eb000000|  0%| F|  |TAMS 0x00000000eaf00000| PB 0x00000000eaf00000| Untracked 
| 176|0x00000000eb000000, 0x00000000eb000000, 0x00000000eb100000|  0%| F|  |TAMS 0x00000000eb000000| PB 0x00000000eb000000| Untracked 
| 177|0x00000000eb100000, 0x00000000eb100000, 0x00000000eb200000|  0%| F|  |TAMS 0x00000000eb100000| PB 0x00000000eb100000| Untracked 
| 178|0x00000000eb200000, 0x00000000eb200000, 0x00000000eb300000|  0%| F|  |TAMS 0x00000000eb200000| PB 0x00000000eb200000| Untracked 
| 179|0x00000000eb300000, 0x00000000eb300000, 0x00000000eb400000|  0%| F|  |TAMS 0x00000000eb300000| PB 0x00000000eb300000| Untracked 
| 180|0x00000000eb400000, 0x00000000eb400000, 0x00000000eb500000|  0%| F|  |TAMS 0x00000000eb400000| PB 0x00000000eb400000| Untracked 
| 181|0x00000000eb500000, 0x00000000eb500000, 0x00000000eb600000|  0%| F|  |TAMS 0x00000000eb500000| PB 0x00000000eb500000| Untracked 
| 182|0x00000000eb600000, 0x00000000eb600000, 0x00000000eb700000|  0%| F|  |TAMS 0x00000000eb600000| PB 0x00000000eb600000| Untracked 
| 183|0x00000000eb700000, 0x00000000eb700000, 0x00000000eb800000|  0%| F|  |TAMS 0x00000000eb700000| PB 0x00000000eb700000| Untracked 
| 184|0x00000000eb800000, 0x00000000eb800000, 0x00000000eb900000|  0%| F|  |TAMS 0x00000000eb800000| PB 0x00000000eb800000| Untracked 
| 185|0x00000000eb900000, 0x00000000eb900000, 0x00000000eba00000|  0%| F|  |TAMS 0x00000000eb900000| PB 0x00000000eb900000| Untracked 
| 186|0x00000000eba00000, 0x00000000eba00000, 0x00000000ebb00000|  0%| F|  |TAMS 0x00000000eba00000| PB 0x00000000eba00000| Untracked 
| 187|0x00000000ebb00000, 0x00000000ebb00000, 0x00000000ebc00000|  0%| F|  |TAMS 0x00000000ebb00000| PB 0x00000000ebb00000| Untracked 
| 188|0x00000000ebc00000, 0x00000000ebc00000, 0x00000000ebd00000|  0%| F|  |TAMS 0x00000000ebc00000| PB 0x00000000ebc00000| Untracked 
| 189|0x00000000ebd00000, 0x00000000ebd00000, 0x00000000ebe00000|  0%| F|  |TAMS 0x00000000ebd00000| PB 0x00000000ebd00000| Untracked 
| 190|0x00000000ebe00000, 0x00000000ebe00000, 0x00000000ebf00000|  0%| F|  |TAMS 0x00000000ebe00000| PB 0x00000000ebe00000| Untracked 
| 191|0x00000000ebf00000, 0x00000000ebf00000, 0x00000000ec000000|  0%| F|  |TAMS 0x00000000ebf00000| PB 0x00000000ebf00000| Untracked 
| 192|0x00000000ec000000, 0x00000000ec000000, 0x00000000ec100000|  0%| F|  |TAMS 0x00000000ec000000| PB 0x00000000ec000000| Untracked 
| 193|0x00000000ec100000, 0x00000000ec100000, 0x00000000ec200000|  0%| F|  |TAMS 0x00000000ec100000| PB 0x00000000ec100000| Untracked 
| 194|0x00000000ec200000, 0x00000000ec200000, 0x00000000ec300000|  0%| F|  |TAMS 0x00000000ec200000| PB 0x00000000ec200000| Untracked 
| 195|0x00000000ec300000, 0x00000000ec300000, 0x00000000ec400000|  0%| F|  |TAMS 0x00000000ec300000| PB 0x00000000ec300000| Untracked 
| 196|0x00000000ec400000, 0x00000000ec400000, 0x00000000ec500000|  0%| F|  |TAMS 0x00000000ec400000| PB 0x00000000ec400000| Untracked 
| 197|0x00000000ec500000, 0x00000000ec500000, 0x00000000ec600000|  0%| F|  |TAMS 0x00000000ec500000| PB 0x00000000ec500000| Untracked 
| 198|0x00000000ec600000, 0x00000000ec600000, 0x00000000ec700000|  0%| F|  |TAMS 0x00000000ec600000| PB 0x00000000ec600000| Untracked 
| 199|0x00000000ec700000, 0x00000000ec700000, 0x00000000ec800000|  0%| F|  |TAMS 0x00000000ec700000| PB 0x00000000ec700000| Untracked 
| 200|0x00000000ec800000, 0x00000000ec800000, 0x00000000ec900000|  0%| F|  |TAMS 0x00000000ec800000| PB 0x00000000ec800000| Untracked 
| 201|0x00000000ec900000, 0x00000000ec900000, 0x00000000eca00000|  0%| F|  |TAMS 0x00000000ec900000| PB 0x00000000ec900000| Untracked 
| 202|0x00000000eca00000, 0x00000000eca00000, 0x00000000ecb00000|  0%| F|  |TAMS 0x00000000eca00000| PB 0x00000000eca00000| Untracked 
| 203|0x00000000ecb00000, 0x00000000ecb00000, 0x00000000ecc00000|  0%| F|  |TAMS 0x00000000ecb00000| PB 0x00000000ecb00000| Untracked 
| 204|0x00000000ecc00000, 0x00000000ecc00000, 0x00000000ecd00000|  0%| F|  |TAMS 0x00000000ecc00000| PB 0x00000000ecc00000| Untracked 
| 205|0x00000000ecd00000, 0x00000000ecd00000, 0x00000000ece00000|  0%| F|  |TAMS 0x00000000ecd00000| PB 0x00000000ecd00000| Untracked 
| 206|0x00000000ece00000, 0x00000000ece00000, 0x00000000ecf00000|  0%| F|  |TAMS 0x00000000ece00000| PB 0x00000000ece00000| Untracked 
| 207|0x00000000ecf00000, 0x00000000ecf00000, 0x00000000ed000000|  0%| F|  |TAMS 0x00000000ecf00000| PB 0x00000000ecf00000| Untracked 
| 208|0x00000000ed000000, 0x00000000ed000000, 0x00000000ed100000|  0%| F|  |TAMS 0x00000000ed000000| PB 0x00000000ed000000| Untracked 
| 209|0x00000000ed100000, 0x00000000ed100000, 0x00000000ed200000|  0%| F|  |TAMS 0x00000000ed100000| PB 0x00000000ed100000| Untracked 
| 210|0x00000000ed200000, 0x00000000ed200000, 0x00000000ed300000|  0%| F|  |TAMS 0x00000000ed200000| PB 0x00000000ed200000| Untracked 
| 211|0x00000000ed300000, 0x00000000ed300000, 0x00000000ed400000|  0%| F|  |TAMS 0x00000000ed300000| PB 0x00000000ed300000| Untracked 
| 212|0x00000000ed400000, 0x00000000ed400000, 0x00000000ed500000|  0%| F|  |TAMS 0x00000000ed400000| PB 0x00000000ed400000| Untracked 
| 213|0x00000000ed500000, 0x00000000ed500000, 0x00000000ed600000|  0%| F|  |TAMS 0x00000000ed500000| PB 0x00000000ed500000| Untracked 
| 214|0x00000000ed600000, 0x00000000ed600000, 0x00000000ed700000|  0%| F|  |TAMS 0x00000000ed600000| PB 0x00000000ed600000| Untracked 
| 215|0x00000000ed700000, 0x00000000ed700000, 0x00000000ed800000|  0%| F|  |TAMS 0x00000000ed700000| PB 0x00000000ed700000| Untracked 
| 216|0x00000000ed800000, 0x00000000ed800000, 0x00000000ed900000|  0%| F|  |TAMS 0x00000000ed800000| PB 0x00000000ed800000| Untracked 
| 217|0x00000000ed900000, 0x00000000ed900000, 0x00000000eda00000|  0%| F|  |TAMS 0x00000000ed900000| PB 0x00000000ed900000| Untracked 
| 218|0x00000000eda00000, 0x00000000eda00000, 0x00000000edb00000|  0%| F|  |TAMS 0x00000000eda00000| PB 0x00000000eda00000| Untracked 
| 219|0x00000000edb00000, 0x00000000edb00000, 0x00000000edc00000|  0%| F|  |TAMS 0x00000000edb00000| PB 0x00000000edb00000| Untracked 
| 220|0x00000000edc00000, 0x00000000edc00000, 0x00000000edd00000|  0%| F|  |TAMS 0x00000000edc00000| PB 0x00000000edc00000| Untracked 
| 221|0x00000000edd00000, 0x00000000edd00000, 0x00000000ede00000|  0%| F|  |TAMS 0x00000000edd00000| PB 0x00000000edd00000| Untracked 
| 222|0x00000000ede00000, 0x00000000ede00000, 0x00000000edf00000|  0%| F|  |TAMS 0x00000000ede00000| PB 0x00000000ede00000| Untracked 
| 223|0x00000000edf00000, 0x00000000edf00000, 0x00000000ee000000|  0%| F|  |TAMS 0x00000000edf00000| PB 0x00000000edf00000| Untracked 
| 224|0x00000000ee000000, 0x00000000ee000000, 0x00000000ee100000|  0%| F|  |TAMS 0x00000000ee000000| PB 0x00000000ee000000| Untracked 
| 225|0x00000000ee100000, 0x00000000ee100000, 0x00000000ee200000|  0%| F|  |TAMS 0x00000000ee100000| PB 0x00000000ee100000| Untracked 
| 226|0x00000000ee200000, 0x00000000ee200000, 0x00000000ee300000|  0%| F|  |TAMS 0x00000000ee200000| PB 0x00000000ee200000| Untracked 
| 227|0x00000000ee300000, 0x00000000ee300000, 0x00000000ee400000|  0%| F|  |TAMS 0x00000000ee300000| PB 0x00000000ee300000| Untracked 
| 228|0x00000000ee400000, 0x00000000ee400000, 0x00000000ee500000|  0%| F|  |TAMS 0x00000000ee400000| PB 0x00000000ee400000| Untracked 
| 229|0x00000000ee500000, 0x00000000ee500000, 0x00000000ee600000|  0%| F|  |TAMS 0x00000000ee500000| PB 0x00000000ee500000| Untracked 
| 230|0x00000000ee600000, 0x00000000ee600000, 0x00000000ee700000|  0%| F|  |TAMS 0x00000000ee600000| PB 0x00000000ee600000| Untracked 
| 231|0x00000000ee700000, 0x00000000ee700000, 0x00000000ee800000|  0%| F|  |TAMS 0x00000000ee700000| PB 0x00000000ee700000| Untracked 
| 232|0x00000000ee800000, 0x00000000ee800000, 0x00000000ee900000|  0%| F|  |TAMS 0x00000000ee800000| PB 0x00000000ee800000| Untracked 
| 233|0x00000000ee900000, 0x00000000ee900000, 0x00000000eea00000|  0%| F|  |TAMS 0x00000000ee900000| PB 0x00000000ee900000| Untracked 
| 234|0x00000000eea00000, 0x00000000eea00000, 0x00000000eeb00000|  0%| F|  |TAMS 0x00000000eea00000| PB 0x00000000eea00000| Untracked 
| 235|0x00000000eeb00000, 0x00000000eeb00000, 0x00000000eec00000|  0%| F|  |TAMS 0x00000000eeb00000| PB 0x00000000eeb00000| Untracked 
| 236|0x00000000eec00000, 0x00000000eec00000, 0x00000000eed00000|  0%| F|  |TAMS 0x00000000eec00000| PB 0x00000000eec00000| Untracked 
| 237|0x00000000eed00000, 0x00000000eed00000, 0x00000000eee00000|  0%| F|  |TAMS 0x00000000eed00000| PB 0x00000000eed00000| Untracked 
| 238|0x00000000eee00000, 0x00000000eee00000, 0x00000000eef00000|  0%| F|  |TAMS 0x00000000eee00000| PB 0x00000000eee00000| Untracked 
| 239|0x00000000eef00000, 0x00000000eef00000, 0x00000000ef000000|  0%| F|  |TAMS 0x00000000eef00000| PB 0x00000000eef00000| Untracked 
| 240|0x00000000ef000000, 0x00000000ef000000, 0x00000000ef100000|  0%| F|  |TAMS 0x00000000ef000000| PB 0x00000000ef000000| Untracked 
| 241|0x00000000ef100000, 0x00000000ef100000, 0x00000000ef200000|  0%| F|  |TAMS 0x00000000ef100000| PB 0x00000000ef100000| Untracked 
| 242|0x00000000ef200000, 0x00000000ef200000, 0x00000000ef300000|  0%| F|  |TAMS 0x00000000ef200000| PB 0x00000000ef200000| Untracked 
| 243|0x00000000ef300000, 0x00000000ef300000, 0x00000000ef400000|  0%| F|  |TAMS 0x00000000ef300000| PB 0x00000000ef300000| Untracked 
| 244|0x00000000ef400000, 0x00000000ef400000, 0x00000000ef500000|  0%| F|  |TAMS 0x00000000ef400000| PB 0x00000000ef400000| Untracked 
| 245|0x00000000ef500000, 0x00000000ef500000, 0x00000000ef600000|  0%| F|  |TAMS 0x00000000ef500000| PB 0x00000000ef500000| Untracked 
| 246|0x00000000ef600000, 0x00000000ef600000, 0x00000000ef700000|  0%| F|  |TAMS 0x00000000ef600000| PB 0x00000000ef600000| Untracked 
| 247|0x00000000ef700000, 0x00000000ef700000, 0x00000000ef800000|  0%| F|  |TAMS 0x00000000ef700000| PB 0x00000000ef700000| Untracked 
| 248|0x00000000ef800000, 0x00000000ef800000, 0x00000000ef900000|  0%| F|  |TAMS 0x00000000ef800000| PB 0x00000000ef800000| Untracked 
| 249|0x00000000ef900000, 0x00000000ef900000, 0x00000000efa00000|  0%| F|  |TAMS 0x00000000ef900000| PB 0x00000000ef900000| Untracked 
| 250|0x00000000efa00000, 0x00000000efa00000, 0x00000000efb00000|  0%| F|  |TAMS 0x00000000efa00000| PB 0x00000000efa00000| Untracked 
| 251|0x00000000efb00000, 0x00000000efb00000, 0x00000000efc00000|  0%| F|  |TAMS 0x00000000efb00000| PB 0x00000000efb00000| Untracked 
| 252|0x00000000efc00000, 0x00000000efc00000, 0x00000000efd00000|  0%| F|  |TAMS 0x00000000efc00000| PB 0x00000000efc00000| Untracked 
| 253|0x00000000efd00000, 0x00000000efd00000, 0x00000000efe00000|  0%| F|  |TAMS 0x00000000efd00000| PB 0x00000000efd00000| Untracked 
| 254|0x00000000efe00000, 0x00000000efe00000, 0x00000000eff00000|  0%| F|  |TAMS 0x00000000efe00000| PB 0x00000000efe00000| Untracked 
| 255|0x00000000eff00000, 0x00000000f0000000, 0x00000000f0000000|100%| E|  |TAMS 0x00000000eff00000| PB 0x00000000eff00000| Complete 

Card table byte_map: [0x000001e74ed80000,0x000001e74ee80000] _byte_map_base: 0x000001e74e680000

Marking Bits: (CMBitMap*) 0x000001e73c7bf7b0
 Bits: [0x000001e74ee80000, 0x000001e74f680000)

Polling page: 0x000001e739f60000

Metaspace:

Usage:
  Non-class:     27.88 MB used.
      Class:      4.86 MB used.
       Both:     32.75 MB used.

Virtual space:
  Non-class space:       64.00 MB reserved,      28.56 MB ( 45%) committed,  1 nodes.
      Class space:      320.00 MB reserved,       5.50 MB (  2%) committed,  1 nodes.
             Both:      384.00 MB reserved,      34.06 MB (  9%) committed. 

Chunk freelists:
   Non-Class:  2.83 MB
       Class:  10.45 MB
        Both:  13.28 MB

MaxMetaspaceSize: 384.00 MB
CompressedClassSpaceSize: 320.00 MB
Initial GC threshold: 21.00 MB
Current GC threshold: 35.25 MB
CDS: on
 - commit_granule_bytes: 65536.
 - commit_granule_words: 8192.
 - virtual_space_node_default_size: 8388608.
 - enlarge_chunks_in_place: 1.
 - use_allocation_guard: 0.


Internal statistics:

num_allocs_failed_limit: 3.
num_arena_births: 2342.
num_arena_deaths: 0.
num_vsnodes_births: 2.
num_vsnodes_deaths: 0.
num_space_committed: 545.
num_space_uncommitted: 0.
num_chunks_returned_to_freelist: 3.
num_chunks_taken_from_freelist: 3935.
num_chunk_merges: 3.
num_chunk_splits: 2570.
num_chunks_enlarged: 1578.
num_inconsistent_stats: 0.

CodeHeap 'non-profiled nmethods': size=120000Kb used=2405Kb max_used=2405Kb free=117595Kb
 bounds [0x000001e747420000, 0x000001e747690000, 0x000001e74e950000]
CodeHeap 'profiled nmethods': size=120000Kb used=8362Kb max_used=8362Kb free=111637Kb
 bounds [0x000001e73f950000, 0x000001e740180000, 0x000001e746e80000]
CodeHeap 'non-nmethods': size=5760Kb used=1453Kb max_used=1502Kb free=4306Kb
 bounds [0x000001e746e80000, 0x000001e7470f0000, 0x000001e747420000]
CodeCache: size=245760Kb, used=12220Kb, max_used=12269Kb, free=233538Kb
 total_blobs=4801, nmethods=4197, adapters=508, full_count=0
Compilation: enabled, stopped_count=0, restarted_count=0

Compilation events (20 events):
Event: 183.390 Thread 0x000001e7520d3740 nmethod 4196 0x000001e740177090 code [0x000001e740177240, 0x000001e7401773f8]
Event: 183.438 Thread 0x000001e7520d3740 4197       3       java.lang.ClassLoader::getClassLoadingLock (35 bytes)
Event: 183.439 Thread 0x000001e7520d3740 nmethod 4197 0x000001e740177490 code [0x000001e740177660, 0x000001e740177940]
Event: 183.484 Thread 0x000001e7520c3720 4198   !   4       java.lang.ClassLoader::loadClass (121 bytes)
Event: 183.707 Thread 0x000001e7520d3740 4200   !   2       java.net.URLClassLoader$1::run (81 bytes)
Event: 183.708 Thread 0x000001e7520d3740 nmethod 4200 0x000001e740177a90 code [0x000001e740177d40, 0x000001e740178570]
Event: 183.708 Thread 0x000001e7520d3740 4201       2       java.net.URLClassLoader$1::<init> (15 bytes)
Event: 183.708 Thread 0x000001e7520d3740 nmethod 4201 0x000001e740178a90 code [0x000001e740178c40, 0x000001e740178df0]
Event: 183.850 Thread 0x000001e7520d3740 4202       3       jdk.internal.loader.Resource::getByteBuffer (24 bytes)
Event: 183.851 Thread 0x000001e7520d3740 nmethod 4202 0x000001e740178e90 code [0x000001e740179080, 0x000001e740179768]
Event: 184.031 Thread 0x000001e7520d3740 4203       3       jdk.internal.loader.URLClassPath$JarLoader::findResource (18 bytes)
Event: 184.032 Thread 0x000001e7520d3740 nmethod 4203 0x000001e740179890 code [0x000001e740179a60, 0x000001e740179cc8]
Event: 184.032 Thread 0x000001e7520d3740 4204       3       java.net.URL::<init> (8 bytes)
Event: 184.033 Thread 0x000001e7520d3740 nmethod 4204 0x000001e740179d90 code [0x000001e740179f40, 0x000001e74017a088]
Event: 184.034 Thread 0x000001e7520d3740 4205       3       sun.nio.fs.WindowsPath::checkRead (17 bytes)
Event: 184.034 Thread 0x000001e7520d3740 nmethod 4205 0x000001e74017a110 code [0x000001e74017a2c0, 0x000001e74017a4b0]
Event: 184.251 Thread 0x000001e7520d3740 4206       3       java.util.concurrent.ScheduledThreadPoolExecutor$ScheduledFutureTask::getDelay (16 bytes)
Event: 184.252 Thread 0x000001e7520d3740 nmethod 4206 0x000001e74017a590 code [0x000001e74017a740, 0x000001e74017a8d8]
Event: 184.293 Thread 0x000001e7520c3720 nmethod 4198 0x000001e747666010 code [0x000001e747666980, 0x000001e747671808]
Event: 184.295 Thread 0x000001e7520c3720 4199   !   4       java.net.URLClassLoader::findClass (47 bytes)

GC Heap History (8 events):
Event: 1.268 GC heap before
{Heap before GC invocations=0 (full 0):
 garbage-first heap   total 262144K, used 23552K [0x00000000e0000000, 0x0000000100000000)
  region size 1024K, 23 young (23552K), 0 survivors (0K)
 Metaspace       used 919K, committed 1088K, reserved 393216K
  class space    used 76K, committed 128K, reserved 327680K
}
Event: 1.279 GC heap after
{Heap after GC invocations=1 (full 0):
 garbage-first heap   total 262144K, used 1621K [0x00000000e0000000, 0x0000000100000000)
  region size 1024K, 2 young (2048K), 2 survivors (2048K)
 Metaspace       used 919K, committed 1088K, reserved 393216K
  class space    used 76K, committed 128K, reserved 327680K
}
Event: 24.426 GC heap before
{Heap before GC invocations=1 (full 0):
 garbage-first heap   total 262144K, used 42581K [0x00000000e0000000, 0x0000000100000000)
  region size 1024K, 39 young (39936K), 2 survivors (2048K)
 Metaspace       used 4660K, committed 4928K, reserved 393216K
  class space    used 590K, committed 704K, reserved 327680K
}
Event: 24.436 GC heap after
{Heap after GC invocations=2 (full 0):
 garbage-first heap   total 262144K, used 11729K [0x00000000e0000000, 0x0000000100000000)
  region size 1024K, 5 young (5120K), 5 survivors (5120K)
 Metaspace       used 4660K, committed 4928K, reserved 393216K
  class space    used 590K, committed 704K, reserved 327680K
}
Event: 97.228 GC heap before
{Heap before GC invocations=2 (full 0):
 garbage-first heap   total 262144K, used 152017K [0x00000000e0000000, 0x0000000100000000)
  region size 1024K, 140 young (143360K), 5 survivors (5120K)
 Metaspace       used 20966K, committed 21504K, reserved 393216K
  class space    used 2891K, committed 3136K, reserved 327680K
}
Event: 97.333 GC heap after
{Heap after GC invocations=3 (full 0):
 garbage-first heap   total 262144K, used 23848K [0x00000000e0000000, 0x0000000100000000)
  region size 1024K, 16 young (16384K), 16 survivors (16384K)
 Metaspace       used 20966K, committed 21504K, reserved 393216K
  class space    used 2891K, committed 3136K, reserved 327680K
}
Event: 183.180 GC heap before
{Heap before GC invocations=4 (full 0):
 garbage-first heap   total 262144K, used 126248K [0x00000000e0000000, 0x0000000100000000)
  region size 1024K, 116 young (118784K), 16 survivors (16384K)
 Metaspace       used 33357K, committed 34752K, reserved 393216K
  class space    used 4954K, committed 5632K, reserved 327680K
}
Event: 183.365 GC heap after
{Heap after GC invocations=5 (full 0):
 garbage-first heap   total 262144K, used 29633K [0x00000000e0000000, 0x0000000100000000)
  region size 1024K, 6 young (6144K), 6 survivors (6144K)
 Metaspace       used 33357K, committed 34752K, reserved 393216K
  class space    used 4954K, committed 5632K, reserved 327680K
}

Dll operation events (20 events):
Event: 0.371 Attempting to load shared library C:\Users\san\.cursor\extensions\redhat.java-1.56.0-win32-x64\jre\21.0.12.1-win32-x86_64\bin\nio.dll
Event: 0.372 Loaded shared library C:\Users\san\.cursor\extensions\redhat.java-1.56.0-win32-x64\jre\21.0.12.1-win32-x86_64\bin\nio.dll
Event: 0.399 Attempting to load shared library C:\Users\san\.cursor\extensions\redhat.java-1.56.0-win32-x64\jre\21.0.12.1-win32-x86_64\bin\zip.dll
Event: 0.399 Loaded shared library C:\Users\san\.cursor\extensions\redhat.java-1.56.0-win32-x64\jre\21.0.12.1-win32-x86_64\bin\zip.dll
Event: 1.284 Attempting to load shared library C:\Users\san\.cursor\extensions\redhat.java-1.56.0-win32-x64\jre\21.0.12.1-win32-x86_64\bin\jimage.dll
Event: 1.284 Loaded shared library C:\Users\san\.cursor\extensions\redhat.java-1.56.0-win32-x64\jre\21.0.12.1-win32-x86_64\bin\jimage.dll
Event: 2.067 Attempting to load shared library C:\Users\san\.cursor\extensions\redhat.java-1.56.0-win32-x64\jre\21.0.12.1-win32-x86_64\bin\verify.dll
Event: 2.070 Loaded shared library C:\Users\san\.cursor\extensions\redhat.java-1.56.0-win32-x64\jre\21.0.12.1-win32-x86_64\bin\verify.dll
Event: 2.141 Attempting to load shared library C:\Users\san\.gradle\native\660c5614fbf4a5f2a75b1949f50a0caf5cd603558e7d8a26e50b933a0cfb79d1\windows-amd64\native-platform.dll
Event: 2.145 Loaded shared library C:\Users\san\.gradle\native\660c5614fbf4a5f2a75b1949f50a0caf5cd603558e7d8a26e50b933a0cfb79d1\windows-amd64\native-platform.dll
Event: 2.161 Attempting to load shared library C:\Users\san\.gradle\native\0.2.8\x86_64-windows-gnu\gradle-fileevents.dll
Event: 2.162 Loaded shared library C:\Users\san\.gradle\native\0.2.8\x86_64-windows-gnu\gradle-fileevents.dll
Event: 43.936 Attempting to load shared library C:\Users\san\.cursor\extensions\redhat.java-1.56.0-win32-x64\jre\21.0.12.1-win32-x86_64\bin\management.dll
Event: 43.938 Loaded shared library C:\Users\san\.cursor\extensions\redhat.java-1.56.0-win32-x64\jre\21.0.12.1-win32-x86_64\bin\management.dll
Event: 43.953 Attempting to load shared library C:\Users\san\.cursor\extensions\redhat.java-1.56.0-win32-x64\jre\21.0.12.1-win32-x86_64\bin\management_ext.dll
Event: 43.963 Loaded shared library C:\Users\san\.cursor\extensions\redhat.java-1.56.0-win32-x64\jre\21.0.12.1-win32-x86_64\bin\management_ext.dll
Event: 48.282 Attempting to load shared library C:\Users\san\.cursor\extensions\redhat.java-1.56.0-win32-x64\jre\21.0.12.1-win32-x86_64\bin\extnet.dll
Event: 48.310 Loaded shared library C:\Users\san\.cursor\extensions\redhat.java-1.56.0-win32-x64\jre\21.0.12.1-win32-x86_64\bin\extnet.dll
Event: 61.571 Attempting to load shared library C:\Users\san\.cursor\extensions\redhat.java-1.56.0-win32-x64\jre\21.0.12.1-win32-x86_64\bin\sunmscapi.dll
Event: 61.606 Loaded shared library C:\Users\san\.cursor\extensions\redhat.java-1.56.0-win32-x64\jre\21.0.12.1-win32-x86_64\bin\sunmscapi.dll

Deoptimization events (20 events):
Event: 178.403 Thread 0x000001e76c438ef0 Uncommon trap: trap_request=0xffffffde fr.pc=0x000001e7474856e0 relative=0x0000000000001100
Event: 178.403 Thread 0x000001e76c438ef0 Uncommon trap: reason=class_check action=maybe_recompile pc=0x000001e7474856e0 method=jdk.internal.loader.URLClassPath.getLoader(I)Ljdk/internal/loader/URLClassPath$Loader; @ 88 c2
Event: 178.403 Thread 0x000001e76c438ef0 DEOPT PACKING pc=0x000001e7474856e0 sp=0x0000008851bfa2f0
Event: 178.403 Thread 0x000001e76c438ef0 DEOPT UNPACKING pc=0x000001e746ed4422 sp=0x0000008851bfa2d0 mode 2
Event: 178.403 Thread 0x000001e76c438ef0 Uncommon trap: trap_request=0xffffffde fr.pc=0x000001e7475a0d68 relative=0x0000000000004608
Event: 178.404 Thread 0x000001e76c438ef0 Uncommon trap: reason=class_check action=maybe_recompile pc=0x000001e7475a0d68 method=jdk.internal.loader.URLClassPath.getResource(Ljava/lang/String;Z)Ljdk/internal/loader/Resource; @ 53 c2
Event: 178.404 Thread 0x000001e76c438ef0 DEOPT PACKING pc=0x000001e7475a0d68 sp=0x0000008851bfa3a0
Event: 178.404 Thread 0x000001e76c438ef0 DEOPT UNPACKING pc=0x000001e746ed4422 sp=0x0000008851bfa1d0 mode 2
Event: 178.477 Thread 0x000001e76c438ef0 Uncommon trap: trap_request=0xffffff45 fr.pc=0x000001e747535618 relative=0x00000000000000f8
Event: 178.477 Thread 0x000001e76c438ef0 Uncommon trap: reason=unstable_if action=reinterpret pc=0x000001e747535618 method=java.lang.ClassLoader.getClassLoadingLock(Ljava/lang/String;)Ljava/lang/Object; @ 6 c2
Event: 178.477 Thread 0x000001e76c438ef0 DEOPT PACKING pc=0x000001e747535618 sp=0x0000008851bf8940
Event: 178.477 Thread 0x000001e76c438ef0 DEOPT UNPACKING pc=0x000001e746ed4422 sp=0x0000008851bf88d0 mode 2
Event: 178.576 Thread 0x000001e76c438ef0 Uncommon trap: trap_request=0xffffff45 fr.pc=0x000001e7475af474 relative=0x00000000000008d4
Event: 178.576 Thread 0x000001e76c438ef0 Uncommon trap: reason=unstable_if action=reinterpret pc=0x000001e7475af474 method=java.lang.Class.getPackageName()Ljava/lang/String; @ 55 c2
Event: 178.576 Thread 0x000001e76c438ef0 DEOPT PACKING pc=0x000001e7475af474 sp=0x0000008851bf9f80
Event: 178.576 Thread 0x000001e76c438ef0 DEOPT UNPACKING pc=0x000001e746ed4422 sp=0x0000008851bf9f50 mode 2
Event: 178.634 Thread 0x000001e76c438ef0 Uncommon trap: trap_request=0xffffffde fr.pc=0x000001e7474859d4 relative=0x00000000000013f4
Event: 178.634 Thread 0x000001e76c438ef0 Uncommon trap: reason=class_check action=maybe_recompile pc=0x000001e7474859d4 method=jdk.internal.loader.URLClassPath.getLoader(I)Ljdk/internal/loader/URLClassPath$Loader; @ 190 c2
Event: 178.634 Thread 0x000001e76c438ef0 DEOPT PACKING pc=0x000001e7474859d4 sp=0x0000008851bf5540
Event: 178.634 Thread 0x000001e76c438ef0 DEOPT UNPACKING pc=0x000001e746ed4422 sp=0x0000008851bf5530 mode 2

Classes loaded (20 events):
Event: 164.772 Loading class java/util/stream/IntStream
Event: 164.773 Loading class java/util/stream/IntStream done
Event: 164.773 Loading class java/util/stream/Streams$RangeIntSpliterator
Event: 164.773 Loading class java/util/stream/Streams$RangeIntSpliterator done
Event: 164.783 Loading class java/util/stream/IntPipeline$Head
Event: 164.784 Loading class java/util/stream/IntPipeline
Event: 164.786 Loading class java/util/stream/IntPipeline done
Event: 164.786 Loading class java/util/stream/IntPipeline$Head done
Event: 178.343 Loading class jdk/internal/loader/URLClassPath$FileLoader
Event: 178.373 Loading class jdk/internal/loader/URLClassPath$FileLoader done
Event: 178.404 Loading class jdk/internal/loader/URLClassPath$FileLoader$1
Event: 178.404 Loading class jdk/internal/loader/URLClassPath$FileLoader$1 done
Event: 179.827 Loading class java/beans/Transient
Event: 179.836 Loading class java/beans/Transient done
Event: 182.972 Loading class java/security/CodeSigner
Event: 182.973 Loading class java/security/CodeSigner done
Event: 183.484 Loading class java/util/EventListener
Event: 183.484 Loading class java/util/EventListener done
Event: 184.141 Loading class java/util/BitSet
Event: 184.143 Loading class java/util/BitSet done

Classes unloaded (0 events):
No events

Classes redefined (0 events):
No events

Internal exceptions (20 events):
Event: 154.000 Thread 0x000001e76c438ef0 Exception <a 'java/lang/NoSuchMethodError'{0x00000000eb4c3180}: 'java.lang.Object java.lang.invoke.DelegatingMethodHandle$Holder.reinvoke_L(java.lang.Object, java.lang.Object, java.lang.Object, java.lang.Object, java.lang.Object, java.lang.Object, java.lang.Object, java.lang.Object, java.lang.Object, java.lang.Object, java.lang.Object, java.lang.Object, java.lang.Object, java.lang.Object, java.lang.Object)'> (0x00000000eb4c3180) 
thrown [s\src\hotspot\share\interpreter\linkResolver.cpp, line 773]
Event: 156.366 Thread 0x000001e76c438ef0 Exception <a 'java/lang/NoSuchMethodError'{0x00000000eaed1880}: 'java.lang.Object java.lang.invoke.DelegatingMethodHandle$Holder.reinvoke_L(java.lang.Object, java.lang.Object, java.lang.Object, java.lang.Object, java.lang.Object, java.lang.Object, java.lang.Object, java.lang.Object, java.lang.Object, java.lang.Object, java.lang.Object, java.lang.Object, java.lang.Object, java.lang.Object, java.lang.Object, java.lang.Object, java.lang.Object, java.lang.Object, java.lang.Object, java.lang.Object, java.lang.O
Event: 156.655 Thread 0x000001e76c438ef0 Exception <a 'java/lang/NoSuchMethodError'{0x00000000eadb72d8}: 'java.lang.Object java.lang.invoke.DirectMethodHandle$Holder.invokeStatic(java.lang.Object, java.lang.Object, java.lang.Object, java.lang.Object, java.lang.Object, java.lang.Object, java.lang.Object, java.lang.Object, java.lang.Object, java.lang.Object, java.lang.Object, java.lang.Object, java.lang.Object, java.lang.Object, java.lang.Object, java.lang.Object, java.lang.Object, java.lang.Object, java.lang.Object, java.lang.Object, java.lang.Obj
Event: 156.735 Thread 0x000001e76c438ef0 Exception <a 'java/lang/NoSuchMethodError'{0x00000000eadecf08}: 'java.lang.Object java.lang.invoke.DirectMethodHandle$Holder.invokeStatic(java.lang.Object, java.lang.Object, java.lang.Object, java.lang.Object, java.lang.Object, java.lang.Object, java.lang.Object, java.lang.Object, java.lang.Object, java.lang.Object, java.lang.Object, java.lang.Object, java.lang.Object, java.lang.Object, java.lang.Object, java.lang.Object, java.lang.Object, java.lang.Object, java.lang.Object, java.lang.Object, java.lang.Obj
Event: 156.777 Thread 0x000001e76c438ef0 Exception <a 'java/lang/NoSuchMethodError'{0x00000000eac24240}: 'java.lang.Object java.lang.invoke.DirectMethodHandle$Holder.invokeStatic(java.lang.Object, java.lang.Object, java.lang.Object, java.lang.Object, java.lang.Object, java.lang.Object, java.lang.Object, java.lang.Object, java.lang.Object, java.lang.Object, java.lang.Object, java.lang.Object, java.lang.Object, java.lang.Object, java.lang.Object, java.lang.Object, java.lang.Object, java.lang.Object, java.lang.Object, java.lang.Object, java.lang.Obj
Event: 156.844 Thread 0x000001e76c438ef0 Exception <a 'java/lang/NoSuchMethodError'{0x00000000eac5cb40}: 'java.lang.Object java.lang.invoke.DirectMethodHandle$Holder.invokeStatic(java.lang.Object, java.lang.Object, java.lang.Object, java.lang.Object, java.lang.Object, java.lang.Object, java.lang.Object, java.lang.Object, java.lang.Object, java.lang.Object, java.lang.Object, java.lang.Object, java.lang.Object, java.lang.Object, java.lang.Object, java.lang.Object, java.lang.Object, java.lang.Object, java.lang.Object, java.lang.Object, java.lang.Obj
Event: 156.957 Thread 0x000001e76c438ef0 Exception <a 'java/lang/NoSuchMethodError'{0x00000000eac99088}: 'java.lang.Object java.lang.invoke.DirectMethodHandle$Holder.invokeStatic(java.lang.Object, java.lang.Object, java.lang.Object, java.lang.Object, java.lang.Object, java.lang.Object, java.lang.Object, java.lang.Object, java.lang.Object, java.lang.Object, java.lang.Object, java.lang.Object, java.lang.Object, java.lang.Object, java.lang.Object, java.lang.Object, java.lang.Object, java.lang.Object, java.lang.Object, java.lang.Object, java.lang.Obj
Event: 157.026 Thread 0x000001e76c438ef0 Exception <a 'java/lang/NoSuchMethodError'{0x00000000eacd6838}: 'java.lang.Object java.lang.invoke.DirectMethodHandle$Holder.invokeStatic(java.lang.Object, java.lang.Object, java.lang.Object, java.lang.Object, java.lang.Object, java.lang.Object, java.lang.Object, java.lang.Object, java.lang.Object, java.lang.Object, java.lang.Object, java.lang.Object, java.lang.Object, java.lang.Object, java.lang.Object, java.lang.Object, java.lang.Object, java.lang.Object, java.lang.Object, java.lang.Object, java.lang.Obj
Event: 158.015 Thread 0x000001e76c438ef0 Exception <a 'java/lang/NoSuchMethodError'{0x00000000ea97fa10}: 'java.lang.Object java.lang.invoke.DirectMethodHandle$Holder.newInvokeSpecial(java.lang.Object, java.lang.Object, java.lang.Object, java.lang.Object, java.lang.Object, java.lang.Object, java.lang.Object, java.lang.Object, java.lang.Object)'> (0x00000000ea97fa10) 
thrown [s\src\hotspot\share\interpreter\linkResolver.cpp, line 773]
Event: 160.059 Thread 0x000001e76c438ef0 Exception <a 'java/lang/IncompatibleClassChangeError'{0x00000000ea61c5a8}: Found class java.lang.Object, but interface was expected> (0x00000000ea61c5a8) 
thrown [s\src\hotspot\share\interpreter\linkResolver.cpp, line 840]
Event: 162.904 Thread 0x000001e76c30c160 Implicit null exception at 0x000001e74758724f to 0x000001e7475875cc
Event: 163.778 Thread 0x000001e76c438ef0 Exception <a 'java/lang/NoSuchMethodError'{0x00000000ea44a1d0}: 'java.lang.Object java.lang.invoke.DirectMethodHandle$Holder.newInvokeSpecial(java.lang.Object, java.lang.Object, long)'> (0x00000000ea44a1d0) 
thrown [s\src\hotspot\share\interpreter\linkResolver.cpp, line 773]
Event: 163.786 Thread 0x000001e76c438ef0 Exception <a 'java/lang/NoSuchMethodError'{0x00000000ea44e828}: 'java.lang.Object java.lang.invoke.Invokers$Holder.linkToTargetMethod(java.lang.Object, long, java.lang.Object)'> (0x00000000ea44e828) 
thrown [s\src\hotspot\share\interpreter\linkResolver.cpp, line 773]
Event: 164.548 Thread 0x000001e76c438ef0 Exception <a 'java/lang/NoSuchMethodError'{0x00000000ea3f07a8}: 'int java.lang.invoke.DirectMethodHandle$Holder.invokeInterface(java.lang.Object, java.lang.Object)'> (0x00000000ea3f07a8) 
thrown [s\src\hotspot\share\interpreter\linkResolver.cpp, line 773]
Event: 164.739 Thread 0x000001e76c438ef0 Exception <a 'java/lang/NoSuchMethodError'{0x00000000ea272960}: 'java.lang.Object java.lang.invoke.DirectMethodHandle$Holder.invokeVirtual(java.lang.Object, java.lang.Object, int)'> (0x00000000ea272960) 
thrown [s\src\hotspot\share\interpreter\linkResolver.cpp, line 773]
Event: 166.353 Thread 0x000001e76c438ef0 Exception <a 'java/lang/NoSuchMethodError'{0x00000000ea13d998}: 'java.lang.Object java.lang.invoke.DirectMethodHandle$Holder.invokeStatic(java.lang.Object, java.lang.Object, int, java.lang.Object)'> (0x00000000ea13d998) 
thrown [s\src\hotspot\share\interpreter\linkResolver.cpp, line 773]
Event: 166.362 Thread 0x000001e76c438ef0 Exception <a 'java/lang/NoSuchMethodError'{0x00000000ea144df0}: 'java.lang.Object java.lang.invoke.DirectMethodHandle$Holder.newInvokeSpecial(java.lang.Object, java.lang.Object, int, java.lang.Object)'> (0x00000000ea144df0) 
thrown [s\src\hotspot\share\interpreter\linkResolver.cpp, line 773]
Event: 166.373 Thread 0x000001e76c438ef0 Exception <a 'java/lang/NoSuchMethodError'{0x00000000ea149588}: 'java.lang.Object java.lang.invoke.DirectMethodHandle$Holder.invokeSpecial(java.lang.Object, java.lang.Object, java.lang.Object, int, java.lang.Object)'> (0x00000000ea149588) 
thrown [s\src\hotspot\share\interpreter\linkResolver.cpp, line 773]
Event: 178.135 Thread 0x000001e76c438ef0 Exception <a 'java/lang/NoSuchMethodError'{0x00000000e9d5c498}: 'void java.lang.invoke.DirectMethodHandle$Holder.invokeInterface(java.lang.Object, java.lang.Object, java.lang.Object, java.lang.Object, java.lang.Object, java.lang.Object, java.lang.Object)'> (0x00000000e9d5c498) 
thrown [s\src\hotspot\share\interpreter\linkResolver.cpp, line 773]
Event: 178.258 Thread 0x000001e76c438ef0 Exception <a 'java/lang/NoSuchMethodError'{0x00000000e9d60e20}: 'void java.lang.invoke.DelegatingMethodHandle$Holder.reinvoke_L(java.lang.Object, java.lang.Object, java.lang.Object, java.lang.Object, java.lang.Object, java.lang.Object, java.lang.Object)'> (0x00000000e9d60e20) 
thrown [s\src\hotspot\share\interpreter\linkResolver.cpp, line 773]

ZGC Phase Switch (0 events):
No events

VM Operations (20 events):
Event: 171.995 Executing safepoint VM operation: Cleanup
Event: 171.995 Executing safepoint VM operation: Cleanup done
Event: 173.001 Executing safepoint VM operation: Cleanup
Event: 173.001 Executing safepoint VM operation: Cleanup done
Event: 178.047 Executing safepoint VM operation: Cleanup
Event: 178.063 Executing safepoint VM operation: Cleanup done
Event: 178.427 Executing non-safepoint VM operation: HandshakeAllThreads (Deoptimize)
Event: 178.427 Executing non-safepoint VM operation: HandshakeAllThreads (Deoptimize) done
Event: 178.447 Executing non-safepoint VM operation: HandshakeAllThreads (Deoptimize)
Event: 178.447 Executing non-safepoint VM operation: HandshakeAllThreads (Deoptimize) done
Event: 179.452 Executing safepoint VM operation: Cleanup
Event: 179.573 Executing safepoint VM operation: Cleanup done
Event: 181.159 Executing non-safepoint VM operation: HandshakeAllThreads (HandshakeForDeflation)
Event: 181.749 Executing non-safepoint VM operation: HandshakeAllThreads (HandshakeForDeflation) done
Event: 181.749 Executing non-safepoint VM operation: RendezvousGCThreads
Event: 181.749 Executing non-safepoint VM operation: RendezvousGCThreads done
Event: 183.180 Executing safepoint VM operation: G1CollectForAllocation (G1 Evacuation Pause)
Event: 183.365 Executing safepoint VM operation: G1CollectForAllocation (G1 Evacuation Pause) done
Event: 184.369 Executing safepoint VM operation: Cleanup
Event: 184.415 Executing safepoint VM operation: Cleanup done

Memory protections (0 events):
No events

Nmethod flushes (0 events):
No events

Events (20 events):
Event: 62.267 Thread 0x000001e7522b52f0 Thread added: 0x000001e7524c2860
Event: 62.648 Thread 0x000001e7522b52f0 Thread added: 0x000001e7522117d0
Event: 63.388 Thread 0x000001e7522b52f0 Thread added: 0x000001e76c438ef0
Event: 63.592 Thread 0x000001e76c438ef0 Thread added: 0x000001e76c30e230
Event: 63.624 Thread 0x000001e76c438ef0 Thread added: 0x000001e76c30c7f0
Event: 63.768 Thread 0x000001e76c438ef0 Thread added: 0x000001e76c30d510
Event: 74.378 Thread 0x000001e76c438ef0 Thread added: 0x000001e76c30c160
Event: 74.538 Thread 0x000001e76c438ef0 Thread added: 0x000001e76c30bad0
Event: 74.676 Thread 0x000001e76c30bad0 Thread added: 0x000001e76c30adb0
Event: 78.599 Thread 0x000001e76c438ef0 Thread added: 0x000001e76c30dba0
Event: 108.616 Thread 0x000001e76c438ef0 Thread added: 0x000001e76e3ba1a0
Event: 109.535 Thread 0x000001e76c438ef0 Thread added: 0x000001e76e3b9b10
Event: 116.588 Thread 0x000001e76c438ef0 Thread added: 0x000001e76e3b80d0
Event: 116.686 Thread 0x000001e76c438ef0 Thread added: 0x000001e76e3b9480
Event: 121.772 Thread 0x000001e76c438ef0 Thread added: 0x000001e76e3ba830
Event: 140.697 Thread 0x000001e76c438ef0 Thread added: 0x000001e76e3bbbe0
Event: 153.861 Thread 0x000001e76c438ef0 Thread added: 0x000001e76e3b8760
Event: 155.343 Thread 0x000001e76c438ef0 Thread added: 0x000001e76e3bc270
Event: 166.395 Thread 0x000001e76c438ef0 Thread added: 0x000001e76e3baec0
Event: 177.088 Thread 0x000001e76c438ef0 Thread added: 0x000001e76e3b8df0


Dynamic libraries:
0x00007ff6f9b20000 - 0x00007ff6f9b2e000 	C:\Users\san\.cursor\extensions\redhat.java-1.56.0-win32-x64\jre\21.0.12.1-win32-x86_64\bin\java.exe
0x00007ff864540000 - 0x00007ff8647a7000 	C:\Windows\SYSTEM32\ntdll.dll
0x00007ff863000000 - 0x00007ff8630cb000 	C:\Windows\System32\KERNEL32.DLL
0x00007ff861bb0000 - 0x00007ff861fb2000 	C:\Windows\System32\KERNELBASE.dll
0x00007ff8617d0000 - 0x00007ff86191c000 	C:\Windows\System32\ucrtbase.dll
0x00007ff836900000 - 0x00007ff836918000 	C:\Users\san\.cursor\extensions\redhat.java-1.56.0-win32-x64\jre\21.0.12.1-win32-x86_64\bin\jli.dll
0x00007ff8631d0000 - 0x00007ff86339f000 	C:\Windows\System32\USER32.dll
0x00007ff861ac0000 - 0x00007ff861ae7000 	C:\Windows\System32\win32u.dll
0x00007ff8630e0000 - 0x00007ff86310b000 	C:\Windows\System32\GDI32.dll
0x00007ff862130000 - 0x00007ff862259000 	C:\Windows\System32\gdi32full.dll
0x00007ff861fc0000 - 0x00007ff862063000 	C:\Windows\System32\msvcp_win.dll
0x00007ff833070000 - 0x00007ff83308e000 	C:\Users\san\.cursor\extensions\redhat.java-1.56.0-win32-x64\jre\21.0.12.1-win32-x86_64\bin\VCRUNTIME140.dll
0x00007ff844240000 - 0x00007ff8444d0000 	C:\Windows\WinSxS\amd64_microsoft.windows.common-controls_6595b64144ccf1df_6.0.26100.9278_none_3e0d1ba8e3303201\COMCTL32.dll
0x00007ff8638d0000 - 0x00007ff863979000 	C:\Windows\System32\msvcrt.dll
0x00007ff8633b0000 - 0x00007ff8633e1000 	C:\Windows\System32\IMM32.DLL
0x00007ff836420000 - 0x00007ff836725000 	C:\Windows\pcdrm\NSCCOR0364.DLL
0x00007ff863a10000 - 0x00007ff863acc000 	C:\Windows\System32\ADVAPI32.dll
0x00007ff863bd0000 - 0x00007ff863c79000 	C:\Windows\System32\sechost.dll
0x00007ff862ee0000 - 0x00007ff862ff8000 	C:\Windows\System32\RPCRT4.dll
0x00007ff863730000 - 0x00007ff8638ca000 	C:\Windows\System32\ole32.dll
0x00007ff862590000 - 0x00007ff862915000 	C:\Windows\System32\combase.dll
0x00007ff861740000 - 0x00007ff8617c2000 	C:\Windows\System32\WINTRUST.dll
0x00007ff861930000 - 0x00007ff861aae000 	C:\Windows\System32\CRYPT32.dll
0x00007ff860d40000 - 0x00007ff860d53000 	C:\Windows\SYSTEM32\MSASN1.dll
0x00007ff863ae0000 - 0x00007ff863ae8000 	C:\Windows\System32\psapi.dll
0x00007ff860540000 - 0x00007ff860576000 	C:\Windows\SYSTEM32\ntmarta.dll
0x00007ff8363e0000 - 0x00007ff83641b000 	C:\Windows\pcdrm\NBID64.dll
0x00007ff8624b0000 - 0x00007ff862589000 	C:\Windows\System32\OLEAUT32.dll
0x00007ff8363a0000 - 0x00007ff8363df000 	C:\Windows\pcdrm\NFD0164.dll
0x00007ff8503d0000 - 0x00007ff8503db000 	C:\Windows\SYSTEM32\VERSION.dll
0x00007ff847110000 - 0x00007ff84711c000 	C:\Users\san\.cursor\extensions\redhat.java-1.56.0-win32-x64\jre\21.0.12.1-win32-x86_64\bin\vcruntime140_1.dll
0x00007fffc05c0000 - 0x00007fffc064d000 	C:\Users\san\.cursor\extensions\redhat.java-1.56.0-win32-x64\jre\21.0.12.1-win32-x86_64\bin\msvcp140.dll
0x00007fff93e80000 - 0x00007fff94c22000 	C:\Users\san\.cursor\extensions\redhat.java-1.56.0-win32-x64\jre\21.0.12.1-win32-x86_64\bin\server\jvm.dll
0x000001e73bdc0000 - 0x000001e73be40000 	C:\Windows\System32\WS2_32.dll
0x00007ff8615a0000 - 0x00007ff8615fe000 	C:\Windows\SYSTEM32\POWRPROF.dll
0x00007ff855a30000 - 0x00007ff855a66000 	C:\Windows\SYSTEM32\WINMM.dll
0x00007ff861580000 - 0x00007ff861595000 	C:\Windows\SYSTEM32\UMPDC.dll
0x00007ff860410000 - 0x00007ff86042b000 	C:\Windows\SYSTEM32\kernel.appcore.dll
0x00007ff847050000 - 0x00007ff84705a000 	C:\Users\san\.cursor\extensions\redhat.java-1.56.0-win32-x64\jre\21.0.12.1-win32-x86_64\bin\jimage.dll
0x00007ff85ec90000 - 0x00007ff85eedc000 	C:\Windows\SYSTEM32\DBGHELP.DLL
0x00007ff83eaa0000 - 0x00007ff83eadb000 	C:\Windows\SYSTEM32\dbgcore.DLL
0x000001e73be50000 - 0x000001e73befc000 	C:\Windows\System32\bcryptPrimitives.dll
0x00007ff8456a0000 - 0x00007ff8456af000 	C:\Users\san\.cursor\extensions\redhat.java-1.56.0-win32-x64\jre\21.0.12.1-win32-x86_64\bin\instrument.dll
0x00007ff82edf0000 - 0x00007ff82ee10000 	C:\Users\san\.cursor\extensions\redhat.java-1.56.0-win32-x64\jre\21.0.12.1-win32-x86_64\bin\java.dll
0x00007ff863d60000 - 0x00007ff8644f8000 	C:\Windows\System32\SHELL32.dll
0x00007ff85f170000 - 0x00007ff85fa1e000 	C:\Windows\SYSTEM32\windows.storage.dll
0x00007ff862380000 - 0x00007ff86247b000 	C:\Windows\System32\SHCORE.dll
0x00007ff8629c0000 - 0x00007ff862a26000 	C:\Windows\System32\shlwapi.dll
0x00007ff861660000 - 0x00007ff861689000 	C:\Windows\SYSTEM32\profapi.dll
0x00007ff82d510000 - 0x00007ff82d528000 	C:\Users\san\.cursor\extensions\redhat.java-1.56.0-win32-x64\jre\21.0.12.1-win32-x86_64\bin\zip.dll
0x00007ff8458e0000 - 0x00007ff8458f0000 	C:\Users\san\.cursor\extensions\redhat.java-1.56.0-win32-x64\jre\21.0.12.1-win32-x86_64\bin\net.dll
0x00007ff84f3f0000 - 0x00007ff84f51a000 	C:\Windows\SYSTEM32\WINHTTP.dll
0x00007ff8609d0000 - 0x00007ff860a3c000 	C:\Windows\system32\mswsock.dll
0x00007ff82d330000 - 0x00007ff82d346000 	C:\Users\san\.cursor\extensions\redhat.java-1.56.0-win32-x64\jre\21.0.12.1-win32-x86_64\bin\nio.dll
0x00007ff8454f0000 - 0x00007ff845500000 	C:\Users\san\.cursor\extensions\redhat.java-1.56.0-win32-x64\jre\21.0.12.1-win32-x86_64\bin\verify.dll
0x00007ff82bfb0000 - 0x00007ff82bfd7000 	C:\Users\san\.gradle\native\660c5614fbf4a5f2a75b1949f50a0caf5cd603558e7d8a26e50b933a0cfb79d1\windows-amd64\native-platform.dll
0x00007ff847060000 - 0x00007ff8470d7000 	C:\Users\san\.gradle\native\0.2.8\x86_64-windows-gnu\gradle-fileevents.dll
0x00007ff845250000 - 0x00007ff84525a000 	C:\Users\san\.cursor\extensions\redhat.java-1.56.0-win32-x64\jre\21.0.12.1-win32-x86_64\bin\management.dll
0x00007ff83e990000 - 0x00007ff83e99c000 	C:\Users\san\.cursor\extensions\redhat.java-1.56.0-win32-x64\jre\21.0.12.1-win32-x86_64\bin\management_ext.dll
0x00007ff85fde0000 - 0x00007ff85fe13000 	C:\Windows\SYSTEM32\IPHLPAPI.DLL
0x00007ff8630d0000 - 0x00007ff8630da000 	C:\Windows\System32\NSI.dll
0x00007ff83bb30000 - 0x00007ff83bb39000 	C:\Users\san\.cursor\extensions\redhat.java-1.56.0-win32-x64\jre\21.0.12.1-win32-x86_64\bin\extnet.dll
0x00007ff860ce0000 - 0x00007ff860cfb000 	C:\Windows\SYSTEM32\CRYPTSP.dll
0x00007ff860370000 - 0x00007ff8603a9000 	C:\Windows\system32\rsaenh.dll
0x00007ff860a80000 - 0x00007ff860ab4000 	C:\Windows\SYSTEM32\USERENV.dll
0x00007ff861630000 - 0x00007ff86165a000 	C:\Windows\SYSTEM32\bcrypt.dll
0x00007ff860cc0000 - 0x00007ff860ccc000 	C:\Windows\SYSTEM32\CRYPTBASE.dll
0x00007ff837020000 - 0x00007ff83702e000 	C:\Users\san\.cursor\extensions\redhat.java-1.56.0-win32-x64\jre\21.0.12.1-win32-x86_64\bin\sunmscapi.dll
0x00007ff860f00000 - 0x00007ff860f30000 	C:\Windows\SYSTEM32\ncrypt.dll
0x00007ff860eb0000 - 0x00007ff860eef000 	C:\Windows\SYSTEM32\NTASN1.dll
0x00007ff82a8c0000 - 0x00007ff82a8c8000 	C:\Windows\system32\wshunix.dll

JVMTI agents:
C:\Users\san\.gradle\wrapper\dists\gradle-9.2.1-bin\2t0n5ozlw9xmuyvbp7dnzaxug\gradle-9.2.1\lib\agents\gradle-instrumentation-agent-9.2.1.jar path:C:\Users\san\.cursor\extensions\redhat.java-1.56.0-win32-x64\jre\21.0.12.1-win32-x86_64\bin\instrument.dll, loaded, initialized, instrumentlib options:none

dbghelp: loaded successfully - version: 4.0.5 - missing functions: none
symbol engine: initialized successfully - sym options: 0x614 - pdb path: .;C:\Users\san\.cursor\extensions\redhat.java-1.56.0-win32-x64\jre\21.0.12.1-win32-x86_64\bin;C:\Windows\SYSTEM32;C:\Windows\WinSxS\amd64_microsoft.windows.common-controls_6595b64144ccf1df_6.0.26100.9278_none_3e0d1ba8e3303201;C:\Windows\pcdrm;C:\Users\san\.cursor\extensions\redhat.java-1.56.0-win32-x64\jre\21.0.12.1-win32-x86_64\bin\server;C:\Users\san\.gradle\native\660c5614fbf4a5f2a75b1949f50a0caf5cd603558e7d8a26e50b933a0cfb79d1\windows-amd64;C:\Users\san\.gradle\native\0.2.8\x86_64-windows-gnu

VM Arguments:
jvm_args: --add-opens=java.base/java.lang=ALL-UNNAMED --add-opens=java.base/java.lang.invoke=ALL-UNNAMED --add-opens=java.base/java.util=ALL-UNNAMED --add-opens=java.prefs/java.util.prefs=ALL-UNNAMED --add-exports=jdk.compiler/com.sun.tools.javac.api=ALL-UNNAMED --add-exports=jdk.compiler/com.sun.tools.javac.util=ALL-UNNAMED --add-opens=java.base/java.util=ALL-UNNAMED --add-opens=java.prefs/java.util.prefs=ALL-UNNAMED --add-opens=java.base/java.nio.charset=ALL-UNNAMED --add-opens=java.base/java.net=ALL-UNNAMED --add-opens=java.base/java.util.concurrent=ALL-UNNAMED --add-opens=java.base/java.util.concurrent.atomic=ALL-UNNAMED --add-opens=java.xml/javax.xml.namespace=ALL-UNNAMED --add-opens=java.base/java.time=ALL-UNNAMED -XX:MaxMetaspaceSize=384m -XX:+HeapDumpOnOutOfMemoryError -Xms256m -Xmx512m -Dfile.encoding=UTF-8 -Duser.country=KR -Duser.language=ko -Duser.variant -javaagent:C:\Users\san\.gradle\wrapper\dists\gradle-9.2.1-bin\2t0n5ozlw9xmuyvbp7dnzaxug\gradle-9.2.1\lib\agents\gradle-instrumentation-agent-9.2.1.jar 
java_command: org.gradle.launcher.daemon.bootstrap.GradleDaemon 9.2.1
java_class_path (initial): C:\Users\san\.gradle\wrapper\dists\gradle-9.2.1-bin\2t0n5ozlw9xmuyvbp7dnzaxug\gradle-9.2.1\lib\gradle-daemon-main-9.2.1.jar
Launcher Type: SUN_STANDARD

[Global flags]
     intx CICompilerCount                          = 4                                         {product} {ergonomic}
   size_t CompressedClassSpaceSize                 = 335544320                                 {product} {ergonomic}
     uint ConcGCThreads                            = 2                                         {product} {ergonomic}
     uint G1ConcRefinementThreads                  = 8                                         {product} {ergonomic}
   size_t G1HeapRegionSize                         = 1048576                                   {product} {ergonomic}
    uintx GCDrainStackTargetSize                   = 64                                        {product} {ergonomic}
     bool HeapDumpOnOutOfMemoryError               = true                                   {manageable} {command line}
   size_t InitialHeapSize                          = 268435456                                 {product} {command line}
   size_t MarkStackSize                            = 4194304                                   {product} {ergonomic}
   size_t MaxHeapSize                              = 536870912                                 {product} {command line}
   size_t MaxMetaspaceSize                         = 402653184                                 {product} {command line}
   size_t MaxNewSize                               = 321912832                                 {product} {ergonomic}
   size_t MinHeapDeltaBytes                        = 1048576                                   {product} {ergonomic}
   size_t MinHeapSize                              = 268435456                                 {product} {command line}
    uintx NonNMethodCodeHeapSize                   = 5839372                                {pd product} {ergonomic}
    uintx NonProfiledCodeHeapSize                  = 122909434                              {pd product} {ergonomic}
    uintx ProfiledCodeHeapSize                     = 122909434                              {pd product} {ergonomic}
    uintx ReservedCodeCacheSize                    = 251658240                              {pd product} {ergonomic}
     bool SegmentedCodeCache                       = true                                      {product} {ergonomic}
   size_t SoftMaxHeapSize                          = 536870912                              {manageable} {ergonomic}
     bool UseCompressedOops                        = true                           {product lp64_product} {ergonomic}
     bool UseG1GC                                  = true                                      {product} {ergonomic}
     bool UseLargePagesIndividualAllocation        = false                                  {pd product} {ergonomic}

Logging:
Log output configuration:
 #0: stdout all=warning uptime,level,tags foldmultilines=false
 #1: stderr all=off uptime,level,tags foldmultilines=false

Release file:
JAVA_VERSION="21.0.12.1" 
MODULES="java.base java.compiler java.datatransfer java.xml java.prefs java.desktop java.instrument java.logging java.management java.security.sasl java.naming java.rmi java.management.rmi java.net.http java.scripting java.security.jgss java.transaction.xa java.sql java.sql.rowset java.xml.crypto java.se java.smartcardio jdk.accessibility jdk.internal.jvmstat jdk.attach jdk.charsets jdk.internal.opt jdk.zipfs jdk.compiler jdk.crypto.ec jdk.crypto.cryptoki jdk.crypto.mscapi jdk.dynalink jdk.internal.ed jdk.editpad jdk.hotspot.agent jdk.httpserver jdk.internal.le jdk.internal.vm.ci jdk.internal.vm.compiler jdk.internal.vm.compiler.management jdk.jartool jdk.javadoc jdk.jcmd jdk.management jdk.management.agent jdk.jconsole jdk.jdeps jdk.jdwp.agent jdk.jdi jdk.jfr jdk.jshell jdk.jsobject jdk.jstatd jdk.localedata jdk.management.jfr jdk.naming.dns jdk.naming.rmi jdk.net jdk.nio.mapmode jdk.random jdk.sctp jdk.security.auth jdk.security.jgss jdk.unsupported jdk.unsupported.desktop jdk.xml.dom" 

Environment Variables:
PATH=C:\Program Files\Common Files\Oracle\Java\javapath;C:\Windows\system32;C:\Windows;C:\Windows\System32\Wbem;C:\Windows\System32\WindowsPowerShell\v1.0\;C:\Windows\System32\OpenSSH\;C:\Program Files\Git\cmd;C:\Program Files\cursor\resources\app\bin;C:\Program Files\nodejs\;C:\Users\san\AppData\Local\Microsoft\WindowsApps;C:\Users\san\AppData\Roaming\npm;C:\Users\san\AppData\Local\Programs\cursor\resources\app\bin;C:\Program Files\JetBrains\IntelliJ IDEA 2026.1\bin
USERNAME=san
OS=Windows_NT
PROCESSOR_IDENTIFIER=Intel64 Family 6 Model 154 Stepping 4, GenuineIntel
TMP=C:\Users\san\AppData\Local\Temp
TEMP=C:\Users\san\AppData\Local\Temp




Periodic native trim disabled

---------------  S Y S T E M  ---------------

OS:
 Windows 11 , 64 bit Build 26100 (10.0.26100.9444)
OS uptime: 0 days 21:43 hours
Hyper-V role detected

CPU: total 8 (initial active 8) (4 cores per cpu, 2 threads per core) family 6 model 154 stepping 4 microcode 0x435, cx8, cmov, fxsr, ht, mmx, 3dnowpref, sse, sse2, sse3, ssse3, sse4.1, sse4.2, popcnt, lzcnt, tsc, tscinvbit, avx, avx2, aes, erms, clmul, bmi1, bmi2, adx, sha, fma, vzeroupper, clflush, clflushopt, clwb, hv, serialize, rdtscp, rdpid, fsrm, f16c, cet_ibt, cet_ss
Processor Information for processor 0
  Max Mhz: 1200, Current Mhz: 1200, Mhz Limit: 1200
Processor Information for processor 1
  Max Mhz: 1200, Current Mhz: 1200, Mhz Limit: 1200
Processor Information for processor 2
  Max Mhz: 1200, Current Mhz: 1200, Mhz Limit: 1200
Processor Information for processor 3
  Max Mhz: 1200, Current Mhz: 1200, Mhz Limit: 1200
Processor Information for processor 4
  Max Mhz: 900, Current Mhz: 900, Mhz Limit: 900
Processor Information for processor 5
  Max Mhz: 900, Current Mhz: 900, Mhz Limit: 900
Processor Information for processor 6
  Max Mhz: 900, Current Mhz: 900, Mhz Limit: 900
Processor Information for processor 7
  Max Mhz: 900, Current Mhz: 900, Mhz Limit: 900

Memory: 4k page, system-wide physical 7916M (109M free)
TotalPageFile size 32492M (AvailPageFile size 7M)
current process WorkingSet (physical memory assigned to process): 183M, peak: 191M
current process commit charge ("private bytes"): 447M, peak: 454M

vm_info: OpenJDK 64-Bit Server VM (21.0.12.1+1-LTS) for windows-amd64 JRE (21.0.12.1+1-LTS), built on 2026-08-18T00:00:00Z by "admin" with MS VC++ 17.12 (VS2022)

END.
