#
# There is insufficient memory for the Java Runtime Environment to continue.
# Native memory allocation (malloc) failed to allocate 32744 bytes. Error detail: Chunk::new
# Possible reasons:
#   The system is out of physical RAM or swap space
#   This process is running with CompressedOops enabled, and the Java Heap may be blocking the growth of the native heap
# Possible solutions:
#   Reduce memory load on the system
#   Increase physical memory or swap space
#   Check if swap backing store is full
#   Decrease Java heap size (-Xmx/-Xms)
#   Decrease number of Java threads
#   Decrease Java thread stack sizes (-Xss)
#   Set larger code cache with -XX:ReservedCodeCacheSize=
#   JVM is running with Unscaled Compressed Oops mode in which the Java heap is
#     placed in the first 4GB address space. The Java Heap base address is the
#     maximum limit for the native heap growth. Please use -XX:HeapBaseMinAddress
#     to set the Java Heap base and to place the Java Heap above 4GB virtual address.
# This output file may be truncated or incomplete.
#
#  Out of Memory Error (arena.cpp:168), pid=20368, tid=5344
#
# JRE version: OpenJDK Runtime Environment Temurin-21.0.12.1+1 (21.0.12.1+1) (build 21.0.12.1+1-LTS)
# Java VM: OpenJDK 64-Bit Server VM Temurin-21.0.12.1+1 (21.0.12.1+1-LTS, mixed mode, sharing, tiered, compressed oops, compressed class ptrs, g1 gc, windows-amd64)
# No core dump will be written. Minidumps are not enabled by default on client versions of Windows
#

---------------  S U M M A R Y ------------

Command Line: --add-opens=java.base/java.lang=ALL-UNNAMED --add-opens=java.base/java.lang.invoke=ALL-UNNAMED --add-opens=java.base/java.util=ALL-UNNAMED --add-opens=java.prefs/java.util.prefs=ALL-UNNAMED --add-exports=jdk.compiler/com.sun.tools.javac.api=ALL-UNNAMED --add-exports=jdk.compiler/com.sun.tools.javac.util=ALL-UNNAMED --add-opens=java.base/java.util=ALL-UNNAMED --add-opens=java.prefs/java.util.prefs=ALL-UNNAMED --add-opens=java.base/java.nio.charset=ALL-UNNAMED --add-opens=java.base/java.net=ALL-UNNAMED --add-opens=java.base/java.util.concurrent=ALL-UNNAMED --add-opens=java.base/java.util.concurrent.atomic=ALL-UNNAMED --add-opens=java.xml/javax.xml.namespace=ALL-UNNAMED --add-opens=java.base/java.time=ALL-UNNAMED -XX:MaxMetaspaceSize=384m -XX:+HeapDumpOnOutOfMemoryError -Xms256m -Xmx512m -Dfile.encoding=UTF-8 -Duser.country=KR -Duser.language=ko -Duser.variant -javaagent:C:\Users\san\.gradle\wrapper\dists\gradle-9.2.1-bin\2t0n5ozlw9xmuyvbp7dnzaxug\gradle-9.2.1\lib\agents\gradle-instrumentation-agent-9.2.1.jar org.gradle.launcher.daemon.bootstrap.GradleDaemon 9.2.1

Host: 12th Gen Intel(R) Core(TM) i3-1215U, 8 cores, 7G,  Windows 11 , 64 bit Build 26100 (10.0.26100.9444)
Time: Fri Sep 18 15:56:08 2026 elapsed time: 207.489731 seconds (0d 0h 3m 27s)

---------------  T H R E A D  ---------------

Current thread (0x0000020bf0203b60):  JavaThread "C2 CompilerThread0" daemon [_thread_in_native, id=5344, stack(0x000000a857000000,0x000000a857100000) (1024K)]


Current CompileTask:
C2:207489 4155   !   4       java.io.BufferedInputStream::read (69 bytes)

Stack: [0x000000a857000000,0x000000a857100000]
Native frames: (J=compiled Java code, j=interpreted, Vv=VM code, C=native code)
V  [jvm.dll+0x6d83e9]
V  [jvm.dll+0x8b5736]
V  [jvm.dll+0x8b7cee]
V  [jvm.dll+0x8b83d3]
V  [jvm.dll+0x284596]
V  [jvm.dll+0xc685d]
V  [jvm.dll+0xc6da1]
V  [jvm.dll+0x703dc3]
V  [jvm.dll+0x1e421a]
V  [jvm.dll+0x24c853]
V  [jvm.dll+0x24bce0]
V  [jvm.dll+0x1cb4ae]
V  [jvm.dll+0x25baad]
V  [jvm.dll+0x25a03a]
V  [jvm.dll+0x3f8aae]
V  [jvm.dll+0x8600cd]
V  [jvm.dll+0x6d6c1d]
C  [ucrtbase.dll+0x2cd30]
C  [KERNEL32.DLL+0x2cd87]
C  [ntdll.dll+0xacaec]


---------------  P R O C E S S  ---------------

Threads class SMR info:
_java_thread_list=0x0000020bf68a8310, length=33, elements={
0x0000020bd7c94b80, 0x0000020bf01f1630, 0x0000020bf01f2e00, 0x0000020bf01fda90,
0x0000020bf0201170, 0x0000020bf0201bd0, 0x0000020bf0202630, 0x0000020bf0203b60,
0x0000020bf0212520, 0x0000020bf047e7b0, 0x0000020bf0523440, 0x0000020bf53b2ae0,
0x0000020bf0600da0, 0x0000020bf5b27190, 0x0000020bf58dca40, 0x0000020bf5b07af0,
0x0000020bf5aeaf70, 0x0000020bf5aea8e0, 0x0000020bf5ce8c10, 0x0000020bf5cea650,
0x0000020bf5ce7ef0, 0x0000020bf5ceace0, 0x0000020bf5ce92a0, 0x0000020bf5ce8580,
0x0000020bf5ce9930, 0x0000020bf5cecdb0, 0x0000020bf5cec720, 0x0000020bf5cee160,
0x0000020bf5cec090, 0x0000020bf5cedad0, 0x0000020bf5ceb370, 0x0000020bf5ced440,
0x0000020bf5ceee80
}

Java Threads: ( => current thread )
  0x0000020bd7c94b80 JavaThread "main"                              [_thread_blocked, id=24404, stack(0x000000a856200000,0x000000a856300000) (1024K)]
  0x0000020bf01f1630 JavaThread "Reference Handler"          daemon [_thread_blocked, id=26320, stack(0x000000a856a00000,0x000000a856b00000) (1024K)]
  0x0000020bf01f2e00 JavaThread "Finalizer"                  daemon [_thread_blocked, id=23852, stack(0x000000a856b00000,0x000000a856c00000) (1024K)]
  0x0000020bf01fda90 JavaThread "Signal Dispatcher"          daemon [_thread_blocked, id=8528, stack(0x000000a856c00000,0x000000a856d00000) (1024K)]
  0x0000020bf0201170 JavaThread "Attach Listener"            daemon [_thread_blocked, id=5268, stack(0x000000a856d00000,0x000000a856e00000) (1024K)]
  0x0000020bf0201bd0 JavaThread "Service Thread"             daemon [_thread_blocked, id=20520, stack(0x000000a856e00000,0x000000a856f00000) (1024K)]
  0x0000020bf0202630 JavaThread "Monitor Deflation Thread"   daemon [_thread_blocked, id=26944, stack(0x000000a856f00000,0x000000a857000000) (1024K)]
=>0x0000020bf0203b60 JavaThread "C2 CompilerThread0"         daemon [_thread_in_native, id=5344, stack(0x000000a857000000,0x000000a857100000) (1024K)]
  0x0000020bf0212520 JavaThread "C1 CompilerThread0"         daemon [_thread_blocked, id=25964, stack(0x000000a857100000,0x000000a857200000) (1024K)]
  0x0000020bf047e7b0 JavaThread "Common-Cleaner"             daemon [_thread_blocked, id=21756, stack(0x000000a857200000,0x000000a857300000) (1024K)]
  0x0000020bf0523440 JavaThread "Notification Thread"        daemon [_thread_blocked, id=24412, stack(0x000000a857300000,0x000000a857400000) (1024K)]
  0x0000020bf53b2ae0 JavaThread "Daemon health stats"               [_thread_blocked, id=29812, stack(0x000000a857900000,0x000000a857a00000) (1024K)]
  0x0000020bf0600da0 JavaThread "Incoming local TCP Connector on port 53735"        [_thread_in_native, id=28072, stack(0x000000a857a00000,0x000000a857b00000) (1024K)]
  0x0000020bf5b27190 JavaThread "Daemon periodic checks"            [_thread_in_native, id=23508, stack(0x000000a857b00000,0x000000a857c00000) (1024K)]
  0x0000020bf58dca40 JavaThread "Daemon"                            [_thread_blocked, id=9784, stack(0x000000a857c00000,0x000000a857d00000) (1024K)]
  0x0000020bf5b07af0 JavaThread "Daemon worker"                     [_thread_in_Java, id=21892, stack(0x000000a857f00000,0x000000a858000000) (1024K)]
  0x0000020bf5aeaf70 JavaThread "Handler for socket connection from /127.0.0.1:53735 to /127.0.0.1:53795"        [_thread_in_native, id=23684, stack(0x000000a857d00000,0x000000a857e00000) (1024K)]
  0x0000020bf5aea8e0 JavaThread "Cancel handler"                    [_thread_blocked, id=18320, stack(0x000000a857e00000,0x000000a857f00000) (1024K)]
  0x0000020bf5ce8c10 JavaThread "Asynchronous log dispatcher for DefaultDaemonConnection: socket connection from /127.0.0.1:53735 to /127.0.0.1:53795"        [_thread_blocked, id=30392, stack(0x000000a858300000,0x000000a858400000) (1024K)]
  0x0000020bf5cea650 JavaThread "Stdin handler"                     [_thread_blocked, id=29424, stack(0x000000a858200000,0x000000a858300000) (1024K)]
  0x0000020bf5ce7ef0 JavaThread "Daemon client event forwarder"        [_thread_blocked, id=24964, stack(0x000000a858400000,0x000000a858500000) (1024K)]
  0x0000020bf5ceace0 JavaThread "Cache worker for journal cache (C:\Users\san\.gradle\caches\journal-1)"        [_thread_blocked, id=29396, stack(0x000000a858100000,0x000000a858200000) (1024K)]
  0x0000020bf5ce92a0 JavaThread "File lock request listener"        [_thread_in_native, id=28380, stack(0x000000a858500000,0x000000a858600000) (1024K)]
  0x0000020bf5ce8580 JavaThread "File lock release action executor"        [_thread_blocked, id=27020, stack(0x000000a858600000,0x000000a858700000) (1024K)]
  0x0000020bf5ce9930 JavaThread "Cache worker for file hash cache (C:\Users\san\.gradle\caches\9.2.1\fileHashes)"        [_thread_blocked, id=7680, stack(0x000000a858700000,0x000000a858800000) (1024K)]
  0x0000020bf5cecdb0 JavaThread "Cache worker for file hash cache (C:\programmers\bep4-1-mission\.gradle\9.2.1\fileHashes)"        [_thread_blocked, id=31444, stack(0x000000a858000000,0x000000a858100000) (1024K)]
  0x0000020bf5cec720 JavaThread "Cache worker for Build Output Cleanup Cache (C:\programmers\bep4-1-mission\.gradle\buildOutputCleanup)"        [_thread_blocked, id=31460, stack(0x000000a858b00000,0x000000a858c00000) (1024K)]
  0x0000020bf5cee160 JavaThread "File watcher server"        daemon [_thread_in_native, id=29284, stack(0x000000a858c00000,0x000000a858d00000) (1024K)]
  0x0000020bf5cec090 JavaThread "File watcher consumer"      daemon [_thread_blocked, id=22240, stack(0x000000a858d00000,0x000000a858e00000) (1024K)]
  0x0000020bf5cedad0 JavaThread "Cache worker for checksums cache (C:\programmers\bep4-1-mission\.gradle\9.2.1\checksums)"        [_thread_blocked, id=25092, stack(0x000000a858e00000,0x000000a858f00000) (1024K)]
  0x0000020bf5ceb370 JavaThread "Cache worker for file content cache (C:\Users\san\.gradle\caches\9.2.1\fileContent)"        [_thread_blocked, id=30736, stack(0x000000a858f00000,0x000000a859000000) (1024K)]
  0x0000020bf5ced440 JavaThread "Cache worker for cache directory md-supplier (C:\Users\san\.gradle\caches\9.2.1\md-supplier)"        [_thread_blocked, id=3632, stack(0x000000a859000000,0x000000a859100000) (1024K)]
  0x0000020bf5ceee80 JavaThread "Cache worker for cache directory md-rule (C:\Users\san\.gradle\caches\9.2.1\md-rule)"        [_thread_blocked, id=28332, stack(0x000000a859100000,0x000000a859200000) (1024K)]
Total: 33

Other Threads:
  0x0000020bf01d7cf0 VMThread "VM Thread"                           [id=23432, stack(0x000000a856900000,0x000000a856a00000) (1024K)]
  0x0000020bf02c09d0 WatcherThread "VM Periodic Task Thread"        [id=3400, stack(0x000000a856800000,0x000000a856900000) (1024K)]
  0x0000020bda8ff120 WorkerThread "GC Thread#0"                     [id=27396, stack(0x000000a856300000,0x000000a856400000) (1024K)]
  0x0000020bf06314f0 WorkerThread "GC Thread#1"                     [id=26556, stack(0x000000a857400000,0x000000a857500000) (1024K)]
  0x0000020bf058b760 WorkerThread "GC Thread#2"                     [id=27224, stack(0x000000a857500000,0x000000a857600000) (1024K)]
  0x0000020bf058bb10 WorkerThread "GC Thread#3"                     [id=26928, stack(0x000000a857600000,0x000000a857700000) (1024K)]
  0x0000020bf058bec0 WorkerThread "GC Thread#4"                     [id=22292, stack(0x000000a857700000,0x000000a857800000) (1024K)]
  0x0000020bf058c270 WorkerThread "GC Thread#5"                     [id=24472, stack(0x000000a857800000,0x000000a857900000) (1024K)]
  0x0000020bf5b57490 WorkerThread "GC Thread#6"                     [id=29356, stack(0x000000a858800000,0x000000a858900000) (1024K)]
  0x0000020bf5b56d30 WorkerThread "GC Thread#7"                     [id=29352, stack(0x000000a858900000,0x000000a858a00000) (1024K)]
  0x0000020bda904020 ConcurrentGCThread "G1 Main Marker"            [id=25516, stack(0x000000a856400000,0x000000a856500000) (1024K)]
  0x0000020bda904a40 WorkerThread "G1 Conc#0"                       [id=25872, stack(0x000000a856500000,0x000000a856600000) (1024K)]
  0x0000020bf5b59d20 WorkerThread "G1 Conc#1"                       [id=30744, stack(0x000000a858a00000,0x000000a858b00000) (1024K)]
  0x0000020bf01146b0 ConcurrentGCThread "G1 Refine#0"               [id=9636, stack(0x000000a856600000,0x000000a856700000) (1024K)]
  0x0000020bf0115040 ConcurrentGCThread "G1 Service"                [id=27164, stack(0x000000a856700000,0x000000a856800000) (1024K)]
Total: 15

Threads with active compile tasks:
C2 CompilerThread0  207637 4155   !   4       java.io.BufferedInputStream::read (69 bytes)
Total: 1

VM state: not at safepoint (normal execution)

VM Mutex/Monitor currently owned by a thread: None

Heap address: 0x00000000e0000000, size: 512 MB, Compressed Oops mode: 32-bit

CDS archive(s) mapped at: [0x0000020b80000000-0x0000020b80ba0000-0x0000020b80ba0000), size 12189696, SharedBaseAddress: 0x0000020b80000000, ArchiveRelocationMode: 1.
Compressed class space mapped at: 0x0000020b81000000-0x0000020b95000000, reserved size: 335544320
Narrow klass base: 0x0000020b80000000, Narrow klass shift: 0, Narrow klass range: 0x100000000

GC Precious Log:
 CardTable entry size: 512
 Card Set container configuration: InlinePtr #cards 5 size 8 Array Of Cards #cards 12 size 40 Howl #buckets 4 coarsen threshold 1843 Howl Bitmap #cards 512 size 80 coarsen threshold 460 Card regions per heap region 1 cards per card region 2048
 CPUs: 8 total, 8 available
 Memory: 7916M
 Large Page Support: Disabled
 NUMA Support: Disabled
 Compressed Oops: Enabled (32-bit)
 Heap Region Size: 1M
 Heap Min Capacity: 256M
 Heap Initial Capacity: 256M
 Heap Max Capacity: 512M
 Pre-touch: Disabled
 Parallel Workers: 8
 Concurrent Workers: 2
 Concurrent Refinement Workers: 8
 Periodic GC: Disabled

Heap:
 garbage-first heap   total 262144K, used 130353K [0x00000000e0000000, 0x0000000100000000)
  region size 1024K, 116 young (118784K), 12 survivors (12288K)
 Metaspace       used 33711K, committed 35008K, reserved 393216K
  class space    used 4912K, committed 5568K, reserved 327680K

Heap Regions: E=young(eden), S=young(survivor), O=old, HS=humongous(starts), HC=humongous(continues), CS=collection set, F=free, TAMS=top-at-mark-start, PB=parsable bottom
|   0|0x00000000e0000000, 0x00000000e0100000, 0x00000000e0100000|100%|HS|  |TAMS 0x00000000e0000000| PB 0x00000000e0000000| Complete 
|   1|0x00000000e0100000, 0x00000000e0200000, 0x00000000e0200000|100%|HC|  |TAMS 0x00000000e0100000| PB 0x00000000e0100000| Complete 
|   2|0x00000000e0200000, 0x00000000e0300000, 0x00000000e0300000|100%|HC|  |TAMS 0x00000000e0200000| PB 0x00000000e0200000| Complete 
|   3|0x00000000e0300000, 0x00000000e0400000, 0x00000000e0400000|100%|HC|  |TAMS 0x00000000e0300000| PB 0x00000000e0300000| Complete 
|   4|0x00000000e0400000, 0x00000000e0500000, 0x00000000e0500000|100%| O|  |TAMS 0x00000000e0400000| PB 0x00000000e0400000| Untracked 
|   5|0x00000000e0500000, 0x00000000e0600000, 0x00000000e0600000|100%| O|  |TAMS 0x00000000e0500000| PB 0x00000000e0500000| Untracked 
|   6|0x00000000e0600000, 0x00000000e0700000, 0x00000000e0700000|100%| O|  |TAMS 0x00000000e0600000| PB 0x00000000e0600000| Untracked 
|   7|0x00000000e0700000, 0x00000000e0800000, 0x00000000e0800000|100%|HS|  |TAMS 0x00000000e0700000| PB 0x00000000e0700000| Complete 
|   8|0x00000000e0800000, 0x00000000e0900000, 0x00000000e0900000|100%| O|  |TAMS 0x00000000e0800000| PB 0x00000000e0800000| Untracked 
|   9|0x00000000e0900000, 0x00000000e0a00000, 0x00000000e0a00000|100%| O|  |TAMS 0x00000000e0900000| PB 0x00000000e0900000| Untracked 
|  10|0x00000000e0a00000, 0x00000000e0b00000, 0x00000000e0b00000|100%| O|  |TAMS 0x00000000e0a00000| PB 0x00000000e0a00000| Untracked 
|  11|0x00000000e0b00000, 0x00000000e0c00000, 0x00000000e0c00000|100%| O|  |TAMS 0x00000000e0b00000| PB 0x00000000e0b00000| Untracked 
|  12|0x00000000e0c00000, 0x00000000e0c4c400, 0x00000000e0d00000| 29%| O|  |TAMS 0x00000000e0c00000| PB 0x00000000e0c00000| Untracked 
|  13|0x00000000e0d00000, 0x00000000e0d00000, 0x00000000e0e00000|  0%| F|  |TAMS 0x00000000e0d00000| PB 0x00000000e0d00000| Untracked 
|  14|0x00000000e0e00000, 0x00000000e0e00000, 0x00000000e0f00000|  0%| F|  |TAMS 0x00000000e0e00000| PB 0x00000000e0e00000| Untracked 
|  15|0x00000000e0f00000, 0x00000000e0f00000, 0x00000000e1000000|  0%| F|  |TAMS 0x00000000e0f00000| PB 0x00000000e0f00000| Untracked 
|  16|0x00000000e1000000, 0x00000000e1000000, 0x00000000e1100000|  0%| F|  |TAMS 0x00000000e1000000| PB 0x00000000e1000000| Untracked 
|  17|0x00000000e1100000, 0x00000000e1100000, 0x00000000e1200000|  0%| F|  |TAMS 0x00000000e1100000| PB 0x00000000e1100000| Untracked 
|  18|0x00000000e1200000, 0x00000000e1200000, 0x00000000e1300000|  0%| F|  |TAMS 0x00000000e1200000| PB 0x00000000e1200000| Untracked 
|  19|0x00000000e1300000, 0x00000000e1300000, 0x00000000e1400000|  0%| F|  |TAMS 0x00000000e1300000| PB 0x00000000e1300000| Untracked 
|  20|0x00000000e1400000, 0x00000000e1400000, 0x00000000e1500000|  0%| F|  |TAMS 0x00000000e1400000| PB 0x00000000e1400000| Untracked 
|  21|0x00000000e1500000, 0x00000000e1500000, 0x00000000e1600000|  0%| F|  |TAMS 0x00000000e1500000| PB 0x00000000e1500000| Untracked 
|  22|0x00000000e1600000, 0x00000000e1600000, 0x00000000e1700000|  0%| F|  |TAMS 0x00000000e1600000| PB 0x00000000e1600000| Untracked 
|  23|0x00000000e1700000, 0x00000000e1700000, 0x00000000e1800000|  0%| F|  |TAMS 0x00000000e1700000| PB 0x00000000e1700000| Untracked 
|  24|0x00000000e1800000, 0x00000000e1800000, 0x00000000e1900000|  0%| F|  |TAMS 0x00000000e1800000| PB 0x00000000e1800000| Untracked 
|  25|0x00000000e1900000, 0x00000000e1900000, 0x00000000e1a00000|  0%| F|  |TAMS 0x00000000e1900000| PB 0x00000000e1900000| Untracked 
|  26|0x00000000e1a00000, 0x00000000e1a00000, 0x00000000e1b00000|  0%| F|  |TAMS 0x00000000e1a00000| PB 0x00000000e1a00000| Untracked 
|  27|0x00000000e1b00000, 0x00000000e1b00000, 0x00000000e1c00000|  0%| F|  |TAMS 0x00000000e1b00000| PB 0x00000000e1b00000| Untracked 
|  28|0x00000000e1c00000, 0x00000000e1c00000, 0x00000000e1d00000|  0%| F|  |TAMS 0x00000000e1c00000| PB 0x00000000e1c00000| Untracked 
|  29|0x00000000e1d00000, 0x00000000e1d00000, 0x00000000e1e00000|  0%| F|  |TAMS 0x00000000e1d00000| PB 0x00000000e1d00000| Untracked 
|  30|0x00000000e1e00000, 0x00000000e1e00000, 0x00000000e1f00000|  0%| F|  |TAMS 0x00000000e1e00000| PB 0x00000000e1e00000| Untracked 
|  31|0x00000000e1f00000, 0x00000000e1f00000, 0x00000000e2000000|  0%| F|  |TAMS 0x00000000e1f00000| PB 0x00000000e1f00000| Untracked 
|  32|0x00000000e2000000, 0x00000000e2000000, 0x00000000e2100000|  0%| F|  |TAMS 0x00000000e2000000| PB 0x00000000e2000000| Untracked 
|  33|0x00000000e2100000, 0x00000000e2100000, 0x00000000e2200000|  0%| F|  |TAMS 0x00000000e2100000| PB 0x00000000e2100000| Untracked 
|  34|0x00000000e2200000, 0x00000000e2200000, 0x00000000e2300000|  0%| F|  |TAMS 0x00000000e2200000| PB 0x00000000e2200000| Untracked 
|  35|0x00000000e2300000, 0x00000000e2300000, 0x00000000e2400000|  0%| F|  |TAMS 0x00000000e2300000| PB 0x00000000e2300000| Untracked 
|  36|0x00000000e2400000, 0x00000000e2400000, 0x00000000e2500000|  0%| F|  |TAMS 0x00000000e2400000| PB 0x00000000e2400000| Untracked 
|  37|0x00000000e2500000, 0x00000000e2500000, 0x00000000e2600000|  0%| F|  |TAMS 0x00000000e2500000| PB 0x00000000e2500000| Untracked 
|  38|0x00000000e2600000, 0x00000000e2600000, 0x00000000e2700000|  0%| F|  |TAMS 0x00000000e2600000| PB 0x00000000e2600000| Untracked 
|  39|0x00000000e2700000, 0x00000000e2700000, 0x00000000e2800000|  0%| F|  |TAMS 0x00000000e2700000| PB 0x00000000e2700000| Untracked 
|  40|0x00000000e2800000, 0x00000000e2800000, 0x00000000e2900000|  0%| F|  |TAMS 0x00000000e2800000| PB 0x00000000e2800000| Untracked 
|  41|0x00000000e2900000, 0x00000000e2900000, 0x00000000e2a00000|  0%| F|  |TAMS 0x00000000e2900000| PB 0x00000000e2900000| Untracked 
|  42|0x00000000e2a00000, 0x00000000e2a00000, 0x00000000e2b00000|  0%| F|  |TAMS 0x00000000e2a00000| PB 0x00000000e2a00000| Untracked 
|  43|0x00000000e2b00000, 0x00000000e2b00000, 0x00000000e2c00000|  0%| F|  |TAMS 0x00000000e2b00000| PB 0x00000000e2b00000| Untracked 
|  44|0x00000000e2c00000, 0x00000000e2c00000, 0x00000000e2d00000|  0%| F|  |TAMS 0x00000000e2c00000| PB 0x00000000e2c00000| Untracked 
|  45|0x00000000e2d00000, 0x00000000e2d00000, 0x00000000e2e00000|  0%| F|  |TAMS 0x00000000e2d00000| PB 0x00000000e2d00000| Untracked 
|  46|0x00000000e2e00000, 0x00000000e2e00000, 0x00000000e2f00000|  0%| F|  |TAMS 0x00000000e2e00000| PB 0x00000000e2e00000| Untracked 
|  47|0x00000000e2f00000, 0x00000000e2f00000, 0x00000000e3000000|  0%| F|  |TAMS 0x00000000e2f00000| PB 0x00000000e2f00000| Untracked 
|  48|0x00000000e3000000, 0x00000000e3000000, 0x00000000e3100000|  0%| F|  |TAMS 0x00000000e3000000| PB 0x00000000e3000000| Untracked 
|  49|0x00000000e3100000, 0x00000000e3100000, 0x00000000e3200000|  0%| F|  |TAMS 0x00000000e3100000| PB 0x00000000e3100000| Untracked 
|  50|0x00000000e3200000, 0x00000000e3200000, 0x00000000e3300000|  0%| F|  |TAMS 0x00000000e3200000| PB 0x00000000e3200000| Untracked 
|  51|0x00000000e3300000, 0x00000000e3300000, 0x00000000e3400000|  0%| F|  |TAMS 0x00000000e3300000| PB 0x00000000e3300000| Untracked 
|  52|0x00000000e3400000, 0x00000000e3400000, 0x00000000e3500000|  0%| F|  |TAMS 0x00000000e3400000| PB 0x00000000e3400000| Untracked 
|  53|0x00000000e3500000, 0x00000000e3500000, 0x00000000e3600000|  0%| F|  |TAMS 0x00000000e3500000| PB 0x00000000e3500000| Untracked 
|  54|0x00000000e3600000, 0x00000000e3600000, 0x00000000e3700000|  0%| F|  |TAMS 0x00000000e3600000| PB 0x00000000e3600000| Untracked 
|  55|0x00000000e3700000, 0x00000000e3700000, 0x00000000e3800000|  0%| F|  |TAMS 0x00000000e3700000| PB 0x00000000e3700000| Untracked 
|  56|0x00000000e3800000, 0x00000000e3800000, 0x00000000e3900000|  0%| F|  |TAMS 0x00000000e3800000| PB 0x00000000e3800000| Untracked 
|  57|0x00000000e3900000, 0x00000000e3900000, 0x00000000e3a00000|  0%| F|  |TAMS 0x00000000e3900000| PB 0x00000000e3900000| Untracked 
|  58|0x00000000e3a00000, 0x00000000e3a00000, 0x00000000e3b00000|  0%| F|  |TAMS 0x00000000e3a00000| PB 0x00000000e3a00000| Untracked 
|  59|0x00000000e3b00000, 0x00000000e3b00000, 0x00000000e3c00000|  0%| F|  |TAMS 0x00000000e3b00000| PB 0x00000000e3b00000| Untracked 
|  60|0x00000000e3c00000, 0x00000000e3c00000, 0x00000000e3d00000|  0%| F|  |TAMS 0x00000000e3c00000| PB 0x00000000e3c00000| Untracked 
|  61|0x00000000e3d00000, 0x00000000e3d00000, 0x00000000e3e00000|  0%| F|  |TAMS 0x00000000e3d00000| PB 0x00000000e3d00000| Untracked 
|  62|0x00000000e3e00000, 0x00000000e3e00000, 0x00000000e3f00000|  0%| F|  |TAMS 0x00000000e3e00000| PB 0x00000000e3e00000| Untracked 
|  63|0x00000000e3f00000, 0x00000000e3f00000, 0x00000000e4000000|  0%| F|  |TAMS 0x00000000e3f00000| PB 0x00000000e3f00000| Untracked 
|  64|0x00000000e4000000, 0x00000000e4000000, 0x00000000e4100000|  0%| F|  |TAMS 0x00000000e4000000| PB 0x00000000e4000000| Untracked 
|  65|0x00000000e4100000, 0x00000000e4100000, 0x00000000e4200000|  0%| F|  |TAMS 0x00000000e4100000| PB 0x00000000e4100000| Untracked 
|  66|0x00000000e4200000, 0x00000000e4200000, 0x00000000e4300000|  0%| F|  |TAMS 0x00000000e4200000| PB 0x00000000e4200000| Untracked 
|  67|0x00000000e4300000, 0x00000000e4300000, 0x00000000e4400000|  0%| F|  |TAMS 0x00000000e4300000| PB 0x00000000e4300000| Untracked 
|  68|0x00000000e4400000, 0x00000000e4400000, 0x00000000e4500000|  0%| F|  |TAMS 0x00000000e4400000| PB 0x00000000e4400000| Untracked 
|  69|0x00000000e4500000, 0x00000000e4500000, 0x00000000e4600000|  0%| F|  |TAMS 0x00000000e4500000| PB 0x00000000e4500000| Untracked 
|  70|0x00000000e4600000, 0x00000000e4600000, 0x00000000e4700000|  0%| F|  |TAMS 0x00000000e4600000| PB 0x00000000e4600000| Untracked 
|  71|0x00000000e4700000, 0x00000000e4700000, 0x00000000e4800000|  0%| F|  |TAMS 0x00000000e4700000| PB 0x00000000e4700000| Untracked 
|  72|0x00000000e4800000, 0x00000000e4800000, 0x00000000e4900000|  0%| F|  |TAMS 0x00000000e4800000| PB 0x00000000e4800000| Untracked 
|  73|0x00000000e4900000, 0x00000000e4900000, 0x00000000e4a00000|  0%| F|  |TAMS 0x00000000e4900000| PB 0x00000000e4900000| Untracked 
|  74|0x00000000e4a00000, 0x00000000e4a00000, 0x00000000e4b00000|  0%| F|  |TAMS 0x00000000e4a00000| PB 0x00000000e4a00000| Untracked 
|  75|0x00000000e4b00000, 0x00000000e4b00000, 0x00000000e4c00000|  0%| F|  |TAMS 0x00000000e4b00000| PB 0x00000000e4b00000| Untracked 
|  76|0x00000000e4c00000, 0x00000000e4c00000, 0x00000000e4d00000|  0%| F|  |TAMS 0x00000000e4c00000| PB 0x00000000e4c00000| Untracked 
|  77|0x00000000e4d00000, 0x00000000e4d00000, 0x00000000e4e00000|  0%| F|  |TAMS 0x00000000e4d00000| PB 0x00000000e4d00000| Untracked 
|  78|0x00000000e4e00000, 0x00000000e4e00000, 0x00000000e4f00000|  0%| F|  |TAMS 0x00000000e4e00000| PB 0x00000000e4e00000| Untracked 
|  79|0x00000000e4f00000, 0x00000000e4f00000, 0x00000000e5000000|  0%| F|  |TAMS 0x00000000e4f00000| PB 0x00000000e4f00000| Untracked 
|  80|0x00000000e5000000, 0x00000000e5000000, 0x00000000e5100000|  0%| F|  |TAMS 0x00000000e5000000| PB 0x00000000e5000000| Untracked 
|  81|0x00000000e5100000, 0x00000000e5100000, 0x00000000e5200000|  0%| F|  |TAMS 0x00000000e5100000| PB 0x00000000e5100000| Untracked 
|  82|0x00000000e5200000, 0x00000000e5200000, 0x00000000e5300000|  0%| F|  |TAMS 0x00000000e5200000| PB 0x00000000e5200000| Untracked 
|  83|0x00000000e5300000, 0x00000000e5300000, 0x00000000e5400000|  0%| F|  |TAMS 0x00000000e5300000| PB 0x00000000e5300000| Untracked 
|  84|0x00000000e5400000, 0x00000000e5400000, 0x00000000e5500000|  0%| F|  |TAMS 0x00000000e5400000| PB 0x00000000e5400000| Untracked 
|  85|0x00000000e5500000, 0x00000000e5500000, 0x00000000e5600000|  0%| F|  |TAMS 0x00000000e5500000| PB 0x00000000e5500000| Untracked 
|  86|0x00000000e5600000, 0x00000000e5600000, 0x00000000e5700000|  0%| F|  |TAMS 0x00000000e5600000| PB 0x00000000e5600000| Untracked 
|  87|0x00000000e5700000, 0x00000000e5700000, 0x00000000e5800000|  0%| F|  |TAMS 0x00000000e5700000| PB 0x00000000e5700000| Untracked 
|  88|0x00000000e5800000, 0x00000000e5800000, 0x00000000e5900000|  0%| F|  |TAMS 0x00000000e5800000| PB 0x00000000e5800000| Untracked 
|  89|0x00000000e5900000, 0x00000000e5900000, 0x00000000e5a00000|  0%| F|  |TAMS 0x00000000e5900000| PB 0x00000000e5900000| Untracked 
|  90|0x00000000e5a00000, 0x00000000e5a00000, 0x00000000e5b00000|  0%| F|  |TAMS 0x00000000e5a00000| PB 0x00000000e5a00000| Untracked 
|  91|0x00000000e5b00000, 0x00000000e5b00000, 0x00000000e5c00000|  0%| F|  |TAMS 0x00000000e5b00000| PB 0x00000000e5b00000| Untracked 
|  92|0x00000000e5c00000, 0x00000000e5c00000, 0x00000000e5d00000|  0%| F|  |TAMS 0x00000000e5c00000| PB 0x00000000e5c00000| Untracked 
|  93|0x00000000e5d00000, 0x00000000e5d00000, 0x00000000e5e00000|  0%| F|  |TAMS 0x00000000e5d00000| PB 0x00000000e5d00000| Untracked 
|  94|0x00000000e5e00000, 0x00000000e5e00000, 0x00000000e5f00000|  0%| F|  |TAMS 0x00000000e5e00000| PB 0x00000000e5e00000| Untracked 
|  95|0x00000000e5f00000, 0x00000000e5f00000, 0x00000000e6000000|  0%| F|  |TAMS 0x00000000e5f00000| PB 0x00000000e5f00000| Untracked 
|  96|0x00000000e6000000, 0x00000000e6000000, 0x00000000e6100000|  0%| F|  |TAMS 0x00000000e6000000| PB 0x00000000e6000000| Untracked 
|  97|0x00000000e6100000, 0x00000000e6100000, 0x00000000e6200000|  0%| F|  |TAMS 0x00000000e6100000| PB 0x00000000e6100000| Untracked 
|  98|0x00000000e6200000, 0x00000000e6200000, 0x00000000e6300000|  0%| F|  |TAMS 0x00000000e6200000| PB 0x00000000e6200000| Untracked 
|  99|0x00000000e6300000, 0x00000000e6300000, 0x00000000e6400000|  0%| F|  |TAMS 0x00000000e6300000| PB 0x00000000e6300000| Untracked 
| 100|0x00000000e6400000, 0x00000000e6400000, 0x00000000e6500000|  0%| F|  |TAMS 0x00000000e6400000| PB 0x00000000e6400000| Untracked 
| 101|0x00000000e6500000, 0x00000000e6500000, 0x00000000e6600000|  0%| F|  |TAMS 0x00000000e6500000| PB 0x00000000e6500000| Untracked 
| 102|0x00000000e6600000, 0x00000000e6600000, 0x00000000e6700000|  0%| F|  |TAMS 0x00000000e6600000| PB 0x00000000e6600000| Untracked 
| 103|0x00000000e6700000, 0x00000000e6700000, 0x00000000e6800000|  0%| F|  |TAMS 0x00000000e6700000| PB 0x00000000e6700000| Untracked 
| 104|0x00000000e6800000, 0x00000000e6800000, 0x00000000e6900000|  0%| F|  |TAMS 0x00000000e6800000| PB 0x00000000e6800000| Untracked 
| 105|0x00000000e6900000, 0x00000000e6900000, 0x00000000e6a00000|  0%| F|  |TAMS 0x00000000e6900000| PB 0x00000000e6900000| Untracked 
| 106|0x00000000e6a00000, 0x00000000e6a00000, 0x00000000e6b00000|  0%| F|  |TAMS 0x00000000e6a00000| PB 0x00000000e6a00000| Untracked 
| 107|0x00000000e6b00000, 0x00000000e6b00000, 0x00000000e6c00000|  0%| F|  |TAMS 0x00000000e6b00000| PB 0x00000000e6b00000| Untracked 
| 108|0x00000000e6c00000, 0x00000000e6c00000, 0x00000000e6d00000|  0%| F|  |TAMS 0x00000000e6c00000| PB 0x00000000e6c00000| Untracked 
| 109|0x00000000e6d00000, 0x00000000e6d00000, 0x00000000e6e00000|  0%| F|  |TAMS 0x00000000e6d00000| PB 0x00000000e6d00000| Untracked 
| 110|0x00000000e6e00000, 0x00000000e6e00000, 0x00000000e6f00000|  0%| F|  |TAMS 0x00000000e6e00000| PB 0x00000000e6e00000| Untracked 
| 111|0x00000000e6f00000, 0x00000000e6f00000, 0x00000000e7000000|  0%| F|  |TAMS 0x00000000e6f00000| PB 0x00000000e6f00000| Untracked 
| 112|0x00000000e7000000, 0x00000000e7000000, 0x00000000e7100000|  0%| F|  |TAMS 0x00000000e7000000| PB 0x00000000e7000000| Untracked 
| 113|0x00000000e7100000, 0x00000000e7100000, 0x00000000e7200000|  0%| F|  |TAMS 0x00000000e7100000| PB 0x00000000e7100000| Untracked 
| 114|0x00000000e7200000, 0x00000000e7200000, 0x00000000e7300000|  0%| F|  |TAMS 0x00000000e7200000| PB 0x00000000e7200000| Untracked 
| 115|0x00000000e7300000, 0x00000000e7300000, 0x00000000e7400000|  0%| F|  |TAMS 0x00000000e7300000| PB 0x00000000e7300000| Untracked 
| 116|0x00000000e7400000, 0x00000000e7400000, 0x00000000e7500000|  0%| F|  |TAMS 0x00000000e7400000| PB 0x00000000e7400000| Untracked 
| 117|0x00000000e7500000, 0x00000000e7500000, 0x00000000e7600000|  0%| F|  |TAMS 0x00000000e7500000| PB 0x00000000e7500000| Untracked 
| 118|0x00000000e7600000, 0x00000000e7600000, 0x00000000e7700000|  0%| F|  |TAMS 0x00000000e7600000| PB 0x00000000e7600000| Untracked 
| 119|0x00000000e7700000, 0x00000000e7700000, 0x00000000e7800000|  0%| F|  |TAMS 0x00000000e7700000| PB 0x00000000e7700000| Untracked 
| 120|0x00000000e7800000, 0x00000000e7800000, 0x00000000e7900000|  0%| F|  |TAMS 0x00000000e7800000| PB 0x00000000e7800000| Untracked 
| 121|0x00000000e7900000, 0x00000000e7900000, 0x00000000e7a00000|  0%| F|  |TAMS 0x00000000e7900000| PB 0x00000000e7900000| Untracked 
| 122|0x00000000e7a00000, 0x00000000e7a00000, 0x00000000e7b00000|  0%| F|  |TAMS 0x00000000e7a00000| PB 0x00000000e7a00000| Untracked 
| 123|0x00000000e7b00000, 0x00000000e7b00000, 0x00000000e7c00000|  0%| F|  |TAMS 0x00000000e7b00000| PB 0x00000000e7b00000| Untracked 
| 124|0x00000000e7c00000, 0x00000000e7c00000, 0x00000000e7d00000|  0%| F|  |TAMS 0x00000000e7c00000| PB 0x00000000e7c00000| Untracked 
| 125|0x00000000e7d00000, 0x00000000e7d00000, 0x00000000e7e00000|  0%| F|  |TAMS 0x00000000e7d00000| PB 0x00000000e7d00000| Untracked 
| 126|0x00000000e7e00000, 0x00000000e7e00000, 0x00000000e7f00000|  0%| F|  |TAMS 0x00000000e7e00000| PB 0x00000000e7e00000| Untracked 
| 127|0x00000000e7f00000, 0x00000000e7f00000, 0x00000000e8000000|  0%| F|  |TAMS 0x00000000e7f00000| PB 0x00000000e7f00000| Untracked 
| 128|0x00000000e8000000, 0x00000000e8000000, 0x00000000e8100000|  0%| F|  |TAMS 0x00000000e8000000| PB 0x00000000e8000000| Untracked 
| 129|0x00000000e8100000, 0x00000000e8100000, 0x00000000e8200000|  0%| F|  |TAMS 0x00000000e8100000| PB 0x00000000e8100000| Untracked 
| 130|0x00000000e8200000, 0x00000000e8200000, 0x00000000e8300000|  0%| F|  |TAMS 0x00000000e8200000| PB 0x00000000e8200000| Untracked 
| 131|0x00000000e8300000, 0x00000000e8300000, 0x00000000e8400000|  0%| F|  |TAMS 0x00000000e8300000| PB 0x00000000e8300000| Untracked 
| 132|0x00000000e8400000, 0x00000000e8400000, 0x00000000e8500000|  0%| F|  |TAMS 0x00000000e8400000| PB 0x00000000e8400000| Untracked 
| 133|0x00000000e8500000, 0x00000000e8500000, 0x00000000e8600000|  0%| F|  |TAMS 0x00000000e8500000| PB 0x00000000e8500000| Untracked 
| 134|0x00000000e8600000, 0x00000000e8600000, 0x00000000e8700000|  0%| F|  |TAMS 0x00000000e8600000| PB 0x00000000e8600000| Untracked 
| 135|0x00000000e8700000, 0x00000000e8700000, 0x00000000e8800000|  0%| F|  |TAMS 0x00000000e8700000| PB 0x00000000e8700000| Untracked 
| 136|0x00000000e8800000, 0x00000000e8800000, 0x00000000e8900000|  0%| F|  |TAMS 0x00000000e8800000| PB 0x00000000e8800000| Untracked 
| 137|0x00000000e8900000, 0x00000000e8900000, 0x00000000e8a00000|  0%| F|  |TAMS 0x00000000e8900000| PB 0x00000000e8900000| Untracked 
| 138|0x00000000e8a00000, 0x00000000e8a00000, 0x00000000e8b00000|  0%| F|  |TAMS 0x00000000e8a00000| PB 0x00000000e8a00000| Untracked 
| 139|0x00000000e8b00000, 0x00000000e8b00000, 0x00000000e8c00000|  0%| F|  |TAMS 0x00000000e8b00000| PB 0x00000000e8b00000| Untracked 
| 140|0x00000000e8c00000, 0x00000000e8c80000, 0x00000000e8d00000| 50%| E|  |TAMS 0x00000000e8c00000| PB 0x00000000e8c00000| Complete 
| 141|0x00000000e8d00000, 0x00000000e8e00000, 0x00000000e8e00000|100%| E|CS|TAMS 0x00000000e8d00000| PB 0x00000000e8d00000| Complete 
| 142|0x00000000e8e00000, 0x00000000e8f00000, 0x00000000e8f00000|100%| E|CS|TAMS 0x00000000e8e00000| PB 0x00000000e8e00000| Complete 
| 143|0x00000000e8f00000, 0x00000000e9000000, 0x00000000e9000000|100%| E|CS|TAMS 0x00000000e8f00000| PB 0x00000000e8f00000| Complete 
| 144|0x00000000e9000000, 0x00000000e9100000, 0x00000000e9100000|100%| E|CS|TAMS 0x00000000e9000000| PB 0x00000000e9000000| Complete 
| 145|0x00000000e9100000, 0x00000000e9200000, 0x00000000e9200000|100%| E|CS|TAMS 0x00000000e9100000| PB 0x00000000e9100000| Complete 
| 146|0x00000000e9200000, 0x00000000e9300000, 0x00000000e9300000|100%| E|CS|TAMS 0x00000000e9200000| PB 0x00000000e9200000| Complete 
| 147|0x00000000e9300000, 0x00000000e9400000, 0x00000000e9400000|100%| E|CS|TAMS 0x00000000e9300000| PB 0x00000000e9300000| Complete 
| 148|0x00000000e9400000, 0x00000000e9500000, 0x00000000e9500000|100%| E|CS|TAMS 0x00000000e9400000| PB 0x00000000e9400000| Complete 
| 149|0x00000000e9500000, 0x00000000e9600000, 0x00000000e9600000|100%| E|CS|TAMS 0x00000000e9500000| PB 0x00000000e9500000| Complete 
| 150|0x00000000e9600000, 0x00000000e9700000, 0x00000000e9700000|100%| E|CS|TAMS 0x00000000e9600000| PB 0x00000000e9600000| Complete 
| 151|0x00000000e9700000, 0x00000000e9800000, 0x00000000e9800000|100%| E|CS|TAMS 0x00000000e9700000| PB 0x00000000e9700000| Complete 
| 152|0x00000000e9800000, 0x00000000e9900000, 0x00000000e9900000|100%| E|CS|TAMS 0x00000000e9800000| PB 0x00000000e9800000| Complete 
| 153|0x00000000e9900000, 0x00000000e9a00000, 0x00000000e9a00000|100%| E|CS|TAMS 0x00000000e9900000| PB 0x00000000e9900000| Complete 
| 154|0x00000000e9a00000, 0x00000000e9b00000, 0x00000000e9b00000|100%| E|CS|TAMS 0x00000000e9a00000| PB 0x00000000e9a00000| Complete 
| 155|0x00000000e9b00000, 0x00000000e9c00000, 0x00000000e9c00000|100%| E|CS|TAMS 0x00000000e9b00000| PB 0x00000000e9b00000| Complete 
| 156|0x00000000e9c00000, 0x00000000e9d00000, 0x00000000e9d00000|100%| E|CS|TAMS 0x00000000e9c00000| PB 0x00000000e9c00000| Complete 
| 157|0x00000000e9d00000, 0x00000000e9e00000, 0x00000000e9e00000|100%| E|CS|TAMS 0x00000000e9d00000| PB 0x00000000e9d00000| Complete 
| 158|0x00000000e9e00000, 0x00000000e9f00000, 0x00000000e9f00000|100%| E|CS|TAMS 0x00000000e9e00000| PB 0x00000000e9e00000| Complete 
| 159|0x00000000e9f00000, 0x00000000ea000000, 0x00000000ea000000|100%| E|CS|TAMS 0x00000000e9f00000| PB 0x00000000e9f00000| Complete 
| 160|0x00000000ea000000, 0x00000000ea100000, 0x00000000ea100000|100%| E|CS|TAMS 0x00000000ea000000| PB 0x00000000ea000000| Complete 
| 161|0x00000000ea100000, 0x00000000ea200000, 0x00000000ea200000|100%| E|CS|TAMS 0x00000000ea100000| PB 0x00000000ea100000| Complete 
| 162|0x00000000ea200000, 0x00000000ea300000, 0x00000000ea300000|100%| E|CS|TAMS 0x00000000ea200000| PB 0x00000000ea200000| Complete 
| 163|0x00000000ea300000, 0x00000000ea400000, 0x00000000ea400000|100%| E|CS|TAMS 0x00000000ea300000| PB 0x00000000ea300000| Complete 
| 164|0x00000000ea400000, 0x00000000ea500000, 0x00000000ea500000|100%| E|CS|TAMS 0x00000000ea400000| PB 0x00000000ea400000| Complete 
| 165|0x00000000ea500000, 0x00000000ea600000, 0x00000000ea600000|100%| E|CS|TAMS 0x00000000ea500000| PB 0x00000000ea500000| Complete 
| 166|0x00000000ea600000, 0x00000000ea700000, 0x00000000ea700000|100%| E|CS|TAMS 0x00000000ea600000| PB 0x00000000ea600000| Complete 
| 167|0x00000000ea700000, 0x00000000ea800000, 0x00000000ea800000|100%| E|CS|TAMS 0x00000000ea700000| PB 0x00000000ea700000| Complete 
| 168|0x00000000ea800000, 0x00000000ea900000, 0x00000000ea900000|100%| E|CS|TAMS 0x00000000ea800000| PB 0x00000000ea800000| Complete 
| 169|0x00000000ea900000, 0x00000000eaa00000, 0x00000000eaa00000|100%| E|CS|TAMS 0x00000000ea900000| PB 0x00000000ea900000| Complete 
| 170|0x00000000eaa00000, 0x00000000eab00000, 0x00000000eab00000|100%| E|CS|TAMS 0x00000000eaa00000| PB 0x00000000eaa00000| Complete 
| 171|0x00000000eab00000, 0x00000000eac00000, 0x00000000eac00000|100%| E|CS|TAMS 0x00000000eab00000| PB 0x00000000eab00000| Complete 
| 172|0x00000000eac00000, 0x00000000ead00000, 0x00000000ead00000|100%| E|CS|TAMS 0x00000000eac00000| PB 0x00000000eac00000| Complete 
| 173|0x00000000ead00000, 0x00000000eae00000, 0x00000000eae00000|100%| E|CS|TAMS 0x00000000ead00000| PB 0x00000000ead00000| Complete 
| 174|0x00000000eae00000, 0x00000000eaf00000, 0x00000000eaf00000|100%| E|CS|TAMS 0x00000000eae00000| PB 0x00000000eae00000| Complete 
| 175|0x00000000eaf00000, 0x00000000eb000000, 0x00000000eb000000|100%| E|CS|TAMS 0x00000000eaf00000| PB 0x00000000eaf00000| Complete 
| 176|0x00000000eb000000, 0x00000000eb100000, 0x00000000eb100000|100%| E|CS|TAMS 0x00000000eb000000| PB 0x00000000eb000000| Complete 
| 177|0x00000000eb100000, 0x00000000eb200000, 0x00000000eb200000|100%| E|CS|TAMS 0x00000000eb100000| PB 0x00000000eb100000| Complete 
| 178|0x00000000eb200000, 0x00000000eb300000, 0x00000000eb300000|100%| E|CS|TAMS 0x00000000eb200000| PB 0x00000000eb200000| Complete 
| 179|0x00000000eb300000, 0x00000000eb400000, 0x00000000eb400000|100%| E|CS|TAMS 0x00000000eb300000| PB 0x00000000eb300000| Complete 
| 180|0x00000000eb400000, 0x00000000eb500000, 0x00000000eb500000|100%| E|CS|TAMS 0x00000000eb400000| PB 0x00000000eb400000| Complete 
| 181|0x00000000eb500000, 0x00000000eb600000, 0x00000000eb600000|100%| E|CS|TAMS 0x00000000eb500000| PB 0x00000000eb500000| Complete 
| 182|0x00000000eb600000, 0x00000000eb700000, 0x00000000eb700000|100%| E|CS|TAMS 0x00000000eb600000| PB 0x00000000eb600000| Complete 
| 183|0x00000000eb700000, 0x00000000eb800000, 0x00000000eb800000|100%| E|CS|TAMS 0x00000000eb700000| PB 0x00000000eb700000| Complete 
| 184|0x00000000eb800000, 0x00000000eb900000, 0x00000000eb900000|100%| E|CS|TAMS 0x00000000eb800000| PB 0x00000000eb800000| Complete 
| 185|0x00000000eb900000, 0x00000000eba00000, 0x00000000eba00000|100%| E|CS|TAMS 0x00000000eb900000| PB 0x00000000eb900000| Complete 
| 186|0x00000000eba00000, 0x00000000ebb00000, 0x00000000ebb00000|100%| E|CS|TAMS 0x00000000eba00000| PB 0x00000000eba00000| Complete 
| 187|0x00000000ebb00000, 0x00000000ebc00000, 0x00000000ebc00000|100%| E|CS|TAMS 0x00000000ebb00000| PB 0x00000000ebb00000| Complete 
| 188|0x00000000ebc00000, 0x00000000ebd00000, 0x00000000ebd00000|100%| E|CS|TAMS 0x00000000ebc00000| PB 0x00000000ebc00000| Complete 
| 189|0x00000000ebd00000, 0x00000000ebe00000, 0x00000000ebe00000|100%| E|CS|TAMS 0x00000000ebd00000| PB 0x00000000ebd00000| Complete 
| 190|0x00000000ebe00000, 0x00000000ebf00000, 0x00000000ebf00000|100%| E|CS|TAMS 0x00000000ebe00000| PB 0x00000000ebe00000| Complete 
| 191|0x00000000ebf00000, 0x00000000ec000000, 0x00000000ec000000|100%| E|CS|TAMS 0x00000000ebf00000| PB 0x00000000ebf00000| Complete 
| 192|0x00000000ec000000, 0x00000000ec100000, 0x00000000ec100000|100%| E|CS|TAMS 0x00000000ec000000| PB 0x00000000ec000000| Complete 
| 193|0x00000000ec100000, 0x00000000ec200000, 0x00000000ec200000|100%| E|CS|TAMS 0x00000000ec100000| PB 0x00000000ec100000| Complete 
| 194|0x00000000ec200000, 0x00000000ec300000, 0x00000000ec300000|100%| E|CS|TAMS 0x00000000ec200000| PB 0x00000000ec200000| Complete 
| 195|0x00000000ec300000, 0x00000000ec400000, 0x00000000ec400000|100%| E|CS|TAMS 0x00000000ec300000| PB 0x00000000ec300000| Complete 
| 196|0x00000000ec400000, 0x00000000ec500000, 0x00000000ec500000|100%| E|CS|TAMS 0x00000000ec400000| PB 0x00000000ec400000| Complete 
| 197|0x00000000ec500000, 0x00000000ec600000, 0x00000000ec600000|100%| E|CS|TAMS 0x00000000ec500000| PB 0x00000000ec500000| Complete 
| 198|0x00000000ec600000, 0x00000000ec700000, 0x00000000ec700000|100%| E|CS|TAMS 0x00000000ec600000| PB 0x00000000ec600000| Complete 
| 199|0x00000000ec700000, 0x00000000ec800000, 0x00000000ec800000|100%| E|CS|TAMS 0x00000000ec700000| PB 0x00000000ec700000| Complete 
| 200|0x00000000ec800000, 0x00000000ec900000, 0x00000000ec900000|100%| E|CS|TAMS 0x00000000ec800000| PB 0x00000000ec800000| Complete 
| 201|0x00000000ec900000, 0x00000000eca00000, 0x00000000eca00000|100%| E|CS|TAMS 0x00000000ec900000| PB 0x00000000ec900000| Complete 
| 202|0x00000000eca00000, 0x00000000ecb00000, 0x00000000ecb00000|100%| E|CS|TAMS 0x00000000eca00000| PB 0x00000000eca00000| Complete 
| 203|0x00000000ecb00000, 0x00000000ecc00000, 0x00000000ecc00000|100%| E|CS|TAMS 0x00000000ecb00000| PB 0x00000000ecb00000| Complete 
| 204|0x00000000ecc00000, 0x00000000ecd00000, 0x00000000ecd00000|100%| E|CS|TAMS 0x00000000ecc00000| PB 0x00000000ecc00000| Complete 
| 205|0x00000000ecd00000, 0x00000000ece00000, 0x00000000ece00000|100%| E|CS|TAMS 0x00000000ecd00000| PB 0x00000000ecd00000| Complete 
| 206|0x00000000ece00000, 0x00000000ecf00000, 0x00000000ecf00000|100%| E|CS|TAMS 0x00000000ece00000| PB 0x00000000ece00000| Complete 
| 207|0x00000000ecf00000, 0x00000000ed000000, 0x00000000ed000000|100%| E|CS|TAMS 0x00000000ecf00000| PB 0x00000000ecf00000| Complete 
| 208|0x00000000ed000000, 0x00000000ed100000, 0x00000000ed100000|100%| E|CS|TAMS 0x00000000ed000000| PB 0x00000000ed000000| Complete 
| 209|0x00000000ed100000, 0x00000000ed200000, 0x00000000ed200000|100%| E|CS|TAMS 0x00000000ed100000| PB 0x00000000ed100000| Complete 
| 210|0x00000000ed200000, 0x00000000ed300000, 0x00000000ed300000|100%| E|CS|TAMS 0x00000000ed200000| PB 0x00000000ed200000| Complete 
| 211|0x00000000ed300000, 0x00000000ed400000, 0x00000000ed400000|100%| E|CS|TAMS 0x00000000ed300000| PB 0x00000000ed300000| Complete 
| 212|0x00000000ed400000, 0x00000000ed500000, 0x00000000ed500000|100%| E|CS|TAMS 0x00000000ed400000| PB 0x00000000ed400000| Complete 
| 213|0x00000000ed500000, 0x00000000ed600000, 0x00000000ed600000|100%| E|CS|TAMS 0x00000000ed500000| PB 0x00000000ed500000| Complete 
| 214|0x00000000ed600000, 0x00000000ed700000, 0x00000000ed700000|100%| E|CS|TAMS 0x00000000ed600000| PB 0x00000000ed600000| Complete 
| 215|0x00000000ed700000, 0x00000000ed800000, 0x00000000ed800000|100%| E|CS|TAMS 0x00000000ed700000| PB 0x00000000ed700000| Complete 
| 216|0x00000000ed800000, 0x00000000ed900000, 0x00000000ed900000|100%| E|CS|TAMS 0x00000000ed800000| PB 0x00000000ed800000| Complete 
| 217|0x00000000ed900000, 0x00000000eda00000, 0x00000000eda00000|100%| E|CS|TAMS 0x00000000ed900000| PB 0x00000000ed900000| Complete 
| 218|0x00000000eda00000, 0x00000000edb00000, 0x00000000edb00000|100%| E|CS|TAMS 0x00000000eda00000| PB 0x00000000eda00000| Complete 
| 219|0x00000000edb00000, 0x00000000edc00000, 0x00000000edc00000|100%| E|CS|TAMS 0x00000000edb00000| PB 0x00000000edb00000| Complete 
| 220|0x00000000edc00000, 0x00000000edd00000, 0x00000000edd00000|100%| E|CS|TAMS 0x00000000edc00000| PB 0x00000000edc00000| Complete 
| 221|0x00000000edd00000, 0x00000000ede00000, 0x00000000ede00000|100%| E|CS|TAMS 0x00000000edd00000| PB 0x00000000edd00000| Complete 
| 222|0x00000000ede00000, 0x00000000edf00000, 0x00000000edf00000|100%| E|CS|TAMS 0x00000000ede00000| PB 0x00000000ede00000| Complete 
| 223|0x00000000edf00000, 0x00000000ee000000, 0x00000000ee000000|100%| E|CS|TAMS 0x00000000edf00000| PB 0x00000000edf00000| Complete 
| 224|0x00000000ee000000, 0x00000000ee100000, 0x00000000ee100000|100%| E|CS|TAMS 0x00000000ee000000| PB 0x00000000ee000000| Complete 
| 225|0x00000000ee100000, 0x00000000ee200000, 0x00000000ee200000|100%| E|CS|TAMS 0x00000000ee100000| PB 0x00000000ee100000| Complete 
| 226|0x00000000ee200000, 0x00000000ee300000, 0x00000000ee300000|100%| E|CS|TAMS 0x00000000ee200000| PB 0x00000000ee200000| Complete 
| 227|0x00000000ee300000, 0x00000000ee400000, 0x00000000ee400000|100%| E|CS|TAMS 0x00000000ee300000| PB 0x00000000ee300000| Complete 
| 228|0x00000000ee400000, 0x00000000ee500000, 0x00000000ee500000|100%| E|CS|TAMS 0x00000000ee400000| PB 0x00000000ee400000| Complete 
| 229|0x00000000ee500000, 0x00000000ee600000, 0x00000000ee600000|100%| E|CS|TAMS 0x00000000ee500000| PB 0x00000000ee500000| Complete 
| 230|0x00000000ee600000, 0x00000000ee700000, 0x00000000ee700000|100%| E|CS|TAMS 0x00000000ee600000| PB 0x00000000ee600000| Complete 
| 231|0x00000000ee700000, 0x00000000ee800000, 0x00000000ee800000|100%| E|CS|TAMS 0x00000000ee700000| PB 0x00000000ee700000| Complete 
| 232|0x00000000ee800000, 0x00000000ee900000, 0x00000000ee900000|100%| E|CS|TAMS 0x00000000ee800000| PB 0x00000000ee800000| Complete 
| 233|0x00000000ee900000, 0x00000000eea00000, 0x00000000eea00000|100%| E|CS|TAMS 0x00000000ee900000| PB 0x00000000ee900000| Complete 
| 234|0x00000000eea00000, 0x00000000eeb00000, 0x00000000eeb00000|100%| E|CS|TAMS 0x00000000eea00000| PB 0x00000000eea00000| Complete 
| 235|0x00000000eeb00000, 0x00000000eec00000, 0x00000000eec00000|100%| S|CS|TAMS 0x00000000eeb00000| PB 0x00000000eeb00000| Complete 
| 236|0x00000000eec00000, 0x00000000eed00000, 0x00000000eed00000|100%| S|CS|TAMS 0x00000000eec00000| PB 0x00000000eec00000| Complete 
| 237|0x00000000eed00000, 0x00000000eee00000, 0x00000000eee00000|100%| S|CS|TAMS 0x00000000eed00000| PB 0x00000000eed00000| Complete 
| 238|0x00000000eee00000, 0x00000000eef00000, 0x00000000eef00000|100%| S|CS|TAMS 0x00000000eee00000| PB 0x00000000eee00000| Complete 
| 239|0x00000000eef00000, 0x00000000ef000000, 0x00000000ef000000|100%| S|CS|TAMS 0x00000000eef00000| PB 0x00000000eef00000| Complete 
| 240|0x00000000ef000000, 0x00000000ef100000, 0x00000000ef100000|100%| S|CS|TAMS 0x00000000ef000000| PB 0x00000000ef000000| Complete 
| 241|0x00000000ef100000, 0x00000000ef200000, 0x00000000ef200000|100%| S|CS|TAMS 0x00000000ef100000| PB 0x00000000ef100000| Complete 
| 242|0x00000000ef200000, 0x00000000ef300000, 0x00000000ef300000|100%| S|CS|TAMS 0x00000000ef200000| PB 0x00000000ef200000| Complete 
| 243|0x00000000ef300000, 0x00000000ef400000, 0x00000000ef400000|100%| S|CS|TAMS 0x00000000ef300000| PB 0x00000000ef300000| Complete 
| 244|0x00000000ef400000, 0x00000000ef500000, 0x00000000ef500000|100%| S|CS|TAMS 0x00000000ef400000| PB 0x00000000ef400000| Complete 
| 245|0x00000000ef500000, 0x00000000ef600000, 0x00000000ef600000|100%| S|CS|TAMS 0x00000000ef500000| PB 0x00000000ef500000| Complete 
| 246|0x00000000ef600000, 0x00000000ef700000, 0x00000000ef700000|100%| S|CS|TAMS 0x00000000ef600000| PB 0x00000000ef600000| Complete 
| 247|0x00000000ef700000, 0x00000000ef800000, 0x00000000ef800000|100%| E|CS|TAMS 0x00000000ef700000| PB 0x00000000ef700000| Complete 
| 248|0x00000000ef800000, 0x00000000ef900000, 0x00000000ef900000|100%| E|CS|TAMS 0x00000000ef800000| PB 0x00000000ef800000| Complete 
| 249|0x00000000ef900000, 0x00000000efa00000, 0x00000000efa00000|100%| E|CS|TAMS 0x00000000ef900000| PB 0x00000000ef900000| Complete 
| 250|0x00000000efa00000, 0x00000000efb00000, 0x00000000efb00000|100%| E|CS|TAMS 0x00000000efa00000| PB 0x00000000efa00000| Complete 
| 251|0x00000000efb00000, 0x00000000efc00000, 0x00000000efc00000|100%| E|CS|TAMS 0x00000000efb00000| PB 0x00000000efb00000| Complete 
| 252|0x00000000efc00000, 0x00000000efd00000, 0x00000000efd00000|100%| E|CS|TAMS 0x00000000efc00000| PB 0x00000000efc00000| Complete 
| 253|0x00000000efd00000, 0x00000000efe00000, 0x00000000efe00000|100%| E|CS|TAMS 0x00000000efd00000| PB 0x00000000efd00000| Complete 
| 254|0x00000000efe00000, 0x00000000eff00000, 0x00000000eff00000|100%| E|CS|TAMS 0x00000000efe00000| PB 0x00000000efe00000| Complete 
| 255|0x00000000eff00000, 0x00000000f0000000, 0x00000000f0000000|100%| E|CS|TAMS 0x00000000eff00000| PB 0x00000000eff00000| Complete 

Card table byte_map: [0x0000020becec0000,0x0000020becfc0000] _byte_map_base: 0x0000020bec7c0000

Marking Bits: (CMBitMap*) 0x0000020bda8ff740
 Bits: [0x0000020becfc0000, 0x0000020bed7c0000)

Polling page: 0x0000020bd9c70000

Metaspace:

Usage:
  Non-class:     28.12 MB used.
      Class:      4.80 MB used.
       Both:     32.92 MB used.

Virtual space:
  Non-class space:       64.00 MB reserved,      28.75 MB ( 45%) committed,  1 nodes.
      Class space:      320.00 MB reserved,       5.44 MB (  2%) committed,  1 nodes.
             Both:      384.00 MB reserved,      34.19 MB (  9%) committed. 

Chunk freelists:
   Non-Class:  2.95 MB
       Class:  10.52 MB
        Both:  13.47 MB

MaxMetaspaceSize: 384.00 MB
CompressedClassSpaceSize: 320.00 MB
Initial GC threshold: 21.00 MB
Current GC threshold: 35.12 MB
CDS: on
 - commit_granule_bytes: 65536.
 - commit_granule_words: 8192.
 - virtual_space_node_default_size: 8388608.
 - enlarge_chunks_in_place: 1.
 - use_allocation_guard: 0.


Internal statistics:

num_allocs_failed_limit: 3.
num_arena_births: 2324.
num_arena_deaths: 0.
num_vsnodes_births: 2.
num_vsnodes_deaths: 0.
num_space_committed: 547.
num_space_uncommitted: 0.
num_chunks_returned_to_freelist: 3.
num_chunks_taken_from_freelist: 3969.
num_chunk_merges: 3.
num_chunk_splits: 2553.
num_chunks_enlarged: 1510.
num_inconsistent_stats: 0.

CodeHeap 'non-profiled nmethods': size=120000Kb used=2345Kb max_used=2345Kb free=117654Kb
 bounds [0x0000020be5560000, 0x0000020be57d0000, 0x0000020beca90000]
CodeHeap 'profiled nmethods': size=120000Kb used=8282Kb max_used=8282Kb free=111717Kb
 bounds [0x0000020bdda90000, 0x0000020bde2b0000, 0x0000020be4fc0000]
CodeHeap 'non-nmethods': size=5760Kb used=1453Kb max_used=1477Kb free=4306Kb
 bounds [0x0000020be4fc0000, 0x0000020be5230000, 0x0000020be5560000]
CodeCache: size=245760Kb, used=12080Kb, max_used=12104Kb, free=233677Kb
 total_blobs=4757, nmethods=4153, adapters=508, full_count=0
Compilation: enabled, stopped_count=0, restarted_count=0

Compilation events (20 events):
Event: 203.728 Thread 0x0000020bf0212520 nmethod 4145 0x0000020bde2a1910 code [0x0000020bde2a1b20, 0x0000020bde2a2210]
Event: 203.728 Thread 0x0000020bf0212520 4146       3       org.objectweb.asm.FieldVisitor::<init> (79 bytes)
Event: 203.730 Thread 0x0000020bf0212520 nmethod 4146 0x0000020bde2a2510 code [0x0000020bde2a2760, 0x0000020bde2a3050]
Event: 204.118 Thread 0x0000020bf0212520 4147       3       java.util.HashMap::put (13 bytes)
Event: 204.119 Thread 0x0000020bf0212520 nmethod 4147 0x0000020bde2a3390 code [0x0000020bde2a3560, 0x0000020bde2a3868]
Event: 204.281 Thread 0x0000020bf0203b60 4148       4       java.util.zip.ZipFile$ZipFileInflaterInputStream::<init> (14 bytes)
Event: 204.316 Thread 0x0000020bf0203b60 nmethod 4148 0x0000020be57a8090 code [0x0000020be57a82e0, 0x0000020be57a9380]
Event: 204.981 Thread 0x0000020bf0212520 4149       3       org.gradle.internal.instantiation.generator.AbstractClassGenerator$ClassGenerationHandler::<init> (5 bytes)
Event: 204.981 Thread 0x0000020bf0212520 nmethod 4149 0x0000020bde2a3990 code [0x0000020bde2a3b40, 0x0000020bde2a3d08]
Event: 204.997 Thread 0x0000020bf0212520 4150       3       org.gradle.internal.instantiation.generator.AbstractClassGenerator$ClassGenerationHandler::<init> (5 bytes)
Event: 204.997 Thread 0x0000020bf0212520 nmethod 4150 0x0000020bde2a3e10 code [0x0000020bde2a3fc0, 0x0000020bde2a4128]
Event: 206.225 Thread 0x0000020bf0212520 4151       3       java.util.stream.ReferencePipeline::collect (124 bytes)
Event: 206.226 Thread 0x0000020bf0212520 nmethod 4151 0x0000020bde2a4210 code [0x0000020bde2a4500, 0x0000020bde2a53b8]
Event: 207.230 Thread 0x0000020bf0212520 4152       3       java.util.stream.ReduceOps::makeRef (42 bytes)
Event: 207.231 Thread 0x0000020bf0212520 nmethod 4152 0x0000020bde2a5790 code [0x0000020bde2a59c0, 0x0000020bde2a6300]
Event: 207.375 Thread 0x0000020bf0203b60 4153       4       java.io.DataInputStream::readInt (19 bytes)
Event: 207.385 Thread 0x0000020bf0203b60 nmethod 4153 0x0000020be57a9910 code [0x0000020be57a9b00, 0x0000020be57aa2c0]
Event: 207.415 Thread 0x0000020bf0212520 4154       3       org.codehaus.groovy.reflection.GeneratedMetaMethod$DgmMethodRecord::<init> (5 bytes)
Event: 207.416 Thread 0x0000020bf0212520 nmethod 4154 0x0000020bde2a6590 code [0x0000020bde2a6740, 0x0000020bde2a68a8]
Event: 207.456 Thread 0x0000020bf0203b60 4155   !   4       java.io.BufferedInputStream::read (69 bytes)

GC Heap History (8 events):
Event: 1.108 GC heap before
{Heap before GC invocations=0 (full 0):
 garbage-first heap   total 262144K, used 23552K [0x00000000e0000000, 0x0000000100000000)
  region size 1024K, 23 young (23552K), 0 survivors (0K)
 Metaspace       used 923K, committed 1088K, reserved 393216K
  class space    used 76K, committed 128K, reserved 327680K
}
Event: 1.158 GC heap after
{Heap after GC invocations=1 (full 0):
 garbage-first heap   total 262144K, used 1621K [0x00000000e0000000, 0x0000000100000000)
  region size 1024K, 2 young (2048K), 2 survivors (2048K)
 Metaspace       used 923K, committed 1088K, reserved 393216K
  class space    used 76K, committed 128K, reserved 327680K
}
Event: 23.686 GC heap before
{Heap before GC invocations=1 (full 0):
 garbage-first heap   total 262144K, used 42581K [0x00000000e0000000, 0x0000000100000000)
  region size 1024K, 39 young (39936K), 2 survivors (2048K)
 Metaspace       used 4654K, committed 4928K, reserved 393216K
  class space    used 588K, committed 704K, reserved 327680K
}
Event: 23.696 GC heap after
{Heap after GC invocations=2 (full 0):
 garbage-first heap   total 262144K, used 11642K [0x00000000e0000000, 0x0000000100000000)
  region size 1024K, 5 young (5120K), 5 survivors (5120K)
 Metaspace       used 4654K, committed 4928K, reserved 393216K
  class space    used 588K, committed 704K, reserved 327680K
}
Event: 118.022 GC heap before
{Heap before GC invocations=2 (full 0):
 garbage-first heap   total 262144K, used 145786K [0x00000000e0000000, 0x0000000100000000)
  region size 1024K, 133 young (136192K), 5 survivors (5120K)
 Metaspace       used 19863K, committed 20416K, reserved 393216K
  class space    used 2659K, committed 2944K, reserved 327680K
}
Event: 118.222 GC heap after
{Heap after GC invocations=3 (full 0):
 garbage-first heap   total 262144K, used 23121K [0x00000000e0000000, 0x0000000100000000)
  region size 1024K, 16 young (16384K), 16 survivors (16384K)
 Metaspace       used 19863K, committed 20416K, reserved 393216K
  class space    used 2659K, committed 2944K, reserved 327680K
}
Event: 124.987 GC heap before
{Heap before GC invocations=3 (full 0):
 garbage-first heap   total 262144K, used 31313K [0x00000000e0000000, 0x0000000100000000)
  region size 1024K, 25 young (25600K), 16 survivors (16384K)
 Metaspace       used 20897K, committed 21504K, reserved 393216K
  class space    used 2841K, committed 3136K, reserved 327680K
}
Event: 125.012 GC heap after
{Heap after GC invocations=4 (full 0):
 garbage-first heap   total 262144K, used 24881K [0x00000000e0000000, 0x0000000100000000)
  region size 1024K, 12 young (12288K), 12 survivors (12288K)
 Metaspace       used 20897K, committed 21504K, reserved 393216K
  class space    used 2841K, committed 3136K, reserved 327680K
}

Dll operation events (20 events):
Event: 0.234 Attempting to load shared library C:\Users\san\.cursor\extensions\redhat.java-1.56.0-win32-x64\jre\21.0.12.1-win32-x86_64\bin\nio.dll
Event: 0.234 Loaded shared library C:\Users\san\.cursor\extensions\redhat.java-1.56.0-win32-x64\jre\21.0.12.1-win32-x86_64\bin\nio.dll
Event: 0.239 Attempting to load shared library C:\Users\san\.cursor\extensions\redhat.java-1.56.0-win32-x64\jre\21.0.12.1-win32-x86_64\bin\zip.dll
Event: 0.239 Loaded shared library C:\Users\san\.cursor\extensions\redhat.java-1.56.0-win32-x64\jre\21.0.12.1-win32-x86_64\bin\zip.dll
Event: 1.176 Attempting to load shared library C:\Users\san\.cursor\extensions\redhat.java-1.56.0-win32-x64\jre\21.0.12.1-win32-x86_64\bin\jimage.dll
Event: 1.176 Loaded shared library C:\Users\san\.cursor\extensions\redhat.java-1.56.0-win32-x64\jre\21.0.12.1-win32-x86_64\bin\jimage.dll
Event: 2.069 Attempting to load shared library C:\Users\san\.cursor\extensions\redhat.java-1.56.0-win32-x64\jre\21.0.12.1-win32-x86_64\bin\verify.dll
Event: 2.072 Loaded shared library C:\Users\san\.cursor\extensions\redhat.java-1.56.0-win32-x64\jre\21.0.12.1-win32-x86_64\bin\verify.dll
Event: 2.185 Attempting to load shared library C:\Users\san\.gradle\native\660c5614fbf4a5f2a75b1949f50a0caf5cd603558e7d8a26e50b933a0cfb79d1\windows-amd64\native-platform.dll
Event: 2.192 Loaded shared library C:\Users\san\.gradle\native\660c5614fbf4a5f2a75b1949f50a0caf5cd603558e7d8a26e50b933a0cfb79d1\windows-amd64\native-platform.dll
Event: 2.269 Attempting to load shared library C:\Users\san\.gradle\native\0.2.8\x86_64-windows-gnu\gradle-fileevents.dll
Event: 2.274 Loaded shared library C:\Users\san\.gradle\native\0.2.8\x86_64-windows-gnu\gradle-fileevents.dll
Event: 58.081 Attempting to load shared library C:\Users\san\.cursor\extensions\redhat.java-1.56.0-win32-x64\jre\21.0.12.1-win32-x86_64\bin\management.dll
Event: 58.102 Loaded shared library C:\Users\san\.cursor\extensions\redhat.java-1.56.0-win32-x64\jre\21.0.12.1-win32-x86_64\bin\management.dll
Event: 58.172 Attempting to load shared library C:\Users\san\.cursor\extensions\redhat.java-1.56.0-win32-x64\jre\21.0.12.1-win32-x86_64\bin\management_ext.dll
Event: 58.194 Loaded shared library C:\Users\san\.cursor\extensions\redhat.java-1.56.0-win32-x64\jre\21.0.12.1-win32-x86_64\bin\management_ext.dll
Event: 62.561 Attempting to load shared library C:\Users\san\.cursor\extensions\redhat.java-1.56.0-win32-x64\jre\21.0.12.1-win32-x86_64\bin\extnet.dll
Event: 62.588 Loaded shared library C:\Users\san\.cursor\extensions\redhat.java-1.56.0-win32-x64\jre\21.0.12.1-win32-x86_64\bin\extnet.dll
Event: 71.107 Attempting to load shared library C:\Users\san\.cursor\extensions\redhat.java-1.56.0-win32-x64\jre\21.0.12.1-win32-x86_64\bin\sunmscapi.dll
Event: 71.124 Loaded shared library C:\Users\san\.cursor\extensions\redhat.java-1.56.0-win32-x64\jre\21.0.12.1-win32-x86_64\bin\sunmscapi.dll

Deoptimization events (20 events):
Event: 204.960 Thread 0x0000020bf5b07af0 DEOPT PACKING pc=0x0000020be556c4c8 sp=0x000000a857ff9160
Event: 204.961 Thread 0x0000020bf5b07af0 DEOPT UNPACKING pc=0x0000020be5014422 sp=0x000000a857ff90f8 mode 2
Event: 206.698 Thread 0x0000020bf5b07af0 DEOPT PACKING pc=0x0000020bddfc8bb9 sp=0x000000a857ff83c0
Event: 206.698 Thread 0x0000020bf5b07af0 DEOPT UNPACKING pc=0x0000020be5014bc2 sp=0x000000a857ff78c0 mode 0
Event: 207.413 Thread 0x0000020bf5b07af0 Uncommon trap: trap_request=0xffffffde fr.pc=0x0000020be56d62d0 relative=0x0000000000000df0
Event: 207.413 Thread 0x0000020bf5b07af0 Uncommon trap: reason=class_check action=maybe_recompile pc=0x0000020be56d62d0 method=java.io.BufferedInputStream.implRead([BII)I @ 100 c2
Event: 207.413 Thread 0x0000020bf5b07af0 DEOPT PACKING pc=0x0000020be56d62d0 sp=0x000000a857ff8800
Event: 207.414 Thread 0x0000020bf5b07af0 DEOPT UNPACKING pc=0x0000020be5014422 sp=0x000000a857ff8748 mode 2
Event: 207.415 Thread 0x0000020bf5b07af0 Uncommon trap: trap_request=0xffffffde fr.pc=0x0000020be56d62d0 relative=0x0000000000000df0
Event: 207.415 Thread 0x0000020bf5b07af0 Uncommon trap: reason=class_check action=maybe_recompile pc=0x0000020be56d62d0 method=java.io.BufferedInputStream.implRead([BII)I @ 100 c2
Event: 207.415 Thread 0x0000020bf5b07af0 DEOPT PACKING pc=0x0000020be56d62d0 sp=0x000000a857ff8800
Event: 207.415 Thread 0x0000020bf5b07af0 DEOPT UNPACKING pc=0x0000020be5014422 sp=0x000000a857ff8748 mode 2
Event: 207.416 Thread 0x0000020bf5b07af0 Uncommon trap: trap_request=0xffffffde fr.pc=0x0000020be56d62d0 relative=0x0000000000000df0
Event: 207.416 Thread 0x0000020bf5b07af0 Uncommon trap: reason=class_check action=maybe_recompile pc=0x0000020be56d62d0 method=java.io.BufferedInputStream.implRead([BII)I @ 100 c2
Event: 207.416 Thread 0x0000020bf5b07af0 DEOPT PACKING pc=0x0000020be56d62d0 sp=0x000000a857ff8800
Event: 207.416 Thread 0x0000020bf5b07af0 DEOPT UNPACKING pc=0x0000020be5014422 sp=0x000000a857ff8748 mode 2
Event: 207.456 Thread 0x0000020bf5b07af0 Uncommon trap: trap_request=0xffffffde fr.pc=0x0000020be56d62d0 relative=0x0000000000000df0
Event: 207.456 Thread 0x0000020bf5b07af0 Uncommon trap: reason=class_check action=maybe_recompile pc=0x0000020be56d62d0 method=java.io.BufferedInputStream.implRead([BII)I @ 100 c2
Event: 207.456 Thread 0x0000020bf5b07af0 DEOPT PACKING pc=0x0000020be56d62d0 sp=0x000000a857ff8770
Event: 207.456 Thread 0x0000020bf5b07af0 DEOPT UNPACKING pc=0x0000020be5014422 sp=0x000000a857ff86b8 mode 2

Classes loaded (20 events):
Event: 205.936 Loading class java/beans/BeanInfo
Event: 205.937 Loading class java/beans/BeanInfo done
Event: 206.340 Loading class java/util/EventListener
Event: 206.340 Loading class java/util/EventListener done
Event: 207.171 Loading class java/util/TimerTask
Event: 207.172 Loading class java/util/TimerTask done
Event: 207.172 Loading class java/util/Timer
Event: 207.173 Loading class java/util/Timer done
Event: 207.215 Loading class java/lang/Process
Event: 207.266 Loading class java/lang/Process done
Event: 207.268 Loading class java/util/stream/DoubleStream
Event: 207.299 Loading class java/util/stream/DoubleStream done
Event: 207.300 Loading class java/util/stream/LongStream
Event: 207.300 Loading class java/util/stream/LongStream done
Event: 207.300 Loading class java/util/OptionalDouble
Event: 207.301 Loading class java/util/OptionalDouble done
Event: 207.301 Loading class java/util/OptionalInt
Event: 207.301 Loading class java/util/OptionalInt done
Event: 207.301 Loading class java/util/OptionalLong
Event: 207.301 Loading class java/util/OptionalLong done

Classes unloaded (0 events):
No events

Classes redefined (0 events):
No events

Internal exceptions (20 events):
Event: 181.566 Thread 0x0000020bf5b07af0 Exception <a 'java/lang/NoSuchMethodError'{0x00000000eb5d0e88}: 'java.lang.Object java.lang.invoke.DirectMethodHandle$Holder.invokeStaticInit(java.lang.Object, java.lang.Object, java.lang.Object)'> (0x00000000eb5d0e88) 
thrown [s\src\hotspot\share\interpreter\linkResolver.cpp, line 773]
Event: 184.358 Thread 0x0000020bf5b07af0 Exception <a 'java/lang/NoSuchMethodError'{0x00000000eb102a28}: 'java.lang.Object java.lang.invoke.DirectMethodHandle$Holder.invokeSpecialIFC(java.lang.Object, java.lang.Object, java.lang.Object, java.lang.Object)'> (0x00000000eb102a28) 
thrown [s\src\hotspot\share\interpreter\linkResolver.cpp, line 773]
Event: 186.880 Thread 0x0000020bf5b07af0 Exception <a 'java/lang/NoSuchMethodError'{0x00000000ead7e9a8}: 'java.lang.Object java.lang.invoke.DirectMethodHandle$Holder.invokeVirtual(java.lang.Object, java.lang.Object, java.lang.Object, java.lang.Object, java.lang.Object, java.lang.Object, java.lang.Object, java.lang.Object, java.lang.Object, java.lang.Object, java.lang.Object, java.lang.Object, java.lang.Object, java.lang.Object, java.lang.Object, java.lang.Object, java.lang.Object, java.lang.Object, java.lang.Object, java.lang.Object, java.lang.Ob
Event: 186.910 Thread 0x0000020bf5b07af0 Exception <a 'java/lang/NoSuchMethodError'{0x00000000ead85730}: 'java.lang.Object java.lang.invoke.DelegatingMethodHandle$Holder.reinvoke_L(java.lang.Object, java.lang.Object, java.lang.Object, java.lang.Object, java.lang.Object, java.lang.Object, java.lang.Object, java.lang.Object, java.lang.Object, java.lang.Object, java.lang.Object, java.lang.Object, java.lang.Object, java.lang.Object, java.lang.Object, java.lang.Object, java.lang.Object, java.lang.Object, java.lang.Object, java.lang.Object, java.lang.O
Event: 192.043 Thread 0x0000020bf5b07af0 Exception <a 'java/lang/NoSuchMethodError'{0x00000000ea417670}: 'java.lang.Object java.lang.invoke.DirectMethodHandle$Holder.newInvokeSpecial(java.lang.Object, java.lang.Object, int, int)'> (0x00000000ea417670) 
thrown [s\src\hotspot\share\interpreter\linkResolver.cpp, line 773]
Event: 192.215 Thread 0x0000020bf5b07af0 Exception <a 'java/lang/NoSuchMethodError'{0x00000000ea4544c0}: 'void java.lang.invoke.DirectMethodHandle$Holder.invokeSpecial(java.lang.Object, java.lang.Object, int)'> (0x00000000ea4544c0) 
thrown [s\src\hotspot\share\interpreter\linkResolver.cpp, line 773]
Event: 192.216 Thread 0x0000020bf5b07af0 Exception <a 'java/lang/NoSuchMethodError'{0x00000000ea4589f0}: 'void java.lang.invoke.Invokers$Holder.invokeExact_MT(java.lang.Object, int, java.lang.Object)'> (0x00000000ea4589f0) 
thrown [s\src\hotspot\share\interpreter\linkResolver.cpp, line 773]
Event: 194.343 Thread 0x0000020bf5b07af0 Exception <a 'java/lang/NoSuchMethodError'{0x00000000ea1e4f28}: 'java.lang.Object java.lang.invoke.DirectMethodHandle$Holder.newInvokeSpecial(java.lang.Object, java.lang.Object, java.lang.Object, java.lang.Object, java.lang.Object, java.lang.Object, java.lang.Object, java.lang.Object, java.lang.Object, java.lang.Object, java.lang.Object)'> (0x00000000ea1e4f28) 
thrown [s\src\hotspot\share\interpreter\linkResolver.cpp, line 773]
Event: 195.648 Thread 0x0000020bf5b07af0 Exception <a 'java/lang/NoSuchMethodError'{0x00000000e9febeb0}: 'java.lang.Object java.lang.invoke.Invokers$Holder.linkToTargetMethod(java.lang.Object, java.lang.Object, java.lang.Object, java.lang.Object, java.lang.Object, java.lang.Object, java.lang.Object, java.lang.Object, java.lang.Object, java.lang.Object, java.lang.Object, java.lang.Object)'> (0x00000000e9febeb0) 
thrown [s\src\hotspot\share\interpreter\linkResolver.cpp, line 773]
Event: 196.384 Thread 0x0000020bf5b07af0 Exception <a 'java/lang/NoSuchMethodError'{0x00000000e9e90cf0}: 'java.lang.Object java.lang.invoke.DirectMethodHandle$Holder.newInvokeSpecial(java.lang.Object, java.lang.Object, java.lang.Object, java.lang.Object, java.lang.Object, java.lang.Object, java.lang.Object, java.lang.Object, java.lang.Object, java.lang.Object, java.lang.Object, java.lang.Object, java.lang.Object, java.lang.Object, java.lang.Object)'> (0x00000000e9e90cf0) 
thrown [s\src\hotspot\share\interpreter\linkResolver.cpp, line 773]
Event: 196.405 Thread 0x0000020bf5b07af0 Exception <a 'java/lang/NoSuchMethodError'{0x00000000e9e970d0}: 'java.lang.Object java.lang.invoke.DirectMethodHandle$Holder.invokeSpecial(java.lang.Object, java.lang.Object, java.lang.Object, java.lang.Object, java.lang.Object, java.lang.Object, java.lang.Object, java.lang.Object, java.lang.Object, java.lang.Object, java.lang.Object, java.lang.Object, java.lang.Object, java.lang.Object, java.lang.Object, java.lang.Object)'> (0x00000000e9e970d0) 
thrown [s\src\hotspot\share\interpreter\linkResolver.cpp, li
Event: 196.406 Thread 0x0000020bf5b07af0 Exception <a 'java/lang/NoSuchMethodError'{0x00000000e9e9c350}: 'java.lang.Object java.lang.invoke.DelegatingMethodHandle$Holder.reinvoke_L(java.lang.Object, java.lang.Object, java.lang.Object, java.lang.Object, java.lang.Object, java.lang.Object, java.lang.Object, java.lang.Object, java.lang.Object, java.lang.Object, java.lang.Object, java.lang.Object, java.lang.Object, java.lang.Object, java.lang.Object)'> (0x00000000e9e9c350) 
thrown [s\src\hotspot\share\interpreter\linkResolver.cpp, line 773]
Event: 200.601 Thread 0x0000020bf5b07af0 Exception <a 'java/lang/NoSuchMethodError'{0x00000000e9757878}: 'java.lang.Object java.lang.invoke.DelegatingMethodHandle$Holder.reinvoke_L(java.lang.Object, java.lang.Object, java.lang.Object, java.lang.Object, java.lang.Object, java.lang.Object, java.lang.Object, java.lang.Object, java.lang.Object, java.lang.Object, java.lang.Object, java.lang.Object, java.lang.Object, java.lang.Object, java.lang.Object, java.lang.Object, java.lang.Object, java.lang.Object, java.lang.Object, java.lang.Object, java.lang.O
Event: 201.216 Thread 0x0000020bf5b07af0 Exception <a 'java/lang/NoSuchMethodError'{0x00000000e963c1d0}: 'java.lang.Object java.lang.invoke.DirectMethodHandle$Holder.invokeStatic(java.lang.Object, java.lang.Object, java.lang.Object, java.lang.Object, java.lang.Object, java.lang.Object, java.lang.Object, java.lang.Object, java.lang.Object, java.lang.Object, java.lang.Object, java.lang.Object, java.lang.Object, java.lang.Object, java.lang.Object, java.lang.Object, java.lang.Object, java.lang.Object, java.lang.Object, java.lang.Object, java.lang.Obj
Event: 201.295 Thread 0x0000020bf5b07af0 Exception <a 'java/lang/NoSuchMethodError'{0x00000000e9671c70}: 'java.lang.Object java.lang.invoke.DirectMethodHandle$Holder.invokeStatic(java.lang.Object, java.lang.Object, java.lang.Object, java.lang.Object, java.lang.Object, java.lang.Object, java.lang.Object, java.lang.Object, java.lang.Object, java.lang.Object, java.lang.Object, java.lang.Object, java.lang.Object, java.lang.Object, java.lang.Object, java.lang.Object, java.lang.Object, java.lang.Object, java.lang.Object, java.lang.Object, java.lang.Obj
Event: 201.417 Thread 0x0000020bf5b07af0 Exception <a 'java/lang/NoSuchMethodError'{0x00000000e96a8e88}: 'java.lang.Object java.lang.invoke.DirectMethodHandle$Holder.invokeStatic(java.lang.Object, java.lang.Object, java.lang.Object, java.lang.Object, java.lang.Object, java.lang.Object, java.lang.Object, java.lang.Object, java.lang.Object, java.lang.Object, java.lang.Object, java.lang.Object, java.lang.Object, java.lang.Object, java.lang.Object, java.lang.Object, java.lang.Object, java.lang.Object, java.lang.Object, java.lang.Object, java.lang.Obj
Event: 201.505 Thread 0x0000020bf5b07af0 Exception <a 'java/lang/NoSuchMethodError'{0x00000000e96e1670}: 'java.lang.Object java.lang.invoke.DirectMethodHandle$Holder.invokeStatic(java.lang.Object, java.lang.Object, java.lang.Object, java.lang.Object, java.lang.Object, java.lang.Object, java.lang.Object, java.lang.Object, java.lang.Object, java.lang.Object, java.lang.Object, java.lang.Object, java.lang.Object, java.lang.Object, java.lang.Object, java.lang.Object, java.lang.Object, java.lang.Object, java.lang.Object, java.lang.Object, java.lang.Obj
Event: 201.555 Thread 0x0000020bf5b07af0 Exception <a 'java/lang/NoSuchMethodError'{0x00000000e951d160}: 'java.lang.Object java.lang.invoke.DirectMethodHandle$Holder.invokeStatic(java.lang.Object, java.lang.Object, java.lang.Object, java.lang.Object, java.lang.Object, java.lang.Object, java.lang.Object, java.lang.Object, java.lang.Object, java.lang.Object, java.lang.Object, java.lang.Object, java.lang.Object, java.lang.Object, java.lang.Object, java.lang.Object, java.lang.Object, java.lang.Object, java.lang.Object, java.lang.Object, java.lang.Obj
Event: 201.629 Thread 0x0000020bf5b07af0 Exception <a 'java/lang/NoSuchMethodError'{0x00000000e955a868}: 'java.lang.Object java.lang.invoke.DirectMethodHandle$Holder.invokeStatic(java.lang.Object, java.lang.Object, java.lang.Object, java.lang.Object, java.lang.Object, java.lang.Object, java.lang.Object, java.lang.Object, java.lang.Object, java.lang.Object, java.lang.Object, java.lang.Object, java.lang.Object, java.lang.Object, java.lang.Object, java.lang.Object, java.lang.Object, java.lang.Object, java.lang.Object, java.lang.Object, java.lang.Obj
Event: 202.661 Thread 0x0000020bf5b07af0 Exception <a 'java/lang/NoSuchMethodError'{0x00000000e9204468}: 'java.lang.Object java.lang.invoke.DirectMethodHandle$Holder.newInvokeSpecial(java.lang.Object, java.lang.Object, java.lang.Object, java.lang.Object, java.lang.Object, java.lang.Object, java.lang.Object, java.lang.Object, java.lang.Object)'> (0x00000000e9204468) 
thrown [s\src\hotspot\share\interpreter\linkResolver.cpp, line 773]

ZGC Phase Switch (0 events):
No events

VM Operations (20 events):
Event: 197.656 Executing safepoint VM operation: Cleanup
Event: 197.687 Executing safepoint VM operation: Cleanup done
Event: 198.689 Executing safepoint VM operation: Cleanup
Event: 198.704 Executing safepoint VM operation: Cleanup done
Event: 199.713 Executing safepoint VM operation: Cleanup
Event: 199.758 Executing safepoint VM operation: Cleanup done
Event: 200.773 Executing safepoint VM operation: Cleanup
Event: 200.788 Executing safepoint VM operation: Cleanup done
Event: 201.796 Executing safepoint VM operation: Cleanup
Event: 201.827 Executing safepoint VM operation: Cleanup done
Event: 202.834 Executing safepoint VM operation: Cleanup
Event: 202.865 Executing safepoint VM operation: Cleanup done
Event: 203.869 Executing safepoint VM operation: Cleanup
Event: 203.884 Executing safepoint VM operation: Cleanup done
Event: 204.886 Executing safepoint VM operation: Cleanup
Event: 204.901 Executing safepoint VM operation: Cleanup done
Event: 205.903 Executing safepoint VM operation: Cleanup
Event: 205.934 Executing safepoint VM operation: Cleanup done
Event: 206.944 Executing safepoint VM operation: Cleanup
Event: 207.033 Executing safepoint VM operation: Cleanup done

Memory protections (0 events):
No events

Nmethod flushes (0 events):
No events

Events (20 events):
Event: 81.910 Thread 0x0000020bf5aebc90 Thread added: 0x0000020bf5aeb600
Event: 81.945 Thread 0x0000020bf5aebc90 Thread added: 0x0000020bf5ce8580
Event: 81.946 Thread 0x0000020bf5b07af0 Thread added: 0x0000020bf5ce8c10
Event: 81.963 Thread 0x0000020bf5ce8580 Thread exited: 0x0000020bf5ce8580
Event: 81.965 Thread 0x0000020bf5b07af0 Thread added: 0x0000020bf5cea650
Event: 81.988 Thread 0x0000020bf5b07af0 Thread added: 0x0000020bf5ce7ef0
Event: 81.992 Thread 0x0000020bf5aeb600 Thread exited: 0x0000020bf5aeb600
Event: 93.298 Thread 0x0000020bf5b07af0 Thread added: 0x0000020bf5ceace0
Event: 93.819 Thread 0x0000020bf5b07af0 Thread added: 0x0000020bf5ce92a0
Event: 96.047 Thread 0x0000020bf5ce92a0 Thread added: 0x0000020bf5ce8580
Event: 97.343 Thread 0x0000020bf5b07af0 Thread added: 0x0000020bf5ce9930
Event: 142.040 Thread 0x0000020bf5aebc90 Thread exited: 0x0000020bf5aebc90
Event: 148.268 Thread 0x0000020bf5b07af0 Thread added: 0x0000020bf5cecdb0
Event: 149.166 Thread 0x0000020bf5b07af0 Thread added: 0x0000020bf5cec720
Event: 162.965 Thread 0x0000020bf5b07af0 Thread added: 0x0000020bf5cee160
Event: 164.103 Thread 0x0000020bf5b07af0 Thread added: 0x0000020bf5cec090
Event: 183.866 Thread 0x0000020bf5b07af0 Thread added: 0x0000020bf5cedad0
Event: 185.738 Thread 0x0000020bf5b07af0 Thread added: 0x0000020bf5ceb370
Event: 196.044 Thread 0x0000020bf5b07af0 Thread added: 0x0000020bf5ced440
Event: 198.839 Thread 0x0000020bf5b07af0 Thread added: 0x0000020bf5ceee80


Dynamic libraries:
0x00007ff6f9b20000 - 0x00007ff6f9b2e000 	C:\Users\san\.cursor\extensions\redhat.java-1.56.0-win32-x64\jre\21.0.12.1-win32-x86_64\bin\java.exe
0x00007ff864540000 - 0x00007ff8647a7000 	C:\Windows\SYSTEM32\ntdll.dll
0x00007ff863000000 - 0x00007ff8630cb000 	C:\Windows\System32\KERNEL32.DLL
0x00007ff861bb0000 - 0x00007ff861fb2000 	C:\Windows\System32\KERNELBASE.dll
0x00007ff8617d0000 - 0x00007ff86191c000 	C:\Windows\System32\ucrtbase.dll
0x00007ff836900000 - 0x00007ff836918000 	C:\Users\san\.cursor\extensions\redhat.java-1.56.0-win32-x64\jre\21.0.12.1-win32-x86_64\bin\jli.dll
0x00007ff8631d0000 - 0x00007ff86339f000 	C:\Windows\System32\USER32.dll
0x00007ff861ac0000 - 0x00007ff861ae7000 	C:\Windows\System32\win32u.dll
0x00007ff8630e0000 - 0x00007ff86310b000 	C:\Windows\System32\GDI32.dll
0x00007ff862130000 - 0x00007ff862259000 	C:\Windows\System32\gdi32full.dll
0x00007ff861fc0000 - 0x00007ff862063000 	C:\Windows\System32\msvcp_win.dll
0x00007ff833070000 - 0x00007ff83308e000 	C:\Users\san\.cursor\extensions\redhat.java-1.56.0-win32-x64\jre\21.0.12.1-win32-x86_64\bin\VCRUNTIME140.dll
0x00007ff844240000 - 0x00007ff8444d0000 	C:\Windows\WinSxS\amd64_microsoft.windows.common-controls_6595b64144ccf1df_6.0.26100.9278_none_3e0d1ba8e3303201\COMCTL32.dll
0x00007ff8638d0000 - 0x00007ff863979000 	C:\Windows\System32\msvcrt.dll
0x00007ff8633b0000 - 0x00007ff8633e1000 	C:\Windows\System32\IMM32.DLL
0x00007ff836420000 - 0x00007ff836725000 	C:\Windows\pcdrm\NSCCOR0364.DLL
0x00007ff863a10000 - 0x00007ff863acc000 	C:\Windows\System32\ADVAPI32.dll
0x00007ff863bd0000 - 0x00007ff863c79000 	C:\Windows\System32\sechost.dll
0x00007ff862ee0000 - 0x00007ff862ff8000 	C:\Windows\System32\RPCRT4.dll
0x00007ff863730000 - 0x00007ff8638ca000 	C:\Windows\System32\ole32.dll
0x00007ff862590000 - 0x00007ff862915000 	C:\Windows\System32\combase.dll
0x00007ff861740000 - 0x00007ff8617c2000 	C:\Windows\System32\WINTRUST.dll
0x00007ff861930000 - 0x00007ff861aae000 	C:\Windows\System32\CRYPT32.dll
0x00007ff860d40000 - 0x00007ff860d53000 	C:\Windows\SYSTEM32\MSASN1.dll
0x00007ff863ae0000 - 0x00007ff863ae8000 	C:\Windows\System32\psapi.dll
0x00007ff860540000 - 0x00007ff860576000 	C:\Windows\SYSTEM32\ntmarta.dll
0x00007ff8363e0000 - 0x00007ff83641b000 	C:\Windows\pcdrm\NBID64.dll
0x00007ff8624b0000 - 0x00007ff862589000 	C:\Windows\System32\OLEAUT32.dll
0x00007ff8363a0000 - 0x00007ff8363df000 	C:\Windows\pcdrm\NFD0164.dll
0x00007ff8503d0000 - 0x00007ff8503db000 	C:\Windows\SYSTEM32\VERSION.dll
0x00007ff847110000 - 0x00007ff84711c000 	C:\Users\san\.cursor\extensions\redhat.java-1.56.0-win32-x64\jre\21.0.12.1-win32-x86_64\bin\vcruntime140_1.dll
0x00007fffc05c0000 - 0x00007fffc064d000 	C:\Users\san\.cursor\extensions\redhat.java-1.56.0-win32-x64\jre\21.0.12.1-win32-x86_64\bin\msvcp140.dll
0x00007fff93e80000 - 0x00007fff94c22000 	C:\Users\san\.cursor\extensions\redhat.java-1.56.0-win32-x64\jre\21.0.12.1-win32-x86_64\bin\server\jvm.dll
0x0000020bd9c80000 - 0x0000020bd9d00000 	C:\Windows\System32\WS2_32.dll
0x00007ff8615a0000 - 0x00007ff8615fe000 	C:\Windows\SYSTEM32\POWRPROF.dll
0x00007ff855a30000 - 0x00007ff855a66000 	C:\Windows\SYSTEM32\WINMM.dll
0x00007ff861580000 - 0x00007ff861595000 	C:\Windows\SYSTEM32\UMPDC.dll
0x00007ff860410000 - 0x00007ff86042b000 	C:\Windows\SYSTEM32\kernel.appcore.dll
0x00007ff847050000 - 0x00007ff84705a000 	C:\Users\san\.cursor\extensions\redhat.java-1.56.0-win32-x64\jre\21.0.12.1-win32-x86_64\bin\jimage.dll
0x00007ff85ec90000 - 0x00007ff85eedc000 	C:\Windows\SYSTEM32\DBGHELP.DLL
0x00007ff83eaa0000 - 0x00007ff83eadb000 	C:\Windows\SYSTEM32\dbgcore.DLL
0x0000020bd9f90000 - 0x0000020bda03c000 	C:\Windows\System32\bcryptPrimitives.dll
0x00007ff8456a0000 - 0x00007ff8456af000 	C:\Users\san\.cursor\extensions\redhat.java-1.56.0-win32-x64\jre\21.0.12.1-win32-x86_64\bin\instrument.dll
0x00007ff82edf0000 - 0x00007ff82ee10000 	C:\Users\san\.cursor\extensions\redhat.java-1.56.0-win32-x64\jre\21.0.12.1-win32-x86_64\bin\java.dll
0x00007ff863d60000 - 0x00007ff8644f8000 	C:\Windows\System32\SHELL32.dll
0x00007ff85f170000 - 0x00007ff85fa1e000 	C:\Windows\SYSTEM32\windows.storage.dll
0x00007ff862380000 - 0x00007ff86247b000 	C:\Windows\System32\SHCORE.dll
0x00007ff8629c0000 - 0x00007ff862a26000 	C:\Windows\System32\shlwapi.dll
0x00007ff861660000 - 0x00007ff861689000 	C:\Windows\SYSTEM32\profapi.dll
0x00007ff82d510000 - 0x00007ff82d528000 	C:\Users\san\.cursor\extensions\redhat.java-1.56.0-win32-x64\jre\21.0.12.1-win32-x86_64\bin\zip.dll
0x00007ff8458e0000 - 0x00007ff8458f0000 	C:\Users\san\.cursor\extensions\redhat.java-1.56.0-win32-x64\jre\21.0.12.1-win32-x86_64\bin\net.dll
0x00007ff84f3f0000 - 0x00007ff84f51a000 	C:\Windows\SYSTEM32\WINHTTP.dll
0x00007ff8609d0000 - 0x00007ff860a3c000 	C:\Windows\system32\mswsock.dll
0x00007ff82d330000 - 0x00007ff82d346000 	C:\Users\san\.cursor\extensions\redhat.java-1.56.0-win32-x64\jre\21.0.12.1-win32-x86_64\bin\nio.dll
0x00007ff8454f0000 - 0x00007ff845500000 	C:\Users\san\.cursor\extensions\redhat.java-1.56.0-win32-x64\jre\21.0.12.1-win32-x86_64\bin\verify.dll
0x00007ff82bfb0000 - 0x00007ff82bfd7000 	C:\Users\san\.gradle\native\660c5614fbf4a5f2a75b1949f50a0caf5cd603558e7d8a26e50b933a0cfb79d1\windows-amd64\native-platform.dll
0x00007ff847060000 - 0x00007ff8470d7000 	C:\Users\san\.gradle\native\0.2.8\x86_64-windows-gnu\gradle-fileevents.dll
0x00007ff845250000 - 0x00007ff84525a000 	C:\Users\san\.cursor\extensions\redhat.java-1.56.0-win32-x64\jre\21.0.12.1-win32-x86_64\bin\management.dll
0x00007ff83e990000 - 0x00007ff83e99c000 	C:\Users\san\.cursor\extensions\redhat.java-1.56.0-win32-x64\jre\21.0.12.1-win32-x86_64\bin\management_ext.dll
0x00007ff85fde0000 - 0x00007ff85fe13000 	C:\Windows\SYSTEM32\IPHLPAPI.DLL
0x00007ff8630d0000 - 0x00007ff8630da000 	C:\Windows\System32\NSI.dll
0x00007ff83bb30000 - 0x00007ff83bb39000 	C:\Users\san\.cursor\extensions\redhat.java-1.56.0-win32-x64\jre\21.0.12.1-win32-x86_64\bin\extnet.dll
0x00007ff860ce0000 - 0x00007ff860cfb000 	C:\Windows\SYSTEM32\CRYPTSP.dll
0x00007ff860370000 - 0x00007ff8603a9000 	C:\Windows\system32\rsaenh.dll
0x00007ff860a80000 - 0x00007ff860ab4000 	C:\Windows\SYSTEM32\USERENV.dll
0x00007ff861630000 - 0x00007ff86165a000 	C:\Windows\SYSTEM32\bcrypt.dll
0x00007ff860cc0000 - 0x00007ff860ccc000 	C:\Windows\SYSTEM32\CRYPTBASE.dll
0x00007ff837020000 - 0x00007ff83702e000 	C:\Users\san\.cursor\extensions\redhat.java-1.56.0-win32-x64\jre\21.0.12.1-win32-x86_64\bin\sunmscapi.dll
0x00007ff860f00000 - 0x00007ff860f30000 	C:\Windows\SYSTEM32\ncrypt.dll
0x00007ff860eb0000 - 0x00007ff860eef000 	C:\Windows\SYSTEM32\NTASN1.dll
0x00007ff82a8c0000 - 0x00007ff82a8c8000 	C:\Windows\system32\wshunix.dll

JVMTI agents:
C:\Users\san\.gradle\wrapper\dists\gradle-9.2.1-bin\2t0n5ozlw9xmuyvbp7dnzaxug\gradle-9.2.1\lib\agents\gradle-instrumentation-agent-9.2.1.jar path:C:\Users\san\.cursor\extensions\redhat.java-1.56.0-win32-x64\jre\21.0.12.1-win32-x86_64\bin\instrument.dll, loaded, initialized, instrumentlib options:none

dbghelp: loaded successfully - version: 4.0.5 - missing functions: none
symbol engine: initialized successfully - sym options: 0x614 - pdb path: .;C:\Users\san\.cursor\extensions\redhat.java-1.56.0-win32-x64\jre\21.0.12.1-win32-x86_64\bin;C:\Windows\SYSTEM32;C:\Windows\WinSxS\amd64_microsoft.windows.common-controls_6595b64144ccf1df_6.0.26100.9278_none_3e0d1ba8e3303201;C:\Windows\pcdrm;C:\Users\san\.cursor\extensions\redhat.java-1.56.0-win32-x64\jre\21.0.12.1-win32-x86_64\bin\server;C:\Users\san\.gradle\native\660c5614fbf4a5f2a75b1949f50a0caf5cd603558e7d8a26e50b933a0cfb79d1\windows-amd64;C:\Users\san\.gradle\native\0.2.8\x86_64-windows-gnu

VM Arguments:
jvm_args: --add-opens=java.base/java.lang=ALL-UNNAMED --add-opens=java.base/java.lang.invoke=ALL-UNNAMED --add-opens=java.base/java.util=ALL-UNNAMED --add-opens=java.prefs/java.util.prefs=ALL-UNNAMED --add-exports=jdk.compiler/com.sun.tools.javac.api=ALL-UNNAMED --add-exports=jdk.compiler/com.sun.tools.javac.util=ALL-UNNAMED --add-opens=java.base/java.util=ALL-UNNAMED --add-opens=java.prefs/java.util.prefs=ALL-UNNAMED --add-opens=java.base/java.nio.charset=ALL-UNNAMED --add-opens=java.base/java.net=ALL-UNNAMED --add-opens=java.base/java.util.concurrent=ALL-UNNAMED --add-opens=java.base/java.util.concurrent.atomic=ALL-UNNAMED --add-opens=java.xml/javax.xml.namespace=ALL-UNNAMED --add-opens=java.base/java.time=ALL-UNNAMED -XX:MaxMetaspaceSize=384m -XX:+HeapDumpOnOutOfMemoryError -Xms256m -Xmx512m -Dfile.encoding=UTF-8 -Duser.country=KR -Duser.language=ko -Duser.variant -javaagent:C:\Users\san\.gradle\wrapper\dists\gradle-9.2.1-bin\2t0n5ozlw9xmuyvbp7dnzaxug\gradle-9.2.1\lib\agents\gradle-instrumentation-agent-9.2.1.jar 
java_command: org.gradle.launcher.daemon.bootstrap.GradleDaemon 9.2.1
java_class_path (initial): C:\Users\san\.gradle\wrapper\dists\gradle-9.2.1-bin\2t0n5ozlw9xmuyvbp7dnzaxug\gradle-9.2.1\lib\gradle-daemon-main-9.2.1.jar
Launcher Type: SUN_STANDARD

[Global flags]
     intx CICompilerCount                          = 4                                         {product} {ergonomic}
   size_t CompressedClassSpaceSize                 = 335544320                                 {product} {ergonomic}
     uint ConcGCThreads                            = 2                                         {product} {ergonomic}
     uint G1ConcRefinementThreads                  = 8                                         {product} {ergonomic}
   size_t G1HeapRegionSize                         = 1048576                                   {product} {ergonomic}
    uintx GCDrainStackTargetSize                   = 64                                        {product} {ergonomic}
     bool HeapDumpOnOutOfMemoryError               = true                                   {manageable} {command line}
   size_t InitialHeapSize                          = 268435456                                 {product} {command line}
   size_t MarkStackSize                            = 4194304                                   {product} {ergonomic}
   size_t MaxHeapSize                              = 536870912                                 {product} {command line}
   size_t MaxMetaspaceSize                         = 402653184                                 {product} {command line}
   size_t MaxNewSize                               = 321912832                                 {product} {ergonomic}
   size_t MinHeapDeltaBytes                        = 1048576                                   {product} {ergonomic}
   size_t MinHeapSize                              = 268435456                                 {product} {command line}
    uintx NonNMethodCodeHeapSize                   = 5839372                                {pd product} {ergonomic}
    uintx NonProfiledCodeHeapSize                  = 122909434                              {pd product} {ergonomic}
    uintx ProfiledCodeHeapSize                     = 122909434                              {pd product} {ergonomic}
    uintx ReservedCodeCacheSize                    = 251658240                              {pd product} {ergonomic}
     bool SegmentedCodeCache                       = true                                      {product} {ergonomic}
   size_t SoftMaxHeapSize                          = 536870912                              {manageable} {ergonomic}
     bool UseCompressedOops                        = true                           {product lp64_product} {ergonomic}
     bool UseG1GC                                  = true                                      {product} {ergonomic}
     bool UseLargePagesIndividualAllocation        = false                                  {pd product} {ergonomic}

Logging:
Log output configuration:
 #0: stdout all=warning uptime,level,tags foldmultilines=false
 #1: stderr all=off uptime,level,tags foldmultilines=false

Release file:
JAVA_VERSION="21.0.12.1" 
MODULES="java.base java.compiler java.datatransfer java.xml java.prefs java.desktop java.instrument java.logging java.management java.security.sasl java.naming java.rmi java.management.rmi java.net.http java.scripting java.security.jgss java.transaction.xa java.sql java.sql.rowset java.xml.crypto java.se java.smartcardio jdk.accessibility jdk.internal.jvmstat jdk.attach jdk.charsets jdk.internal.opt jdk.zipfs jdk.compiler jdk.crypto.ec jdk.crypto.cryptoki jdk.crypto.mscapi jdk.dynalink jdk.internal.ed jdk.editpad jdk.hotspot.agent jdk.httpserver jdk.internal.le jdk.internal.vm.ci jdk.internal.vm.compiler jdk.internal.vm.compiler.management jdk.jartool jdk.javadoc jdk.jcmd jdk.management jdk.management.agent jdk.jconsole jdk.jdeps jdk.jdwp.agent jdk.jdi jdk.jfr jdk.jshell jdk.jsobject jdk.jstatd jdk.localedata jdk.management.jfr jdk.naming.dns jdk.naming.rmi jdk.net jdk.nio.mapmode jdk.random jdk.sctp jdk.security.auth jdk.security.jgss jdk.unsupported jdk.unsupported.desktop jdk.xml.dom" 

Environment Variables:
PATH=C:\Program Files\Common Files\Oracle\Java\javapath;C:\Windows\system32;C:\Windows;C:\Windows\System32\Wbem;C:\Windows\System32\WindowsPowerShell\v1.0\;C:\Windows\System32\OpenSSH\;C:\Program Files\Git\cmd;C:\Program Files\cursor\resources\app\bin;C:\Program Files\nodejs\;C:\Users\san\AppData\Local\Microsoft\WindowsApps;C:\Users\san\AppData\Roaming\npm;C:\Users\san\AppData\Local\Programs\cursor\resources\app\bin;C:\Program Files\JetBrains\IntelliJ IDEA 2026.1\bin
USERNAME=san
OS=Windows_NT
PROCESSOR_IDENTIFIER=Intel64 Family 6 Model 154 Stepping 4, GenuineIntel
TMP=C:\Users\san\AppData\Local\Temp
TEMP=C:\Users\san\AppData\Local\Temp




Periodic native trim disabled

---------------  S Y S T E M  ---------------

OS:
 Windows 11 , 64 bit Build 26100 (10.0.26100.9444)
OS uptime: 0 days 21:29 hours
Hyper-V role detected

CPU: total 8 (initial active 8) (4 cores per cpu, 2 threads per core) family 6 model 154 stepping 4 microcode 0x435, cx8, cmov, fxsr, ht, mmx, 3dnowpref, sse, sse2, sse3, ssse3, sse4.1, sse4.2, popcnt, lzcnt, tsc, tscinvbit, avx, avx2, aes, erms, clmul, bmi1, bmi2, adx, sha, fma, vzeroupper, clflush, clflushopt, clwb, hv, serialize, rdtscp, rdpid, fsrm, f16c, cet_ibt, cet_ss
Processor Information for processor 0
  Max Mhz: 1200, Current Mhz: 1200, Mhz Limit: 1200
Processor Information for processor 1
  Max Mhz: 1200, Current Mhz: 1200, Mhz Limit: 1200
Processor Information for processor 2
  Max Mhz: 1200, Current Mhz: 1200, Mhz Limit: 1200
Processor Information for processor 3
  Max Mhz: 1200, Current Mhz: 1200, Mhz Limit: 1200
Processor Information for processor 4
  Max Mhz: 900, Current Mhz: 900, Mhz Limit: 900
Processor Information for processor 5
  Max Mhz: 900, Current Mhz: 900, Mhz Limit: 900
Processor Information for processor 6
  Max Mhz: 900, Current Mhz: 900, Mhz Limit: 900
Processor Information for processor 7
  Max Mhz: 900, Current Mhz: 900, Mhz Limit: 900

Memory: 4k page, system-wide physical 7916M (201M free)
TotalPageFile size 32492M (AvailPageFile size 0M)
current process WorkingSet (physical memory assigned to process): 94M, peak: 143M
current process commit charge ("private bytes"): 427M, peak: 427M

vm_info: OpenJDK 64-Bit Server VM (21.0.12.1+1-LTS) for windows-amd64 JRE (21.0.12.1+1-LTS), built on 2026-08-18T00:00:00Z by "admin" with MS VC++ 17.12 (VS2022)

END.
