#
# There is insufficient memory for the Java Runtime Environment to continue.
# Native memory allocation (malloc) failed to allocate 132656 bytes. Error detail: Chunk::new
# Possible reasons:
#   The system is out of physical RAM or swap space
#   This process is running with CompressedOops enabled, and the Java Heap may be blocking the growth of the native heap
# Possible solutions:
#   Reduce memory load on the system
#   Increase physical memory or swap space
#   Check if swap backing store is full
#   Decrease Java heap size (-Xmx/-Xms)
#   Decrease number of Java threads
#   Decrease Java thread stack sizes (-Xss)
#   Set larger code cache with -XX:ReservedCodeCacheSize=
#   JVM is running with Unscaled Compressed Oops mode in which the Java heap is
#     placed in the first 4GB address space. The Java Heap base address is the
#     maximum limit for the native heap growth. Please use -XX:HeapBaseMinAddress
#     to set the Java Heap base and to place the Java Heap above 4GB virtual address.
# This output file may be truncated or incomplete.
#
#  Out of Memory Error (arena.cpp:168), pid=28200, tid=28560
#
# JRE version: OpenJDK Runtime Environment Temurin-21.0.12.1+1 (21.0.12.1+1) (build 21.0.12.1+1-LTS)
# Java VM: OpenJDK 64-Bit Server VM Temurin-21.0.12.1+1 (21.0.12.1+1-LTS, mixed mode, sharing, tiered, compressed oops, compressed class ptrs, g1 gc, windows-amd64)
# No core dump will be written. Minidumps are not enabled by default on client versions of Windows
#

---------------  S U M M A R Y ------------

Command Line: --add-opens=java.base/java.lang=ALL-UNNAMED --add-opens=java.base/java.lang.invoke=ALL-UNNAMED --add-opens=java.base/java.util=ALL-UNNAMED --add-opens=java.prefs/java.util.prefs=ALL-UNNAMED --add-exports=jdk.compiler/com.sun.tools.javac.api=ALL-UNNAMED --add-exports=jdk.compiler/com.sun.tools.javac.util=ALL-UNNAMED --add-opens=java.base/java.util=ALL-UNNAMED --add-opens=java.prefs/java.util.prefs=ALL-UNNAMED --add-opens=java.base/java.nio.charset=ALL-UNNAMED --add-opens=java.base/java.net=ALL-UNNAMED --add-opens=java.base/java.util.concurrent=ALL-UNNAMED --add-opens=java.base/java.util.concurrent.atomic=ALL-UNNAMED --add-opens=java.xml/javax.xml.namespace=ALL-UNNAMED --add-opens=java.base/java.time=ALL-UNNAMED -XX:MaxMetaspaceSize=384m -XX:+HeapDumpOnOutOfMemoryError -Xms256m -Xmx512m -Dfile.encoding=UTF-8 -Duser.country=KR -Duser.language=ko -Duser.variant -javaagent:C:\Users\san\.gradle\wrapper\dists\gradle-9.2.1-bin\2t0n5ozlw9xmuyvbp7dnzaxug\gradle-9.2.1\lib\agents\gradle-instrumentation-agent-9.2.1.jar org.gradle.launcher.daemon.bootstrap.GradleDaemon 9.2.1

Host: 12th Gen Intel(R) Core(TM) i3-1215U, 8 cores, 7G,  Windows 11 , 64 bit Build 26100 (10.0.26100.9444)
Time: Fri Sep 18 15:56:08 2026 elapsed time: 203.776350 seconds (0d 0h 3m 23s)

---------------  T H R E A D  ---------------

Current thread (0x000002a7d57f7b00):  JavaThread "C2 CompilerThread0" daemon [_thread_in_native, id=28560, stack(0x000000ddd1600000,0x000000ddd1700000) (1024K)]


Current CompileTask:
C2:203776 4094       4       sun.invoke.util.BytecodeDescriptor::unparseSig (49 bytes)

Stack: [0x000000ddd1600000,0x000000ddd1700000]
Native frames: (J=compiled Java code, j=interpreted, Vv=VM code, C=native code)
V  [jvm.dll+0x6d83e9]
V  [jvm.dll+0x8b5736]
V  [jvm.dll+0x8b7cee]
V  [jvm.dll+0x8b83d3]
V  [jvm.dll+0x284596]
V  [jvm.dll+0xc685d]
V  [jvm.dll+0xc6da1]
V  [jvm.dll+0x3bf151]
V  [jvm.dll+0x38b6d2]
V  [jvm.dll+0x38ab1a]
V  [jvm.dll+0x24c700]
V  [jvm.dll+0x24bce0]
V  [jvm.dll+0x1cb4ae]
V  [jvm.dll+0x25baad]
V  [jvm.dll+0x25a03a]
V  [jvm.dll+0x3f8aae]
V  [jvm.dll+0x8600cd]
V  [jvm.dll+0x6d6c1d]
C  [ucrtbase.dll+0x2cd30]
C  [KERNEL32.DLL+0x2cd87]
C  [ntdll.dll+0xacaec]


---------------  P R O C E S S  ---------------

Threads class SMR info:
_java_thread_list=0x000002a7f1eeeee0, length=33, elements={
0x000002a7bd1858a0, 0x000002a7d57e4db0, 0x000002a7d57e6580, 0x000002a7d57ee8a0,
0x000002a7d57f21c0, 0x000002a7d57f57a0, 0x000002a7d57f6d70, 0x000002a7d57f7b00,
0x000002a7d5804570, 0x000002a7d5aaf060, 0x000002a7d5b163b0, 0x000002a7d5907ff0,
0x000002a7f013ad10, 0x000002a7eff9e480, 0x000002a7f02a4310, 0x000002a7f0446280,
0x000002a7f0430e90, 0x000002a7f0431520, 0x000002a7f0434310, 0x000002a7f04328d0,
0x000002a7f0433c80, 0x000002a7f0432f60, 0x000002a7f04335f0, 0x000002a7f0431bb0,
0x000002a7f0432240, 0x000002a7f0d19eb0, 0x000002a7f0d1d330, 0x000002a7f0d1b260,
0x000002a7f0d1d9c0, 0x000002a7f0d1a540, 0x000002a7f0d1e050, 0x000002a7f0d1abd0,
0x000002a7f0d1e6e0
}

Java Threads: ( => current thread )
  0x000002a7bd1858a0 JavaThread "main"                              [_thread_blocked, id=28440, stack(0x000000ddd0800000,0x000000ddd0900000) (1024K)]
  0x000002a7d57e4db0 JavaThread "Reference Handler"          daemon [_thread_blocked, id=28536, stack(0x000000ddd1000000,0x000000ddd1100000) (1024K)]
  0x000002a7d57e6580 JavaThread "Finalizer"                  daemon [_thread_blocked, id=28540, stack(0x000000ddd1100000,0x000000ddd1200000) (1024K)]
  0x000002a7d57ee8a0 JavaThread "Signal Dispatcher"          daemon [_thread_blocked, id=28544, stack(0x000000ddd1200000,0x000000ddd1300000) (1024K)]
  0x000002a7d57f21c0 JavaThread "Attach Listener"            daemon [_thread_blocked, id=28548, stack(0x000000ddd1300000,0x000000ddd1400000) (1024K)]
  0x000002a7d57f57a0 JavaThread "Service Thread"             daemon [_thread_blocked, id=28552, stack(0x000000ddd1400000,0x000000ddd1500000) (1024K)]
  0x000002a7d57f6d70 JavaThread "Monitor Deflation Thread"   daemon [_thread_blocked, id=28556, stack(0x000000ddd1500000,0x000000ddd1600000) (1024K)]
=>0x000002a7d57f7b00 JavaThread "C2 CompilerThread0"         daemon [_thread_in_native, id=28560, stack(0x000000ddd1600000,0x000000ddd1700000) (1024K)]
  0x000002a7d5804570 JavaThread "C1 CompilerThread0"         daemon [_thread_blocked, id=28564, stack(0x000000ddd1700000,0x000000ddd1800000) (1024K)]
  0x000002a7d5aaf060 JavaThread "Common-Cleaner"             daemon [_thread_blocked, id=28568, stack(0x000000ddd1800000,0x000000ddd1900000) (1024K)]
  0x000002a7d5b163b0 JavaThread "Notification Thread"        daemon [_thread_blocked, id=28588, stack(0x000000ddd1900000,0x000000ddd1a00000) (1024K)]
  0x000002a7d5907ff0 JavaThread "Daemon health stats"               [_thread_blocked, id=29636, stack(0x000000ddd1f00000,0x000000ddd2000000) (1024K)]
  0x000002a7f013ad10 JavaThread "Incoming local TCP Connector on port 53747"        [_thread_in_native, id=16736, stack(0x000000ddd2000000,0x000000ddd2100000) (1024K)]
  0x000002a7eff9e480 JavaThread "Daemon periodic checks"            [_thread_blocked, id=4552, stack(0x000000ddd2100000,0x000000ddd2200000) (1024K)]
  0x000002a7f02a4310 JavaThread "Daemon"                            [_thread_blocked, id=28820, stack(0x000000ddd2200000,0x000000ddd2300000) (1024K)]
  0x000002a7f0446280 JavaThread "Daemon worker"                     [_thread_in_vm, id=30432, stack(0x000000ddd2500000,0x000000ddd2600000) (1024K)]
  0x000002a7f0430e90 JavaThread "Handler for socket connection from /127.0.0.1:53747 to /127.0.0.1:53833"        [_thread_in_native, id=28316, stack(0x000000ddd2300000,0x000000ddd2400000) (1024K)]
  0x000002a7f0431520 JavaThread "Cancel handler"                    [_thread_blocked, id=30164, stack(0x000000ddd2400000,0x000000ddd2500000) (1024K)]
  0x000002a7f0434310 JavaThread "Asynchronous log dispatcher for DefaultDaemonConnection: socket connection from /127.0.0.1:53747 to /127.0.0.1:53833"        [_thread_blocked, id=30480, stack(0x000000ddd2600000,0x000000ddd2700000) (1024K)]
  0x000002a7f04328d0 JavaThread "Stdin handler"                     [_thread_blocked, id=25724, stack(0x000000ddd2700000,0x000000ddd2800000) (1024K)]
  0x000002a7f0433c80 JavaThread "Daemon client event forwarder"        [_thread_blocked, id=26800, stack(0x000000ddd2800000,0x000000ddd2900000) (1024K)]
  0x000002a7f0432f60 JavaThread "Cache worker for journal cache (C:\Users\san\.gradle\caches\journal-1)"        [_thread_blocked, id=16036, stack(0x000000ddd2900000,0x000000ddd2a00000) (1024K)]
  0x000002a7f04335f0 JavaThread "File lock request listener"        [_thread_in_native, id=3564, stack(0x000000ddd2a00000,0x000000ddd2b00000) (1024K)]
  0x000002a7f0431bb0 JavaThread "File lock release action executor"        [_thread_blocked, id=28388, stack(0x000000ddd2b00000,0x000000ddd2c00000) (1024K)]
  0x000002a7f0432240 JavaThread "Cache worker for file hash cache (C:\Users\san\.gradle\caches\9.2.1\fileHashes)"        [_thread_blocked, id=26764, stack(0x000000ddd2c00000,0x000000ddd2d00000) (1024K)]
  0x000002a7f0d19eb0 JavaThread "Cache worker for file hash cache (C:\programmers\bep4-1-mission\.gradle\9.2.1\fileHashes)"        [_thread_blocked, id=30660, stack(0x000000ddd3000000,0x000000ddd3100000) (1024K)]
  0x000002a7f0d1d330 JavaThread "Cache worker for Build Output Cleanup Cache (C:\programmers\bep4-1-mission\.gradle\buildOutputCleanup)"        [_thread_blocked, id=30812, stack(0x000000ddd3100000,0x000000ddd3200000) (1024K)]
  0x000002a7f0d1b260 JavaThread "File watcher server"        daemon [_thread_in_native, id=21592, stack(0x000000ddd3200000,0x000000ddd3300000) (1024K)]
  0x000002a7f0d1d9c0 JavaThread "File watcher consumer"      daemon [_thread_blocked, id=1576, stack(0x000000ddd3300000,0x000000ddd3400000) (1024K)]
  0x000002a7f0d1a540 JavaThread "Cache worker for checksums cache (C:\programmers\bep4-1-mission\.gradle\9.2.1\checksums)"        [_thread_blocked, id=31196, stack(0x000000ddd3400000,0x000000ddd3500000) (1024K)]
  0x000002a7f0d1e050 JavaThread "Cache worker for file content cache (C:\Users\san\.gradle\caches\9.2.1\fileContent)"        [_thread_blocked, id=31568, stack(0x000000ddd3500000,0x000000ddd3600000) (1024K)]
  0x000002a7f0d1abd0 JavaThread "Cache worker for cache directory md-supplier (C:\Users\san\.gradle\caches\9.2.1\md-supplier)"        [_thread_blocked, id=25192, stack(0x000000ddd3600000,0x000000ddd3700000) (1024K)]
  0x000002a7f0d1e6e0 JavaThread "Cache worker for cache directory md-rule (C:\Users\san\.gradle\caches\9.2.1\md-rule)"        [_thread_blocked, id=30356, stack(0x000000ddd3700000,0x000000ddd3800000) (1024K)]
Total: 33

Other Threads:
  0x000002a7d57c9290 VMThread "VM Thread"                           [id=28496, stack(0x000000ddd0f00000,0x000000ddd1000000) (1024K)] _threads_hazard_ptr=0x000002a7f1eeeee0
  0x000002a7d58b0090 WatcherThread "VM Periodic Task Thread"        [id=28492, stack(0x000000ddd0e00000,0x000000ddd0f00000) (1024K)]
  0x000002a7bfee4760 WorkerThread "GC Thread#0"                     [id=28464, stack(0x000000ddd0900000,0x000000ddd0a00000) (1024K)]
  0x000002a7d5b70e40 WorkerThread "GC Thread#1"                     [id=27816, stack(0x000000ddd1a00000,0x000000ddd1b00000) (1024K)]
  0x000002a7d5b711f0 WorkerThread "GC Thread#2"                     [id=28048, stack(0x000000ddd1b00000,0x000000ddd1c00000) (1024K)]
  0x000002a7d5c195b0 WorkerThread "GC Thread#3"                     [id=28104, stack(0x000000ddd1c00000,0x000000ddd1d00000) (1024K)]
  0x000002a7d5c19960 WorkerThread "GC Thread#4"                     [id=28100, stack(0x000000ddd1d00000,0x000000ddd1e00000) (1024K)]
  0x000002a7d5becd60 WorkerThread "GC Thread#5"                     [id=28088, stack(0x000000ddd1e00000,0x000000ddd1f00000) (1024K)]
  0x000002a7ef8d3c10 WorkerThread "GC Thread#6"                     [id=1464, stack(0x000000ddd2d00000,0x000000ddd2e00000) (1024K)]
  0x000002a7ef8d4370 WorkerThread "GC Thread#7"                     [id=30332, stack(0x000000ddd2e00000,0x000000ddd2f00000) (1024K)]
  0x000002a7bfee8650 ConcurrentGCThread "G1 Main Marker"            [id=28468, stack(0x000000ddd0a00000,0x000000ddd0b00000) (1024K)]
  0x000002a7bd23b0e0 WorkerThread "G1 Conc#0"                       [id=28472, stack(0x000000ddd0b00000,0x000000ddd0c00000) (1024K)]
  0x000002a7ef8d4ad0 WorkerThread "G1 Conc#1"                       [id=30980, stack(0x000000ddd2f00000,0x000000ddd3000000) (1024K)]
  0x000002a7d57056f0 ConcurrentGCThread "G1 Refine#0"               [id=28476, stack(0x000000ddd0c00000,0x000000ddd0d00000) (1024K)]
  0x000002a7d5707030 ConcurrentGCThread "G1 Service"                [id=28480, stack(0x000000ddd0d00000,0x000000ddd0e00000) (1024K)]
Total: 15

Threads with active compile tasks:
C2 CompilerThread0  203883 4094       4       sun.invoke.util.BytecodeDescriptor::unparseSig (49 bytes)
Total: 1

VM state: synchronizing (normal execution)

VM Mutex/Monitor currently owned by a thread:  ([mutex/lock_event])
[0x00007fff94b3f5b0] Threads_lock - owner thread: 0x000002a7d57c9290

Heap address: 0x00000000e0000000, size: 512 MB, Compressed Oops mode: 32-bit

CDS archive(s) mapped at: [0x000002a7d6000000-0x000002a7d6ba0000-0x000002a7d6ba0000), size 12189696, SharedBaseAddress: 0x000002a7d6000000, ArchiveRelocationMode: 1.
Compressed class space mapped at: 0x000002a7d7000000-0x000002a7eb000000, reserved size: 335544320
Narrow klass base: 0x000002a7d6000000, Narrow klass shift: 0, Narrow klass range: 0x100000000

GC Precious Log:
 CardTable entry size: 512
 Card Set container configuration: InlinePtr #cards 5 size 8 Array Of Cards #cards 12 size 40 Howl #buckets 4 coarsen threshold 1843 Howl Bitmap #cards 512 size 80 coarsen threshold 460 Card regions per heap region 1 cards per card region 2048
 CPUs: 8 total, 8 available
 Memory: 7916M
 Large Page Support: Disabled
 NUMA Support: Disabled
 Compressed Oops: Enabled (32-bit)
 Heap Region Size: 1M
 Heap Min Capacity: 256M
 Heap Initial Capacity: 256M
 Heap Max Capacity: 512M
 Pre-touch: Disabled
 Parallel Workers: 8
 Concurrent Workers: 2
 Concurrent Refinement Workers: 8
 Periodic GC: Disabled

Heap:
 garbage-first heap   total 262144K, used 118887K [0x00000000e0000000, 0x0000000100000000)
  region size 1024K, 105 young (107520K), 12 survivors (12288K)
 Metaspace       used 32100K, committed 33408K, reserved 393216K
  class space    used 4681K, committed 5312K, reserved 327680K

Heap Regions: E=young(eden), S=young(survivor), O=old, HS=humongous(starts), HC=humongous(continues), CS=collection set, F=free, TAMS=top-at-mark-start, PB=parsable bottom
|   0|0x00000000e0000000, 0x00000000e0100000, 0x00000000e0100000|100%|HS|  |TAMS 0x00000000e0000000| PB 0x00000000e0000000| Complete 
|   1|0x00000000e0100000, 0x00000000e0200000, 0x00000000e0200000|100%|HC|  |TAMS 0x00000000e0100000| PB 0x00000000e0100000| Complete 
|   2|0x00000000e0200000, 0x00000000e0300000, 0x00000000e0300000|100%|HC|  |TAMS 0x00000000e0200000| PB 0x00000000e0200000| Complete 
|   3|0x00000000e0300000, 0x00000000e0400000, 0x00000000e0400000|100%|HC|  |TAMS 0x00000000e0300000| PB 0x00000000e0300000| Complete 
|   4|0x00000000e0400000, 0x00000000e0500000, 0x00000000e0500000|100%| O|  |TAMS 0x00000000e0400000| PB 0x00000000e0400000| Untracked 
|   5|0x00000000e0500000, 0x00000000e0600000, 0x00000000e0600000|100%| O|  |TAMS 0x00000000e0500000| PB 0x00000000e0500000| Untracked 
|   6|0x00000000e0600000, 0x00000000e0700000, 0x00000000e0700000|100%| O|  |TAMS 0x00000000e0600000| PB 0x00000000e0600000| Untracked 
|   7|0x00000000e0700000, 0x00000000e0800000, 0x00000000e0800000|100%|HS|  |TAMS 0x00000000e0700000| PB 0x00000000e0700000| Complete 
|   8|0x00000000e0800000, 0x00000000e0800000, 0x00000000e0900000|  0%| F|  |TAMS 0x00000000e0800000| PB 0x00000000e0800000| Untracked 
|   9|0x00000000e0900000, 0x00000000e0900000, 0x00000000e0a00000|  0%| F|  |TAMS 0x00000000e0900000| PB 0x00000000e0900000| Untracked 
|  10|0x00000000e0a00000, 0x00000000e0b00000, 0x00000000e0b00000|100%| O|  |TAMS 0x00000000e0a00000| PB 0x00000000e0a00000| Untracked 
|  11|0x00000000e0b00000, 0x00000000e0c00000, 0x00000000e0c00000|100%| O|  |TAMS 0x00000000e0b00000| PB 0x00000000e0b00000| Untracked 
|  12|0x00000000e0c00000, 0x00000000e0d00000, 0x00000000e0d00000|100%| O|  |TAMS 0x00000000e0c00000| PB 0x00000000e0c00000| Untracked 
|  13|0x00000000e0d00000, 0x00000000e0e00000, 0x00000000e0e00000|100%| O|  |TAMS 0x00000000e0d00000| PB 0x00000000e0d00000| Untracked 
|  14|0x00000000e0e00000, 0x00000000e0e49bf0, 0x00000000e0f00000| 28%| O|  |TAMS 0x00000000e0e00000| PB 0x00000000e0e00000| Untracked 
|  15|0x00000000e0f00000, 0x00000000e0f00000, 0x00000000e1000000|  0%| F|  |TAMS 0x00000000e0f00000| PB 0x00000000e0f00000| Untracked 
|  16|0x00000000e1000000, 0x00000000e1000000, 0x00000000e1100000|  0%| F|  |TAMS 0x00000000e1000000| PB 0x00000000e1000000| Untracked 
|  17|0x00000000e1100000, 0x00000000e1100000, 0x00000000e1200000|  0%| F|  |TAMS 0x00000000e1100000| PB 0x00000000e1100000| Untracked 
|  18|0x00000000e1200000, 0x00000000e1200000, 0x00000000e1300000|  0%| F|  |TAMS 0x00000000e1200000| PB 0x00000000e1200000| Untracked 
|  19|0x00000000e1300000, 0x00000000e1300000, 0x00000000e1400000|  0%| F|  |TAMS 0x00000000e1300000| PB 0x00000000e1300000| Untracked 
|  20|0x00000000e1400000, 0x00000000e1400000, 0x00000000e1500000|  0%| F|  |TAMS 0x00000000e1400000| PB 0x00000000e1400000| Untracked 
|  21|0x00000000e1500000, 0x00000000e1500000, 0x00000000e1600000|  0%| F|  |TAMS 0x00000000e1500000| PB 0x00000000e1500000| Untracked 
|  22|0x00000000e1600000, 0x00000000e1600000, 0x00000000e1700000|  0%| F|  |TAMS 0x00000000e1600000| PB 0x00000000e1600000| Untracked 
|  23|0x00000000e1700000, 0x00000000e1700000, 0x00000000e1800000|  0%| F|  |TAMS 0x00000000e1700000| PB 0x00000000e1700000| Untracked 
|  24|0x00000000e1800000, 0x00000000e1800000, 0x00000000e1900000|  0%| F|  |TAMS 0x00000000e1800000| PB 0x00000000e1800000| Untracked 
|  25|0x00000000e1900000, 0x00000000e1900000, 0x00000000e1a00000|  0%| F|  |TAMS 0x00000000e1900000| PB 0x00000000e1900000| Untracked 
|  26|0x00000000e1a00000, 0x00000000e1a00000, 0x00000000e1b00000|  0%| F|  |TAMS 0x00000000e1a00000| PB 0x00000000e1a00000| Untracked 
|  27|0x00000000e1b00000, 0x00000000e1b00000, 0x00000000e1c00000|  0%| F|  |TAMS 0x00000000e1b00000| PB 0x00000000e1b00000| Untracked 
|  28|0x00000000e1c00000, 0x00000000e1c00000, 0x00000000e1d00000|  0%| F|  |TAMS 0x00000000e1c00000| PB 0x00000000e1c00000| Untracked 
|  29|0x00000000e1d00000, 0x00000000e1d00000, 0x00000000e1e00000|  0%| F|  |TAMS 0x00000000e1d00000| PB 0x00000000e1d00000| Untracked 
|  30|0x00000000e1e00000, 0x00000000e1e00000, 0x00000000e1f00000|  0%| F|  |TAMS 0x00000000e1e00000| PB 0x00000000e1e00000| Untracked 
|  31|0x00000000e1f00000, 0x00000000e1f00000, 0x00000000e2000000|  0%| F|  |TAMS 0x00000000e1f00000| PB 0x00000000e1f00000| Untracked 
|  32|0x00000000e2000000, 0x00000000e2000000, 0x00000000e2100000|  0%| F|  |TAMS 0x00000000e2000000| PB 0x00000000e2000000| Untracked 
|  33|0x00000000e2100000, 0x00000000e2100000, 0x00000000e2200000|  0%| F|  |TAMS 0x00000000e2100000| PB 0x00000000e2100000| Untracked 
|  34|0x00000000e2200000, 0x00000000e2200000, 0x00000000e2300000|  0%| F|  |TAMS 0x00000000e2200000| PB 0x00000000e2200000| Untracked 
|  35|0x00000000e2300000, 0x00000000e2300000, 0x00000000e2400000|  0%| F|  |TAMS 0x00000000e2300000| PB 0x00000000e2300000| Untracked 
|  36|0x00000000e2400000, 0x00000000e2400000, 0x00000000e2500000|  0%| F|  |TAMS 0x00000000e2400000| PB 0x00000000e2400000| Untracked 
|  37|0x00000000e2500000, 0x00000000e2500000, 0x00000000e2600000|  0%| F|  |TAMS 0x00000000e2500000| PB 0x00000000e2500000| Untracked 
|  38|0x00000000e2600000, 0x00000000e2600000, 0x00000000e2700000|  0%| F|  |TAMS 0x00000000e2600000| PB 0x00000000e2600000| Untracked 
|  39|0x00000000e2700000, 0x00000000e2700000, 0x00000000e2800000|  0%| F|  |TAMS 0x00000000e2700000| PB 0x00000000e2700000| Untracked 
|  40|0x00000000e2800000, 0x00000000e2800000, 0x00000000e2900000|  0%| F|  |TAMS 0x00000000e2800000| PB 0x00000000e2800000| Untracked 
|  41|0x00000000e2900000, 0x00000000e2900000, 0x00000000e2a00000|  0%| F|  |TAMS 0x00000000e2900000| PB 0x00000000e2900000| Untracked 
|  42|0x00000000e2a00000, 0x00000000e2a00000, 0x00000000e2b00000|  0%| F|  |TAMS 0x00000000e2a00000| PB 0x00000000e2a00000| Untracked 
|  43|0x00000000e2b00000, 0x00000000e2b00000, 0x00000000e2c00000|  0%| F|  |TAMS 0x00000000e2b00000| PB 0x00000000e2b00000| Untracked 
|  44|0x00000000e2c00000, 0x00000000e2c00000, 0x00000000e2d00000|  0%| F|  |TAMS 0x00000000e2c00000| PB 0x00000000e2c00000| Untracked 
|  45|0x00000000e2d00000, 0x00000000e2d00000, 0x00000000e2e00000|  0%| F|  |TAMS 0x00000000e2d00000| PB 0x00000000e2d00000| Untracked 
|  46|0x00000000e2e00000, 0x00000000e2e00000, 0x00000000e2f00000|  0%| F|  |TAMS 0x00000000e2e00000| PB 0x00000000e2e00000| Untracked 
|  47|0x00000000e2f00000, 0x00000000e2f00000, 0x00000000e3000000|  0%| F|  |TAMS 0x00000000e2f00000| PB 0x00000000e2f00000| Untracked 
|  48|0x00000000e3000000, 0x00000000e3000000, 0x00000000e3100000|  0%| F|  |TAMS 0x00000000e3000000| PB 0x00000000e3000000| Untracked 
|  49|0x00000000e3100000, 0x00000000e3100000, 0x00000000e3200000|  0%| F|  |TAMS 0x00000000e3100000| PB 0x00000000e3100000| Untracked 
|  50|0x00000000e3200000, 0x00000000e3200000, 0x00000000e3300000|  0%| F|  |TAMS 0x00000000e3200000| PB 0x00000000e3200000| Untracked 
|  51|0x00000000e3300000, 0x00000000e3300000, 0x00000000e3400000|  0%| F|  |TAMS 0x00000000e3300000| PB 0x00000000e3300000| Untracked 
|  52|0x00000000e3400000, 0x00000000e3400000, 0x00000000e3500000|  0%| F|  |TAMS 0x00000000e3400000| PB 0x00000000e3400000| Untracked 
|  53|0x00000000e3500000, 0x00000000e3500000, 0x00000000e3600000|  0%| F|  |TAMS 0x00000000e3500000| PB 0x00000000e3500000| Untracked 
|  54|0x00000000e3600000, 0x00000000e3600000, 0x00000000e3700000|  0%| F|  |TAMS 0x00000000e3600000| PB 0x00000000e3600000| Untracked 
|  55|0x00000000e3700000, 0x00000000e3700000, 0x00000000e3800000|  0%| F|  |TAMS 0x00000000e3700000| PB 0x00000000e3700000| Untracked 
|  56|0x00000000e3800000, 0x00000000e3800000, 0x00000000e3900000|  0%| F|  |TAMS 0x00000000e3800000| PB 0x00000000e3800000| Untracked 
|  57|0x00000000e3900000, 0x00000000e3900000, 0x00000000e3a00000|  0%| F|  |TAMS 0x00000000e3900000| PB 0x00000000e3900000| Untracked 
|  58|0x00000000e3a00000, 0x00000000e3a00000, 0x00000000e3b00000|  0%| F|  |TAMS 0x00000000e3a00000| PB 0x00000000e3a00000| Untracked 
|  59|0x00000000e3b00000, 0x00000000e3b00000, 0x00000000e3c00000|  0%| F|  |TAMS 0x00000000e3b00000| PB 0x00000000e3b00000| Untracked 
|  60|0x00000000e3c00000, 0x00000000e3c00000, 0x00000000e3d00000|  0%| F|  |TAMS 0x00000000e3c00000| PB 0x00000000e3c00000| Untracked 
|  61|0x00000000e3d00000, 0x00000000e3d00000, 0x00000000e3e00000|  0%| F|  |TAMS 0x00000000e3d00000| PB 0x00000000e3d00000| Untracked 
|  62|0x00000000e3e00000, 0x00000000e3e00000, 0x00000000e3f00000|  0%| F|  |TAMS 0x00000000e3e00000| PB 0x00000000e3e00000| Untracked 
|  63|0x00000000e3f00000, 0x00000000e3f00000, 0x00000000e4000000|  0%| F|  |TAMS 0x00000000e3f00000| PB 0x00000000e3f00000| Untracked 
|  64|0x00000000e4000000, 0x00000000e4000000, 0x00000000e4100000|  0%| F|  |TAMS 0x00000000e4000000| PB 0x00000000e4000000| Untracked 
|  65|0x00000000e4100000, 0x00000000e4100000, 0x00000000e4200000|  0%| F|  |TAMS 0x00000000e4100000| PB 0x00000000e4100000| Untracked 
|  66|0x00000000e4200000, 0x00000000e4200000, 0x00000000e4300000|  0%| F|  |TAMS 0x00000000e4200000| PB 0x00000000e4200000| Untracked 
|  67|0x00000000e4300000, 0x00000000e4300000, 0x00000000e4400000|  0%| F|  |TAMS 0x00000000e4300000| PB 0x00000000e4300000| Untracked 
|  68|0x00000000e4400000, 0x00000000e4400000, 0x00000000e4500000|  0%| F|  |TAMS 0x00000000e4400000| PB 0x00000000e4400000| Untracked 
|  69|0x00000000e4500000, 0x00000000e4500000, 0x00000000e4600000|  0%| F|  |TAMS 0x00000000e4500000| PB 0x00000000e4500000| Untracked 
|  70|0x00000000e4600000, 0x00000000e4600000, 0x00000000e4700000|  0%| F|  |TAMS 0x00000000e4600000| PB 0x00000000e4600000| Untracked 
|  71|0x00000000e4700000, 0x00000000e4700000, 0x00000000e4800000|  0%| F|  |TAMS 0x00000000e4700000| PB 0x00000000e4700000| Untracked 
|  72|0x00000000e4800000, 0x00000000e4800000, 0x00000000e4900000|  0%| F|  |TAMS 0x00000000e4800000| PB 0x00000000e4800000| Untracked 
|  73|0x00000000e4900000, 0x00000000e4900000, 0x00000000e4a00000|  0%| F|  |TAMS 0x00000000e4900000| PB 0x00000000e4900000| Untracked 
|  74|0x00000000e4a00000, 0x00000000e4a00000, 0x00000000e4b00000|  0%| F|  |TAMS 0x00000000e4a00000| PB 0x00000000e4a00000| Untracked 
|  75|0x00000000e4b00000, 0x00000000e4b00000, 0x00000000e4c00000|  0%| F|  |TAMS 0x00000000e4b00000| PB 0x00000000e4b00000| Untracked 
|  76|0x00000000e4c00000, 0x00000000e4c00000, 0x00000000e4d00000|  0%| F|  |TAMS 0x00000000e4c00000| PB 0x00000000e4c00000| Untracked 
|  77|0x00000000e4d00000, 0x00000000e4d00000, 0x00000000e4e00000|  0%| F|  |TAMS 0x00000000e4d00000| PB 0x00000000e4d00000| Untracked 
|  78|0x00000000e4e00000, 0x00000000e4e00000, 0x00000000e4f00000|  0%| F|  |TAMS 0x00000000e4e00000| PB 0x00000000e4e00000| Untracked 
|  79|0x00000000e4f00000, 0x00000000e4f00000, 0x00000000e5000000|  0%| F|  |TAMS 0x00000000e4f00000| PB 0x00000000e4f00000| Untracked 
|  80|0x00000000e5000000, 0x00000000e5000000, 0x00000000e5100000|  0%| F|  |TAMS 0x00000000e5000000| PB 0x00000000e5000000| Untracked 
|  81|0x00000000e5100000, 0x00000000e5100000, 0x00000000e5200000|  0%| F|  |TAMS 0x00000000e5100000| PB 0x00000000e5100000| Untracked 
|  82|0x00000000e5200000, 0x00000000e5200000, 0x00000000e5300000|  0%| F|  |TAMS 0x00000000e5200000| PB 0x00000000e5200000| Untracked 
|  83|0x00000000e5300000, 0x00000000e5300000, 0x00000000e5400000|  0%| F|  |TAMS 0x00000000e5300000| PB 0x00000000e5300000| Untracked 
|  84|0x00000000e5400000, 0x00000000e5400000, 0x00000000e5500000|  0%| F|  |TAMS 0x00000000e5400000| PB 0x00000000e5400000| Untracked 
|  85|0x00000000e5500000, 0x00000000e5500000, 0x00000000e5600000|  0%| F|  |TAMS 0x00000000e5500000| PB 0x00000000e5500000| Untracked 
|  86|0x00000000e5600000, 0x00000000e5600000, 0x00000000e5700000|  0%| F|  |TAMS 0x00000000e5600000| PB 0x00000000e5600000| Untracked 
|  87|0x00000000e5700000, 0x00000000e5700000, 0x00000000e5800000|  0%| F|  |TAMS 0x00000000e5700000| PB 0x00000000e5700000| Untracked 
|  88|0x00000000e5800000, 0x00000000e5800000, 0x00000000e5900000|  0%| F|  |TAMS 0x00000000e5800000| PB 0x00000000e5800000| Untracked 
|  89|0x00000000e5900000, 0x00000000e5900000, 0x00000000e5a00000|  0%| F|  |TAMS 0x00000000e5900000| PB 0x00000000e5900000| Untracked 
|  90|0x00000000e5a00000, 0x00000000e5a00000, 0x00000000e5b00000|  0%| F|  |TAMS 0x00000000e5a00000| PB 0x00000000e5a00000| Untracked 
|  91|0x00000000e5b00000, 0x00000000e5b00000, 0x00000000e5c00000|  0%| F|  |TAMS 0x00000000e5b00000| PB 0x00000000e5b00000| Untracked 
|  92|0x00000000e5c00000, 0x00000000e5c00000, 0x00000000e5d00000|  0%| F|  |TAMS 0x00000000e5c00000| PB 0x00000000e5c00000| Untracked 
|  93|0x00000000e5d00000, 0x00000000e5d00000, 0x00000000e5e00000|  0%| F|  |TAMS 0x00000000e5d00000| PB 0x00000000e5d00000| Untracked 
|  94|0x00000000e5e00000, 0x00000000e5e00000, 0x00000000e5f00000|  0%| F|  |TAMS 0x00000000e5e00000| PB 0x00000000e5e00000| Untracked 
|  95|0x00000000e5f00000, 0x00000000e5f00000, 0x00000000e6000000|  0%| F|  |TAMS 0x00000000e5f00000| PB 0x00000000e5f00000| Untracked 
|  96|0x00000000e6000000, 0x00000000e6000000, 0x00000000e6100000|  0%| F|  |TAMS 0x00000000e6000000| PB 0x00000000e6000000| Untracked 
|  97|0x00000000e6100000, 0x00000000e6100000, 0x00000000e6200000|  0%| F|  |TAMS 0x00000000e6100000| PB 0x00000000e6100000| Untracked 
|  98|0x00000000e6200000, 0x00000000e6200000, 0x00000000e6300000|  0%| F|  |TAMS 0x00000000e6200000| PB 0x00000000e6200000| Untracked 
|  99|0x00000000e6300000, 0x00000000e6300000, 0x00000000e6400000|  0%| F|  |TAMS 0x00000000e6300000| PB 0x00000000e6300000| Untracked 
| 100|0x00000000e6400000, 0x00000000e6400000, 0x00000000e6500000|  0%| F|  |TAMS 0x00000000e6400000| PB 0x00000000e6400000| Untracked 
| 101|0x00000000e6500000, 0x00000000e6500000, 0x00000000e6600000|  0%| F|  |TAMS 0x00000000e6500000| PB 0x00000000e6500000| Untracked 
| 102|0x00000000e6600000, 0x00000000e6600000, 0x00000000e6700000|  0%| F|  |TAMS 0x00000000e6600000| PB 0x00000000e6600000| Untracked 
| 103|0x00000000e6700000, 0x00000000e6700000, 0x00000000e6800000|  0%| F|  |TAMS 0x00000000e6700000| PB 0x00000000e6700000| Untracked 
| 104|0x00000000e6800000, 0x00000000e6800000, 0x00000000e6900000|  0%| F|  |TAMS 0x00000000e6800000| PB 0x00000000e6800000| Untracked 
| 105|0x00000000e6900000, 0x00000000e6900000, 0x00000000e6a00000|  0%| F|  |TAMS 0x00000000e6900000| PB 0x00000000e6900000| Untracked 
| 106|0x00000000e6a00000, 0x00000000e6a00000, 0x00000000e6b00000|  0%| F|  |TAMS 0x00000000e6a00000| PB 0x00000000e6a00000| Untracked 
| 107|0x00000000e6b00000, 0x00000000e6b00000, 0x00000000e6c00000|  0%| F|  |TAMS 0x00000000e6b00000| PB 0x00000000e6b00000| Untracked 
| 108|0x00000000e6c00000, 0x00000000e6c00000, 0x00000000e6d00000|  0%| F|  |TAMS 0x00000000e6c00000| PB 0x00000000e6c00000| Untracked 
| 109|0x00000000e6d00000, 0x00000000e6d00000, 0x00000000e6e00000|  0%| F|  |TAMS 0x00000000e6d00000| PB 0x00000000e6d00000| Untracked 
| 110|0x00000000e6e00000, 0x00000000e6e00000, 0x00000000e6f00000|  0%| F|  |TAMS 0x00000000e6e00000| PB 0x00000000e6e00000| Untracked 
| 111|0x00000000e6f00000, 0x00000000e6f00000, 0x00000000e7000000|  0%| F|  |TAMS 0x00000000e6f00000| PB 0x00000000e6f00000| Untracked 
| 112|0x00000000e7000000, 0x00000000e7000000, 0x00000000e7100000|  0%| F|  |TAMS 0x00000000e7000000| PB 0x00000000e7000000| Untracked 
| 113|0x00000000e7100000, 0x00000000e7100000, 0x00000000e7200000|  0%| F|  |TAMS 0x00000000e7100000| PB 0x00000000e7100000| Untracked 
| 114|0x00000000e7200000, 0x00000000e7200000, 0x00000000e7300000|  0%| F|  |TAMS 0x00000000e7200000| PB 0x00000000e7200000| Untracked 
| 115|0x00000000e7300000, 0x00000000e7300000, 0x00000000e7400000|  0%| F|  |TAMS 0x00000000e7300000| PB 0x00000000e7300000| Untracked 
| 116|0x00000000e7400000, 0x00000000e7400000, 0x00000000e7500000|  0%| F|  |TAMS 0x00000000e7400000| PB 0x00000000e7400000| Untracked 
| 117|0x00000000e7500000, 0x00000000e7500000, 0x00000000e7600000|  0%| F|  |TAMS 0x00000000e7500000| PB 0x00000000e7500000| Untracked 
| 118|0x00000000e7600000, 0x00000000e7600000, 0x00000000e7700000|  0%| F|  |TAMS 0x00000000e7600000| PB 0x00000000e7600000| Untracked 
| 119|0x00000000e7700000, 0x00000000e7700000, 0x00000000e7800000|  0%| F|  |TAMS 0x00000000e7700000| PB 0x00000000e7700000| Untracked 
| 120|0x00000000e7800000, 0x00000000e7800000, 0x00000000e7900000|  0%| F|  |TAMS 0x00000000e7800000| PB 0x00000000e7800000| Untracked 
| 121|0x00000000e7900000, 0x00000000e7900000, 0x00000000e7a00000|  0%| F|  |TAMS 0x00000000e7900000| PB 0x00000000e7900000| Untracked 
| 122|0x00000000e7a00000, 0x00000000e7a00000, 0x00000000e7b00000|  0%| F|  |TAMS 0x00000000e7a00000| PB 0x00000000e7a00000| Untracked 
| 123|0x00000000e7b00000, 0x00000000e7b00000, 0x00000000e7c00000|  0%| F|  |TAMS 0x00000000e7b00000| PB 0x00000000e7b00000| Untracked 
| 124|0x00000000e7c00000, 0x00000000e7c00000, 0x00000000e7d00000|  0%| F|  |TAMS 0x00000000e7c00000| PB 0x00000000e7c00000| Untracked 
| 125|0x00000000e7d00000, 0x00000000e7d00000, 0x00000000e7e00000|  0%| F|  |TAMS 0x00000000e7d00000| PB 0x00000000e7d00000| Untracked 
| 126|0x00000000e7e00000, 0x00000000e7e00000, 0x00000000e7f00000|  0%| F|  |TAMS 0x00000000e7e00000| PB 0x00000000e7e00000| Untracked 
| 127|0x00000000e7f00000, 0x00000000e7f00000, 0x00000000e8000000|  0%| F|  |TAMS 0x00000000e7f00000| PB 0x00000000e7f00000| Untracked 
| 128|0x00000000e8000000, 0x00000000e8000000, 0x00000000e8100000|  0%| F|  |TAMS 0x00000000e8000000| PB 0x00000000e8000000| Untracked 
| 129|0x00000000e8100000, 0x00000000e8100000, 0x00000000e8200000|  0%| F|  |TAMS 0x00000000e8100000| PB 0x00000000e8100000| Untracked 
| 130|0x00000000e8200000, 0x00000000e8200000, 0x00000000e8300000|  0%| F|  |TAMS 0x00000000e8200000| PB 0x00000000e8200000| Untracked 
| 131|0x00000000e8300000, 0x00000000e8300000, 0x00000000e8400000|  0%| F|  |TAMS 0x00000000e8300000| PB 0x00000000e8300000| Untracked 
| 132|0x00000000e8400000, 0x00000000e8400000, 0x00000000e8500000|  0%| F|  |TAMS 0x00000000e8400000| PB 0x00000000e8400000| Untracked 
| 133|0x00000000e8500000, 0x00000000e8500000, 0x00000000e8600000|  0%| F|  |TAMS 0x00000000e8500000| PB 0x00000000e8500000| Untracked 
| 134|0x00000000e8600000, 0x00000000e8600000, 0x00000000e8700000|  0%| F|  |TAMS 0x00000000e8600000| PB 0x00000000e8600000| Untracked 
| 135|0x00000000e8700000, 0x00000000e8700000, 0x00000000e8800000|  0%| F|  |TAMS 0x00000000e8700000| PB 0x00000000e8700000| Untracked 
| 136|0x00000000e8800000, 0x00000000e8800000, 0x00000000e8900000|  0%| F|  |TAMS 0x00000000e8800000| PB 0x00000000e8800000| Untracked 
| 137|0x00000000e8900000, 0x00000000e8900000, 0x00000000e8a00000|  0%| F|  |TAMS 0x00000000e8900000| PB 0x00000000e8900000| Untracked 
| 138|0x00000000e8a00000, 0x00000000e8a00000, 0x00000000e8b00000|  0%| F|  |TAMS 0x00000000e8a00000| PB 0x00000000e8a00000| Untracked 
| 139|0x00000000e8b00000, 0x00000000e8b00000, 0x00000000e8c00000|  0%| F|  |TAMS 0x00000000e8b00000| PB 0x00000000e8b00000| Untracked 
| 140|0x00000000e8c00000, 0x00000000e8c00000, 0x00000000e8d00000|  0%| F|  |TAMS 0x00000000e8c00000| PB 0x00000000e8c00000| Untracked 
| 141|0x00000000e8d00000, 0x00000000e8d00000, 0x00000000e8e00000|  0%| F|  |TAMS 0x00000000e8d00000| PB 0x00000000e8d00000| Untracked 
| 142|0x00000000e8e00000, 0x00000000e8e00000, 0x00000000e8f00000|  0%| F|  |TAMS 0x00000000e8e00000| PB 0x00000000e8e00000| Untracked 
| 143|0x00000000e8f00000, 0x00000000e8f00000, 0x00000000e9000000|  0%| F|  |TAMS 0x00000000e8f00000| PB 0x00000000e8f00000| Untracked 
| 144|0x00000000e9000000, 0x00000000e9000000, 0x00000000e9100000|  0%| F|  |TAMS 0x00000000e9000000| PB 0x00000000e9000000| Untracked 
| 145|0x00000000e9100000, 0x00000000e9100000, 0x00000000e9200000|  0%| F|  |TAMS 0x00000000e9100000| PB 0x00000000e9100000| Untracked 
| 146|0x00000000e9200000, 0x00000000e9200000, 0x00000000e9300000|  0%| F|  |TAMS 0x00000000e9200000| PB 0x00000000e9200000| Untracked 
| 147|0x00000000e9300000, 0x00000000e9300000, 0x00000000e9400000|  0%| F|  |TAMS 0x00000000e9300000| PB 0x00000000e9300000| Untracked 
| 148|0x00000000e9400000, 0x00000000e9400000, 0x00000000e9500000|  0%| F|  |TAMS 0x00000000e9400000| PB 0x00000000e9400000| Untracked 
| 149|0x00000000e9500000, 0x00000000e9500000, 0x00000000e9600000|  0%| F|  |TAMS 0x00000000e9500000| PB 0x00000000e9500000| Untracked 
| 150|0x00000000e9600000, 0x00000000e9600000, 0x00000000e9700000|  0%| F|  |TAMS 0x00000000e9600000| PB 0x00000000e9600000| Untracked 
| 151|0x00000000e9700000, 0x00000000e9800000, 0x00000000e9800000|100%| E|  |TAMS 0x00000000e9700000| PB 0x00000000e9700000| Complete 
| 152|0x00000000e9800000, 0x00000000e9900000, 0x00000000e9900000|100%| E|CS|TAMS 0x00000000e9800000| PB 0x00000000e9800000| Complete 
| 153|0x00000000e9900000, 0x00000000e9a00000, 0x00000000e9a00000|100%| E|CS|TAMS 0x00000000e9900000| PB 0x00000000e9900000| Complete 
| 154|0x00000000e9a00000, 0x00000000e9b00000, 0x00000000e9b00000|100%| E|CS|TAMS 0x00000000e9a00000| PB 0x00000000e9a00000| Complete 
| 155|0x00000000e9b00000, 0x00000000e9c00000, 0x00000000e9c00000|100%| E|CS|TAMS 0x00000000e9b00000| PB 0x00000000e9b00000| Complete 
| 156|0x00000000e9c00000, 0x00000000e9d00000, 0x00000000e9d00000|100%| E|CS|TAMS 0x00000000e9c00000| PB 0x00000000e9c00000| Complete 
| 157|0x00000000e9d00000, 0x00000000e9e00000, 0x00000000e9e00000|100%| E|CS|TAMS 0x00000000e9d00000| PB 0x00000000e9d00000| Complete 
| 158|0x00000000e9e00000, 0x00000000e9f00000, 0x00000000e9f00000|100%| E|CS|TAMS 0x00000000e9e00000| PB 0x00000000e9e00000| Complete 
| 159|0x00000000e9f00000, 0x00000000ea000000, 0x00000000ea000000|100%| E|CS|TAMS 0x00000000e9f00000| PB 0x00000000e9f00000| Complete 
| 160|0x00000000ea000000, 0x00000000ea100000, 0x00000000ea100000|100%| E|CS|TAMS 0x00000000ea000000| PB 0x00000000ea000000| Complete 
| 161|0x00000000ea100000, 0x00000000ea200000, 0x00000000ea200000|100%| E|CS|TAMS 0x00000000ea100000| PB 0x00000000ea100000| Complete 
| 162|0x00000000ea200000, 0x00000000ea300000, 0x00000000ea300000|100%| E|CS|TAMS 0x00000000ea200000| PB 0x00000000ea200000| Complete 
| 163|0x00000000ea300000, 0x00000000ea400000, 0x00000000ea400000|100%| E|CS|TAMS 0x00000000ea300000| PB 0x00000000ea300000| Complete 
| 164|0x00000000ea400000, 0x00000000ea500000, 0x00000000ea500000|100%| E|CS|TAMS 0x00000000ea400000| PB 0x00000000ea400000| Complete 
| 165|0x00000000ea500000, 0x00000000ea600000, 0x00000000ea600000|100%| E|CS|TAMS 0x00000000ea500000| PB 0x00000000ea500000| Complete 
| 166|0x00000000ea600000, 0x00000000ea700000, 0x00000000ea700000|100%| E|CS|TAMS 0x00000000ea600000| PB 0x00000000ea600000| Complete 
| 167|0x00000000ea700000, 0x00000000ea800000, 0x00000000ea800000|100%| E|CS|TAMS 0x00000000ea700000| PB 0x00000000ea700000| Complete 
| 168|0x00000000ea800000, 0x00000000ea900000, 0x00000000ea900000|100%| E|CS|TAMS 0x00000000ea800000| PB 0x00000000ea800000| Complete 
| 169|0x00000000ea900000, 0x00000000eaa00000, 0x00000000eaa00000|100%| E|CS|TAMS 0x00000000ea900000| PB 0x00000000ea900000| Complete 
| 170|0x00000000eaa00000, 0x00000000eab00000, 0x00000000eab00000|100%| E|CS|TAMS 0x00000000eaa00000| PB 0x00000000eaa00000| Complete 
| 171|0x00000000eab00000, 0x00000000eac00000, 0x00000000eac00000|100%| E|CS|TAMS 0x00000000eab00000| PB 0x00000000eab00000| Complete 
| 172|0x00000000eac00000, 0x00000000ead00000, 0x00000000ead00000|100%| E|CS|TAMS 0x00000000eac00000| PB 0x00000000eac00000| Complete 
| 173|0x00000000ead00000, 0x00000000eae00000, 0x00000000eae00000|100%| E|CS|TAMS 0x00000000ead00000| PB 0x00000000ead00000| Complete 
| 174|0x00000000eae00000, 0x00000000eaf00000, 0x00000000eaf00000|100%| E|CS|TAMS 0x00000000eae00000| PB 0x00000000eae00000| Complete 
| 175|0x00000000eaf00000, 0x00000000eb000000, 0x00000000eb000000|100%| E|CS|TAMS 0x00000000eaf00000| PB 0x00000000eaf00000| Complete 
| 176|0x00000000eb000000, 0x00000000eb100000, 0x00000000eb100000|100%| E|CS|TAMS 0x00000000eb000000| PB 0x00000000eb000000| Complete 
| 177|0x00000000eb100000, 0x00000000eb200000, 0x00000000eb200000|100%| E|CS|TAMS 0x00000000eb100000| PB 0x00000000eb100000| Complete 
| 178|0x00000000eb200000, 0x00000000eb300000, 0x00000000eb300000|100%| E|CS|TAMS 0x00000000eb200000| PB 0x00000000eb200000| Complete 
| 179|0x00000000eb300000, 0x00000000eb400000, 0x00000000eb400000|100%| E|CS|TAMS 0x00000000eb300000| PB 0x00000000eb300000| Complete 
| 180|0x00000000eb400000, 0x00000000eb500000, 0x00000000eb500000|100%| E|CS|TAMS 0x00000000eb400000| PB 0x00000000eb400000| Complete 
| 181|0x00000000eb500000, 0x00000000eb600000, 0x00000000eb600000|100%| E|CS|TAMS 0x00000000eb500000| PB 0x00000000eb500000| Complete 
| 182|0x00000000eb600000, 0x00000000eb700000, 0x00000000eb700000|100%| E|CS|TAMS 0x00000000eb600000| PB 0x00000000eb600000| Complete 
| 183|0x00000000eb700000, 0x00000000eb800000, 0x00000000eb800000|100%| E|CS|TAMS 0x00000000eb700000| PB 0x00000000eb700000| Complete 
| 184|0x00000000eb800000, 0x00000000eb900000, 0x00000000eb900000|100%| E|CS|TAMS 0x00000000eb800000| PB 0x00000000eb800000| Complete 
| 185|0x00000000eb900000, 0x00000000eba00000, 0x00000000eba00000|100%| E|CS|TAMS 0x00000000eb900000| PB 0x00000000eb900000| Complete 
| 186|0x00000000eba00000, 0x00000000ebb00000, 0x00000000ebb00000|100%| E|CS|TAMS 0x00000000eba00000| PB 0x00000000eba00000| Complete 
| 187|0x00000000ebb00000, 0x00000000ebc00000, 0x00000000ebc00000|100%| E|CS|TAMS 0x00000000ebb00000| PB 0x00000000ebb00000| Complete 
| 188|0x00000000ebc00000, 0x00000000ebd00000, 0x00000000ebd00000|100%| E|CS|TAMS 0x00000000ebc00000| PB 0x00000000ebc00000| Complete 
| 189|0x00000000ebd00000, 0x00000000ebe00000, 0x00000000ebe00000|100%| E|CS|TAMS 0x00000000ebd00000| PB 0x00000000ebd00000| Complete 
| 190|0x00000000ebe00000, 0x00000000ebf00000, 0x00000000ebf00000|100%| E|CS|TAMS 0x00000000ebe00000| PB 0x00000000ebe00000| Complete 
| 191|0x00000000ebf00000, 0x00000000ec000000, 0x00000000ec000000|100%| E|CS|TAMS 0x00000000ebf00000| PB 0x00000000ebf00000| Complete 
| 192|0x00000000ec000000, 0x00000000ec100000, 0x00000000ec100000|100%| E|CS|TAMS 0x00000000ec000000| PB 0x00000000ec000000| Complete 
| 193|0x00000000ec100000, 0x00000000ec200000, 0x00000000ec200000|100%| E|CS|TAMS 0x00000000ec100000| PB 0x00000000ec100000| Complete 
| 194|0x00000000ec200000, 0x00000000ec300000, 0x00000000ec300000|100%| E|CS|TAMS 0x00000000ec200000| PB 0x00000000ec200000| Complete 
| 195|0x00000000ec300000, 0x00000000ec400000, 0x00000000ec400000|100%| E|CS|TAMS 0x00000000ec300000| PB 0x00000000ec300000| Complete 
| 196|0x00000000ec400000, 0x00000000ec500000, 0x00000000ec500000|100%| E|CS|TAMS 0x00000000ec400000| PB 0x00000000ec400000| Complete 
| 197|0x00000000ec500000, 0x00000000ec600000, 0x00000000ec600000|100%| E|CS|TAMS 0x00000000ec500000| PB 0x00000000ec500000| Complete 
| 198|0x00000000ec600000, 0x00000000ec700000, 0x00000000ec700000|100%| E|CS|TAMS 0x00000000ec600000| PB 0x00000000ec600000| Complete 
| 199|0x00000000ec700000, 0x00000000ec800000, 0x00000000ec800000|100%| E|CS|TAMS 0x00000000ec700000| PB 0x00000000ec700000| Complete 
| 200|0x00000000ec800000, 0x00000000ec900000, 0x00000000ec900000|100%| E|CS|TAMS 0x00000000ec800000| PB 0x00000000ec800000| Complete 
| 201|0x00000000ec900000, 0x00000000eca00000, 0x00000000eca00000|100%| E|CS|TAMS 0x00000000ec900000| PB 0x00000000ec900000| Complete 
| 202|0x00000000eca00000, 0x00000000ecb00000, 0x00000000ecb00000|100%| E|CS|TAMS 0x00000000eca00000| PB 0x00000000eca00000| Complete 
| 203|0x00000000ecb00000, 0x00000000ecc00000, 0x00000000ecc00000|100%| E|CS|TAMS 0x00000000ecb00000| PB 0x00000000ecb00000| Complete 
| 204|0x00000000ecc00000, 0x00000000ecd00000, 0x00000000ecd00000|100%| E|CS|TAMS 0x00000000ecc00000| PB 0x00000000ecc00000| Complete 
| 205|0x00000000ecd00000, 0x00000000ece00000, 0x00000000ece00000|100%| E|CS|TAMS 0x00000000ecd00000| PB 0x00000000ecd00000| Complete 
| 206|0x00000000ece00000, 0x00000000ecf00000, 0x00000000ecf00000|100%| E|CS|TAMS 0x00000000ece00000| PB 0x00000000ece00000| Complete 
| 207|0x00000000ecf00000, 0x00000000ed000000, 0x00000000ed000000|100%| E|CS|TAMS 0x00000000ecf00000| PB 0x00000000ecf00000| Complete 
| 208|0x00000000ed000000, 0x00000000ed100000, 0x00000000ed100000|100%| E|CS|TAMS 0x00000000ed000000| PB 0x00000000ed000000| Complete 
| 209|0x00000000ed100000, 0x00000000ed200000, 0x00000000ed200000|100%| E|CS|TAMS 0x00000000ed100000| PB 0x00000000ed100000| Complete 
| 210|0x00000000ed200000, 0x00000000ed300000, 0x00000000ed300000|100%| E|CS|TAMS 0x00000000ed200000| PB 0x00000000ed200000| Complete 
| 211|0x00000000ed300000, 0x00000000ed400000, 0x00000000ed400000|100%| E|CS|TAMS 0x00000000ed300000| PB 0x00000000ed300000| Complete 
| 212|0x00000000ed400000, 0x00000000ed500000, 0x00000000ed500000|100%| E|CS|TAMS 0x00000000ed400000| PB 0x00000000ed400000| Complete 
| 213|0x00000000ed500000, 0x00000000ed600000, 0x00000000ed600000|100%| E|CS|TAMS 0x00000000ed500000| PB 0x00000000ed500000| Complete 
| 214|0x00000000ed600000, 0x00000000ed700000, 0x00000000ed700000|100%| E|CS|TAMS 0x00000000ed600000| PB 0x00000000ed600000| Complete 
| 215|0x00000000ed700000, 0x00000000ed800000, 0x00000000ed800000|100%| E|CS|TAMS 0x00000000ed700000| PB 0x00000000ed700000| Complete 
| 216|0x00000000ed800000, 0x00000000ed8d0280, 0x00000000ed900000| 81%| S|CS|TAMS 0x00000000ed800000| PB 0x00000000ed800000| Complete 
| 217|0x00000000ed900000, 0x00000000eda00000, 0x00000000eda00000|100%| S|CS|TAMS 0x00000000ed900000| PB 0x00000000ed900000| Complete 
| 218|0x00000000eda00000, 0x00000000edb00000, 0x00000000edb00000|100%| S|CS|TAMS 0x00000000eda00000| PB 0x00000000eda00000| Complete 
| 219|0x00000000edb00000, 0x00000000edc00000, 0x00000000edc00000|100%| S|CS|TAMS 0x00000000edb00000| PB 0x00000000edb00000| Complete 
| 220|0x00000000edc00000, 0x00000000edd00000, 0x00000000edd00000|100%| S|CS|TAMS 0x00000000edc00000| PB 0x00000000edc00000| Complete 
| 221|0x00000000edd00000, 0x00000000ede00000, 0x00000000ede00000|100%| S|CS|TAMS 0x00000000edd00000| PB 0x00000000edd00000| Complete 
| 222|0x00000000ede00000, 0x00000000edf00000, 0x00000000edf00000|100%| S|CS|TAMS 0x00000000ede00000| PB 0x00000000ede00000| Complete 
| 223|0x00000000edf00000, 0x00000000ee000000, 0x00000000ee000000|100%| S|CS|TAMS 0x00000000edf00000| PB 0x00000000edf00000| Complete 
| 224|0x00000000ee000000, 0x00000000ee100000, 0x00000000ee100000|100%| S|CS|TAMS 0x00000000ee000000| PB 0x00000000ee000000| Complete 
| 225|0x00000000ee100000, 0x00000000ee200000, 0x00000000ee200000|100%| S|CS|TAMS 0x00000000ee100000| PB 0x00000000ee100000| Complete 
| 226|0x00000000ee200000, 0x00000000ee300000, 0x00000000ee300000|100%| S|CS|TAMS 0x00000000ee200000| PB 0x00000000ee200000| Complete 
| 227|0x00000000ee300000, 0x00000000ee400000, 0x00000000ee400000|100%| S|CS|TAMS 0x00000000ee300000| PB 0x00000000ee300000| Complete 
| 228|0x00000000ee400000, 0x00000000ee500000, 0x00000000ee500000|100%| E|CS|TAMS 0x00000000ee400000| PB 0x00000000ee400000| Complete 
| 229|0x00000000ee500000, 0x00000000ee600000, 0x00000000ee600000|100%| E|CS|TAMS 0x00000000ee500000| PB 0x00000000ee500000| Complete 
| 230|0x00000000ee600000, 0x00000000ee700000, 0x00000000ee700000|100%| E|CS|TAMS 0x00000000ee600000| PB 0x00000000ee600000| Complete 
| 231|0x00000000ee700000, 0x00000000ee800000, 0x00000000ee800000|100%| E|CS|TAMS 0x00000000ee700000| PB 0x00000000ee700000| Complete 
| 232|0x00000000ee800000, 0x00000000ee900000, 0x00000000ee900000|100%| E|CS|TAMS 0x00000000ee800000| PB 0x00000000ee800000| Complete 
| 233|0x00000000ee900000, 0x00000000eea00000, 0x00000000eea00000|100%| E|CS|TAMS 0x00000000ee900000| PB 0x00000000ee900000| Complete 
| 234|0x00000000eea00000, 0x00000000eeb00000, 0x00000000eeb00000|100%| E|CS|TAMS 0x00000000eea00000| PB 0x00000000eea00000| Complete 
| 235|0x00000000eeb00000, 0x00000000eec00000, 0x00000000eec00000|100%| E|CS|TAMS 0x00000000eeb00000| PB 0x00000000eeb00000| Complete 
| 236|0x00000000eec00000, 0x00000000eed00000, 0x00000000eed00000|100%| E|CS|TAMS 0x00000000eec00000| PB 0x00000000eec00000| Complete 
| 237|0x00000000eed00000, 0x00000000eee00000, 0x00000000eee00000|100%| E|CS|TAMS 0x00000000eed00000| PB 0x00000000eed00000| Complete 
| 238|0x00000000eee00000, 0x00000000eef00000, 0x00000000eef00000|100%| E|CS|TAMS 0x00000000eee00000| PB 0x00000000eee00000| Complete 
| 239|0x00000000eef00000, 0x00000000ef000000, 0x00000000ef000000|100%| E|CS|TAMS 0x00000000eef00000| PB 0x00000000eef00000| Complete 
| 240|0x00000000ef000000, 0x00000000ef100000, 0x00000000ef100000|100%| E|CS|TAMS 0x00000000ef000000| PB 0x00000000ef000000| Complete 
| 241|0x00000000ef100000, 0x00000000ef200000, 0x00000000ef200000|100%| E|CS|TAMS 0x00000000ef100000| PB 0x00000000ef100000| Complete 
| 242|0x00000000ef200000, 0x00000000ef300000, 0x00000000ef300000|100%| E|CS|TAMS 0x00000000ef200000| PB 0x00000000ef200000| Complete 
| 243|0x00000000ef300000, 0x00000000ef400000, 0x00000000ef400000|100%| E|CS|TAMS 0x00000000ef300000| PB 0x00000000ef300000| Complete 
| 244|0x00000000ef400000, 0x00000000ef500000, 0x00000000ef500000|100%| E|CS|TAMS 0x00000000ef400000| PB 0x00000000ef400000| Complete 
| 245|0x00000000ef500000, 0x00000000ef600000, 0x00000000ef600000|100%| E|CS|TAMS 0x00000000ef500000| PB 0x00000000ef500000| Complete 
| 246|0x00000000ef600000, 0x00000000ef700000, 0x00000000ef700000|100%| E|CS|TAMS 0x00000000ef600000| PB 0x00000000ef600000| Complete 
| 247|0x00000000ef700000, 0x00000000ef800000, 0x00000000ef800000|100%| E|CS|TAMS 0x00000000ef700000| PB 0x00000000ef700000| Complete 
| 248|0x00000000ef800000, 0x00000000ef900000, 0x00000000ef900000|100%| E|CS|TAMS 0x00000000ef800000| PB 0x00000000ef800000| Complete 
| 249|0x00000000ef900000, 0x00000000efa00000, 0x00000000efa00000|100%| E|CS|TAMS 0x00000000ef900000| PB 0x00000000ef900000| Complete 
| 250|0x00000000efa00000, 0x00000000efb00000, 0x00000000efb00000|100%| E|CS|TAMS 0x00000000efa00000| PB 0x00000000efa00000| Complete 
| 251|0x00000000efb00000, 0x00000000efc00000, 0x00000000efc00000|100%| E|CS|TAMS 0x00000000efb00000| PB 0x00000000efb00000| Complete 
| 252|0x00000000efc00000, 0x00000000efd00000, 0x00000000efd00000|100%| E|CS|TAMS 0x00000000efc00000| PB 0x00000000efc00000| Complete 
| 253|0x00000000efd00000, 0x00000000efe00000, 0x00000000efe00000|100%| E|CS|TAMS 0x00000000efd00000| PB 0x00000000efd00000| Complete 
| 254|0x00000000efe00000, 0x00000000eff00000, 0x00000000eff00000|100%| E|CS|TAMS 0x00000000efe00000| PB 0x00000000efe00000| Complete 
| 255|0x00000000eff00000, 0x00000000f0000000, 0x00000000f0000000|100%| E|CS|TAMS 0x00000000eff00000| PB 0x00000000eff00000| Complete 

Card table byte_map: [0x000002a7d24b0000,0x000002a7d25b0000] _byte_map_base: 0x000002a7d1db0000

Marking Bits: (CMBitMap*) 0x000002a7bfee4d80
 Bits: [0x000002a7d25b0000, 0x000002a7d2db0000)

Polling page: 0x000002a7bd510000

Metaspace:

Usage:
  Non-class:     26.78 MB used.
      Class:      4.57 MB used.
       Both:     31.35 MB used.

Virtual space:
  Non-class space:       64.00 MB reserved,      27.44 MB ( 43%) committed,  1 nodes.
      Class space:      320.00 MB reserved,       5.19 MB (  2%) committed,  1 nodes.
             Both:      384.00 MB reserved,      32.62 MB (  8%) committed. 

Chunk freelists:
   Non-Class:  4.15 MB
       Class:  10.85 MB
        Both:  15.00 MB

MaxMetaspaceSize: 384.00 MB
CompressedClassSpaceSize: 320.00 MB
Initial GC threshold: 21.00 MB
Current GC threshold: 35.12 MB
CDS: on
 - commit_granule_bytes: 65536.
 - commit_granule_words: 8192.
 - virtual_space_node_default_size: 8388608.
 - enlarge_chunks_in_place: 1.
 - use_allocation_guard: 0.


Internal statistics:

num_allocs_failed_limit: 3.
num_arena_births: 2208.
num_arena_deaths: 0.
num_vsnodes_births: 2.
num_vsnodes_deaths: 0.
num_space_committed: 522.
num_space_uncommitted: 0.
num_chunks_returned_to_freelist: 3.
num_chunks_taken_from_freelist: 3750.
num_chunk_merges: 3.
num_chunk_splits: 2418.
num_chunks_enlarged: 1451.
num_inconsistent_stats: 0.

CodeHeap 'non-profiled nmethods': size=120000Kb used=2293Kb max_used=2293Kb free=117706Kb
 bounds [0x000002a7cab40000, 0x000002a7cadb0000, 0x000002a7d2070000]
CodeHeap 'profiled nmethods': size=120000Kb used=8185Kb max_used=8185Kb free=111814Kb
 bounds [0x000002a7c3070000, 0x000002a7c3870000, 0x000002a7ca5a0000]
CodeHeap 'non-nmethods': size=5760Kb used=1451Kb max_used=1477Kb free=4308Kb
 bounds [0x000002a7ca5a0000, 0x000002a7ca810000, 0x000002a7cab40000]
CodeCache: size=245760Kb, used=11929Kb, max_used=11955Kb, free=233828Kb
 total_blobs=4694, nmethods=4092, adapters=506, full_count=0
Compilation: enabled, stopped_count=0, restarted_count=0

Compilation events (20 events):
Event: 201.798 Thread 0x000002a7d5804570 nmethod 4081 0x000002a7c386bd90 code [0x000002a7c386bf40, 0x000002a7c386c148]
Event: 202.198 Thread 0x000002a7d57f7b00 4082       4       java.lang.String::equalsIgnoreCase (45 bytes)
Event: 202.200 Thread 0x000002a7d57f7b00 nmethod 4082 0x000002a7cad7b490 code [0x000002a7cad7b620, 0x000002a7cad7b750]
Event: 202.262 Thread 0x000002a7d57f7b00 4083       4       java.util.HashSet::contains (9 bytes)
Event: 202.271 Thread 0x000002a7d57f7b00 nmethod 4083 0x000002a7cad7b890 code [0x000002a7cad7ba80, 0x000002a7cad7c028]
Event: 202.336 Thread 0x000002a7d5804570 4084       3       java.lang.Class::getEnclosingMethodInfo (20 bytes)
Event: 202.337 Thread 0x000002a7d5804570 nmethod 4084 0x000002a7c386c210 code [0x000002a7c386c3e0, 0x000002a7c386c620]
Event: 202.485 Thread 0x000002a7d5804570 4085       3       org.objectweb.asm.ByteVector::enlarge (73 bytes)
Event: 202.485 Thread 0x000002a7d5804570 nmethod 4085 0x000002a7c386c710 code [0x000002a7c386c8e0, 0x000002a7c386cd00]
Event: 202.486 Thread 0x000002a7d5804570 4086       3       org.gradle.model.internal.asm.MethodVisitorScope::_INVOKEINTERFACE (11 bytes)
Event: 202.486 Thread 0x000002a7d5804570 nmethod 4086 0x000002a7c386ce90 code [0x000002a7c386d060, 0x000002a7c386d2f8]
Event: 202.486 Thread 0x000002a7d5804570 4087       3       org.gradle.model.internal.asm.MethodVisitorScope::_INVOKEINTERFACE (12 bytes)
Event: 202.487 Thread 0x000002a7d5804570 nmethod 4087 0x000002a7c386d490 code [0x000002a7c386d640, 0x000002a7c386d7a8]
Event: 202.488 Thread 0x000002a7d5804570 4088       3       jdk.internal.org.objectweb.asm.ClassReader::readUtf (161 bytes)
Event: 202.489 Thread 0x000002a7d5804570 nmethod 4088 0x000002a7c386d890 code [0x000002a7c386da80, 0x000002a7c386ded0]
Event: 202.922 Thread 0x000002a7d5804570 4090       3       java.lang.invoke.MethodHandleStatics::traceLambdaForm (96 bytes)
Event: 202.923 Thread 0x000002a7d5804570 nmethod 4090 0x000002a7c386e190 code [0x000002a7c386e340, 0x000002a7c386e4a8]
Event: 203.718 Thread 0x000002a7d57f7b00 4093       4       sun.invoke.util.Wrapper::forBasicType (103 bytes)
Event: 203.719 Thread 0x000002a7d57f7b00 nmethod 4093 0x000002a7cad7cd10 code [0x000002a7cad7cec0, 0x000002a7cad7d060]
Event: 203.762 Thread 0x000002a7d57f7b00 4094       4       sun.invoke.util.BytecodeDescriptor::unparseSig (49 bytes)

GC Heap History (8 events):
Event: 1.183 GC heap before
{Heap before GC invocations=0 (full 0):
 garbage-first heap   total 262144K, used 23552K [0x00000000e0000000, 0x0000000100000000)
  region size 1024K, 23 young (23552K), 0 survivors (0K)
 Metaspace       used 923K, committed 1088K, reserved 393216K
  class space    used 76K, committed 128K, reserved 327680K
}
Event: 1.218 GC heap after
{Heap after GC invocations=1 (full 0):
 garbage-first heap   total 262144K, used 1621K [0x00000000e0000000, 0x0000000100000000)
  region size 1024K, 2 young (2048K), 2 survivors (2048K)
 Metaspace       used 923K, committed 1088K, reserved 393216K
  class space    used 76K, committed 128K, reserved 327680K
}
Event: 28.345 GC heap before
{Heap before GC invocations=1 (full 0):
 garbage-first heap   total 262144K, used 42581K [0x00000000e0000000, 0x0000000100000000)
  region size 1024K, 39 young (39936K), 2 survivors (2048K)
 Metaspace       used 4667K, committed 4928K, reserved 393216K
  class space    used 589K, committed 704K, reserved 327680K
}
Event: 28.355 GC heap after
{Heap after GC invocations=2 (full 0):
 garbage-first heap   total 262144K, used 11908K [0x00000000e0000000, 0x0000000100000000)
  region size 1024K, 5 young (5120K), 5 survivors (5120K)
 Metaspace       used 4667K, committed 4928K, reserved 393216K
  class space    used 589K, committed 704K, reserved 327680K
}
Event: 108.206 GC heap before
{Heap before GC invocations=2 (full 0):
 garbage-first heap   total 262144K, used 122500K [0x00000000e0000000, 0x0000000100000000)
  region size 1024K, 112 young (114688K), 5 survivors (5120K)
 Metaspace       used 16758K, committed 17152K, reserved 393216K
  class space    used 2267K, committed 2432K, reserved 327680K
}
Event: 108.317 GC heap after
{Heap after GC invocations=3 (full 0):
 garbage-first heap   total 262144K, used 22186K [0x00000000e0000000, 0x0000000100000000)
  region size 1024K, 14 young (14336K), 14 survivors (14336K)
 Metaspace       used 16758K, committed 17152K, reserved 393216K
  class space    used 2267K, committed 2432K, reserved 327680K
}
Event: 132.366 GC heap before
{Heap before GC invocations=3 (full 0):
 garbage-first heap   total 262144K, used 50858K [0x00000000e0000000, 0x0000000100000000)
  region size 1024K, 42 young (43008K), 14 survivors (14336K)
 Metaspace       used 20908K, committed 21504K, reserved 393216K
  class space    used 2843K, committed 3136K, reserved 327680K
}
Event: 132.417 GC heap after
{Heap after GC invocations=4 (full 0):
 garbage-first heap   total 262144K, used 24679K [0x00000000e0000000, 0x0000000100000000)
  region size 1024K, 12 young (12288K), 12 survivors (12288K)
 Metaspace       used 20908K, committed 21504K, reserved 393216K
  class space    used 2843K, committed 3136K, reserved 327680K
}

Dll operation events (20 events):
Event: 0.235 Attempting to load shared library C:\Users\san\.cursor\extensions\redhat.java-1.56.0-win32-x64\jre\21.0.12.1-win32-x86_64\bin\nio.dll
Event: 0.236 Loaded shared library C:\Users\san\.cursor\extensions\redhat.java-1.56.0-win32-x64\jre\21.0.12.1-win32-x86_64\bin\nio.dll
Event: 0.241 Attempting to load shared library C:\Users\san\.cursor\extensions\redhat.java-1.56.0-win32-x64\jre\21.0.12.1-win32-x86_64\bin\zip.dll
Event: 0.241 Loaded shared library C:\Users\san\.cursor\extensions\redhat.java-1.56.0-win32-x64\jre\21.0.12.1-win32-x86_64\bin\zip.dll
Event: 1.222 Attempting to load shared library C:\Users\san\.cursor\extensions\redhat.java-1.56.0-win32-x64\jre\21.0.12.1-win32-x86_64\bin\jimage.dll
Event: 1.222 Loaded shared library C:\Users\san\.cursor\extensions\redhat.java-1.56.0-win32-x64\jre\21.0.12.1-win32-x86_64\bin\jimage.dll
Event: 2.377 Attempting to load shared library C:\Users\san\.cursor\extensions\redhat.java-1.56.0-win32-x64\jre\21.0.12.1-win32-x86_64\bin\verify.dll
Event: 2.380 Loaded shared library C:\Users\san\.cursor\extensions\redhat.java-1.56.0-win32-x64\jre\21.0.12.1-win32-x86_64\bin\verify.dll
Event: 5.602 Attempting to load shared library C:\Users\san\.gradle\native\660c5614fbf4a5f2a75b1949f50a0caf5cd603558e7d8a26e50b933a0cfb79d1\windows-amd64\native-platform.dll
Event: 6.005 Loaded shared library C:\Users\san\.gradle\native\660c5614fbf4a5f2a75b1949f50a0caf5cd603558e7d8a26e50b933a0cfb79d1\windows-amd64\native-platform.dll
Event: 6.911 Attempting to load shared library C:\Users\san\.gradle\native\0.2.8\x86_64-windows-gnu\gradle-fileevents.dll
Event: 7.112 Loaded shared library C:\Users\san\.gradle\native\0.2.8\x86_64-windows-gnu\gradle-fileevents.dll
Event: 57.879 Attempting to load shared library C:\Users\san\.cursor\extensions\redhat.java-1.56.0-win32-x64\jre\21.0.12.1-win32-x86_64\bin\management.dll
Event: 57.922 Loaded shared library C:\Users\san\.cursor\extensions\redhat.java-1.56.0-win32-x64\jre\21.0.12.1-win32-x86_64\bin\management.dll
Event: 57.954 Attempting to load shared library C:\Users\san\.cursor\extensions\redhat.java-1.56.0-win32-x64\jre\21.0.12.1-win32-x86_64\bin\management_ext.dll
Event: 57.974 Loaded shared library C:\Users\san\.cursor\extensions\redhat.java-1.56.0-win32-x64\jre\21.0.12.1-win32-x86_64\bin\management_ext.dll
Event: 61.723 Attempting to load shared library C:\Users\san\.cursor\extensions\redhat.java-1.56.0-win32-x64\jre\21.0.12.1-win32-x86_64\bin\extnet.dll
Event: 61.735 Loaded shared library C:\Users\san\.cursor\extensions\redhat.java-1.56.0-win32-x64\jre\21.0.12.1-win32-x86_64\bin\extnet.dll
Event: 68.334 Attempting to load shared library C:\Users\san\.cursor\extensions\redhat.java-1.56.0-win32-x64\jre\21.0.12.1-win32-x86_64\bin\sunmscapi.dll
Event: 68.414 Loaded shared library C:\Users\san\.cursor\extensions\redhat.java-1.56.0-win32-x64\jre\21.0.12.1-win32-x86_64\bin\sunmscapi.dll

Deoptimization events (20 events):
Event: 188.835 Thread 0x000002a7f0446280 Uncommon trap: trap_request=0xffffffbe fr.pc=0x000002a7cad5cbf0 relative=0x0000000000001010
Event: 188.835 Thread 0x000002a7f0446280 Uncommon trap: reason=profile_predicate action=maybe_recompile pc=0x000002a7cad5cbf0 method=java.lang.invoke.InvokerBytecodeGenerator.<init>(Ljava/lang/String;Ljava/lang/String;Ljava/lang/invoke/LambdaForm;Ljava/lang/invoke/MethodType;)V @ 33 c2
Event: 188.836 Thread 0x000002a7f0446280 DEOPT PACKING pc=0x000002a7cad5cbf0 sp=0x000000ddd25f85b0
Event: 188.836 Thread 0x000002a7f0446280 DEOPT UNPACKING pc=0x000002a7ca5f4422 sp=0x000000ddd25f8560 mode 2
Event: 189.024 Thread 0x000002a7f0446280 Uncommon trap: trap_request=0xffffffbe fr.pc=0x000002a7cad5cbf0 relative=0x0000000000001010
Event: 189.024 Thread 0x000002a7f0446280 Uncommon trap: reason=profile_predicate action=maybe_recompile pc=0x000002a7cad5cbf0 method=java.lang.invoke.InvokerBytecodeGenerator.<init>(Ljava/lang/String;Ljava/lang/String;Ljava/lang/invoke/LambdaForm;Ljava/lang/invoke/MethodType;)V @ 33 c2
Event: 189.024 Thread 0x000002a7f0446280 DEOPT PACKING pc=0x000002a7cad5cbf0 sp=0x000000ddd25f8590
Event: 189.024 Thread 0x000002a7f0446280 DEOPT UNPACKING pc=0x000002a7ca5f4422 sp=0x000000ddd25f8540 mode 2
Event: 189.024 Thread 0x000002a7f0446280 Uncommon trap: trap_request=0xffffffbe fr.pc=0x000002a7cad5cbf0 relative=0x0000000000001010
Event: 189.024 Thread 0x000002a7f0446280 Uncommon trap: reason=profile_predicate action=maybe_recompile pc=0x000002a7cad5cbf0 method=java.lang.invoke.InvokerBytecodeGenerator.<init>(Ljava/lang/String;Ljava/lang/String;Ljava/lang/invoke/LambdaForm;Ljava/lang/invoke/MethodType;)V @ 33 c2
Event: 189.024 Thread 0x000002a7f0446280 DEOPT PACKING pc=0x000002a7cad5cbf0 sp=0x000000ddd25f8580
Event: 189.026 Thread 0x000002a7f0446280 DEOPT UNPACKING pc=0x000002a7ca5f4422 sp=0x000000ddd25f8530 mode 2
Event: 189.073 Thread 0x000002a7f0446280 Uncommon trap: trap_request=0xffffffbe fr.pc=0x000002a7cad5cbf0 relative=0x0000000000001010
Event: 189.073 Thread 0x000002a7f0446280 Uncommon trap: reason=profile_predicate action=maybe_recompile pc=0x000002a7cad5cbf0 method=java.lang.invoke.InvokerBytecodeGenerator.<init>(Ljava/lang/String;Ljava/lang/String;Ljava/lang/invoke/LambdaForm;Ljava/lang/invoke/MethodType;)V @ 33 c2
Event: 189.073 Thread 0x000002a7f0446280 DEOPT PACKING pc=0x000002a7cad5cbf0 sp=0x000000ddd25f8990
Event: 189.073 Thread 0x000002a7f0446280 DEOPT UNPACKING pc=0x000002a7ca5f4422 sp=0x000000ddd25f8940 mode 2
Event: 200.903 Thread 0x000002a7f0446280 Uncommon trap: trap_request=0xffffff45 fr.pc=0x000002a7cad73fd4 relative=0x0000000000001374
Event: 200.903 Thread 0x000002a7f0446280 Uncommon trap: reason=unstable_if action=reinterpret pc=0x000002a7cad73fd4 method=java.util.concurrent.ConcurrentHashMap.computeIfAbsent(Ljava/lang/Object;Ljava/util/function/Function;)Ljava/lang/Object; @ 312 c2
Event: 200.903 Thread 0x000002a7f0446280 DEOPT PACKING pc=0x000002a7cad73fd4 sp=0x000000ddd25f8130
Event: 200.903 Thread 0x000002a7f0446280 DEOPT UNPACKING pc=0x000002a7ca5f4422 sp=0x000000ddd25f80a8 mode 2

Classes loaded (20 events):
Event: 174.321 Loading class java/util/concurrent/CancellationException
Event: 174.321 Loading class java/util/concurrent/CancellationException done
Event: 177.352 Loading class java/io/InterruptedIOException
Event: 177.379 Loading class java/io/InterruptedIOException done
Event: 177.712 Loading class java/util/ArrayDeque$DeqSpliterator
Event: 177.736 Loading class java/util/ArrayDeque$DeqSpliterator done
Event: 189.115 Loading class java/lang/invoke/SerializedLambda
Event: 189.126 Loading class java/lang/invoke/SerializedLambda done
Event: 190.150 Loading class java/lang/reflect/AnnotatedType
Event: 190.150 Loading class java/lang/reflect/AnnotatedType done
Event: 190.394 Loading class sun/reflect/generics/tree/IntSignature
Event: 190.409 Loading class sun/reflect/generics/tree/IntSignature done
Event: 190.409 Loading class sun/reflect/generics/tree/ArrayTypeSignature
Event: 190.410 Loading class sun/reflect/generics/tree/ArrayTypeSignature done
Event: 190.663 Loading class java/lang/SafeVarargs
Event: 190.663 Loading class java/lang/SafeVarargs done
Event: 194.201 Loading class jdk/internal/reflect/MethodHandleIntegerFieldAccessorImpl
Event: 194.202 Loading class jdk/internal/reflect/MethodHandleIntegerFieldAccessorImpl done
Event: 203.716 Loading class java/lang/invoke/BoundMethodHandle$Species_LLLLLLLLLLLLLLLLLLLLLLLLL
Event: 203.716 Loading class java/lang/invoke/BoundMethodHandle$Species_LLLLLLLLLLLLLLLLLLLLLLLLL done

Classes unloaded (0 events):
No events

Classes redefined (0 events):
No events

Internal exceptions (20 events):
Event: 173.010 Thread 0x000002a7f0446280 Exception <a 'java/lang/IncompatibleClassChangeError'{0x00000000ec65e310}: Found class java.lang.Object, but interface was expected> (0x00000000ec65e310) 
thrown [s\src\hotspot\share\interpreter\linkResolver.cpp, line 840]
Event: 177.588 Thread 0x000002a7f0446280 Exception <a 'java/lang/NoSuchMethodError'{0x00000000ec4f7828}: 'int java.lang.invoke.DirectMethodHandle$Holder.invokeVirtual(java.lang.Object, java.lang.Object)'> (0x00000000ec4f7828) 
thrown [s\src\hotspot\share\interpreter\linkResolver.cpp, line 773]
Event: 178.265 Thread 0x000002a7f0446280 Exception <a 'java/lang/NoSuchMethodError'{0x00000000ec22e590}: 'java.lang.Object java.lang.invoke.DirectMethodHandle$Holder.newInvokeSpecial(java.lang.Object, java.lang.Object, java.lang.Object, int)'> (0x00000000ec22e590) 
thrown [s\src\hotspot\share\interpreter\linkResolver.cpp, line 773]
Event: 178.285 Thread 0x000002a7f0446280 Exception <a 'java/lang/NoSuchMethodError'{0x00000000ec232c68}: 'java.lang.Object java.lang.invoke.DirectMethodHandle$Holder.invokeSpecial(java.lang.Object, java.lang.Object, java.lang.Object, java.lang.Object, int)'> (0x00000000ec232c68) 
thrown [s\src\hotspot\share\interpreter\linkResolver.cpp, line 773]
Event: 178.286 Thread 0x000002a7f0446280 Exception <a 'java/lang/NoSuchMethodError'{0x00000000ec236870}: 'java.lang.Object java.lang.invoke.Invokers$Holder.linkToTargetMethod(java.lang.Object, java.lang.Object, int, java.lang.Object)'> (0x00000000ec236870) 
thrown [s\src\hotspot\share\interpreter\linkResolver.cpp, line 773]
Event: 178.459 Thread 0x000002a7f0446280 Exception <a 'java/lang/NoSuchMethodError'{0x00000000ec271c78}: 'java.lang.Object java.lang.invoke.DirectMethodHandle$Holder.invokeStatic(java.lang.Object, java.lang.Object, int, java.lang.Object)'> (0x00000000ec271c78) 
thrown [s\src\hotspot\share\interpreter\linkResolver.cpp, line 773]
Event: 181.685 Thread 0x000002a7f0446280 Exception <a 'java/lang/NoSuchMethodError'{0x00000000ebcba7b0}: 'void java.lang.invoke.DirectMethodHandle$Holder.invokeInterface(java.lang.Object, java.lang.Object, java.lang.Object, java.lang.Object, java.lang.Object)'> (0x00000000ebcba7b0) 
thrown [s\src\hotspot\share\interpreter\linkResolver.cpp, line 773]
Event: 185.182 Thread 0x000002a7f0446280 Exception <a 'java/lang/NoSuchMethodError'{0x00000000eb5fce78}: 'java.lang.Object java.lang.invoke.DirectMethodHandle$Holder.invokeStaticInit(java.lang.Object, java.lang.Object, java.lang.Object)'> (0x00000000eb5fce78) 
thrown [s\src\hotspot\share\interpreter\linkResolver.cpp, line 773]
Event: 186.910 Thread 0x000002a7f0446280 Exception <a 'java/lang/NoSuchMethodError'{0x00000000eb10bea0}: 'java.lang.Object java.lang.invoke.DirectMethodHandle$Holder.invokeSpecialIFC(java.lang.Object, java.lang.Object, java.lang.Object, java.lang.Object)'> (0x00000000eb10bea0) 
thrown [s\src\hotspot\share\interpreter\linkResolver.cpp, line 773]
Event: 189.337 Thread 0x000002a7f0446280 Exception <a 'java/lang/NoSuchMethodError'{0x00000000ead80588}: 'java.lang.Object java.lang.invoke.DirectMethodHandle$Holder.invokeVirtual(java.lang.Object, java.lang.Object, java.lang.Object, java.lang.Object, java.lang.Object, java.lang.Object, java.lang.Object, java.lang.Object, java.lang.Object, java.lang.Object, java.lang.Object, java.lang.Object, java.lang.Object, java.lang.Object, java.lang.Object, java.lang.Object, java.lang.Object, java.lang.Object, java.lang.Object, java.lang.Object, java.lang.Ob
Event: 189.382 Thread 0x000002a7f0446280 Exception <a 'java/lang/NoSuchMethodError'{0x00000000ead870a8}: 'java.lang.Object java.lang.invoke.DelegatingMethodHandle$Holder.reinvoke_L(java.lang.Object, java.lang.Object, java.lang.Object, java.lang.Object, java.lang.Object, java.lang.Object, java.lang.Object, java.lang.Object, java.lang.Object, java.lang.Object, java.lang.Object, java.lang.Object, java.lang.Object, java.lang.Object, java.lang.Object, java.lang.Object, java.lang.Object, java.lang.Object, java.lang.Object, java.lang.Object, java.lang.O
Event: 194.074 Thread 0x000002a7f0446280 Exception <a 'java/lang/NoSuchMethodError'{0x00000000ea40f950}: 'java.lang.Object java.lang.invoke.DirectMethodHandle$Holder.newInvokeSpecial(java.lang.Object, java.lang.Object, int, int)'> (0x00000000ea40f950) 
thrown [s\src\hotspot\share\interpreter\linkResolver.cpp, line 773]
Event: 194.203 Thread 0x000002a7f0446280 Exception <a 'java/lang/NoSuchMethodError'{0x00000000ea44c7a0}: 'void java.lang.invoke.DirectMethodHandle$Holder.invokeSpecial(java.lang.Object, java.lang.Object, int)'> (0x00000000ea44c7a0) 
thrown [s\src\hotspot\share\interpreter\linkResolver.cpp, line 773]
Event: 194.226 Thread 0x000002a7f0446280 Exception <a 'java/lang/NoSuchMethodError'{0x00000000ea450cd0}: 'void java.lang.invoke.Invokers$Holder.invokeExact_MT(java.lang.Object, int, java.lang.Object)'> (0x00000000ea450cd0) 
thrown [s\src\hotspot\share\interpreter\linkResolver.cpp, line 773]
Event: 196.744 Thread 0x000002a7f0446280 Exception <a 'java/lang/NoSuchMethodError'{0x00000000ea1dcc78}: 'java.lang.Object java.lang.invoke.DirectMethodHandle$Holder.newInvokeSpecial(java.lang.Object, java.lang.Object, java.lang.Object, java.lang.Object, java.lang.Object, java.lang.Object, java.lang.Object, java.lang.Object, java.lang.Object, java.lang.Object, java.lang.Object)'> (0x00000000ea1dcc78) 
thrown [s\src\hotspot\share\interpreter\linkResolver.cpp, line 773]
Event: 197.963 Thread 0x000002a7f0446280 Exception <a 'java/lang/NoSuchMethodError'{0x00000000e9fc4340}: 'java.lang.Object java.lang.invoke.Invokers$Holder.linkToTargetMethod(java.lang.Object, java.lang.Object, java.lang.Object, java.lang.Object, java.lang.Object, java.lang.Object, java.lang.Object, java.lang.Object, java.lang.Object, java.lang.Object, java.lang.Object, java.lang.Object)'> (0x00000000e9fc4340) 
thrown [s\src\hotspot\share\interpreter\linkResolver.cpp, line 773]
Event: 198.390 Thread 0x000002a7f0446280 Exception <a 'java/lang/NoSuchMethodError'{0x00000000e9e62ea0}: 'java.lang.Object java.lang.invoke.DirectMethodHandle$Holder.newInvokeSpecial(java.lang.Object, java.lang.Object, java.lang.Object, java.lang.Object, java.lang.Object, java.lang.Object, java.lang.Object, java.lang.Object, java.lang.Object, java.lang.Object, java.lang.Object, java.lang.Object, java.lang.Object, java.lang.Object, java.lang.Object)'> (0x00000000e9e62ea0) 
thrown [s\src\hotspot\share\interpreter\linkResolver.cpp, line 773]
Event: 198.391 Thread 0x000002a7f0446280 Exception <a 'java/lang/NoSuchMethodError'{0x00000000e9e69280}: 'java.lang.Object java.lang.invoke.DirectMethodHandle$Holder.invokeSpecial(java.lang.Object, java.lang.Object, java.lang.Object, java.lang.Object, java.lang.Object, java.lang.Object, java.lang.Object, java.lang.Object, java.lang.Object, java.lang.Object, java.lang.Object, java.lang.Object, java.lang.Object, java.lang.Object, java.lang.Object, java.lang.Object)'> (0x00000000e9e69280) 
thrown [s\src\hotspot\share\interpreter\linkResolver.cpp, li
Event: 198.392 Thread 0x000002a7f0446280 Exception <a 'java/lang/NoSuchMethodError'{0x00000000e9e6e500}: 'java.lang.Object java.lang.invoke.DelegatingMethodHandle$Holder.reinvoke_L(java.lang.Object, java.lang.Object, java.lang.Object, java.lang.Object, java.lang.Object, java.lang.Object, java.lang.Object, java.lang.Object, java.lang.Object, java.lang.Object, java.lang.Object, java.lang.Object, java.lang.Object, java.lang.Object, java.lang.Object)'> (0x00000000e9e6e500) 
thrown [s\src\hotspot\share\interpreter\linkResolver.cpp, line 773]
Event: 203.044 Thread 0x000002a7f0446280 Exception <a 'java/lang/NoSuchMethodError'{0x00000000e98d50d0}: 'java.lang.Object java.lang.invoke.DelegatingMethodHandle$Holder.reinvoke_L(java.lang.Object, java.lang.Object, java.lang.Object, java.lang.Object, java.lang.Object, java.lang.Object, java.lang.Object, java.lang.Object, java.lang.Object, java.lang.Object, java.lang.Object, java.lang.Object, java.lang.Object, java.lang.Object, java.lang.Object, java.lang.Object, java.lang.Object, java.lang.Object, java.lang.Object, java.lang.Object, java.lang.O

ZGC Phase Switch (0 events):
No events

VM Operations (20 events):
Event: 191.519 Executing safepoint VM operation: Cleanup
Event: 191.520 Executing safepoint VM operation: Cleanup done
Event: 192.525 Executing safepoint VM operation: Cleanup
Event: 192.540 Executing safepoint VM operation: Cleanup done
Event: 194.549 Executing safepoint VM operation: Cleanup
Event: 194.579 Executing safepoint VM operation: Cleanup done
Event: 195.586 Executing safepoint VM operation: Cleanup
Event: 195.602 Executing safepoint VM operation: Cleanup done
Event: 196.614 Executing safepoint VM operation: Cleanup
Event: 196.630 Executing safepoint VM operation: Cleanup done
Event: 198.647 Executing safepoint VM operation: Cleanup
Event: 198.662 Executing safepoint VM operation: Cleanup done
Event: 199.665 Executing safepoint VM operation: Cleanup
Event: 199.697 Executing safepoint VM operation: Cleanup done
Event: 200.697 Executing safepoint VM operation: Cleanup
Event: 200.712 Executing safepoint VM operation: Cleanup done
Event: 201.715 Executing safepoint VM operation: Cleanup
Event: 201.746 Executing safepoint VM operation: Cleanup done
Event: 202.754 Executing safepoint VM operation: Cleanup
Event: 202.767 Executing safepoint VM operation: Cleanup done

Memory protections (0 events):
No events

Nmethod flushes (0 events):
No events

Events (20 events):
Event: 73.241 Thread 0x000002a7f0432f60 Thread exited: 0x000002a7f0432f60
Event: 74.694 Thread 0x000002a7f0562360 Thread exited: 0x000002a7f0562360
Event: 74.737 Thread 0x000002a7f02a4980 Thread exited: 0x000002a7f02a4980
Event: 81.668 Thread 0x000002a7f02a4310 Thread added: 0x000002a7f0430e90
Event: 81.804 Thread 0x000002a7f02a4310 Thread added: 0x000002a7f0431520
Event: 82.060 Thread 0x000002a7f0446280 Thread added: 0x000002a7f0434310
Event: 82.156 Thread 0x000002a7f0446280 Thread added: 0x000002a7f04328d0
Event: 82.157 Thread 0x000002a7f0446280 Thread added: 0x000002a7f0433c80
Event: 102.173 Thread 0x000002a7f0446280 Thread added: 0x000002a7f0432f60
Event: 103.193 Thread 0x000002a7f0446280 Thread added: 0x000002a7f04335f0
Event: 105.614 Thread 0x000002a7f04335f0 Thread added: 0x000002a7f0431bb0
Event: 106.883 Thread 0x000002a7f0446280 Thread added: 0x000002a7f0432240
Event: 156.780 Thread 0x000002a7f0446280 Thread added: 0x000002a7f0d19eb0
Event: 157.432 Thread 0x000002a7f0446280 Thread added: 0x000002a7f0d1d330
Event: 176.768 Thread 0x000002a7f0446280 Thread added: 0x000002a7f0d1b260
Event: 177.519 Thread 0x000002a7f0446280 Thread added: 0x000002a7f0d1d9c0
Event: 186.517 Thread 0x000002a7f0446280 Thread added: 0x000002a7f0d1a540
Event: 188.321 Thread 0x000002a7f0446280 Thread added: 0x000002a7f0d1e050
Event: 198.260 Thread 0x000002a7f0446280 Thread added: 0x000002a7f0d1abd0
Event: 201.410 Thread 0x000002a7f0446280 Thread added: 0x000002a7f0d1e6e0


Dynamic libraries:
0x00007ff6f9b20000 - 0x00007ff6f9b2e000 	C:\Users\san\.cursor\extensions\redhat.java-1.56.0-win32-x64\jre\21.0.12.1-win32-x86_64\bin\java.exe
0x00007ff864540000 - 0x00007ff8647a7000 	C:\Windows\SYSTEM32\ntdll.dll
0x00007ff863000000 - 0x00007ff8630cb000 	C:\Windows\System32\KERNEL32.DLL
0x00007ff861bb0000 - 0x00007ff861fb2000 	C:\Windows\System32\KERNELBASE.dll
0x00007ff8617d0000 - 0x00007ff86191c000 	C:\Windows\System32\ucrtbase.dll
0x00007ff836900000 - 0x00007ff836918000 	C:\Users\san\.cursor\extensions\redhat.java-1.56.0-win32-x64\jre\21.0.12.1-win32-x86_64\bin\jli.dll
0x00007ff8631d0000 - 0x00007ff86339f000 	C:\Windows\System32\USER32.dll
0x00007ff861ac0000 - 0x00007ff861ae7000 	C:\Windows\System32\win32u.dll
0x00007ff8630e0000 - 0x00007ff86310b000 	C:\Windows\System32\GDI32.dll
0x00007ff862130000 - 0x00007ff862259000 	C:\Windows\System32\gdi32full.dll
0x00007ff861fc0000 - 0x00007ff862063000 	C:\Windows\System32\msvcp_win.dll
0x00007ff833070000 - 0x00007ff83308e000 	C:\Users\san\.cursor\extensions\redhat.java-1.56.0-win32-x64\jre\21.0.12.1-win32-x86_64\bin\VCRUNTIME140.dll
0x00007ff844240000 - 0x00007ff8444d0000 	C:\Windows\WinSxS\amd64_microsoft.windows.common-controls_6595b64144ccf1df_6.0.26100.9278_none_3e0d1ba8e3303201\COMCTL32.dll
0x00007ff8638d0000 - 0x00007ff863979000 	C:\Windows\System32\msvcrt.dll
0x00007ff8633b0000 - 0x00007ff8633e1000 	C:\Windows\System32\IMM32.DLL
0x00007ff836420000 - 0x00007ff836725000 	C:\Windows\pcdrm\NSCCOR0364.DLL
0x00007ff863a10000 - 0x00007ff863acc000 	C:\Windows\System32\ADVAPI32.dll
0x00007ff863bd0000 - 0x00007ff863c79000 	C:\Windows\System32\sechost.dll
0x00007ff862ee0000 - 0x00007ff862ff8000 	C:\Windows\System32\RPCRT4.dll
0x00007ff863730000 - 0x00007ff8638ca000 	C:\Windows\System32\ole32.dll
0x00007ff862590000 - 0x00007ff862915000 	C:\Windows\System32\combase.dll
0x00007ff861740000 - 0x00007ff8617c2000 	C:\Windows\System32\WINTRUST.dll
0x00007ff861930000 - 0x00007ff861aae000 	C:\Windows\System32\CRYPT32.dll
0x00007ff860d40000 - 0x00007ff860d53000 	C:\Windows\SYSTEM32\MSASN1.dll
0x00007ff863ae0000 - 0x00007ff863ae8000 	C:\Windows\System32\psapi.dll
0x00007ff860540000 - 0x00007ff860576000 	C:\Windows\SYSTEM32\ntmarta.dll
0x00007ff8363e0000 - 0x00007ff83641b000 	C:\Windows\pcdrm\NBID64.dll
0x00007ff8624b0000 - 0x00007ff862589000 	C:\Windows\System32\OLEAUT32.dll
0x00007ff8363a0000 - 0x00007ff8363df000 	C:\Windows\pcdrm\NFD0164.dll
0x00007ff8503d0000 - 0x00007ff8503db000 	C:\Windows\SYSTEM32\VERSION.dll
0x00007ff847110000 - 0x00007ff84711c000 	C:\Users\san\.cursor\extensions\redhat.java-1.56.0-win32-x64\jre\21.0.12.1-win32-x86_64\bin\vcruntime140_1.dll
0x00007fffc05c0000 - 0x00007fffc064d000 	C:\Users\san\.cursor\extensions\redhat.java-1.56.0-win32-x64\jre\21.0.12.1-win32-x86_64\bin\msvcp140.dll
0x00007fff93e80000 - 0x00007fff94c22000 	C:\Users\san\.cursor\extensions\redhat.java-1.56.0-win32-x64\jre\21.0.12.1-win32-x86_64\bin\server\jvm.dll
0x000002a7bf440000 - 0x000002a7bf4c0000 	C:\Windows\System32\WS2_32.dll
0x00007ff8615a0000 - 0x00007ff8615fe000 	C:\Windows\SYSTEM32\POWRPROF.dll
0x00007ff855a30000 - 0x00007ff855a66000 	C:\Windows\SYSTEM32\WINMM.dll
0x00007ff861580000 - 0x00007ff861595000 	C:\Windows\SYSTEM32\UMPDC.dll
0x00007ff860410000 - 0x00007ff86042b000 	C:\Windows\SYSTEM32\kernel.appcore.dll
0x00007ff847050000 - 0x00007ff84705a000 	C:\Users\san\.cursor\extensions\redhat.java-1.56.0-win32-x64\jre\21.0.12.1-win32-x86_64\bin\jimage.dll
0x00007ff85ec90000 - 0x00007ff85eedc000 	C:\Windows\SYSTEM32\DBGHELP.DLL
0x00007ff83eaa0000 - 0x00007ff83eadb000 	C:\Windows\SYSTEM32\dbgcore.DLL
0x000002a7bf570000 - 0x000002a7bf61c000 	C:\Windows\System32\bcryptPrimitives.dll
0x00007ff8456a0000 - 0x00007ff8456af000 	C:\Users\san\.cursor\extensions\redhat.java-1.56.0-win32-x64\jre\21.0.12.1-win32-x86_64\bin\instrument.dll
0x00007ff82edf0000 - 0x00007ff82ee10000 	C:\Users\san\.cursor\extensions\redhat.java-1.56.0-win32-x64\jre\21.0.12.1-win32-x86_64\bin\java.dll
0x00007ff863d60000 - 0x00007ff8644f8000 	C:\Windows\System32\SHELL32.dll
0x00007ff85f170000 - 0x00007ff85fa1e000 	C:\Windows\SYSTEM32\windows.storage.dll
0x00007ff862380000 - 0x00007ff86247b000 	C:\Windows\System32\SHCORE.dll
0x00007ff8629c0000 - 0x00007ff862a26000 	C:\Windows\System32\shlwapi.dll
0x00007ff861660000 - 0x00007ff861689000 	C:\Windows\SYSTEM32\profapi.dll
0x00007ff82d510000 - 0x00007ff82d528000 	C:\Users\san\.cursor\extensions\redhat.java-1.56.0-win32-x64\jre\21.0.12.1-win32-x86_64\bin\zip.dll
0x00007ff8458e0000 - 0x00007ff8458f0000 	C:\Users\san\.cursor\extensions\redhat.java-1.56.0-win32-x64\jre\21.0.12.1-win32-x86_64\bin\net.dll
0x00007ff84f3f0000 - 0x00007ff84f51a000 	C:\Windows\SYSTEM32\WINHTTP.dll
0x00007ff8609d0000 - 0x00007ff860a3c000 	C:\Windows\system32\mswsock.dll
0x00007ff82d330000 - 0x00007ff82d346000 	C:\Users\san\.cursor\extensions\redhat.java-1.56.0-win32-x64\jre\21.0.12.1-win32-x86_64\bin\nio.dll
0x00007ff8454f0000 - 0x00007ff845500000 	C:\Users\san\.cursor\extensions\redhat.java-1.56.0-win32-x64\jre\21.0.12.1-win32-x86_64\bin\verify.dll
0x00007ff82bfb0000 - 0x00007ff82bfd7000 	C:\Users\san\.gradle\native\660c5614fbf4a5f2a75b1949f50a0caf5cd603558e7d8a26e50b933a0cfb79d1\windows-amd64\native-platform.dll
0x00007ff847060000 - 0x00007ff8470d7000 	C:\Users\san\.gradle\native\0.2.8\x86_64-windows-gnu\gradle-fileevents.dll
0x00007ff845250000 - 0x00007ff84525a000 	C:\Users\san\.cursor\extensions\redhat.java-1.56.0-win32-x64\jre\21.0.12.1-win32-x86_64\bin\management.dll
0x00007ff83e990000 - 0x00007ff83e99c000 	C:\Users\san\.cursor\extensions\redhat.java-1.56.0-win32-x64\jre\21.0.12.1-win32-x86_64\bin\management_ext.dll
0x00007ff85fde0000 - 0x00007ff85fe13000 	C:\Windows\SYSTEM32\IPHLPAPI.DLL
0x00007ff8630d0000 - 0x00007ff8630da000 	C:\Windows\System32\NSI.dll
0x00007ff83bb30000 - 0x00007ff83bb39000 	C:\Users\san\.cursor\extensions\redhat.java-1.56.0-win32-x64\jre\21.0.12.1-win32-x86_64\bin\extnet.dll
0x00007ff860ce0000 - 0x00007ff860cfb000 	C:\Windows\SYSTEM32\CRYPTSP.dll
0x00007ff860370000 - 0x00007ff8603a9000 	C:\Windows\system32\rsaenh.dll
0x00007ff860a80000 - 0x00007ff860ab4000 	C:\Windows\SYSTEM32\USERENV.dll
0x00007ff861630000 - 0x00007ff86165a000 	C:\Windows\SYSTEM32\bcrypt.dll
0x00007ff860cc0000 - 0x00007ff860ccc000 	C:\Windows\SYSTEM32\CRYPTBASE.dll
0x00007ff837020000 - 0x00007ff83702e000 	C:\Users\san\.cursor\extensions\redhat.java-1.56.0-win32-x64\jre\21.0.12.1-win32-x86_64\bin\sunmscapi.dll
0x00007ff860f00000 - 0x00007ff860f30000 	C:\Windows\SYSTEM32\ncrypt.dll
0x00007ff860eb0000 - 0x00007ff860eef000 	C:\Windows\SYSTEM32\NTASN1.dll
0x00007ff82a8c0000 - 0x00007ff82a8c8000 	C:\Windows\system32\wshunix.dll

JVMTI agents:
C:\Users\san\.gradle\wrapper\dists\gradle-9.2.1-bin\2t0n5ozlw9xmuyvbp7dnzaxug\gradle-9.2.1\lib\agents\gradle-instrumentation-agent-9.2.1.jar path:C:\Users\san\.cursor\extensions\redhat.java-1.56.0-win32-x64\jre\21.0.12.1-win32-x86_64\bin\instrument.dll, loaded, initialized, instrumentlib options:none

dbghelp: loaded successfully - version: 4.0.5 - missing functions: none
symbol engine: initialized successfully - sym options: 0x614 - pdb path: .;C:\Users\san\.cursor\extensions\redhat.java-1.56.0-win32-x64\jre\21.0.12.1-win32-x86_64\bin;C:\Windows\SYSTEM32;C:\Windows\WinSxS\amd64_microsoft.windows.common-controls_6595b64144ccf1df_6.0.26100.9278_none_3e0d1ba8e3303201;C:\Windows\pcdrm;C:\Users\san\.cursor\extensions\redhat.java-1.56.0-win32-x64\jre\21.0.12.1-win32-x86_64\bin\server;C:\Users\san\.gradle\native\660c5614fbf4a5f2a75b1949f50a0caf5cd603558e7d8a26e50b933a0cfb79d1\windows-amd64;C:\Users\san\.gradle\native\0.2.8\x86_64-windows-gnu

VM Arguments:
jvm_args: --add-opens=java.base/java.lang=ALL-UNNAMED --add-opens=java.base/java.lang.invoke=ALL-UNNAMED --add-opens=java.base/java.util=ALL-UNNAMED --add-opens=java.prefs/java.util.prefs=ALL-UNNAMED --add-exports=jdk.compiler/com.sun.tools.javac.api=ALL-UNNAMED --add-exports=jdk.compiler/com.sun.tools.javac.util=ALL-UNNAMED --add-opens=java.base/java.util=ALL-UNNAMED --add-opens=java.prefs/java.util.prefs=ALL-UNNAMED --add-opens=java.base/java.nio.charset=ALL-UNNAMED --add-opens=java.base/java.net=ALL-UNNAMED --add-opens=java.base/java.util.concurrent=ALL-UNNAMED --add-opens=java.base/java.util.concurrent.atomic=ALL-UNNAMED --add-opens=java.xml/javax.xml.namespace=ALL-UNNAMED --add-opens=java.base/java.time=ALL-UNNAMED -XX:MaxMetaspaceSize=384m -XX:+HeapDumpOnOutOfMemoryError -Xms256m -Xmx512m -Dfile.encoding=UTF-8 -Duser.country=KR -Duser.language=ko -Duser.variant -javaagent:C:\Users\san\.gradle\wrapper\dists\gradle-9.2.1-bin\2t0n5ozlw9xmuyvbp7dnzaxug\gradle-9.2.1\lib\agents\gradle-instrumentation-agent-9.2.1.jar 
java_command: org.gradle.launcher.daemon.bootstrap.GradleDaemon 9.2.1
java_class_path (initial): C:\Users\san\.gradle\wrapper\dists\gradle-9.2.1-bin\2t0n5ozlw9xmuyvbp7dnzaxug\gradle-9.2.1\lib\gradle-daemon-main-9.2.1.jar
Launcher Type: SUN_STANDARD

[Global flags]
     intx CICompilerCount                          = 4                                         {product} {ergonomic}
   size_t CompressedClassSpaceSize                 = 335544320                                 {product} {ergonomic}
     uint ConcGCThreads                            = 2                                         {product} {ergonomic}
     uint G1ConcRefinementThreads                  = 8                                         {product} {ergonomic}
   size_t G1HeapRegionSize                         = 1048576                                   {product} {ergonomic}
    uintx GCDrainStackTargetSize                   = 64                                        {product} {ergonomic}
     bool HeapDumpOnOutOfMemoryError               = true                                   {manageable} {command line}
   size_t InitialHeapSize                          = 268435456                                 {product} {command line}
   size_t MarkStackSize                            = 4194304                                   {product} {ergonomic}
   size_t MaxHeapSize                              = 536870912                                 {product} {command line}
   size_t MaxMetaspaceSize                         = 402653184                                 {product} {command line}
   size_t MaxNewSize                               = 321912832                                 {product} {ergonomic}
   size_t MinHeapDeltaBytes                        = 1048576                                   {product} {ergonomic}
   size_t MinHeapSize                              = 268435456                                 {product} {command line}
    uintx NonNMethodCodeHeapSize                   = 5839372                                {pd product} {ergonomic}
    uintx NonProfiledCodeHeapSize                  = 122909434                              {pd product} {ergonomic}
    uintx ProfiledCodeHeapSize                     = 122909434                              {pd product} {ergonomic}
    uintx ReservedCodeCacheSize                    = 251658240                              {pd product} {ergonomic}
     bool SegmentedCodeCache                       = true                                      {product} {ergonomic}
   size_t SoftMaxHeapSize                          = 536870912                              {manageable} {ergonomic}
     bool UseCompressedOops                        = true                           {product lp64_product} {ergonomic}
     bool UseG1GC                                  = true                                      {product} {ergonomic}
     bool UseLargePagesIndividualAllocation        = false                                  {pd product} {ergonomic}

Logging:
Log output configuration:
 #0: stdout all=warning uptime,level,tags foldmultilines=false
 #1: stderr all=off uptime,level,tags foldmultilines=false

Release file:
JAVA_VERSION="21.0.12.1" 
MODULES="java.base java.compiler java.datatransfer java.xml java.prefs java.desktop java.instrument java.logging java.management java.security.sasl java.naming java.rmi java.management.rmi java.net.http java.scripting java.security.jgss java.transaction.xa java.sql java.sql.rowset java.xml.crypto java.se java.smartcardio jdk.accessibility jdk.internal.jvmstat jdk.attach jdk.charsets jdk.internal.opt jdk.zipfs jdk.compiler jdk.crypto.ec jdk.crypto.cryptoki jdk.crypto.mscapi jdk.dynalink jdk.internal.ed jdk.editpad jdk.hotspot.agent jdk.httpserver jdk.internal.le jdk.internal.vm.ci jdk.internal.vm.compiler jdk.internal.vm.compiler.management jdk.jartool jdk.javadoc jdk.jcmd jdk.management jdk.management.agent jdk.jconsole jdk.jdeps jdk.jdwp.agent jdk.jdi jdk.jfr jdk.jshell jdk.jsobject jdk.jstatd jdk.localedata jdk.management.jfr jdk.naming.dns jdk.naming.rmi jdk.net jdk.nio.mapmode jdk.random jdk.sctp jdk.security.auth jdk.security.jgss jdk.unsupported jdk.unsupported.desktop jdk.xml.dom" 

Environment Variables:
PATH=C:\Program Files\Common Files\Oracle\Java\javapath;C:\Windows\system32;C:\Windows;C:\Windows\System32\Wbem;C:\Windows\System32\WindowsPowerShell\v1.0\;C:\Windows\System32\OpenSSH\;C:\Program Files\Git\cmd;C:\Program Files\cursor\resources\app\bin;C:\Program Files\nodejs\;C:\Users\san\AppData\Local\Microsoft\WindowsApps;C:\Users\san\AppData\Roaming\npm;C:\Users\san\AppData\Local\Programs\cursor\resources\app\bin;C:\Program Files\JetBrains\IntelliJ IDEA 2026.1\bin
USERNAME=san
OS=Windows_NT
PROCESSOR_IDENTIFIER=Intel64 Family 6 Model 154 Stepping 4, GenuineIntel
TMP=C:\Users\san\AppData\Local\Temp
TEMP=C:\Users\san\AppData\Local\Temp




Periodic native trim disabled

---------------  S Y S T E M  ---------------

OS:
 Windows 11 , 64 bit Build 26100 (10.0.26100.9444)
OS uptime: 0 days 21:29 hours
Hyper-V role detected

CPU: total 8 (initial active 8) (4 cores per cpu, 2 threads per core) family 6 model 154 stepping 4 microcode 0x435, cx8, cmov, fxsr, ht, mmx, 3dnowpref, sse, sse2, sse3, ssse3, sse4.1, sse4.2, popcnt, lzcnt, tsc, tscinvbit, avx, avx2, aes, erms, clmul, bmi1, bmi2, adx, sha, fma, vzeroupper, clflush, clflushopt, clwb, hv, serialize, rdtscp, rdpid, fsrm, f16c, cet_ibt, cet_ss
Processor Information for processor 0
  Max Mhz: 1200, Current Mhz: 1200, Mhz Limit: 1200
Processor Information for processor 1
  Max Mhz: 1200, Current Mhz: 1200, Mhz Limit: 1200
Processor Information for processor 2
  Max Mhz: 1200, Current Mhz: 1200, Mhz Limit: 1200
Processor Information for processor 3
  Max Mhz: 1200, Current Mhz: 1200, Mhz Limit: 1200
Processor Information for processor 4
  Max Mhz: 900, Current Mhz: 900, Mhz Limit: 900
Processor Information for processor 5
  Max Mhz: 900, Current Mhz: 900, Mhz Limit: 900
Processor Information for processor 6
  Max Mhz: 900, Current Mhz: 900, Mhz Limit: 900
Processor Information for processor 7
  Max Mhz: 900, Current Mhz: 900, Mhz Limit: 900

Memory: 4k page, system-wide physical 7916M (140M free)
TotalPageFile size 32492M (AvailPageFile size 0M)
current process WorkingSet (physical memory assigned to process): 89M, peak: 119M
current process commit charge ("private bytes"): 423M, peak: 426M

vm_info: OpenJDK 64-Bit Server VM (21.0.12.1+1-LTS) for windows-amd64 JRE (21.0.12.1+1-LTS), built on 2026-08-18T00:00:00Z by "admin" with MS VC++ 17.12 (VS2022)

END.
