#
# There is insufficient memory for the Java Runtime Environment to continue.
# Native memory allocation (malloc) failed to allocate 32744 bytes. Error detail: Chunk::new
# Possible reasons:
#   The system is out of physical RAM or swap space
#   This process is running with CompressedOops enabled, and the Java Heap may be blocking the growth of the native heap
# Possible solutions:
#   Reduce memory load on the system
#   Increase physical memory or swap space
#   Check if swap backing store is full
#   Decrease Java heap size (-Xmx/-Xms)
#   Decrease number of Java threads
#   Decrease Java thread stack sizes (-Xss)
#   Set larger code cache with -XX:ReservedCodeCacheSize=
#   JVM is running with Unscaled Compressed Oops mode in which the Java heap is
#     placed in the first 4GB address space. The Java Heap base address is the
#     maximum limit for the native heap growth. Please use -XX:HeapBaseMinAddress
#     to set the Java Heap base and to place the Java Heap above 4GB virtual address.
# This output file may be truncated or incomplete.
#
#  Out of Memory Error (arena.cpp:168), pid=29256, tid=28740
#
# JRE version: OpenJDK Runtime Environment Temurin-21.0.12.1+1 (21.0.12.1+1) (build 21.0.12.1+1-LTS)
# Java VM: OpenJDK 64-Bit Server VM Temurin-21.0.12.1+1 (21.0.12.1+1-LTS, mixed mode, sharing, tiered, compressed oops, compressed class ptrs, g1 gc, windows-amd64)
# No core dump will be written. Minidumps are not enabled by default on client versions of Windows
#

---------------  S U M M A R Y ------------

Command Line: --add-opens=java.base/java.lang=ALL-UNNAMED --add-opens=java.base/java.lang.invoke=ALL-UNNAMED --add-opens=java.base/java.util=ALL-UNNAMED --add-opens=java.prefs/java.util.prefs=ALL-UNNAMED --add-exports=jdk.compiler/com.sun.tools.javac.api=ALL-UNNAMED --add-exports=jdk.compiler/com.sun.tools.javac.util=ALL-UNNAMED --add-opens=java.base/java.util=ALL-UNNAMED --add-opens=java.prefs/java.util.prefs=ALL-UNNAMED --add-opens=java.base/java.nio.charset=ALL-UNNAMED --add-opens=java.base/java.net=ALL-UNNAMED --add-opens=java.base/java.util.concurrent=ALL-UNNAMED --add-opens=java.base/java.util.concurrent.atomic=ALL-UNNAMED --add-opens=java.xml/javax.xml.namespace=ALL-UNNAMED --add-opens=java.base/java.time=ALL-UNNAMED -XX:MaxMetaspaceSize=384m -XX:+HeapDumpOnOutOfMemoryError -Xms256m -Xmx512m -Dfile.encoding=UTF-8 -Duser.country=KR -Duser.language=ko -Duser.variant -javaagent:C:\Users\san\.gradle\wrapper\dists\gradle-9.2.1-bin\2t0n5ozlw9xmuyvbp7dnzaxug\gradle-9.2.1\lib\agents\gradle-instrumentation-agent-9.2.1.jar org.gradle.launcher.daemon.bootstrap.GradleDaemon 9.2.1

Host: 12th Gen Intel(R) Core(TM) i3-1215U, 8 cores, 7G,  Windows 11 , 64 bit Build 26100 (10.0.26100.9444)
Time: Fri Sep 18 15:56:08 2026 elapsed time: 198.350024 seconds (0d 0h 3m 18s)

---------------  T H R E A D  ---------------

Current thread (0x000001c575530f90):  JavaThread "C2 CompilerThread0" daemon [_thread_in_native, id=28740, stack(0x000000af37b00000,0x000000af37c00000) (1024K)]


Current CompileTask:
C2:198350 4113       4       java.util.HashSet::contains (9 bytes)

Stack: [0x000000af37b00000,0x000000af37c00000]
Native frames: (J=compiled Java code, j=interpreted, Vv=VM code, C=native code)
V  [jvm.dll+0x6d83e9]
V  [jvm.dll+0x8b5736]
V  [jvm.dll+0x8b7cee]
V  [jvm.dll+0x8b83d3]
V  [jvm.dll+0x284596]
V  [jvm.dll+0xc685d]
V  [jvm.dll+0xc6da1]
V  [jvm.dll+0x65ff6d]
V  [jvm.dll+0x6600fb]
V  [jvm.dll+0x665dcb]
V  [jvm.dll+0x666dc6]
V  [jvm.dll+0x66510b]
V  [jvm.dll+0x24c57b]
V  [jvm.dll+0x24bce0]
V  [jvm.dll+0x1cb4ae]
V  [jvm.dll+0x25baad]
V  [jvm.dll+0x25a03a]
V  [jvm.dll+0x3f8aae]
V  [jvm.dll+0x8600cd]
V  [jvm.dll+0x6d6c1d]
C  [ucrtbase.dll+0x2cd30]
C  [KERNEL32.DLL+0x2cd87]
C  [ntdll.dll+0xacaec]


---------------  P R O C E S S  ---------------

Threads class SMR info:
_java_thread_list=0x000001c57c923970, length=33, elements={
0x000001c55d0f4940, 0x000001c575526f10, 0x000001c5755285e0, 0x000001c57552c1d0,
0x000001c57552ed40, 0x000001c57552f7a0, 0x000001c575530200, 0x000001c575530f90,
0x000001c57553fd60, 0x000001c575832310, 0x000001c5757f5a00, 0x000001c57a3a6b90,
0x000001c57b3dccc0, 0x000001c57a9004f0, 0x000001c57b780fb0, 0x000001c57b355180,
0x000001c575613f80, 0x000001c5756159c0, 0x000001c575616050, 0x000001c5756166e0,
0x000001c575614ca0, 0x000001c575617400, 0x000001c575616d70, 0x000001c57bbb1cc0,
0x000001c57bbb1630, 0x000001c57bbb29e0, 0x000001c57bbb3700, 0x000001c57bbb0910,
0x000001c57bbb4420, 0x000001c57bbb0fa0, 0x000001c57bbb5140, 0x000001c57bbb7210,
0x000001c57bbb78a0
}

Java Threads: ( => current thread )
  0x000001c55d0f4940 JavaThread "main"                              [_thread_blocked, id=29644, stack(0x000000af36d00000,0x000000af36e00000) (1024K)]
  0x000001c575526f10 JavaThread "Reference Handler"          daemon [_thread_blocked, id=26796, stack(0x000000af37500000,0x000000af37600000) (1024K)]
  0x000001c5755285e0 JavaThread "Finalizer"                  daemon [_thread_blocked, id=26688, stack(0x000000af37600000,0x000000af37700000) (1024K)]
  0x000001c57552c1d0 JavaThread "Signal Dispatcher"          daemon [_thread_blocked, id=26820, stack(0x000000af37700000,0x000000af37800000) (1024K)]
  0x000001c57552ed40 JavaThread "Attach Listener"            daemon [_thread_blocked, id=28776, stack(0x000000af37800000,0x000000af37900000) (1024K)]
  0x000001c57552f7a0 JavaThread "Service Thread"             daemon [_thread_blocked, id=28772, stack(0x000000af37900000,0x000000af37a00000) (1024K)]
  0x000001c575530200 JavaThread "Monitor Deflation Thread"   daemon [_thread_blocked, id=28764, stack(0x000000af37a00000,0x000000af37b00000) (1024K)]
=>0x000001c575530f90 JavaThread "C2 CompilerThread0"         daemon [_thread_in_native, id=28740, stack(0x000000af37b00000,0x000000af37c00000) (1024K)]
  0x000001c57553fd60 JavaThread "C1 CompilerThread0"         daemon [_thread_blocked, id=28768, stack(0x000000af37c00000,0x000000af37d00000) (1024K)]
  0x000001c575832310 JavaThread "Common-Cleaner"             daemon [_thread_blocked, id=28808, stack(0x000000af37d00000,0x000000af37e00000) (1024K)]
  0x000001c5757f5a00 JavaThread "Notification Thread"        daemon [_thread_blocked, id=22976, stack(0x000000af37e00000,0x000000af37f00000) (1024K)]
  0x000001c57a3a6b90 JavaThread "Daemon health stats"               [_thread_blocked, id=26772, stack(0x000000af38400000,0x000000af38500000) (1024K)]
  0x000001c57b3dccc0 JavaThread "Incoming local TCP Connector on port 53751"        [_thread_in_native, id=23636, stack(0x000000af38500000,0x000000af38600000) (1024K)]
  0x000001c57a9004f0 JavaThread "Daemon periodic checks"            [_thread_blocked, id=25596, stack(0x000000af38600000,0x000000af38700000) (1024K)]
  0x000001c57b780fb0 JavaThread "Daemon"                            [_thread_blocked, id=29900, stack(0x000000af38700000,0x000000af38800000) (1024K)]
  0x000001c57b355180 JavaThread "Daemon worker"                     [_thread_in_vm, id=15416, stack(0x000000af38a00000,0x000000af38b00000) (1024K)]
  0x000001c575613f80 JavaThread "Handler for socket connection from /127.0.0.1:53751 to /127.0.0.1:53848"        [_thread_in_native, id=13504, stack(0x000000af38800000,0x000000af38900000) (1024K)]
  0x000001c5756159c0 JavaThread "Cancel handler"                    [_thread_blocked, id=30316, stack(0x000000af38d00000,0x000000af38e00000) (1024K)]
  0x000001c575616050 JavaThread "Asynchronous log dispatcher for DefaultDaemonConnection: socket connection from /127.0.0.1:53751 to /127.0.0.1:53848"        [_thread_blocked, id=29764, stack(0x000000af38b00000,0x000000af38c00000) (1024K)]
  0x000001c5756166e0 JavaThread "Stdin handler"                     [_thread_blocked, id=29716, stack(0x000000af38e00000,0x000000af38f00000) (1024K)]
  0x000001c575614ca0 JavaThread "Daemon client event forwarder"        [_thread_blocked, id=26188, stack(0x000000af38f00000,0x000000af39000000) (1024K)]
  0x000001c575617400 JavaThread "Cache worker for journal cache (C:\Users\san\.gradle\caches\journal-1)"        [_thread_blocked, id=27016, stack(0x000000af39000000,0x000000af39100000) (1024K)]
  0x000001c575616d70 JavaThread "File lock request listener"        [_thread_in_native, id=6096, stack(0x000000af39100000,0x000000af39200000) (1024K)]
  0x000001c57bbb1cc0 JavaThread "File lock release action executor"        [_thread_blocked, id=24712, stack(0x000000af39200000,0x000000af39300000) (1024K)]
  0x000001c57bbb1630 JavaThread "Cache worker for file hash cache (C:\Users\san\.gradle\caches\9.2.1\fileHashes)"        [_thread_blocked, id=30200, stack(0x000000af39300000,0x000000af39400000) (1024K)]
  0x000001c57bbb29e0 JavaThread "Cache worker for file hash cache (C:\programmers\bep4-1-mission\.gradle\9.2.1\fileHashes)"        [_thread_blocked, id=30068, stack(0x000000af38900000,0x000000af38a00000) (1024K)]
  0x000001c57bbb3700 JavaThread "Cache worker for Build Output Cleanup Cache (C:\programmers\bep4-1-mission\.gradle\buildOutputCleanup)"        [_thread_blocked, id=31320, stack(0x000000af38c00000,0x000000af38d00000) (1024K)]
  0x000001c57bbb0910 JavaThread "File watcher server"        daemon [_thread_in_native, id=31696, stack(0x000000af39700000,0x000000af39800000) (1024K)]
  0x000001c57bbb4420 JavaThread "File watcher consumer"      daemon [_thread_blocked, id=28460, stack(0x000000af39800000,0x000000af39900000) (1024K)]
  0x000001c57bbb0fa0 JavaThread "Cache worker for checksums cache (C:\programmers\bep4-1-mission\.gradle\9.2.1\checksums)"        [_thread_blocked, id=26636, stack(0x000000af39900000,0x000000af39a00000) (1024K)]
  0x000001c57bbb5140 JavaThread "Cache worker for file content cache (C:\Users\san\.gradle\caches\9.2.1\fileContent)"        [_thread_blocked, id=27960, stack(0x000000af39a00000,0x000000af39b00000) (1024K)]
  0x000001c57bbb7210 JavaThread "Cache worker for cache directory md-supplier (C:\Users\san\.gradle\caches\9.2.1\md-supplier)"        [_thread_blocked, id=27856, stack(0x000000af39b00000,0x000000af39c00000) (1024K)]
  0x000001c57bbb78a0 JavaThread "Cache worker for cache directory md-rule (C:\Users\san\.gradle\caches\9.2.1\md-rule)"        [_thread_blocked, id=12384, stack(0x000000af39c00000,0x000000af39d00000) (1024K)]
Total: 33

Other Threads:
  0x000001c575503f00 VMThread "VM Thread"                           [id=29672, stack(0x000000af37400000,0x000000af37500000) (1024K)]
  0x000001c5755f09d0 WatcherThread "VM Periodic Task Thread"        [id=29668, stack(0x000000af37300000,0x000000af37400000) (1024K)]
  0x000001c55f49ef70 WorkerThread "GC Thread#0"                     [id=29648, stack(0x000000af36e00000,0x000000af36f00000) (1024K)]
  0x000001c57596b470 WorkerThread "GC Thread#1"                     [id=28964, stack(0x000000af37f00000,0x000000af38000000) (1024K)]
  0x000001c5758d8ca0 WorkerThread "GC Thread#2"                     [id=29036, stack(0x000000af38000000,0x000000af38100000) (1024K)]
  0x000001c5758d9050 WorkerThread "GC Thread#3"                     [id=28868, stack(0x000000af38100000,0x000000af38200000) (1024K)]
  0x000001c5758d9400 WorkerThread "GC Thread#4"                     [id=2732, stack(0x000000af38200000,0x000000af38300000) (1024K)]
  0x000001c57a000080 WorkerThread "GC Thread#5"                     [id=18604, stack(0x000000af38300000,0x000000af38400000) (1024K)]
  0x000001c57b23f6d0 WorkerThread "GC Thread#6"                     [id=31036, stack(0x000000af39400000,0x000000af39500000) (1024K)]
  0x000001c57b23ef70 WorkerThread "GC Thread#7"                     [id=31040, stack(0x000000af39500000,0x000000af39600000) (1024K)]
  0x000001c55f4a3e70 ConcurrentGCThread "G1 Main Marker"            [id=29652, stack(0x000000af36f00000,0x000000af37000000) (1024K)]
  0x000001c55f4a4890 WorkerThread "G1 Conc#0"                       [id=29656, stack(0x000000af37000000,0x000000af37100000) (1024K)]
  0x000001c57b23fa80 WorkerThread "G1 Conc#1"                       [id=31052, stack(0x000000af39600000,0x000000af39700000) (1024K)]
  0x000001c575441e90 ConcurrentGCThread "G1 Refine#0"               [id=29660, stack(0x000000af37100000,0x000000af37200000) (1024K)]
  0x000001c5754426c0 ConcurrentGCThread "G1 Service"                [id=29664, stack(0x000000af37200000,0x000000af37300000) (1024K)]
Total: 15

Threads with active compile tasks:
C2 CompilerThread0  198458 4113       4       java.util.HashSet::contains (9 bytes)
Total: 1

VM state: not at safepoint (normal execution)

VM Mutex/Monitor currently owned by a thread: None

Heap address: 0x00000000e0000000, size: 512 MB, Compressed Oops mode: 32-bit

CDS archive(s) mapped at: [0x000001c500000000-0x000001c500ba0000-0x000001c500ba0000), size 12189696, SharedBaseAddress: 0x000001c500000000, ArchiveRelocationMode: 1.
Compressed class space mapped at: 0x000001c501000000-0x000001c515000000, reserved size: 335544320
Narrow klass base: 0x000001c500000000, Narrow klass shift: 0, Narrow klass range: 0x100000000

GC Precious Log:
 CardTable entry size: 512
 Card Set container configuration: InlinePtr #cards 5 size 8 Array Of Cards #cards 12 size 40 Howl #buckets 4 coarsen threshold 1843 Howl Bitmap #cards 512 size 80 coarsen threshold 460 Card regions per heap region 1 cards per card region 2048
 CPUs: 8 total, 8 available
 Memory: 7916M
 Large Page Support: Disabled
 NUMA Support: Disabled
 Compressed Oops: Enabled (32-bit)
 Heap Region Size: 1M
 Heap Min Capacity: 256M
 Heap Initial Capacity: 256M
 Heap Max Capacity: 512M
 Pre-touch: Disabled
 Parallel Workers: 8
 Concurrent Workers: 2
 Concurrent Refinement Workers: 8
 Periodic GC: Disabled

Heap:
 garbage-first heap   total 262144K, used 115930K [0x00000000e0000000, 0x0000000100000000)
  region size 1024K, 107 young (109568K), 16 survivors (16384K)
 Metaspace       used 31949K, committed 33152K, reserved 393216K
  class space    used 4655K, committed 5248K, reserved 327680K

Heap Regions: E=young(eden), S=young(survivor), O=old, HS=humongous(starts), HC=humongous(continues), CS=collection set, F=free, TAMS=top-at-mark-start, PB=parsable bottom
|   0|0x00000000e0000000, 0x00000000e0100000, 0x00000000e0100000|100%|HS|  |TAMS 0x00000000e0000000| PB 0x00000000e0000000| Complete 
|   1|0x00000000e0100000, 0x00000000e0200000, 0x00000000e0200000|100%|HC|  |TAMS 0x00000000e0100000| PB 0x00000000e0100000| Complete 
|   2|0x00000000e0200000, 0x00000000e0300000, 0x00000000e0300000|100%|HC|  |TAMS 0x00000000e0200000| PB 0x00000000e0200000| Complete 
|   3|0x00000000e0300000, 0x00000000e0400000, 0x00000000e0400000|100%|HC|  |TAMS 0x00000000e0300000| PB 0x00000000e0300000| Complete 
|   4|0x00000000e0400000, 0x00000000e0500000, 0x00000000e0500000|100%| O|  |TAMS 0x00000000e0400000| PB 0x00000000e0400000| Untracked 
|   5|0x00000000e0500000, 0x00000000e0600000, 0x00000000e0600000|100%| O|  |TAMS 0x00000000e0500000| PB 0x00000000e0500000| Untracked 
|   6|0x00000000e0600000, 0x00000000e066cd80, 0x00000000e0700000| 42%| O|  |TAMS 0x00000000e0600000| PB 0x00000000e0600000| Untracked 
|   7|0x00000000e0700000, 0x00000000e0800000, 0x00000000e0800000|100%|HS|  |TAMS 0x00000000e0700000| PB 0x00000000e0700000| Complete 
|   8|0x00000000e0800000, 0x00000000e0800000, 0x00000000e0900000|  0%| F|  |TAMS 0x00000000e0800000| PB 0x00000000e0800000| Untracked 
|   9|0x00000000e0900000, 0x00000000e0900000, 0x00000000e0a00000|  0%| F|  |TAMS 0x00000000e0900000| PB 0x00000000e0900000| Untracked 
|  10|0x00000000e0a00000, 0x00000000e0a00000, 0x00000000e0b00000|  0%| F|  |TAMS 0x00000000e0a00000| PB 0x00000000e0a00000| Untracked 
|  11|0x00000000e0b00000, 0x00000000e0b00000, 0x00000000e0c00000|  0%| F|  |TAMS 0x00000000e0b00000| PB 0x00000000e0b00000| Untracked 
|  12|0x00000000e0c00000, 0x00000000e0c00000, 0x00000000e0d00000|  0%| F|  |TAMS 0x00000000e0c00000| PB 0x00000000e0c00000| Untracked 
|  13|0x00000000e0d00000, 0x00000000e0d00000, 0x00000000e0e00000|  0%| F|  |TAMS 0x00000000e0d00000| PB 0x00000000e0d00000| Untracked 
|  14|0x00000000e0e00000, 0x00000000e0e00000, 0x00000000e0f00000|  0%| F|  |TAMS 0x00000000e0e00000| PB 0x00000000e0e00000| Untracked 
|  15|0x00000000e0f00000, 0x00000000e0f00000, 0x00000000e1000000|  0%| F|  |TAMS 0x00000000e0f00000| PB 0x00000000e0f00000| Untracked 
|  16|0x00000000e1000000, 0x00000000e1000000, 0x00000000e1100000|  0%| F|  |TAMS 0x00000000e1000000| PB 0x00000000e1000000| Untracked 
|  17|0x00000000e1100000, 0x00000000e1100000, 0x00000000e1200000|  0%| F|  |TAMS 0x00000000e1100000| PB 0x00000000e1100000| Untracked 
|  18|0x00000000e1200000, 0x00000000e1200000, 0x00000000e1300000|  0%| F|  |TAMS 0x00000000e1200000| PB 0x00000000e1200000| Untracked 
|  19|0x00000000e1300000, 0x00000000e1300000, 0x00000000e1400000|  0%| F|  |TAMS 0x00000000e1300000| PB 0x00000000e1300000| Untracked 
|  20|0x00000000e1400000, 0x00000000e1400000, 0x00000000e1500000|  0%| F|  |TAMS 0x00000000e1400000| PB 0x00000000e1400000| Untracked 
|  21|0x00000000e1500000, 0x00000000e1500000, 0x00000000e1600000|  0%| F|  |TAMS 0x00000000e1500000| PB 0x00000000e1500000| Untracked 
|  22|0x00000000e1600000, 0x00000000e1600000, 0x00000000e1700000|  0%| F|  |TAMS 0x00000000e1600000| PB 0x00000000e1600000| Untracked 
|  23|0x00000000e1700000, 0x00000000e1700000, 0x00000000e1800000|  0%| F|  |TAMS 0x00000000e1700000| PB 0x00000000e1700000| Untracked 
|  24|0x00000000e1800000, 0x00000000e1800000, 0x00000000e1900000|  0%| F|  |TAMS 0x00000000e1800000| PB 0x00000000e1800000| Untracked 
|  25|0x00000000e1900000, 0x00000000e1900000, 0x00000000e1a00000|  0%| F|  |TAMS 0x00000000e1900000| PB 0x00000000e1900000| Untracked 
|  26|0x00000000e1a00000, 0x00000000e1a00000, 0x00000000e1b00000|  0%| F|  |TAMS 0x00000000e1a00000| PB 0x00000000e1a00000| Untracked 
|  27|0x00000000e1b00000, 0x00000000e1b00000, 0x00000000e1c00000|  0%| F|  |TAMS 0x00000000e1b00000| PB 0x00000000e1b00000| Untracked 
|  28|0x00000000e1c00000, 0x00000000e1c00000, 0x00000000e1d00000|  0%| F|  |TAMS 0x00000000e1c00000| PB 0x00000000e1c00000| Untracked 
|  29|0x00000000e1d00000, 0x00000000e1d00000, 0x00000000e1e00000|  0%| F|  |TAMS 0x00000000e1d00000| PB 0x00000000e1d00000| Untracked 
|  30|0x00000000e1e00000, 0x00000000e1e00000, 0x00000000e1f00000|  0%| F|  |TAMS 0x00000000e1e00000| PB 0x00000000e1e00000| Untracked 
|  31|0x00000000e1f00000, 0x00000000e1f00000, 0x00000000e2000000|  0%| F|  |TAMS 0x00000000e1f00000| PB 0x00000000e1f00000| Untracked 
|  32|0x00000000e2000000, 0x00000000e2000000, 0x00000000e2100000|  0%| F|  |TAMS 0x00000000e2000000| PB 0x00000000e2000000| Untracked 
|  33|0x00000000e2100000, 0x00000000e2100000, 0x00000000e2200000|  0%| F|  |TAMS 0x00000000e2100000| PB 0x00000000e2100000| Untracked 
|  34|0x00000000e2200000, 0x00000000e2200000, 0x00000000e2300000|  0%| F|  |TAMS 0x00000000e2200000| PB 0x00000000e2200000| Untracked 
|  35|0x00000000e2300000, 0x00000000e2300000, 0x00000000e2400000|  0%| F|  |TAMS 0x00000000e2300000| PB 0x00000000e2300000| Untracked 
|  36|0x00000000e2400000, 0x00000000e2400000, 0x00000000e2500000|  0%| F|  |TAMS 0x00000000e2400000| PB 0x00000000e2400000| Untracked 
|  37|0x00000000e2500000, 0x00000000e2500000, 0x00000000e2600000|  0%| F|  |TAMS 0x00000000e2500000| PB 0x00000000e2500000| Untracked 
|  38|0x00000000e2600000, 0x00000000e2600000, 0x00000000e2700000|  0%| F|  |TAMS 0x00000000e2600000| PB 0x00000000e2600000| Untracked 
|  39|0x00000000e2700000, 0x00000000e2700000, 0x00000000e2800000|  0%| F|  |TAMS 0x00000000e2700000| PB 0x00000000e2700000| Untracked 
|  40|0x00000000e2800000, 0x00000000e2800000, 0x00000000e2900000|  0%| F|  |TAMS 0x00000000e2800000| PB 0x00000000e2800000| Untracked 
|  41|0x00000000e2900000, 0x00000000e2900000, 0x00000000e2a00000|  0%| F|  |TAMS 0x00000000e2900000| PB 0x00000000e2900000| Untracked 
|  42|0x00000000e2a00000, 0x00000000e2a00000, 0x00000000e2b00000|  0%| F|  |TAMS 0x00000000e2a00000| PB 0x00000000e2a00000| Untracked 
|  43|0x00000000e2b00000, 0x00000000e2b00000, 0x00000000e2c00000|  0%| F|  |TAMS 0x00000000e2b00000| PB 0x00000000e2b00000| Untracked 
|  44|0x00000000e2c00000, 0x00000000e2c00000, 0x00000000e2d00000|  0%| F|  |TAMS 0x00000000e2c00000| PB 0x00000000e2c00000| Untracked 
|  45|0x00000000e2d00000, 0x00000000e2d00000, 0x00000000e2e00000|  0%| F|  |TAMS 0x00000000e2d00000| PB 0x00000000e2d00000| Untracked 
|  46|0x00000000e2e00000, 0x00000000e2e00000, 0x00000000e2f00000|  0%| F|  |TAMS 0x00000000e2e00000| PB 0x00000000e2e00000| Untracked 
|  47|0x00000000e2f00000, 0x00000000e2f00000, 0x00000000e3000000|  0%| F|  |TAMS 0x00000000e2f00000| PB 0x00000000e2f00000| Untracked 
|  48|0x00000000e3000000, 0x00000000e3000000, 0x00000000e3100000|  0%| F|  |TAMS 0x00000000e3000000| PB 0x00000000e3000000| Untracked 
|  49|0x00000000e3100000, 0x00000000e3100000, 0x00000000e3200000|  0%| F|  |TAMS 0x00000000e3100000| PB 0x00000000e3100000| Untracked 
|  50|0x00000000e3200000, 0x00000000e3200000, 0x00000000e3300000|  0%| F|  |TAMS 0x00000000e3200000| PB 0x00000000e3200000| Untracked 
|  51|0x00000000e3300000, 0x00000000e3300000, 0x00000000e3400000|  0%| F|  |TAMS 0x00000000e3300000| PB 0x00000000e3300000| Untracked 
|  52|0x00000000e3400000, 0x00000000e3400000, 0x00000000e3500000|  0%| F|  |TAMS 0x00000000e3400000| PB 0x00000000e3400000| Untracked 
|  53|0x00000000e3500000, 0x00000000e3500000, 0x00000000e3600000|  0%| F|  |TAMS 0x00000000e3500000| PB 0x00000000e3500000| Untracked 
|  54|0x00000000e3600000, 0x00000000e3600000, 0x00000000e3700000|  0%| F|  |TAMS 0x00000000e3600000| PB 0x00000000e3600000| Untracked 
|  55|0x00000000e3700000, 0x00000000e3700000, 0x00000000e3800000|  0%| F|  |TAMS 0x00000000e3700000| PB 0x00000000e3700000| Untracked 
|  56|0x00000000e3800000, 0x00000000e3800000, 0x00000000e3900000|  0%| F|  |TAMS 0x00000000e3800000| PB 0x00000000e3800000| Untracked 
|  57|0x00000000e3900000, 0x00000000e3900000, 0x00000000e3a00000|  0%| F|  |TAMS 0x00000000e3900000| PB 0x00000000e3900000| Untracked 
|  58|0x00000000e3a00000, 0x00000000e3a00000, 0x00000000e3b00000|  0%| F|  |TAMS 0x00000000e3a00000| PB 0x00000000e3a00000| Untracked 
|  59|0x00000000e3b00000, 0x00000000e3b00000, 0x00000000e3c00000|  0%| F|  |TAMS 0x00000000e3b00000| PB 0x00000000e3b00000| Untracked 
|  60|0x00000000e3c00000, 0x00000000e3c00000, 0x00000000e3d00000|  0%| F|  |TAMS 0x00000000e3c00000| PB 0x00000000e3c00000| Untracked 
|  61|0x00000000e3d00000, 0x00000000e3d00000, 0x00000000e3e00000|  0%| F|  |TAMS 0x00000000e3d00000| PB 0x00000000e3d00000| Untracked 
|  62|0x00000000e3e00000, 0x00000000e3e00000, 0x00000000e3f00000|  0%| F|  |TAMS 0x00000000e3e00000| PB 0x00000000e3e00000| Untracked 
|  63|0x00000000e3f00000, 0x00000000e3f00000, 0x00000000e4000000|  0%| F|  |TAMS 0x00000000e3f00000| PB 0x00000000e3f00000| Untracked 
|  64|0x00000000e4000000, 0x00000000e4000000, 0x00000000e4100000|  0%| F|  |TAMS 0x00000000e4000000| PB 0x00000000e4000000| Untracked 
|  65|0x00000000e4100000, 0x00000000e4100000, 0x00000000e4200000|  0%| F|  |TAMS 0x00000000e4100000| PB 0x00000000e4100000| Untracked 
|  66|0x00000000e4200000, 0x00000000e4200000, 0x00000000e4300000|  0%| F|  |TAMS 0x00000000e4200000| PB 0x00000000e4200000| Untracked 
|  67|0x00000000e4300000, 0x00000000e4300000, 0x00000000e4400000|  0%| F|  |TAMS 0x00000000e4300000| PB 0x00000000e4300000| Untracked 
|  68|0x00000000e4400000, 0x00000000e4400000, 0x00000000e4500000|  0%| F|  |TAMS 0x00000000e4400000| PB 0x00000000e4400000| Untracked 
|  69|0x00000000e4500000, 0x00000000e4500000, 0x00000000e4600000|  0%| F|  |TAMS 0x00000000e4500000| PB 0x00000000e4500000| Untracked 
|  70|0x00000000e4600000, 0x00000000e4600000, 0x00000000e4700000|  0%| F|  |TAMS 0x00000000e4600000| PB 0x00000000e4600000| Untracked 
|  71|0x00000000e4700000, 0x00000000e4700000, 0x00000000e4800000|  0%| F|  |TAMS 0x00000000e4700000| PB 0x00000000e4700000| Untracked 
|  72|0x00000000e4800000, 0x00000000e4800000, 0x00000000e4900000|  0%| F|  |TAMS 0x00000000e4800000| PB 0x00000000e4800000| Untracked 
|  73|0x00000000e4900000, 0x00000000e4900000, 0x00000000e4a00000|  0%| F|  |TAMS 0x00000000e4900000| PB 0x00000000e4900000| Untracked 
|  74|0x00000000e4a00000, 0x00000000e4a00000, 0x00000000e4b00000|  0%| F|  |TAMS 0x00000000e4a00000| PB 0x00000000e4a00000| Untracked 
|  75|0x00000000e4b00000, 0x00000000e4b00000, 0x00000000e4c00000|  0%| F|  |TAMS 0x00000000e4b00000| PB 0x00000000e4b00000| Untracked 
|  76|0x00000000e4c00000, 0x00000000e4c00000, 0x00000000e4d00000|  0%| F|  |TAMS 0x00000000e4c00000| PB 0x00000000e4c00000| Untracked 
|  77|0x00000000e4d00000, 0x00000000e4d00000, 0x00000000e4e00000|  0%| F|  |TAMS 0x00000000e4d00000| PB 0x00000000e4d00000| Untracked 
|  78|0x00000000e4e00000, 0x00000000e4e00000, 0x00000000e4f00000|  0%| F|  |TAMS 0x00000000e4e00000| PB 0x00000000e4e00000| Untracked 
|  79|0x00000000e4f00000, 0x00000000e4f00000, 0x00000000e5000000|  0%| F|  |TAMS 0x00000000e4f00000| PB 0x00000000e4f00000| Untracked 
|  80|0x00000000e5000000, 0x00000000e5000000, 0x00000000e5100000|  0%| F|  |TAMS 0x00000000e5000000| PB 0x00000000e5000000| Untracked 
|  81|0x00000000e5100000, 0x00000000e5100000, 0x00000000e5200000|  0%| F|  |TAMS 0x00000000e5100000| PB 0x00000000e5100000| Untracked 
|  82|0x00000000e5200000, 0x00000000e5200000, 0x00000000e5300000|  0%| F|  |TAMS 0x00000000e5200000| PB 0x00000000e5200000| Untracked 
|  83|0x00000000e5300000, 0x00000000e5300000, 0x00000000e5400000|  0%| F|  |TAMS 0x00000000e5300000| PB 0x00000000e5300000| Untracked 
|  84|0x00000000e5400000, 0x00000000e5400000, 0x00000000e5500000|  0%| F|  |TAMS 0x00000000e5400000| PB 0x00000000e5400000| Untracked 
|  85|0x00000000e5500000, 0x00000000e5500000, 0x00000000e5600000|  0%| F|  |TAMS 0x00000000e5500000| PB 0x00000000e5500000| Untracked 
|  86|0x00000000e5600000, 0x00000000e5600000, 0x00000000e5700000|  0%| F|  |TAMS 0x00000000e5600000| PB 0x00000000e5600000| Untracked 
|  87|0x00000000e5700000, 0x00000000e5700000, 0x00000000e5800000|  0%| F|  |TAMS 0x00000000e5700000| PB 0x00000000e5700000| Untracked 
|  88|0x00000000e5800000, 0x00000000e5800000, 0x00000000e5900000|  0%| F|  |TAMS 0x00000000e5800000| PB 0x00000000e5800000| Untracked 
|  89|0x00000000e5900000, 0x00000000e5900000, 0x00000000e5a00000|  0%| F|  |TAMS 0x00000000e5900000| PB 0x00000000e5900000| Untracked 
|  90|0x00000000e5a00000, 0x00000000e5a00000, 0x00000000e5b00000|  0%| F|  |TAMS 0x00000000e5a00000| PB 0x00000000e5a00000| Untracked 
|  91|0x00000000e5b00000, 0x00000000e5b00000, 0x00000000e5c00000|  0%| F|  |TAMS 0x00000000e5b00000| PB 0x00000000e5b00000| Untracked 
|  92|0x00000000e5c00000, 0x00000000e5c00000, 0x00000000e5d00000|  0%| F|  |TAMS 0x00000000e5c00000| PB 0x00000000e5c00000| Untracked 
|  93|0x00000000e5d00000, 0x00000000e5d00000, 0x00000000e5e00000|  0%| F|  |TAMS 0x00000000e5d00000| PB 0x00000000e5d00000| Untracked 
|  94|0x00000000e5e00000, 0x00000000e5e00000, 0x00000000e5f00000|  0%| F|  |TAMS 0x00000000e5e00000| PB 0x00000000e5e00000| Untracked 
|  95|0x00000000e5f00000, 0x00000000e5f00000, 0x00000000e6000000|  0%| F|  |TAMS 0x00000000e5f00000| PB 0x00000000e5f00000| Untracked 
|  96|0x00000000e6000000, 0x00000000e6000000, 0x00000000e6100000|  0%| F|  |TAMS 0x00000000e6000000| PB 0x00000000e6000000| Untracked 
|  97|0x00000000e6100000, 0x00000000e6100000, 0x00000000e6200000|  0%| F|  |TAMS 0x00000000e6100000| PB 0x00000000e6100000| Untracked 
|  98|0x00000000e6200000, 0x00000000e62c9d80, 0x00000000e6300000| 78%| S|CS|TAMS 0x00000000e6200000| PB 0x00000000e6200000| Complete 
|  99|0x00000000e6300000, 0x00000000e6400000, 0x00000000e6400000|100%| S|CS|TAMS 0x00000000e6300000| PB 0x00000000e6300000| Complete 
| 100|0x00000000e6400000, 0x00000000e6500000, 0x00000000e6500000|100%| S|CS|TAMS 0x00000000e6400000| PB 0x00000000e6400000| Complete 
| 101|0x00000000e6500000, 0x00000000e6600000, 0x00000000e6600000|100%| S|CS|TAMS 0x00000000e6500000| PB 0x00000000e6500000| Complete 
| 102|0x00000000e6600000, 0x00000000e6700000, 0x00000000e6700000|100%| S|CS|TAMS 0x00000000e6600000| PB 0x00000000e6600000| Complete 
| 103|0x00000000e6700000, 0x00000000e6800000, 0x00000000e6800000|100%| S|CS|TAMS 0x00000000e6700000| PB 0x00000000e6700000| Complete 
| 104|0x00000000e6800000, 0x00000000e6900000, 0x00000000e6900000|100%| S|CS|TAMS 0x00000000e6800000| PB 0x00000000e6800000| Complete 
| 105|0x00000000e6900000, 0x00000000e6a00000, 0x00000000e6a00000|100%| S|CS|TAMS 0x00000000e6900000| PB 0x00000000e6900000| Complete 
| 106|0x00000000e6a00000, 0x00000000e6b00000, 0x00000000e6b00000|100%| S|CS|TAMS 0x00000000e6a00000| PB 0x00000000e6a00000| Complete 
| 107|0x00000000e6b00000, 0x00000000e6c00000, 0x00000000e6c00000|100%| S|CS|TAMS 0x00000000e6b00000| PB 0x00000000e6b00000| Complete 
| 108|0x00000000e6c00000, 0x00000000e6d00000, 0x00000000e6d00000|100%| S|CS|TAMS 0x00000000e6c00000| PB 0x00000000e6c00000| Complete 
| 109|0x00000000e6d00000, 0x00000000e6e00000, 0x00000000e6e00000|100%| S|CS|TAMS 0x00000000e6d00000| PB 0x00000000e6d00000| Complete 
| 110|0x00000000e6e00000, 0x00000000e6f00000, 0x00000000e6f00000|100%| S|CS|TAMS 0x00000000e6e00000| PB 0x00000000e6e00000| Complete 
| 111|0x00000000e6f00000, 0x00000000e7000000, 0x00000000e7000000|100%| S|CS|TAMS 0x00000000e6f00000| PB 0x00000000e6f00000| Complete 
| 112|0x00000000e7000000, 0x00000000e7100000, 0x00000000e7100000|100%| S|CS|TAMS 0x00000000e7000000| PB 0x00000000e7000000| Complete 
| 113|0x00000000e7100000, 0x00000000e7200000, 0x00000000e7200000|100%| S|CS|TAMS 0x00000000e7100000| PB 0x00000000e7100000| Complete 
| 114|0x00000000e7200000, 0x00000000e7200000, 0x00000000e7300000|  0%| F|  |TAMS 0x00000000e7200000| PB 0x00000000e7200000| Untracked 
| 115|0x00000000e7300000, 0x00000000e7300000, 0x00000000e7400000|  0%| F|  |TAMS 0x00000000e7300000| PB 0x00000000e7300000| Untracked 
| 116|0x00000000e7400000, 0x00000000e7400000, 0x00000000e7500000|  0%| F|  |TAMS 0x00000000e7400000| PB 0x00000000e7400000| Untracked 
| 117|0x00000000e7500000, 0x00000000e7500000, 0x00000000e7600000|  0%| F|  |TAMS 0x00000000e7500000| PB 0x00000000e7500000| Untracked 
| 118|0x00000000e7600000, 0x00000000e7600000, 0x00000000e7700000|  0%| F|  |TAMS 0x00000000e7600000| PB 0x00000000e7600000| Untracked 
| 119|0x00000000e7700000, 0x00000000e7700000, 0x00000000e7800000|  0%| F|  |TAMS 0x00000000e7700000| PB 0x00000000e7700000| Untracked 
| 120|0x00000000e7800000, 0x00000000e7800000, 0x00000000e7900000|  0%| F|  |TAMS 0x00000000e7800000| PB 0x00000000e7800000| Untracked 
| 121|0x00000000e7900000, 0x00000000e7900000, 0x00000000e7a00000|  0%| F|  |TAMS 0x00000000e7900000| PB 0x00000000e7900000| Untracked 
| 122|0x00000000e7a00000, 0x00000000e7a00000, 0x00000000e7b00000|  0%| F|  |TAMS 0x00000000e7a00000| PB 0x00000000e7a00000| Untracked 
| 123|0x00000000e7b00000, 0x00000000e7b00000, 0x00000000e7c00000|  0%| F|  |TAMS 0x00000000e7b00000| PB 0x00000000e7b00000| Untracked 
| 124|0x00000000e7c00000, 0x00000000e7c00000, 0x00000000e7d00000|  0%| F|  |TAMS 0x00000000e7c00000| PB 0x00000000e7c00000| Untracked 
| 125|0x00000000e7d00000, 0x00000000e7d00000, 0x00000000e7e00000|  0%| F|  |TAMS 0x00000000e7d00000| PB 0x00000000e7d00000| Untracked 
| 126|0x00000000e7e00000, 0x00000000e7e00000, 0x00000000e7f00000|  0%| F|  |TAMS 0x00000000e7e00000| PB 0x00000000e7e00000| Untracked 
| 127|0x00000000e7f00000, 0x00000000e7f00000, 0x00000000e8000000|  0%| F|  |TAMS 0x00000000e7f00000| PB 0x00000000e7f00000| Untracked 
| 128|0x00000000e8000000, 0x00000000e8000000, 0x00000000e8100000|  0%| F|  |TAMS 0x00000000e8000000| PB 0x00000000e8000000| Untracked 
| 129|0x00000000e8100000, 0x00000000e8100000, 0x00000000e8200000|  0%| F|  |TAMS 0x00000000e8100000| PB 0x00000000e8100000| Untracked 
| 130|0x00000000e8200000, 0x00000000e8200000, 0x00000000e8300000|  0%| F|  |TAMS 0x00000000e8200000| PB 0x00000000e8200000| Untracked 
| 131|0x00000000e8300000, 0x00000000e8300000, 0x00000000e8400000|  0%| F|  |TAMS 0x00000000e8300000| PB 0x00000000e8300000| Untracked 
| 132|0x00000000e8400000, 0x00000000e8400000, 0x00000000e8500000|  0%| F|  |TAMS 0x00000000e8400000| PB 0x00000000e8400000| Untracked 
| 133|0x00000000e8500000, 0x00000000e8500000, 0x00000000e8600000|  0%| F|  |TAMS 0x00000000e8500000| PB 0x00000000e8500000| Untracked 
| 134|0x00000000e8600000, 0x00000000e8600000, 0x00000000e8700000|  0%| F|  |TAMS 0x00000000e8600000| PB 0x00000000e8600000| Untracked 
| 135|0x00000000e8700000, 0x00000000e8700000, 0x00000000e8800000|  0%| F|  |TAMS 0x00000000e8700000| PB 0x00000000e8700000| Untracked 
| 136|0x00000000e8800000, 0x00000000e8800000, 0x00000000e8900000|  0%| F|  |TAMS 0x00000000e8800000| PB 0x00000000e8800000| Untracked 
| 137|0x00000000e8900000, 0x00000000e8900000, 0x00000000e8a00000|  0%| F|  |TAMS 0x00000000e8900000| PB 0x00000000e8900000| Untracked 
| 138|0x00000000e8a00000, 0x00000000e8a00000, 0x00000000e8b00000|  0%| F|  |TAMS 0x00000000e8a00000| PB 0x00000000e8a00000| Untracked 
| 139|0x00000000e8b00000, 0x00000000e8b00000, 0x00000000e8c00000|  0%| F|  |TAMS 0x00000000e8b00000| PB 0x00000000e8b00000| Untracked 
| 140|0x00000000e8c00000, 0x00000000e8c00000, 0x00000000e8d00000|  0%| F|  |TAMS 0x00000000e8c00000| PB 0x00000000e8c00000| Untracked 
| 141|0x00000000e8d00000, 0x00000000e8d00000, 0x00000000e8e00000|  0%| F|  |TAMS 0x00000000e8d00000| PB 0x00000000e8d00000| Untracked 
| 142|0x00000000e8e00000, 0x00000000e8e00000, 0x00000000e8f00000|  0%| F|  |TAMS 0x00000000e8e00000| PB 0x00000000e8e00000| Untracked 
| 143|0x00000000e8f00000, 0x00000000e8f00000, 0x00000000e9000000|  0%| F|  |TAMS 0x00000000e8f00000| PB 0x00000000e8f00000| Untracked 
| 144|0x00000000e9000000, 0x00000000e9000000, 0x00000000e9100000|  0%| F|  |TAMS 0x00000000e9000000| PB 0x00000000e9000000| Untracked 
| 145|0x00000000e9100000, 0x00000000e9100000, 0x00000000e9200000|  0%| F|  |TAMS 0x00000000e9100000| PB 0x00000000e9100000| Untracked 
| 146|0x00000000e9200000, 0x00000000e9200000, 0x00000000e9300000|  0%| F|  |TAMS 0x00000000e9200000| PB 0x00000000e9200000| Untracked 
| 147|0x00000000e9300000, 0x00000000e9300000, 0x00000000e9400000|  0%| F|  |TAMS 0x00000000e9300000| PB 0x00000000e9300000| Untracked 
| 148|0x00000000e9400000, 0x00000000e9400000, 0x00000000e9500000|  0%| F|  |TAMS 0x00000000e9400000| PB 0x00000000e9400000| Untracked 
| 149|0x00000000e9500000, 0x00000000e9500000, 0x00000000e9600000|  0%| F|  |TAMS 0x00000000e9500000| PB 0x00000000e9500000| Untracked 
| 150|0x00000000e9600000, 0x00000000e9600000, 0x00000000e9700000|  0%| F|  |TAMS 0x00000000e9600000| PB 0x00000000e9600000| Untracked 
| 151|0x00000000e9700000, 0x00000000e9700000, 0x00000000e9800000|  0%| F|  |TAMS 0x00000000e9700000| PB 0x00000000e9700000| Untracked 
| 152|0x00000000e9800000, 0x00000000e9800000, 0x00000000e9900000|  0%| F|  |TAMS 0x00000000e9800000| PB 0x00000000e9800000| Untracked 
| 153|0x00000000e9900000, 0x00000000e9900000, 0x00000000e9a00000|  0%| F|  |TAMS 0x00000000e9900000| PB 0x00000000e9900000| Untracked 
| 154|0x00000000e9a00000, 0x00000000e9a00000, 0x00000000e9b00000|  0%| F|  |TAMS 0x00000000e9a00000| PB 0x00000000e9a00000| Untracked 
| 155|0x00000000e9b00000, 0x00000000e9b00000, 0x00000000e9c00000|  0%| F|  |TAMS 0x00000000e9b00000| PB 0x00000000e9b00000| Untracked 
| 156|0x00000000e9c00000, 0x00000000e9c00000, 0x00000000e9d00000|  0%| F|  |TAMS 0x00000000e9c00000| PB 0x00000000e9c00000| Untracked 
| 157|0x00000000e9d00000, 0x00000000e9d00000, 0x00000000e9e00000|  0%| F|  |TAMS 0x00000000e9d00000| PB 0x00000000e9d00000| Untracked 
| 158|0x00000000e9e00000, 0x00000000e9e00000, 0x00000000e9f00000|  0%| F|  |TAMS 0x00000000e9e00000| PB 0x00000000e9e00000| Untracked 
| 159|0x00000000e9f00000, 0x00000000e9f00000, 0x00000000ea000000|  0%| F|  |TAMS 0x00000000e9f00000| PB 0x00000000e9f00000| Untracked 
| 160|0x00000000ea000000, 0x00000000ea000000, 0x00000000ea100000|  0%| F|  |TAMS 0x00000000ea000000| PB 0x00000000ea000000| Untracked 
| 161|0x00000000ea100000, 0x00000000ea100000, 0x00000000ea200000|  0%| F|  |TAMS 0x00000000ea100000| PB 0x00000000ea100000| Untracked 
| 162|0x00000000ea200000, 0x00000000ea200000, 0x00000000ea300000|  0%| F|  |TAMS 0x00000000ea200000| PB 0x00000000ea200000| Untracked 
| 163|0x00000000ea300000, 0x00000000ea300000, 0x00000000ea400000|  0%| F|  |TAMS 0x00000000ea300000| PB 0x00000000ea300000| Untracked 
| 164|0x00000000ea400000, 0x00000000ea400000, 0x00000000ea500000|  0%| F|  |TAMS 0x00000000ea400000| PB 0x00000000ea400000| Untracked 
| 165|0x00000000ea500000, 0x00000000ea580000, 0x00000000ea600000| 50%| E|  |TAMS 0x00000000ea500000| PB 0x00000000ea500000| Complete 
| 166|0x00000000ea600000, 0x00000000ea700000, 0x00000000ea700000|100%| E|CS|TAMS 0x00000000ea600000| PB 0x00000000ea600000| Complete 
| 167|0x00000000ea700000, 0x00000000ea800000, 0x00000000ea800000|100%| E|CS|TAMS 0x00000000ea700000| PB 0x00000000ea700000| Complete 
| 168|0x00000000ea800000, 0x00000000ea900000, 0x00000000ea900000|100%| E|CS|TAMS 0x00000000ea800000| PB 0x00000000ea800000| Complete 
| 169|0x00000000ea900000, 0x00000000eaa00000, 0x00000000eaa00000|100%| E|CS|TAMS 0x00000000ea900000| PB 0x00000000ea900000| Complete 
| 170|0x00000000eaa00000, 0x00000000eab00000, 0x00000000eab00000|100%| E|CS|TAMS 0x00000000eaa00000| PB 0x00000000eaa00000| Complete 
| 171|0x00000000eab00000, 0x00000000eac00000, 0x00000000eac00000|100%| E|CS|TAMS 0x00000000eab00000| PB 0x00000000eab00000| Complete 
| 172|0x00000000eac00000, 0x00000000ead00000, 0x00000000ead00000|100%| E|CS|TAMS 0x00000000eac00000| PB 0x00000000eac00000| Complete 
| 173|0x00000000ead00000, 0x00000000eae00000, 0x00000000eae00000|100%| E|CS|TAMS 0x00000000ead00000| PB 0x00000000ead00000| Complete 
| 174|0x00000000eae00000, 0x00000000eaf00000, 0x00000000eaf00000|100%| E|CS|TAMS 0x00000000eae00000| PB 0x00000000eae00000| Complete 
| 175|0x00000000eaf00000, 0x00000000eb000000, 0x00000000eb000000|100%| E|CS|TAMS 0x00000000eaf00000| PB 0x00000000eaf00000| Complete 
| 176|0x00000000eb000000, 0x00000000eb100000, 0x00000000eb100000|100%| E|CS|TAMS 0x00000000eb000000| PB 0x00000000eb000000| Complete 
| 177|0x00000000eb100000, 0x00000000eb200000, 0x00000000eb200000|100%| E|CS|TAMS 0x00000000eb100000| PB 0x00000000eb100000| Complete 
| 178|0x00000000eb200000, 0x00000000eb300000, 0x00000000eb300000|100%| E|CS|TAMS 0x00000000eb200000| PB 0x00000000eb200000| Complete 
| 179|0x00000000eb300000, 0x00000000eb400000, 0x00000000eb400000|100%| E|CS|TAMS 0x00000000eb300000| PB 0x00000000eb300000| Complete 
| 180|0x00000000eb400000, 0x00000000eb500000, 0x00000000eb500000|100%| E|CS|TAMS 0x00000000eb400000| PB 0x00000000eb400000| Complete 
| 181|0x00000000eb500000, 0x00000000eb600000, 0x00000000eb600000|100%| E|CS|TAMS 0x00000000eb500000| PB 0x00000000eb500000| Complete 
| 182|0x00000000eb600000, 0x00000000eb700000, 0x00000000eb700000|100%| E|CS|TAMS 0x00000000eb600000| PB 0x00000000eb600000| Complete 
| 183|0x00000000eb700000, 0x00000000eb800000, 0x00000000eb800000|100%| E|CS|TAMS 0x00000000eb700000| PB 0x00000000eb700000| Complete 
| 184|0x00000000eb800000, 0x00000000eb900000, 0x00000000eb900000|100%| E|CS|TAMS 0x00000000eb800000| PB 0x00000000eb800000| Complete 
| 185|0x00000000eb900000, 0x00000000eba00000, 0x00000000eba00000|100%| E|CS|TAMS 0x00000000eb900000| PB 0x00000000eb900000| Complete 
| 186|0x00000000eba00000, 0x00000000ebb00000, 0x00000000ebb00000|100%| E|CS|TAMS 0x00000000eba00000| PB 0x00000000eba00000| Complete 
| 187|0x00000000ebb00000, 0x00000000ebc00000, 0x00000000ebc00000|100%| E|CS|TAMS 0x00000000ebb00000| PB 0x00000000ebb00000| Complete 
| 188|0x00000000ebc00000, 0x00000000ebd00000, 0x00000000ebd00000|100%| E|CS|TAMS 0x00000000ebc00000| PB 0x00000000ebc00000| Complete 
| 189|0x00000000ebd00000, 0x00000000ebe00000, 0x00000000ebe00000|100%| E|CS|TAMS 0x00000000ebd00000| PB 0x00000000ebd00000| Complete 
| 190|0x00000000ebe00000, 0x00000000ebf00000, 0x00000000ebf00000|100%| E|CS|TAMS 0x00000000ebe00000| PB 0x00000000ebe00000| Complete 
| 191|0x00000000ebf00000, 0x00000000ec000000, 0x00000000ec000000|100%| E|CS|TAMS 0x00000000ebf00000| PB 0x00000000ebf00000| Complete 
| 192|0x00000000ec000000, 0x00000000ec100000, 0x00000000ec100000|100%| E|CS|TAMS 0x00000000ec000000| PB 0x00000000ec000000| Complete 
| 193|0x00000000ec100000, 0x00000000ec200000, 0x00000000ec200000|100%| E|CS|TAMS 0x00000000ec100000| PB 0x00000000ec100000| Complete 
| 194|0x00000000ec200000, 0x00000000ec300000, 0x00000000ec300000|100%| E|CS|TAMS 0x00000000ec200000| PB 0x00000000ec200000| Complete 
| 195|0x00000000ec300000, 0x00000000ec400000, 0x00000000ec400000|100%| E|CS|TAMS 0x00000000ec300000| PB 0x00000000ec300000| Complete 
| 196|0x00000000ec400000, 0x00000000ec500000, 0x00000000ec500000|100%| E|CS|TAMS 0x00000000ec400000| PB 0x00000000ec400000| Complete 
| 197|0x00000000ec500000, 0x00000000ec600000, 0x00000000ec600000|100%| E|CS|TAMS 0x00000000ec500000| PB 0x00000000ec500000| Complete 
| 198|0x00000000ec600000, 0x00000000ec700000, 0x00000000ec700000|100%| E|CS|TAMS 0x00000000ec600000| PB 0x00000000ec600000| Complete 
| 199|0x00000000ec700000, 0x00000000ec800000, 0x00000000ec800000|100%| E|CS|TAMS 0x00000000ec700000| PB 0x00000000ec700000| Complete 
| 200|0x00000000ec800000, 0x00000000ec900000, 0x00000000ec900000|100%| E|CS|TAMS 0x00000000ec800000| PB 0x00000000ec800000| Complete 
| 201|0x00000000ec900000, 0x00000000eca00000, 0x00000000eca00000|100%| E|CS|TAMS 0x00000000ec900000| PB 0x00000000ec900000| Complete 
| 202|0x00000000eca00000, 0x00000000ecb00000, 0x00000000ecb00000|100%| E|CS|TAMS 0x00000000eca00000| PB 0x00000000eca00000| Complete 
| 203|0x00000000ecb00000, 0x00000000ecc00000, 0x00000000ecc00000|100%| E|CS|TAMS 0x00000000ecb00000| PB 0x00000000ecb00000| Complete 
| 204|0x00000000ecc00000, 0x00000000ecd00000, 0x00000000ecd00000|100%| E|CS|TAMS 0x00000000ecc00000| PB 0x00000000ecc00000| Complete 
| 205|0x00000000ecd00000, 0x00000000ece00000, 0x00000000ece00000|100%| E|CS|TAMS 0x00000000ecd00000| PB 0x00000000ecd00000| Complete 
| 206|0x00000000ece00000, 0x00000000ecf00000, 0x00000000ecf00000|100%| E|CS|TAMS 0x00000000ece00000| PB 0x00000000ece00000| Complete 
| 207|0x00000000ecf00000, 0x00000000ed000000, 0x00000000ed000000|100%| E|CS|TAMS 0x00000000ecf00000| PB 0x00000000ecf00000| Complete 
| 208|0x00000000ed000000, 0x00000000ed100000, 0x00000000ed100000|100%| E|CS|TAMS 0x00000000ed000000| PB 0x00000000ed000000| Complete 
| 209|0x00000000ed100000, 0x00000000ed200000, 0x00000000ed200000|100%| E|CS|TAMS 0x00000000ed100000| PB 0x00000000ed100000| Complete 
| 210|0x00000000ed200000, 0x00000000ed300000, 0x00000000ed300000|100%| E|CS|TAMS 0x00000000ed200000| PB 0x00000000ed200000| Complete 
| 211|0x00000000ed300000, 0x00000000ed400000, 0x00000000ed400000|100%| E|CS|TAMS 0x00000000ed300000| PB 0x00000000ed300000| Complete 
| 212|0x00000000ed400000, 0x00000000ed500000, 0x00000000ed500000|100%| E|CS|TAMS 0x00000000ed400000| PB 0x00000000ed400000| Complete 
| 213|0x00000000ed500000, 0x00000000ed600000, 0x00000000ed600000|100%| E|CS|TAMS 0x00000000ed500000| PB 0x00000000ed500000| Complete 
| 214|0x00000000ed600000, 0x00000000ed700000, 0x00000000ed700000|100%| E|CS|TAMS 0x00000000ed600000| PB 0x00000000ed600000| Complete 
| 215|0x00000000ed700000, 0x00000000ed800000, 0x00000000ed800000|100%| E|CS|TAMS 0x00000000ed700000| PB 0x00000000ed700000| Complete 
| 216|0x00000000ed800000, 0x00000000ed900000, 0x00000000ed900000|100%| E|CS|TAMS 0x00000000ed800000| PB 0x00000000ed800000| Complete 
| 217|0x00000000ed900000, 0x00000000eda00000, 0x00000000eda00000|100%| E|CS|TAMS 0x00000000ed900000| PB 0x00000000ed900000| Complete 
| 218|0x00000000eda00000, 0x00000000edb00000, 0x00000000edb00000|100%| E|CS|TAMS 0x00000000eda00000| PB 0x00000000eda00000| Complete 
| 219|0x00000000edb00000, 0x00000000edc00000, 0x00000000edc00000|100%| E|CS|TAMS 0x00000000edb00000| PB 0x00000000edb00000| Complete 
| 220|0x00000000edc00000, 0x00000000edd00000, 0x00000000edd00000|100%| E|CS|TAMS 0x00000000edc00000| PB 0x00000000edc00000| Complete 
| 221|0x00000000edd00000, 0x00000000ede00000, 0x00000000ede00000|100%| E|CS|TAMS 0x00000000edd00000| PB 0x00000000edd00000| Complete 
| 222|0x00000000ede00000, 0x00000000edf00000, 0x00000000edf00000|100%| E|CS|TAMS 0x00000000ede00000| PB 0x00000000ede00000| Complete 
| 223|0x00000000edf00000, 0x00000000ee000000, 0x00000000ee000000|100%| E|CS|TAMS 0x00000000edf00000| PB 0x00000000edf00000| Complete 
| 224|0x00000000ee000000, 0x00000000ee100000, 0x00000000ee100000|100%| E|CS|TAMS 0x00000000ee000000| PB 0x00000000ee000000| Complete 
| 225|0x00000000ee100000, 0x00000000ee200000, 0x00000000ee200000|100%| E|CS|TAMS 0x00000000ee100000| PB 0x00000000ee100000| Complete 
| 226|0x00000000ee200000, 0x00000000ee300000, 0x00000000ee300000|100%| E|CS|TAMS 0x00000000ee200000| PB 0x00000000ee200000| Complete 
| 227|0x00000000ee300000, 0x00000000ee400000, 0x00000000ee400000|100%| E|CS|TAMS 0x00000000ee300000| PB 0x00000000ee300000| Complete 
| 228|0x00000000ee400000, 0x00000000ee500000, 0x00000000ee500000|100%| E|CS|TAMS 0x00000000ee400000| PB 0x00000000ee400000| Complete 
| 229|0x00000000ee500000, 0x00000000ee600000, 0x00000000ee600000|100%| E|CS|TAMS 0x00000000ee500000| PB 0x00000000ee500000| Complete 
| 230|0x00000000ee600000, 0x00000000ee700000, 0x00000000ee700000|100%| E|CS|TAMS 0x00000000ee600000| PB 0x00000000ee600000| Complete 
| 231|0x00000000ee700000, 0x00000000ee800000, 0x00000000ee800000|100%| E|CS|TAMS 0x00000000ee700000| PB 0x00000000ee700000| Complete 
| 232|0x00000000ee800000, 0x00000000ee900000, 0x00000000ee900000|100%| E|CS|TAMS 0x00000000ee800000| PB 0x00000000ee800000| Complete 
| 233|0x00000000ee900000, 0x00000000eea00000, 0x00000000eea00000|100%| E|CS|TAMS 0x00000000ee900000| PB 0x00000000ee900000| Complete 
| 234|0x00000000eea00000, 0x00000000eeb00000, 0x00000000eeb00000|100%| E|CS|TAMS 0x00000000eea00000| PB 0x00000000eea00000| Complete 
| 235|0x00000000eeb00000, 0x00000000eec00000, 0x00000000eec00000|100%| E|CS|TAMS 0x00000000eeb00000| PB 0x00000000eeb00000| Complete 
| 236|0x00000000eec00000, 0x00000000eed00000, 0x00000000eed00000|100%| E|CS|TAMS 0x00000000eec00000| PB 0x00000000eec00000| Complete 
| 237|0x00000000eed00000, 0x00000000eee00000, 0x00000000eee00000|100%| E|CS|TAMS 0x00000000eed00000| PB 0x00000000eed00000| Complete 
| 238|0x00000000eee00000, 0x00000000eef00000, 0x00000000eef00000|100%| E|CS|TAMS 0x00000000eee00000| PB 0x00000000eee00000| Complete 
| 239|0x00000000eef00000, 0x00000000ef000000, 0x00000000ef000000|100%| E|CS|TAMS 0x00000000eef00000| PB 0x00000000eef00000| Complete 
| 240|0x00000000ef000000, 0x00000000ef100000, 0x00000000ef100000|100%| E|CS|TAMS 0x00000000ef000000| PB 0x00000000ef000000| Complete 
| 241|0x00000000ef100000, 0x00000000ef200000, 0x00000000ef200000|100%| E|CS|TAMS 0x00000000ef100000| PB 0x00000000ef100000| Complete 
| 242|0x00000000ef200000, 0x00000000ef300000, 0x00000000ef300000|100%| E|CS|TAMS 0x00000000ef200000| PB 0x00000000ef200000| Complete 
| 243|0x00000000ef300000, 0x00000000ef400000, 0x00000000ef400000|100%| E|CS|TAMS 0x00000000ef300000| PB 0x00000000ef300000| Complete 
| 244|0x00000000ef400000, 0x00000000ef500000, 0x00000000ef500000|100%| E|CS|TAMS 0x00000000ef400000| PB 0x00000000ef400000| Complete 
| 245|0x00000000ef500000, 0x00000000ef600000, 0x00000000ef600000|100%| E|CS|TAMS 0x00000000ef500000| PB 0x00000000ef500000| Complete 
| 246|0x00000000ef600000, 0x00000000ef700000, 0x00000000ef700000|100%| E|CS|TAMS 0x00000000ef600000| PB 0x00000000ef600000| Complete 
| 247|0x00000000ef700000, 0x00000000ef800000, 0x00000000ef800000|100%| E|CS|TAMS 0x00000000ef700000| PB 0x00000000ef700000| Complete 
| 248|0x00000000ef800000, 0x00000000ef900000, 0x00000000ef900000|100%| E|CS|TAMS 0x00000000ef800000| PB 0x00000000ef800000| Complete 
| 249|0x00000000ef900000, 0x00000000efa00000, 0x00000000efa00000|100%| E|CS|TAMS 0x00000000ef900000| PB 0x00000000ef900000| Complete 
| 250|0x00000000efa00000, 0x00000000efb00000, 0x00000000efb00000|100%| E|CS|TAMS 0x00000000efa00000| PB 0x00000000efa00000| Complete 
| 251|0x00000000efb00000, 0x00000000efc00000, 0x00000000efc00000|100%| E|CS|TAMS 0x00000000efb00000| PB 0x00000000efb00000| Complete 
| 252|0x00000000efc00000, 0x00000000efd00000, 0x00000000efd00000|100%| E|CS|TAMS 0x00000000efc00000| PB 0x00000000efc00000| Complete 
| 253|0x00000000efd00000, 0x00000000efe00000, 0x00000000efe00000|100%| E|CS|TAMS 0x00000000efd00000| PB 0x00000000efd00000| Complete 
| 254|0x00000000efe00000, 0x00000000eff00000, 0x00000000eff00000|100%| E|CS|TAMS 0x00000000efe00000| PB 0x00000000efe00000| Complete 
| 255|0x00000000eff00000, 0x00000000f0000000, 0x00000000f0000000|100%| E|CS|TAMS 0x00000000eff00000| PB 0x00000000eff00000| Complete 

Card table byte_map: [0x000001c5721b0000,0x000001c5722b0000] _byte_map_base: 0x000001c571ab0000

Marking Bits: (CMBitMap*) 0x000001c55f49f590
 Bits: [0x000001c5722b0000, 0x000001c572ab0000)

Polling page: 0x000001c55edf0000

Metaspace:

Usage:
  Non-class:     26.65 MB used.
      Class:      4.55 MB used.
       Both:     31.20 MB used.

Virtual space:
  Non-class space:       64.00 MB reserved,      27.25 MB ( 43%) committed,  1 nodes.
      Class space:      320.00 MB reserved,       5.12 MB (  2%) committed,  1 nodes.
             Both:      384.00 MB reserved,      32.38 MB (  8%) committed. 

Chunk freelists:
   Non-Class:  4.77 MB
       Class:  10.71 MB
        Both:  15.49 MB

MaxMetaspaceSize: 384.00 MB
CompressedClassSpaceSize: 320.00 MB
Initial GC threshold: 21.00 MB
Current GC threshold: 35.12 MB
CDS: on
 - commit_granule_bytes: 65536.
 - commit_granule_words: 8192.
 - virtual_space_node_default_size: 8388608.
 - enlarge_chunks_in_place: 1.
 - use_allocation_guard: 0.


Internal statistics:

num_allocs_failed_limit: 3.
num_arena_births: 2174.
num_arena_deaths: 0.
num_vsnodes_births: 2.
num_vsnodes_deaths: 0.
num_space_committed: 518.
num_space_uncommitted: 0.
num_chunks_returned_to_freelist: 3.
num_chunks_taken_from_freelist: 3733.
num_chunk_merges: 3.
num_chunk_splits: 2366.
num_chunks_enlarged: 1395.
num_inconsistent_stats: 0.

CodeHeap 'non-profiled nmethods': size=120000Kb used=2314Kb max_used=2314Kb free=117685Kb
 bounds [0x000001c56a210000, 0x000001c56a480000, 0x000001c571740000]
CodeHeap 'profiled nmethods': size=120000Kb used=8225Kb max_used=8225Kb free=111774Kb
 bounds [0x000001c562740000, 0x000001c562f50000, 0x000001c569c70000]
CodeHeap 'non-nmethods': size=5760Kb used=1449Kb max_used=1476Kb free=4310Kb
 bounds [0x000001c569c70000, 0x000001c569ee0000, 0x000001c56a210000]
CodeCache: size=245760Kb, used=11988Kb, max_used=12015Kb, free=233769Kb
 total_blobs=4711, nmethods=4111, adapters=504, full_count=0
Compilation: enabled, stopped_count=0, restarted_count=0

Compilation events (20 events):
Event: 197.049 Thread 0x000001c57553fd60 4104       3       it.unimi.dsi.fastutil.HashCommon::mix (20 bytes)
Event: 197.050 Thread 0x000001c57553fd60 nmethod 4104 0x000001c562f44c10 code [0x000001c562f44da0, 0x000001c562f44eb8]
Event: 197.052 Thread 0x000001c575530f90 nmethod 4103 0x000001c56a451b90 code [0x000001c56a451d40, 0x000001c56a451f18]
Event: 197.201 Thread 0x000001c57553fd60 4105   !   3       sun.nio.ch.NativeThreadSet::add (155 bytes)
Event: 197.201 Thread 0x000001c57553fd60 nmethod 4105 0x000001c562f44f90 code [0x000001c562f45180, 0x000001c562f45780]
Event: 197.202 Thread 0x000001c57553fd60 4106   !   3       sun.nio.ch.NativeThreadSet::remove (90 bytes)
Event: 197.202 Thread 0x000001c57553fd60 nmethod 4106 0x000001c562f45a10 code [0x000001c562f45bc0, 0x000001c562f45ea8]
Event: 197.483 Thread 0x000001c575530f90 4107       4       java.lang.String::equalsIgnoreCase (45 bytes)
Event: 197.484 Thread 0x000001c575530f90 nmethod 4107 0x000001c56a452090 code [0x000001c56a452220, 0x000001c56a452350]
Event: 197.720 Thread 0x000001c57553fd60 4108       3       org.gradle.internal.reflect.ClassInspector::inspectClass (179 bytes)
Event: 197.722 Thread 0x000001c57553fd60 nmethod 4108 0x000001c562f46010 code [0x000001c562f46380, 0x000001c562f475e0]
Event: 197.764 Thread 0x000001c57553fd60 4109       1       org.gradle.internal.instantiation.generator.AbstractClassGenerator$PropertyMetadata::access$600 (5 bytes)
Event: 197.764 Thread 0x000001c57553fd60 nmethod 4109 0x000001c56a452490 code [0x000001c56a452620, 0x000001c56a4526d0]
Event: 197.806 Thread 0x000001c575530f90 4110       4       java.util.Collections$UnmodifiableCollection$1::next (10 bytes)
Event: 197.807 Thread 0x000001c575530f90 nmethod 4110 0x000001c56a452790 code [0x000001c56a452920, 0x000001c56a4529d0]
Event: 198.073 Thread 0x000001c57553fd60 4111       3       org.gradle.internal.instantiation.generator.AsmBackedClassGenerator$ClassBuilderImpl$LocalMethodVisitorScope::<init> (11 bytes)
Event: 198.073 Thread 0x000001c57553fd60 nmethod 4111 0x000001c562f47e10 code [0x000001c562f47fc0, 0x000001c562f481c0]
Event: 198.074 Thread 0x000001c57553fd60 4112       3       org.objectweb.asm.MethodVisitor::visitTypeInsn (17 bytes)
Event: 198.074 Thread 0x000001c57553fd60 nmethod 4112 0x000001c562f48290 code [0x000001c562f48440, 0x000001c562f48648]
Event: 198.338 Thread 0x000001c575530f90 4113       4       java.util.HashSet::contains (9 bytes)

GC Heap History (6 events):
Event: 1.252 GC heap before
{Heap before GC invocations=0 (full 0):
 garbage-first heap   total 262144K, used 23552K [0x00000000e0000000, 0x0000000100000000)
  region size 1024K, 23 young (23552K), 0 survivors (0K)
 Metaspace       used 925K, committed 1088K, reserved 393216K
  class space    used 76K, committed 128K, reserved 327680K
}
Event: 1.262 GC heap after
{Heap after GC invocations=1 (full 0):
 garbage-first heap   total 262144K, used 1706K [0x00000000e0000000, 0x0000000100000000)
  region size 1024K, 2 young (2048K), 2 survivors (2048K)
 Metaspace       used 925K, committed 1088K, reserved 393216K
  class space    used 76K, committed 128K, reserved 327680K
}
Event: 29.124 GC heap before
{Heap before GC invocations=1 (full 0):
 garbage-first heap   total 262144K, used 42666K [0x00000000e0000000, 0x0000000100000000)
  region size 1024K, 39 young (39936K), 2 survivors (2048K)
 Metaspace       used 4659K, committed 4928K, reserved 393216K
  class space    used 589K, committed 704K, reserved 327680K
}
Event: 29.139 GC heap after
{Heap after GC invocations=2 (full 0):
 garbage-first heap   total 262144K, used 11699K [0x00000000e0000000, 0x0000000100000000)
  region size 1024K, 5 young (5120K), 5 survivors (5120K)
 Metaspace       used 4659K, committed 4928K, reserved 393216K
  class space    used 589K, committed 704K, reserved 327680K
}
Event: 129.942 GC heap before
{Heap before GC invocations=2 (full 0):
 garbage-first heap   total 262144K, used 154035K [0x00000000e0000000, 0x0000000100000000)
  region size 1024K, 142 young (145408K), 5 survivors (5120K)
 Metaspace       used 20892K, committed 21504K, reserved 393216K
  class space    used 2835K, committed 3136K, reserved 327680K
}
Event: 130.188 GC heap after
{Heap after GC invocations=3 (full 0):
 garbage-first heap   total 262144K, used 23770K [0x00000000e0000000, 0x0000000100000000)
  region size 1024K, 16 young (16384K), 16 survivors (16384K)
 Metaspace       used 20892K, committed 21504K, reserved 393216K
  class space    used 2835K, committed 3136K, reserved 327680K
}

Dll operation events (20 events):
Event: 0.498 Attempting to load shared library C:\Users\san\.cursor\extensions\redhat.java-1.56.0-win32-x64\jre\21.0.12.1-win32-x86_64\bin\nio.dll
Event: 0.500 Loaded shared library C:\Users\san\.cursor\extensions\redhat.java-1.56.0-win32-x64\jre\21.0.12.1-win32-x86_64\bin\nio.dll
Event: 0.508 Attempting to load shared library C:\Users\san\.cursor\extensions\redhat.java-1.56.0-win32-x64\jre\21.0.12.1-win32-x86_64\bin\zip.dll
Event: 0.508 Loaded shared library C:\Users\san\.cursor\extensions\redhat.java-1.56.0-win32-x64\jre\21.0.12.1-win32-x86_64\bin\zip.dll
Event: 1.266 Attempting to load shared library C:\Users\san\.cursor\extensions\redhat.java-1.56.0-win32-x64\jre\21.0.12.1-win32-x86_64\bin\jimage.dll
Event: 1.266 Loaded shared library C:\Users\san\.cursor\extensions\redhat.java-1.56.0-win32-x64\jre\21.0.12.1-win32-x86_64\bin\jimage.dll
Event: 7.173 Attempting to load shared library C:\Users\san\.cursor\extensions\redhat.java-1.56.0-win32-x64\jre\21.0.12.1-win32-x86_64\bin\verify.dll
Event: 7.174 Loaded shared library C:\Users\san\.cursor\extensions\redhat.java-1.56.0-win32-x64\jre\21.0.12.1-win32-x86_64\bin\verify.dll
Event: 8.414 Attempting to load shared library C:\Users\san\.gradle\native\660c5614fbf4a5f2a75b1949f50a0caf5cd603558e7d8a26e50b933a0cfb79d1\windows-amd64\native-platform.dll
Event: 8.472 Loaded shared library C:\Users\san\.gradle\native\660c5614fbf4a5f2a75b1949f50a0caf5cd603558e7d8a26e50b933a0cfb79d1\windows-amd64\native-platform.dll
Event: 8.818 Attempting to load shared library C:\Users\san\.gradle\native\0.2.8\x86_64-windows-gnu\gradle-fileevents.dll
Event: 8.821 Loaded shared library C:\Users\san\.gradle\native\0.2.8\x86_64-windows-gnu\gradle-fileevents.dll
Event: 54.810 Attempting to load shared library C:\Users\san\.cursor\extensions\redhat.java-1.56.0-win32-x64\jre\21.0.12.1-win32-x86_64\bin\management.dll
Event: 54.850 Loaded shared library C:\Users\san\.cursor\extensions\redhat.java-1.56.0-win32-x64\jre\21.0.12.1-win32-x86_64\bin\management.dll
Event: 54.904 Attempting to load shared library C:\Users\san\.cursor\extensions\redhat.java-1.56.0-win32-x64\jre\21.0.12.1-win32-x86_64\bin\management_ext.dll
Event: 54.923 Loaded shared library C:\Users\san\.cursor\extensions\redhat.java-1.56.0-win32-x64\jre\21.0.12.1-win32-x86_64\bin\management_ext.dll
Event: 58.594 Attempting to load shared library C:\Users\san\.cursor\extensions\redhat.java-1.56.0-win32-x64\jre\21.0.12.1-win32-x86_64\bin\extnet.dll
Event: 58.610 Loaded shared library C:\Users\san\.cursor\extensions\redhat.java-1.56.0-win32-x64\jre\21.0.12.1-win32-x86_64\bin\extnet.dll
Event: 67.408 Attempting to load shared library C:\Users\san\.cursor\extensions\redhat.java-1.56.0-win32-x64\jre\21.0.12.1-win32-x86_64\bin\sunmscapi.dll
Event: 67.458 Loaded shared library C:\Users\san\.cursor\extensions\redhat.java-1.56.0-win32-x64\jre\21.0.12.1-win32-x86_64\bin\sunmscapi.dll

Deoptimization events (20 events):
Event: 185.304 Thread 0x000001c57b355180 DEOPT PACKING pc=0x000001c562d86ac6 sp=0x000000af38af8fb0
Event: 185.304 Thread 0x000001c57b355180 DEOPT UNPACKING pc=0x000001c569cc4bc2 sp=0x000000af38af8420 mode 0
Event: 185.306 Thread 0x000001c57b355180 Uncommon trap: trap_request=0xffffffbe fr.pc=0x000001c56a4334f0 relative=0x0000000000001010
Event: 185.306 Thread 0x000001c57b355180 Uncommon trap: reason=profile_predicate action=maybe_recompile pc=0x000001c56a4334f0 method=java.lang.invoke.InvokerBytecodeGenerator.<init>(Ljava/lang/String;Ljava/lang/String;Ljava/lang/invoke/LambdaForm;Ljava/lang/invoke/MethodType;)V @ 33 c2
Event: 185.306 Thread 0x000001c57b355180 DEOPT PACKING pc=0x000001c56a4334f0 sp=0x000000af38af8be0
Event: 185.306 Thread 0x000001c57b355180 DEOPT UNPACKING pc=0x000001c569cc4422 sp=0x000000af38af8b90 mode 2
Event: 185.307 Thread 0x000001c57b355180 Uncommon trap: trap_request=0xffffffbe fr.pc=0x000001c56a4334f0 relative=0x0000000000001010
Event: 185.307 Thread 0x000001c57b355180 Uncommon trap: reason=profile_predicate action=maybe_recompile pc=0x000001c56a4334f0 method=java.lang.invoke.InvokerBytecodeGenerator.<init>(Ljava/lang/String;Ljava/lang/String;Ljava/lang/invoke/LambdaForm;Ljava/lang/invoke/MethodType;)V @ 33 c2
Event: 185.307 Thread 0x000001c57b355180 DEOPT PACKING pc=0x000001c56a4334f0 sp=0x000000af38af8bd0
Event: 185.307 Thread 0x000001c57b355180 DEOPT UNPACKING pc=0x000001c569cc4422 sp=0x000000af38af8b80 mode 2
Event: 185.308 Thread 0x000001c57b355180 Uncommon trap: trap_request=0xffffffbe fr.pc=0x000001c56a4334f0 relative=0x0000000000001010
Event: 185.308 Thread 0x000001c57b355180 Uncommon trap: reason=profile_predicate action=maybe_recompile pc=0x000001c56a4334f0 method=java.lang.invoke.InvokerBytecodeGenerator.<init>(Ljava/lang/String;Ljava/lang/String;Ljava/lang/invoke/LambdaForm;Ljava/lang/invoke/MethodType;)V @ 33 c2
Event: 185.308 Thread 0x000001c57b355180 DEOPT PACKING pc=0x000001c56a4334f0 sp=0x000000af38af8bb0
Event: 185.308 Thread 0x000001c57b355180 DEOPT UNPACKING pc=0x000001c569cc4422 sp=0x000000af38af8b60 mode 2
Event: 195.521 Thread 0x000001c57b355180 DEOPT PACKING pc=0x000001c562d86ac6 sp=0x000000af38af8bc0
Event: 195.522 Thread 0x000001c57b355180 DEOPT UNPACKING pc=0x000001c569cc4bc2 sp=0x000000af38af8030 mode 0
Event: 196.403 Thread 0x000001c57b355180 Uncommon trap: trap_request=0xffffff45 fr.pc=0x000001c56a4497d4 relative=0x0000000000001374
Event: 196.403 Thread 0x000001c57b355180 Uncommon trap: reason=unstable_if action=reinterpret pc=0x000001c56a4497d4 method=java.util.concurrent.ConcurrentHashMap.computeIfAbsent(Ljava/lang/Object;Ljava/util/function/Function;)Ljava/lang/Object; @ 312 c2
Event: 196.403 Thread 0x000001c57b355180 DEOPT PACKING pc=0x000001c56a4497d4 sp=0x000000af38af8e40
Event: 196.403 Thread 0x000001c57b355180 DEOPT UNPACKING pc=0x000001c569cc4422 sp=0x000000af38af8db8 mode 2

Classes loaded (20 events):
Event: 172.152 Loading class java/util/concurrent/TimeoutException
Event: 172.152 Loading class java/util/concurrent/TimeoutException done
Event: 172.153 Loading class java/util/concurrent/CancellationException
Event: 172.153 Loading class java/util/concurrent/CancellationException done
Event: 173.509 Loading class java/io/InterruptedIOException
Event: 173.509 Loading class java/io/InterruptedIOException done
Event: 173.827 Loading class java/util/ArrayDeque$DeqSpliterator
Event: 173.827 Loading class java/util/ArrayDeque$DeqSpliterator done
Event: 184.970 Loading class java/lang/invoke/SerializedLambda
Event: 184.970 Loading class java/lang/invoke/SerializedLambda done
Event: 186.102 Loading class java/lang/reflect/AnnotatedType
Event: 186.103 Loading class java/lang/reflect/AnnotatedType done
Event: 186.450 Loading class sun/reflect/generics/tree/IntSignature
Event: 186.450 Loading class sun/reflect/generics/tree/IntSignature done
Event: 186.450 Loading class sun/reflect/generics/tree/ArrayTypeSignature
Event: 186.450 Loading class sun/reflect/generics/tree/ArrayTypeSignature done
Event: 186.874 Loading class java/lang/SafeVarargs
Event: 186.874 Loading class java/lang/SafeVarargs done
Event: 189.816 Loading class jdk/internal/reflect/MethodHandleIntegerFieldAccessorImpl
Event: 189.816 Loading class jdk/internal/reflect/MethodHandleIntegerFieldAccessorImpl done

Classes unloaded (0 events):
No events

Classes redefined (0 events):
No events

Internal exceptions (20 events):
Event: 166.264 Thread 0x000001c57b355180 Exception <a 'java/lang/NoSuchMethodError'{0x00000000ed6eca00}: 'java.lang.Object java.lang.invoke.DirectMethodHandle$Holder.newInvokeSpecial(java.lang.Object, java.lang.Object, java.lang.Object, java.lang.Object, java.lang.Object, java.lang.Object, java.lang.Object, java.lang.Object, java.lang.Object, java.lang.Object, java.lang.Object, java.lang.Object)'> (0x00000000ed6eca00) 
thrown [s\src\hotspot\share\interpreter\linkResolver.cpp, line 773]
Event: 171.276 Thread 0x000001c57b355180 Exception <a 'java/lang/IncompatibleClassChangeError'{0x00000000ed273958}: Found class java.lang.Object, but interface was expected> (0x00000000ed273958) 
thrown [s\src\hotspot\share\interpreter\linkResolver.cpp, line 840]
Event: 173.691 Thread 0x000001c57b355180 Exception <a 'java/lang/NoSuchMethodError'{0x00000000ed0f04e0}: 'int java.lang.invoke.DirectMethodHandle$Holder.invokeVirtual(java.lang.Object, java.lang.Object)'> (0x00000000ed0f04e0) 
thrown [s\src\hotspot\share\interpreter\linkResolver.cpp, line 773]
Event: 174.282 Thread 0x000001c57b355180 Exception <a 'java/lang/NoSuchMethodError'{0x00000000ecfadc70}: 'java.lang.Object java.lang.invoke.DirectMethodHandle$Holder.newInvokeSpecial(java.lang.Object, java.lang.Object, java.lang.Object, int)'> (0x00000000ecfadc70) 
thrown [s\src\hotspot\share\interpreter\linkResolver.cpp, line 773]
Event: 174.282 Thread 0x000001c57b355180 Exception <a 'java/lang/NoSuchMethodError'{0x00000000ecfb2348}: 'java.lang.Object java.lang.invoke.DirectMethodHandle$Holder.invokeSpecial(java.lang.Object, java.lang.Object, java.lang.Object, java.lang.Object, int)'> (0x00000000ecfb2348) 
thrown [s\src\hotspot\share\interpreter\linkResolver.cpp, line 773]
Event: 174.301 Thread 0x000001c57b355180 Exception <a 'java/lang/NoSuchMethodError'{0x00000000ecfb5f50}: 'java.lang.Object java.lang.invoke.Invokers$Holder.linkToTargetMethod(java.lang.Object, java.lang.Object, int, java.lang.Object)'> (0x00000000ecfb5f50) 
thrown [s\src\hotspot\share\interpreter\linkResolver.cpp, line 773]
Event: 174.493 Thread 0x000001c57b355180 Exception <a 'java/lang/NoSuchMethodError'{0x00000000ecff1780}: 'java.lang.Object java.lang.invoke.DirectMethodHandle$Holder.invokeStatic(java.lang.Object, java.lang.Object, int, java.lang.Object)'> (0x00000000ecff1780) 
thrown [s\src\hotspot\share\interpreter\linkResolver.cpp, line 773]
Event: 177.510 Thread 0x000001c57b355180 Exception <a 'java/lang/NoSuchMethodError'{0x00000000ec9862a0}: 'void java.lang.invoke.DirectMethodHandle$Holder.invokeInterface(java.lang.Object, java.lang.Object, java.lang.Object, java.lang.Object, java.lang.Object)'> (0x00000000ec9862a0) 
thrown [s\src\hotspot\share\interpreter\linkResolver.cpp, line 773]
Event: 180.968 Thread 0x000001c57b355180 Exception <a 'java/lang/NoSuchMethodError'{0x00000000ec131080}: 'java.lang.Object java.lang.invoke.DirectMethodHandle$Holder.invokeStaticInit(java.lang.Object, java.lang.Object, java.lang.Object)'> (0x00000000ec131080) 
thrown [s\src\hotspot\share\interpreter\linkResolver.cpp, line 773]
Event: 182.819 Thread 0x000001c57b355180 Exception <a 'java/lang/NoSuchMethodError'{0x00000000ebfe2248}: 'java.lang.Object java.lang.invoke.DirectMethodHandle$Holder.invokeSpecialIFC(java.lang.Object, java.lang.Object, java.lang.Object, java.lang.Object)'> (0x00000000ebfe2248) 
thrown [s\src\hotspot\share\interpreter\linkResolver.cpp, line 773]
Event: 185.106 Thread 0x000001c57b355180 Exception <a 'java/lang/NoSuchMethodError'{0x00000000ebac5640}: 'java.lang.Object java.lang.invoke.DirectMethodHandle$Holder.invokeVirtual(java.lang.Object, java.lang.Object, java.lang.Object, java.lang.Object, java.lang.Object, java.lang.Object, java.lang.Object, java.lang.Object, java.lang.Object, java.lang.Object, java.lang.Object, java.lang.Object, java.lang.Object, java.lang.Object, java.lang.Object, java.lang.Object, java.lang.Object, java.lang.Object, java.lang.Object, java.lang.Object, java.lang.Ob
Event: 185.135 Thread 0x000001c57b355180 Exception <a 'java/lang/NoSuchMethodError'{0x00000000ebacc160}: 'java.lang.Object java.lang.invoke.DelegatingMethodHandle$Holder.reinvoke_L(java.lang.Object, java.lang.Object, java.lang.Object, java.lang.Object, java.lang.Object, java.lang.Object, java.lang.Object, java.lang.Object, java.lang.Object, java.lang.Object, java.lang.Object, java.lang.Object, java.lang.Object, java.lang.Object, java.lang.Object, java.lang.Object, java.lang.Object, java.lang.Object, java.lang.Object, java.lang.Object, java.lang.O
Event: 189.652 Thread 0x000001c57b355180 Exception <a 'java/lang/NoSuchMethodError'{0x00000000eb14c6e0}: 'java.lang.Object java.lang.invoke.DirectMethodHandle$Holder.newInvokeSpecial(java.lang.Object, java.lang.Object, int, int)'> (0x00000000eb14c6e0) 
thrown [s\src\hotspot\share\interpreter\linkResolver.cpp, line 773]
Event: 189.833 Thread 0x000001c57b355180 Exception <a 'java/lang/NoSuchMethodError'{0x00000000eb189b10}: 'void java.lang.invoke.DirectMethodHandle$Holder.invokeSpecial(java.lang.Object, java.lang.Object, int)'> (0x00000000eb189b10) 
thrown [s\src\hotspot\share\interpreter\linkResolver.cpp, line 773]
Event: 189.834 Thread 0x000001c57b355180 Exception <a 'java/lang/NoSuchMethodError'{0x00000000eb18e0b0}: 'void java.lang.invoke.Invokers$Holder.invokeExact_MT(java.lang.Object, int, java.lang.Object)'> (0x00000000eb18e0b0) 
thrown [s\src\hotspot\share\interpreter\linkResolver.cpp, line 773]
Event: 192.687 Thread 0x000001c57b355180 Exception <a 'java/lang/NoSuchMethodError'{0x00000000ead1a518}: 'java.lang.Object java.lang.invoke.DirectMethodHandle$Holder.newInvokeSpecial(java.lang.Object, java.lang.Object, java.lang.Object, java.lang.Object, java.lang.Object, java.lang.Object, java.lang.Object, java.lang.Object, java.lang.Object, java.lang.Object, java.lang.Object)'> (0x00000000ead1a518) 
thrown [s\src\hotspot\share\interpreter\linkResolver.cpp, line 773]
Event: 193.593 Thread 0x000001c57b355180 Exception <a 'java/lang/NoSuchMethodError'{0x00000000eab12520}: 'java.lang.Object java.lang.invoke.Invokers$Holder.linkToTargetMethod(java.lang.Object, java.lang.Object, java.lang.Object, java.lang.Object, java.lang.Object, java.lang.Object, java.lang.Object, java.lang.Object, java.lang.Object, java.lang.Object, java.lang.Object, java.lang.Object)'> (0x00000000eab12520) 
thrown [s\src\hotspot\share\interpreter\linkResolver.cpp, line 773]
Event: 194.823 Thread 0x000001c57b355180 Exception <a 'java/lang/NoSuchMethodError'{0x00000000eabb93b8}: 'java.lang.Object java.lang.invoke.DirectMethodHandle$Holder.newInvokeSpecial(java.lang.Object, java.lang.Object, java.lang.Object, java.lang.Object, java.lang.Object, java.lang.Object, java.lang.Object, java.lang.Object, java.lang.Object, java.lang.Object, java.lang.Object, java.lang.Object, java.lang.Object, java.lang.Object, java.lang.Object)'> (0x00000000eabb93b8) 
thrown [s\src\hotspot\share\interpreter\linkResolver.cpp, line 773]
Event: 194.917 Thread 0x000001c57b355180 Exception <a 'java/lang/NoSuchMethodError'{0x00000000eabbf798}: 'java.lang.Object java.lang.invoke.DirectMethodHandle$Holder.invokeSpecial(java.lang.Object, java.lang.Object, java.lang.Object, java.lang.Object, java.lang.Object, java.lang.Object, java.lang.Object, java.lang.Object, java.lang.Object, java.lang.Object, java.lang.Object, java.lang.Object, java.lang.Object, java.lang.Object, java.lang.Object, java.lang.Object)'> (0x00000000eabbf798) 
thrown [s\src\hotspot\share\interpreter\linkResolver.cpp, li
Event: 194.918 Thread 0x000001c57b355180 Exception <a 'java/lang/NoSuchMethodError'{0x00000000eabc4a18}: 'java.lang.Object java.lang.invoke.DelegatingMethodHandle$Holder.reinvoke_L(java.lang.Object, java.lang.Object, java.lang.Object, java.lang.Object, java.lang.Object, java.lang.Object, java.lang.Object, java.lang.Object, java.lang.Object, java.lang.Object, java.lang.Object, java.lang.Object, java.lang.Object, java.lang.Object, java.lang.Object)'> (0x00000000eabc4a18) 
thrown [s\src\hotspot\share\interpreter\linkResolver.cpp, line 773]

ZGC Phase Switch (0 events):
No events

VM Operations (20 events):
Event: 186.339 Executing safepoint VM operation: Cleanup
Event: 186.354 Executing safepoint VM operation: Cleanup done
Event: 186.356 Executing non-safepoint VM operation: HandshakeAllThreads (Deoptimize)
Event: 186.356 Executing non-safepoint VM operation: HandshakeAllThreads (Deoptimize) done
Event: 187.360 Executing safepoint VM operation: Cleanup
Event: 187.375 Executing safepoint VM operation: Cleanup done
Event: 188.380 Executing safepoint VM operation: Cleanup
Event: 188.411 Executing safepoint VM operation: Cleanup done
Event: 190.417 Executing safepoint VM operation: Cleanup
Event: 190.448 Executing safepoint VM operation: Cleanup done
Event: 191.463 Executing safepoint VM operation: Cleanup
Event: 191.477 Executing safepoint VM operation: Cleanup done
Event: 193.494 Executing safepoint VM operation: Cleanup
Event: 193.525 Executing safepoint VM operation: Cleanup done
Event: 194.529 Executing safepoint VM operation: Cleanup
Event: 194.529 Executing safepoint VM operation: Cleanup done
Event: 195.531 Executing safepoint VM operation: Cleanup
Event: 195.546 Executing safepoint VM operation: Cleanup done
Event: 196.547 Executing safepoint VM operation: Cleanup
Event: 196.578 Executing safepoint VM operation: Cleanup done

Memory protections (0 events):
No events

Nmethod flushes (0 events):
No events

Events (20 events):
Event: 79.182 Thread 0x000001c575616d70 Thread exited: 0x000001c575616d70
Event: 79.321 Thread 0x000001c575616050 Thread exited: 0x000001c575616050
Event: 79.419 Thread 0x000001c57b355180 Thread added: 0x000001c575616050
Event: 79.419 Thread 0x000001c575614ca0 Thread exited: 0x000001c575614ca0
Event: 79.699 Thread 0x000001c57b355180 Thread added: 0x000001c5756166e0
Event: 79.760 Thread 0x000001c57b355180 Thread added: 0x000001c575614ca0
Event: 102.679 Thread 0x000001c57b355180 Thread added: 0x000001c575617400
Event: 103.321 Thread 0x000001c57b355180 Thread added: 0x000001c575616d70
Event: 106.418 Thread 0x000001c575616d70 Thread added: 0x000001c57bbb1cc0
Event: 107.299 Thread 0x000001c57b355180 Thread added: 0x000001c57bbb1630
Event: 139.358 Thread 0x000001c575614610 Thread exited: 0x000001c575614610
Event: 139.464 Thread 0x000001c575615330 Thread exited: 0x000001c575615330
Event: 154.585 Thread 0x000001c57b355180 Thread added: 0x000001c57bbb29e0
Event: 155.518 Thread 0x000001c57b355180 Thread added: 0x000001c57bbb3700
Event: 173.268 Thread 0x000001c57b355180 Thread added: 0x000001c57bbb0910
Event: 173.645 Thread 0x000001c57b355180 Thread added: 0x000001c57bbb4420
Event: 182.527 Thread 0x000001c57b355180 Thread added: 0x000001c57bbb0fa0
Event: 184.383 Thread 0x000001c57b355180 Thread added: 0x000001c57bbb5140
Event: 194.087 Thread 0x000001c57b355180 Thread added: 0x000001c57bbb7210
Event: 196.980 Thread 0x000001c57b355180 Thread added: 0x000001c57bbb78a0


Dynamic libraries:
0x00007ff6f9b20000 - 0x00007ff6f9b2e000 	C:\Users\san\.cursor\extensions\redhat.java-1.56.0-win32-x64\jre\21.0.12.1-win32-x86_64\bin\java.exe
0x00007ff864540000 - 0x00007ff8647a7000 	C:\Windows\SYSTEM32\ntdll.dll
0x00007ff863000000 - 0x00007ff8630cb000 	C:\Windows\System32\KERNEL32.DLL
0x00007ff861bb0000 - 0x00007ff861fb2000 	C:\Windows\System32\KERNELBASE.dll
0x00007ff8617d0000 - 0x00007ff86191c000 	C:\Windows\System32\ucrtbase.dll
0x00007ff836900000 - 0x00007ff836918000 	C:\Users\san\.cursor\extensions\redhat.java-1.56.0-win32-x64\jre\21.0.12.1-win32-x86_64\bin\jli.dll
0x00007ff8631d0000 - 0x00007ff86339f000 	C:\Windows\System32\USER32.dll
0x00007ff861ac0000 - 0x00007ff861ae7000 	C:\Windows\System32\win32u.dll
0x00007ff8630e0000 - 0x00007ff86310b000 	C:\Windows\System32\GDI32.dll
0x00007ff862130000 - 0x00007ff862259000 	C:\Windows\System32\gdi32full.dll
0x00007ff861fc0000 - 0x00007ff862063000 	C:\Windows\System32\msvcp_win.dll
0x00007ff833070000 - 0x00007ff83308e000 	C:\Users\san\.cursor\extensions\redhat.java-1.56.0-win32-x64\jre\21.0.12.1-win32-x86_64\bin\VCRUNTIME140.dll
0x00007ff844240000 - 0x00007ff8444d0000 	C:\Windows\WinSxS\amd64_microsoft.windows.common-controls_6595b64144ccf1df_6.0.26100.9278_none_3e0d1ba8e3303201\COMCTL32.dll
0x00007ff8638d0000 - 0x00007ff863979000 	C:\Windows\System32\msvcrt.dll
0x00007ff8633b0000 - 0x00007ff8633e1000 	C:\Windows\System32\IMM32.DLL
0x00007ff836420000 - 0x00007ff836725000 	C:\Windows\pcdrm\NSCCOR0364.DLL
0x00007ff863a10000 - 0x00007ff863acc000 	C:\Windows\System32\ADVAPI32.dll
0x00007ff863bd0000 - 0x00007ff863c79000 	C:\Windows\System32\sechost.dll
0x00007ff862ee0000 - 0x00007ff862ff8000 	C:\Windows\System32\RPCRT4.dll
0x00007ff863730000 - 0x00007ff8638ca000 	C:\Windows\System32\ole32.dll
0x00007ff862590000 - 0x00007ff862915000 	C:\Windows\System32\combase.dll
0x00007ff861740000 - 0x00007ff8617c2000 	C:\Windows\System32\WINTRUST.dll
0x00007ff861930000 - 0x00007ff861aae000 	C:\Windows\System32\CRYPT32.dll
0x00007ff860d40000 - 0x00007ff860d53000 	C:\Windows\SYSTEM32\MSASN1.dll
0x00007ff863ae0000 - 0x00007ff863ae8000 	C:\Windows\System32\psapi.dll
0x00007ff860540000 - 0x00007ff860576000 	C:\Windows\SYSTEM32\ntmarta.dll
0x00007ff8363e0000 - 0x00007ff83641b000 	C:\Windows\pcdrm\NBID64.dll
0x00007ff8624b0000 - 0x00007ff862589000 	C:\Windows\System32\OLEAUT32.dll
0x00007ff8363a0000 - 0x00007ff8363df000 	C:\Windows\pcdrm\NFD0164.dll
0x00007ff8503d0000 - 0x00007ff8503db000 	C:\Windows\SYSTEM32\VERSION.dll
0x00007ff847110000 - 0x00007ff84711c000 	C:\Users\san\.cursor\extensions\redhat.java-1.56.0-win32-x64\jre\21.0.12.1-win32-x86_64\bin\vcruntime140_1.dll
0x00007fffc05c0000 - 0x00007fffc064d000 	C:\Users\san\.cursor\extensions\redhat.java-1.56.0-win32-x64\jre\21.0.12.1-win32-x86_64\bin\msvcp140.dll
0x00007fff93e80000 - 0x00007fff94c22000 	C:\Users\san\.cursor\extensions\redhat.java-1.56.0-win32-x64\jre\21.0.12.1-win32-x86_64\bin\server\jvm.dll
0x000001c55f2a0000 - 0x000001c55f320000 	C:\Windows\System32\WS2_32.dll
0x00007ff8615a0000 - 0x00007ff8615fe000 	C:\Windows\SYSTEM32\POWRPROF.dll
0x00007ff855a30000 - 0x00007ff855a66000 	C:\Windows\SYSTEM32\WINMM.dll
0x00007ff861580000 - 0x00007ff861595000 	C:\Windows\SYSTEM32\UMPDC.dll
0x00007ff860410000 - 0x00007ff86042b000 	C:\Windows\SYSTEM32\kernel.appcore.dll
0x00007ff847050000 - 0x00007ff84705a000 	C:\Users\san\.cursor\extensions\redhat.java-1.56.0-win32-x64\jre\21.0.12.1-win32-x86_64\bin\jimage.dll
0x00007ff85ec90000 - 0x00007ff85eedc000 	C:\Windows\SYSTEM32\DBGHELP.DLL
0x00007ff83eaa0000 - 0x00007ff83eadb000 	C:\Windows\SYSTEM32\dbgcore.DLL
0x000001c55f330000 - 0x000001c55f3dc000 	C:\Windows\System32\bcryptPrimitives.dll
0x00007ff8456a0000 - 0x00007ff8456af000 	C:\Users\san\.cursor\extensions\redhat.java-1.56.0-win32-x64\jre\21.0.12.1-win32-x86_64\bin\instrument.dll
0x00007ff82edf0000 - 0x00007ff82ee10000 	C:\Users\san\.cursor\extensions\redhat.java-1.56.0-win32-x64\jre\21.0.12.1-win32-x86_64\bin\java.dll
0x00007ff863d60000 - 0x00007ff8644f8000 	C:\Windows\System32\SHELL32.dll
0x00007ff85f170000 - 0x00007ff85fa1e000 	C:\Windows\SYSTEM32\windows.storage.dll
0x00007ff862380000 - 0x00007ff86247b000 	C:\Windows\System32\SHCORE.dll
0x00007ff8629c0000 - 0x00007ff862a26000 	C:\Windows\System32\shlwapi.dll
0x00007ff861660000 - 0x00007ff861689000 	C:\Windows\SYSTEM32\profapi.dll
0x00007ff82d510000 - 0x00007ff82d528000 	C:\Users\san\.cursor\extensions\redhat.java-1.56.0-win32-x64\jre\21.0.12.1-win32-x86_64\bin\zip.dll
0x00007ff8458e0000 - 0x00007ff8458f0000 	C:\Users\san\.cursor\extensions\redhat.java-1.56.0-win32-x64\jre\21.0.12.1-win32-x86_64\bin\net.dll
0x00007ff84f3f0000 - 0x00007ff84f51a000 	C:\Windows\SYSTEM32\WINHTTP.dll
0x00007ff8609d0000 - 0x00007ff860a3c000 	C:\Windows\system32\mswsock.dll
0x00007ff82d330000 - 0x00007ff82d346000 	C:\Users\san\.cursor\extensions\redhat.java-1.56.0-win32-x64\jre\21.0.12.1-win32-x86_64\bin\nio.dll
0x00007ff8454f0000 - 0x00007ff845500000 	C:\Users\san\.cursor\extensions\redhat.java-1.56.0-win32-x64\jre\21.0.12.1-win32-x86_64\bin\verify.dll
0x00007ff82bfb0000 - 0x00007ff82bfd7000 	C:\Users\san\.gradle\native\660c5614fbf4a5f2a75b1949f50a0caf5cd603558e7d8a26e50b933a0cfb79d1\windows-amd64\native-platform.dll
0x00007ff847060000 - 0x00007ff8470d7000 	C:\Users\san\.gradle\native\0.2.8\x86_64-windows-gnu\gradle-fileevents.dll
0x00007ff845250000 - 0x00007ff84525a000 	C:\Users\san\.cursor\extensions\redhat.java-1.56.0-win32-x64\jre\21.0.12.1-win32-x86_64\bin\management.dll
0x00007ff83e990000 - 0x00007ff83e99c000 	C:\Users\san\.cursor\extensions\redhat.java-1.56.0-win32-x64\jre\21.0.12.1-win32-x86_64\bin\management_ext.dll
0x00007ff85fde0000 - 0x00007ff85fe13000 	C:\Windows\SYSTEM32\IPHLPAPI.DLL
0x00007ff8630d0000 - 0x00007ff8630da000 	C:\Windows\System32\NSI.dll
0x00007ff83bb30000 - 0x00007ff83bb39000 	C:\Users\san\.cursor\extensions\redhat.java-1.56.0-win32-x64\jre\21.0.12.1-win32-x86_64\bin\extnet.dll
0x00007ff860ce0000 - 0x00007ff860cfb000 	C:\Windows\SYSTEM32\CRYPTSP.dll
0x00007ff860370000 - 0x00007ff8603a9000 	C:\Windows\system32\rsaenh.dll
0x00007ff860a80000 - 0x00007ff860ab4000 	C:\Windows\SYSTEM32\USERENV.dll
0x00007ff861630000 - 0x00007ff86165a000 	C:\Windows\SYSTEM32\bcrypt.dll
0x00007ff860cc0000 - 0x00007ff860ccc000 	C:\Windows\SYSTEM32\CRYPTBASE.dll
0x00007ff837020000 - 0x00007ff83702e000 	C:\Users\san\.cursor\extensions\redhat.java-1.56.0-win32-x64\jre\21.0.12.1-win32-x86_64\bin\sunmscapi.dll
0x00007ff860f00000 - 0x00007ff860f30000 	C:\Windows\SYSTEM32\ncrypt.dll
0x00007ff860eb0000 - 0x00007ff860eef000 	C:\Windows\SYSTEM32\NTASN1.dll
0x00007ff82a8c0000 - 0x00007ff82a8c8000 	C:\Windows\system32\wshunix.dll

JVMTI agents:
C:\Users\san\.gradle\wrapper\dists\gradle-9.2.1-bin\2t0n5ozlw9xmuyvbp7dnzaxug\gradle-9.2.1\lib\agents\gradle-instrumentation-agent-9.2.1.jar path:C:\Users\san\.cursor\extensions\redhat.java-1.56.0-win32-x64\jre\21.0.12.1-win32-x86_64\bin\instrument.dll, loaded, initialized, instrumentlib options:none

dbghelp: loaded successfully - version: 4.0.5 - missing functions: none
symbol engine: initialized successfully - sym options: 0x614 - pdb path: .;C:\Users\san\.cursor\extensions\redhat.java-1.56.0-win32-x64\jre\21.0.12.1-win32-x86_64\bin;C:\Windows\SYSTEM32;C:\Windows\WinSxS\amd64_microsoft.windows.common-controls_6595b64144ccf1df_6.0.26100.9278_none_3e0d1ba8e3303201;C:\Windows\pcdrm;C:\Users\san\.cursor\extensions\redhat.java-1.56.0-win32-x64\jre\21.0.12.1-win32-x86_64\bin\server;C:\Users\san\.gradle\native\660c5614fbf4a5f2a75b1949f50a0caf5cd603558e7d8a26e50b933a0cfb79d1\windows-amd64;C:\Users\san\.gradle\native\0.2.8\x86_64-windows-gnu

VM Arguments:
jvm_args: --add-opens=java.base/java.lang=ALL-UNNAMED --add-opens=java.base/java.lang.invoke=ALL-UNNAMED --add-opens=java.base/java.util=ALL-UNNAMED --add-opens=java.prefs/java.util.prefs=ALL-UNNAMED --add-exports=jdk.compiler/com.sun.tools.javac.api=ALL-UNNAMED --add-exports=jdk.compiler/com.sun.tools.javac.util=ALL-UNNAMED --add-opens=java.base/java.util=ALL-UNNAMED --add-opens=java.prefs/java.util.prefs=ALL-UNNAMED --add-opens=java.base/java.nio.charset=ALL-UNNAMED --add-opens=java.base/java.net=ALL-UNNAMED --add-opens=java.base/java.util.concurrent=ALL-UNNAMED --add-opens=java.base/java.util.concurrent.atomic=ALL-UNNAMED --add-opens=java.xml/javax.xml.namespace=ALL-UNNAMED --add-opens=java.base/java.time=ALL-UNNAMED -XX:MaxMetaspaceSize=384m -XX:+HeapDumpOnOutOfMemoryError -Xms256m -Xmx512m -Dfile.encoding=UTF-8 -Duser.country=KR -Duser.language=ko -Duser.variant -javaagent:C:\Users\san\.gradle\wrapper\dists\gradle-9.2.1-bin\2t0n5ozlw9xmuyvbp7dnzaxug\gradle-9.2.1\lib\agents\gradle-instrumentation-agent-9.2.1.jar 
java_command: org.gradle.launcher.daemon.bootstrap.GradleDaemon 9.2.1
java_class_path (initial): C:\Users\san\.gradle\wrapper\dists\gradle-9.2.1-bin\2t0n5ozlw9xmuyvbp7dnzaxug\gradle-9.2.1\lib\gradle-daemon-main-9.2.1.jar
Launcher Type: SUN_STANDARD

[Global flags]
     intx CICompilerCount                          = 4                                         {product} {ergonomic}
   size_t CompressedClassSpaceSize                 = 335544320                                 {product} {ergonomic}
     uint ConcGCThreads                            = 2                                         {product} {ergonomic}
     uint G1ConcRefinementThreads                  = 8                                         {product} {ergonomic}
   size_t G1HeapRegionSize                         = 1048576                                   {product} {ergonomic}
    uintx GCDrainStackTargetSize                   = 64                                        {product} {ergonomic}
     bool HeapDumpOnOutOfMemoryError               = true                                   {manageable} {command line}
   size_t InitialHeapSize                          = 268435456                                 {product} {command line}
   size_t MarkStackSize                            = 4194304                                   {product} {ergonomic}
   size_t MaxHeapSize                              = 536870912                                 {product} {command line}
   size_t MaxMetaspaceSize                         = 402653184                                 {product} {command line}
   size_t MaxNewSize                               = 321912832                                 {product} {ergonomic}
   size_t MinHeapDeltaBytes                        = 1048576                                   {product} {ergonomic}
   size_t MinHeapSize                              = 268435456                                 {product} {command line}
    uintx NonNMethodCodeHeapSize                   = 5839372                                {pd product} {ergonomic}
    uintx NonProfiledCodeHeapSize                  = 122909434                              {pd product} {ergonomic}
    uintx ProfiledCodeHeapSize                     = 122909434                              {pd product} {ergonomic}
    uintx ReservedCodeCacheSize                    = 251658240                              {pd product} {ergonomic}
     bool SegmentedCodeCache                       = true                                      {product} {ergonomic}
   size_t SoftMaxHeapSize                          = 536870912                              {manageable} {ergonomic}
     bool UseCompressedOops                        = true                           {product lp64_product} {ergonomic}
     bool UseG1GC                                  = true                                      {product} {ergonomic}
     bool UseLargePagesIndividualAllocation        = false                                  {pd product} {ergonomic}

Logging:
Log output configuration:
 #0: stdout all=warning uptime,level,tags foldmultilines=false
 #1: stderr all=off uptime,level,tags foldmultilines=false

Release file:
JAVA_VERSION="21.0.12.1" 
MODULES="java.base java.compiler java.datatransfer java.xml java.prefs java.desktop java.instrument java.logging java.management java.security.sasl java.naming java.rmi java.management.rmi java.net.http java.scripting java.security.jgss java.transaction.xa java.sql java.sql.rowset java.xml.crypto java.se java.smartcardio jdk.accessibility jdk.internal.jvmstat jdk.attach jdk.charsets jdk.internal.opt jdk.zipfs jdk.compiler jdk.crypto.ec jdk.crypto.cryptoki jdk.crypto.mscapi jdk.dynalink jdk.internal.ed jdk.editpad jdk.hotspot.agent jdk.httpserver jdk.internal.le jdk.internal.vm.ci jdk.internal.vm.compiler jdk.internal.vm.compiler.management jdk.jartool jdk.javadoc jdk.jcmd jdk.management jdk.management.agent jdk.jconsole jdk.jdeps jdk.jdwp.agent jdk.jdi jdk.jfr jdk.jshell jdk.jsobject jdk.jstatd jdk.localedata jdk.management.jfr jdk.naming.dns jdk.naming.rmi jdk.net jdk.nio.mapmode jdk.random jdk.sctp jdk.security.auth jdk.security.jgss jdk.unsupported jdk.unsupported.desktop jdk.xml.dom" 

Environment Variables:
PATH=C:\Program Files\Common Files\Oracle\Java\javapath;C:\Windows\system32;C:\Windows;C:\Windows\System32\Wbem;C:\Windows\System32\WindowsPowerShell\v1.0\;C:\Windows\System32\OpenSSH\;C:\Program Files\Git\cmd;C:\Program Files\cursor\resources\app\bin;C:\Program Files\nodejs\;C:\Users\san\AppData\Local\Microsoft\WindowsApps;C:\Users\san\AppData\Roaming\npm;C:\Users\san\AppData\Local\Programs\cursor\resources\app\bin;C:\Program Files\JetBrains\IntelliJ IDEA 2026.1\bin
USERNAME=san
OS=Windows_NT
PROCESSOR_IDENTIFIER=Intel64 Family 6 Model 154 Stepping 4, GenuineIntel
TMP=C:\Users\san\AppData\Local\Temp
TEMP=C:\Users\san\AppData\Local\Temp




Periodic native trim disabled

---------------  S Y S T E M  ---------------

OS:
 Windows 11 , 64 bit Build 26100 (10.0.26100.9444)
OS uptime: 0 days 21:29 hours
Hyper-V role detected

CPU: total 8 (initial active 8) (4 cores per cpu, 2 threads per core) family 6 model 154 stepping 4 microcode 0x435, cx8, cmov, fxsr, ht, mmx, 3dnowpref, sse, sse2, sse3, ssse3, sse4.1, sse4.2, popcnt, lzcnt, tsc, tscinvbit, avx, avx2, aes, erms, clmul, bmi1, bmi2, adx, sha, fma, vzeroupper, clflush, clflushopt, clwb, hv, serialize, rdtscp, rdpid, fsrm, f16c, cet_ibt, cet_ss
Processor Information for processor 0
  Max Mhz: 1200, Current Mhz: 1200, Mhz Limit: 1200
Processor Information for processor 1
  Max Mhz: 1200, Current Mhz: 1200, Mhz Limit: 1200
Processor Information for processor 2
  Max Mhz: 1200, Current Mhz: 1200, Mhz Limit: 1200
Processor Information for processor 3
  Max Mhz: 1200, Current Mhz: 1200, Mhz Limit: 1200
Processor Information for processor 4
  Max Mhz: 900, Current Mhz: 900, Mhz Limit: 900
Processor Information for processor 5
  Max Mhz: 900, Current Mhz: 900, Mhz Limit: 900
Processor Information for processor 6
  Max Mhz: 900, Current Mhz: 900, Mhz Limit: 900
Processor Information for processor 7
  Max Mhz: 900, Current Mhz: 900, Mhz Limit: 900

Memory: 4k page, system-wide physical 7916M (140M free)
TotalPageFile size 32492M (AvailPageFile size 0M)
current process WorkingSet (physical memory assigned to process): 91M, peak: 137M
current process commit charge ("private bytes"): 422M, peak: 424M

vm_info: OpenJDK 64-Bit Server VM (21.0.12.1+1-LTS) for windows-amd64 JRE (21.0.12.1+1-LTS), built on 2026-08-18T00:00:00Z by "admin" with MS VC++ 17.12 (VS2022)

END.
